2025-11-09T23:20:45.1370548Z Current runner version: '2.329.0'
2025-11-09T23:20:45.1377955Z Runner name: 'linode-runner-02'
2025-11-09T23:20:45.1378783Z Runner group name: 'default'
2025-11-09T23:20:45.1379629Z Machine name: 'localhost'
2025-11-09T23:20:45.1383125Z ##[group]GITHUB_TOKEN Permissions
2025-11-09T23:20:45.1387751Z Contents: read
2025-11-09T23:20:45.1388393Z Metadata: read
2025-11-09T23:20:45.1388932Z Packages: read
2025-11-09T23:20:45.1389631Z ##[endgroup]
2025-11-09T23:20:45.1391797Z Secret source: Actions
2025-11-09T23:20:45.1392537Z Prepare workflow directory
2025-11-09T23:20:45.2020135Z Prepare all required actions
2025-11-09T23:20:45.2071381Z Getting action download info
2025-11-09T23:20:45.5288012Z Download action repository 'actions/checkout@v4' (SHA:08eba0b27e820071cde6df949e0beb9ba4906955)
2025-11-09T23:20:45.9154956Z Download action repository 'dtolnay/rust-toolchain@master' (SHA:6d653acede28d24f02e3cd41383119e8b1b35921)
2025-11-09T23:20:46.1631586Z Download action repository 'actions/cache@v3' (SHA:6f8efc29b200d32929f49075959781ed54ec270c)
2025-11-09T23:20:46.6507087Z Download action repository 'codecov/codecov-action@v3' (SHA:ab904c41d6ece82784817410c45d8b8c02684457)
2025-11-09T23:20:47.2113778Z Complete job name: Test
2025-11-09T23:20:47.2782873Z A job started hook has been configured by the self-hosted runner administrator
2025-11-09T23:20:47.2949967Z ##[group]Run '/home/jswift/actions-runner-org2/cleanup-hooks/job-started.sh'
2025-11-09T23:20:47.2986933Z shell: /usr/bin/bash --noprofile --norc -e -o pipefail {0}
2025-11-09T23:20:47.2987706Z ##[endgroup]
2025-11-09T23:20:47.3175364Z Job started: Sun Nov  9 11:20:47 PM UTC 2025
2025-11-09T23:20:47.3196005Z Available disk space: 12G
2025-11-09T23:20:47.3231947Z Disk usage is 76% - no cleanup needed
2025-11-09T23:20:47.3483197Z ##[group]Run actions/checkout@v4
2025-11-09T23:20:47.3483612Z with:
2025-11-09T23:20:47.3483922Z   repository: BTCDecoded/bllvm-node
2025-11-09T23:20:47.3486195Z   token: ***
2025-11-09T23:20:47.3486494Z   ssh-strict: true
2025-11-09T23:20:47.3486821Z   ssh-user: git
2025-11-09T23:20:47.3487128Z   persist-credentials: true
2025-11-09T23:20:47.3487459Z   clean: true
2025-11-09T23:20:47.3487775Z   sparse-checkout-cone-mode: true
2025-11-09T23:20:47.3488118Z   fetch-depth: 1
2025-11-09T23:20:47.3488404Z   fetch-tags: false
2025-11-09T23:20:47.3488692Z   show-progress: true
2025-11-09T23:20:47.3488999Z   lfs: false
2025-11-09T23:20:47.3489282Z   submodules: false
2025-11-09T23:20:47.3489584Z   set-safe-directory: true
2025-11-09T23:20:47.3489889Z env:
2025-11-09T23:20:47.3490161Z   CARGO_TERM_COLOR: always
2025-11-09T23:20:47.3490472Z ##[endgroup]
2025-11-09T23:20:47.4781367Z Syncing repository: BTCDecoded/bllvm-node
2025-11-09T23:20:47.4783598Z ##[group]Getting Git version info
2025-11-09T23:20:47.4784885Z Working directory is '/home/jswift/actions-runner-org2/_work/bllvm-node/bllvm-node'
2025-11-09T23:20:47.4786220Z [command]/usr/bin/git version
2025-11-09T23:20:47.4793460Z git version 2.43.0
2025-11-09T23:20:47.4828611Z ##[endgroup]
2025-11-09T23:20:47.4842758Z Copying '/home/jswift/.gitconfig' to '/home/jswift/actions-runner-org2/_work/_temp/244c68b3-9d61-407c-9084-e58dbb7ad955/.gitconfig'
2025-11-09T23:20:47.4859833Z Temporarily overriding HOME='/home/jswift/actions-runner-org2/_work/_temp/244c68b3-9d61-407c-9084-e58dbb7ad955' before making global git config changes
2025-11-09T23:20:47.4863178Z Adding repository directory to the temporary git global config as a safe directory
2025-11-09T23:20:47.4877814Z [command]/usr/bin/git config --global --add safe.directory /home/jswift/actions-runner-org2/_work/bllvm-node/bllvm-node
2025-11-09T23:20:47.4924725Z [command]/usr/bin/git config --local --get remote.origin.url
2025-11-09T23:20:47.4954164Z https://github.com/BTCDecoded/bllvm-node
2025-11-09T23:20:47.4974973Z ##[group]Removing previously created refs, to avoid conflicts
2025-11-09T23:20:47.4980218Z [command]/usr/bin/git rev-parse --symbolic-full-name --verify --quiet HEAD
2025-11-09T23:20:47.5008137Z refs/heads/main
2025-11-09T23:20:47.5019112Z [command]/usr/bin/git checkout --detach
2025-11-09T23:20:47.5105303Z HEAD is now at 7454b9d chore: Add trailing newlines to test files
2025-11-09T23:20:47.5172436Z [command]/usr/bin/git branch --delete --force main
2025-11-09T23:20:47.5196182Z Deleted branch main (was 7454b9d).
2025-11-09T23:20:47.5238071Z ##[endgroup]
2025-11-09T23:20:47.5242115Z [command]/usr/bin/git submodule status
2025-11-09T23:20:47.5522074Z ##[group]Cleaning the repository
2025-11-09T23:20:47.5528897Z [command]/usr/bin/git clean -ffdx
2025-11-09T23:20:47.5604530Z [command]/usr/bin/git reset --hard HEAD
2025-11-09T23:20:47.5701173Z HEAD is now at 7454b9d chore: Add trailing newlines to test files
2025-11-09T23:20:47.5708481Z ##[endgroup]
2025-11-09T23:20:47.5713295Z ##[group]Disabling automatic garbage collection
2025-11-09T23:20:47.5716506Z [command]/usr/bin/git config --local gc.auto 0
2025-11-09T23:20:47.5762369Z ##[endgroup]
2025-11-09T23:20:47.5763033Z ##[group]Setting up auth
2025-11-09T23:20:47.5771103Z [command]/usr/bin/git config --local --name-only --get-regexp core\.sshCommand
2025-11-09T23:20:47.5810151Z [command]/usr/bin/git submodule foreach --recursive sh -c "git config --local --name-only --get-regexp 'core\.sshCommand' && git config --local --unset-all 'core.sshCommand' || :"
2025-11-09T23:20:47.6086539Z [command]/usr/bin/git config --local --name-only --get-regexp http\.https\:\/\/github\.com\/\.extraheader
2025-11-09T23:20:47.6121833Z [command]/usr/bin/git submodule foreach --recursive sh -c "git config --local --name-only --get-regexp 'http\.https\:\/\/github\.com\/\.extraheader' && git config --local --unset-all 'http.https://github.com/.extraheader' || :"
2025-11-09T23:20:47.6404942Z [command]/usr/bin/git config --local http.https://github.com/.extraheader AUTHORIZATION: basic ***
2025-11-09T23:20:47.6449445Z ##[endgroup]
2025-11-09T23:20:47.6450200Z ##[group]Fetching the repository
2025-11-09T23:20:47.6459783Z [command]/usr/bin/git -c protocol.version=2 fetch --no-tags --prune --no-recurse-submodules --depth=1 origin +7454b9d214921fb679a00d4f1212adf8aa8e0f4b:refs/remotes/origin/main
2025-11-09T23:20:47.8589902Z ##[endgroup]
2025-11-09T23:20:47.8590903Z ##[group]Determining the checkout info
2025-11-09T23:20:47.8593897Z ##[endgroup]
2025-11-09T23:20:47.8598900Z [command]/usr/bin/git sparse-checkout disable
2025-11-09T23:20:47.8659966Z [command]/usr/bin/git config --local --unset-all extensions.worktreeConfig
2025-11-09T23:20:47.8694131Z ##[group]Checking out the ref
2025-11-09T23:20:47.8702038Z [command]/usr/bin/git checkout --progress --force -B main refs/remotes/origin/main
2025-11-09T23:20:47.8788898Z Switched to a new branch 'main'
2025-11-09T23:20:47.8789759Z branch 'main' set up to track 'origin/main'.
2025-11-09T23:20:47.8798956Z ##[endgroup]
2025-11-09T23:20:47.8845899Z [command]/usr/bin/git log -1 --format=%H
2025-11-09T23:20:47.8876093Z 7454b9d214921fb679a00d4f1212adf8aa8e0f4b
2025-11-09T23:20:47.9098686Z ##[group]Run actions/checkout@v4
2025-11-09T23:20:47.9099080Z with:
2025-11-09T23:20:47.9099384Z   repository: BTCDecoded/protocol-engine
2025-11-09T23:20:47.9099797Z   path: _temp-protocol-engine
2025-11-09T23:20:47.9100267Z   token: ***
2025-11-09T23:20:47.9100543Z   ssh-strict: true
2025-11-09T23:20:47.9100818Z   ssh-user: git
2025-11-09T23:20:47.9101113Z   persist-credentials: true
2025-11-09T23:20:47.9102063Z   clean: true
2025-11-09T23:20:47.9102374Z   sparse-checkout-cone-mode: true
2025-11-09T23:20:47.9102720Z   fetch-depth: 1
2025-11-09T23:20:47.9102991Z   fetch-tags: false
2025-11-09T23:20:47.9103279Z   show-progress: true
2025-11-09T23:20:47.9103561Z   lfs: false
2025-11-09T23:20:47.9103829Z   submodules: false
2025-11-09T23:20:47.9104124Z   set-safe-directory: true
2025-11-09T23:20:47.9104579Z env:
2025-11-09T23:20:47.9104837Z   CARGO_TERM_COLOR: always
2025-11-09T23:20:47.9105138Z ##[endgroup]
2025-11-09T23:20:48.0315851Z Syncing repository: BTCDecoded/protocol-engine
2025-11-09T23:20:48.0323744Z ##[group]Getting Git version info
2025-11-09T23:20:48.0325085Z Working directory is '/home/jswift/actions-runner-org2/_work/bllvm-node/bllvm-node/_temp-protocol-engine'
2025-11-09T23:20:48.0374959Z [command]/usr/bin/git version
2025-11-09T23:20:48.0424876Z git version 2.43.0
2025-11-09T23:20:48.0457988Z ##[endgroup]
2025-11-09T23:20:48.0468754Z Copying '/home/jswift/.gitconfig' to '/home/jswift/actions-runner-org2/_work/_temp/285340e6-03f9-4fde-b503-b931ddc3dba2/.gitconfig'
2025-11-09T23:20:48.0493880Z Temporarily overriding HOME='/home/jswift/actions-runner-org2/_work/_temp/285340e6-03f9-4fde-b503-b931ddc3dba2' before making global git config changes
2025-11-09T23:20:48.0495567Z Adding repository directory to the temporary git global config as a safe directory
2025-11-09T23:20:48.0500880Z [command]/usr/bin/git config --global --add safe.directory /home/jswift/actions-runner-org2/_work/bllvm-node/bllvm-node/_temp-protocol-engine
2025-11-09T23:20:48.0542504Z ##[group]Initializing the repository
2025-11-09T23:20:48.0549370Z [command]/usr/bin/git init /home/jswift/actions-runner-org2/_work/bllvm-node/bllvm-node/_temp-protocol-engine
2025-11-09T23:20:48.0594513Z Initialized empty Git repository in /home/jswift/actions-runner-org2/_work/bllvm-node/bllvm-node/_temp-protocol-engine/.git/
2025-11-09T23:20:48.0609516Z [command]/usr/bin/git remote add origin https://github.com/BTCDecoded/protocol-engine
2025-11-09T23:20:48.0646870Z ##[endgroup]
2025-11-09T23:20:48.0647455Z ##[group]Disabling automatic garbage collection
2025-11-09T23:20:48.0651676Z [command]/usr/bin/git config --local gc.auto 0
2025-11-09T23:20:48.0687087Z ##[endgroup]
2025-11-09T23:20:48.0687603Z ##[group]Setting up auth
2025-11-09T23:20:48.0695450Z [command]/usr/bin/git config --local --name-only --get-regexp core\.sshCommand
2025-11-09T23:20:48.0732625Z [command]/usr/bin/git submodule foreach --recursive sh -c "git config --local --name-only --get-regexp 'core\.sshCommand' && git config --local --unset-all 'core.sshCommand' || :"
2025-11-09T23:20:48.1030452Z [command]/usr/bin/git config --local --name-only --get-regexp http\.https\:\/\/github\.com\/\.extraheader
2025-11-09T23:20:48.1072686Z [command]/usr/bin/git submodule foreach --recursive sh -c "git config --local --name-only --get-regexp 'http\.https\:\/\/github\.com\/\.extraheader' && git config --local --unset-all 'http.https://github.com/.extraheader' || :"
2025-11-09T23:20:48.1446344Z [command]/usr/bin/git config --local http.https://github.com/.extraheader AUTHORIZATION: basic ***
2025-11-09T23:20:48.1506108Z ##[endgroup]
2025-11-09T23:20:48.1507129Z ##[group]Determining the default branch
2025-11-09T23:20:48.1512641Z Retrieving the default branch name
2025-11-09T23:20:48.6000255Z Default branch 'main'
2025-11-09T23:20:48.6001584Z ##[endgroup]
2025-11-09T23:20:48.6002287Z ##[group]Fetching the repository
2025-11-09T23:20:48.6010485Z [command]/usr/bin/git -c protocol.version=2 fetch --no-tags --prune --no-recurse-submodules --depth=1 origin +refs/heads/main:refs/remotes/origin/main
2025-11-09T23:20:50.7789024Z From https://github.com/BTCDecoded/protocol-engine
2025-11-09T23:20:50.7792635Z  * [new branch]      main       -> origin/main
2025-11-09T23:20:50.7814156Z ##[endgroup]
2025-11-09T23:20:50.7814999Z ##[group]Determining the checkout info
2025-11-09T23:20:50.7819430Z ##[endgroup]
2025-11-09T23:20:50.7822224Z [command]/usr/bin/git sparse-checkout disable
2025-11-09T23:20:50.7870422Z [command]/usr/bin/git config --local --unset-all extensions.worktreeConfig
2025-11-09T23:20:50.7908948Z ##[group]Checking out the ref
2025-11-09T23:20:50.7914115Z [command]/usr/bin/git checkout --progress --force -B main refs/remotes/origin/main
2025-11-09T23:20:51.4654045Z Reset branch 'main'
2025-11-09T23:20:51.4655100Z branch 'main' set up to track 'origin/main'.
2025-11-09T23:20:51.4715850Z ##[endgroup]
2025-11-09T23:20:51.4776393Z [command]/usr/bin/git log -1 --format=%H
2025-11-09T23:20:51.4813739Z 2a58c93c82c793f4d2179fcddc426fc76b304e68
2025-11-09T23:20:51.4989544Z ##[group]Run if [ -d "../protocol-engine" ]; then rm -rf ../protocol-engine; fi
2025-11-09T23:20:51.4990197Z [36;1mif [ -d "../protocol-engine" ]; then rm -rf ../protocol-engine; fi[0m
2025-11-09T23:20:51.4990835Z [36;1mmv _temp-protocol-engine ../protocol-engine[0m
2025-11-09T23:20:51.5025044Z shell: /usr/bin/bash -e {0}
2025-11-09T23:20:51.5025291Z env:
2025-11-09T23:20:51.5025483Z   CARGO_TERM_COLOR: always
2025-11-09T23:20:51.5025701Z ##[endgroup]
2025-11-09T23:20:51.5629054Z ##[group]Run dtolnay/rust-toolchain@master
2025-11-09T23:20:51.5629392Z with:
2025-11-09T23:20:51.5629580Z   toolchain: 1.88.0
2025-11-09T23:20:51.5629766Z env:
2025-11-09T23:20:51.5629939Z   CARGO_TERM_COLOR: always
2025-11-09T23:20:51.5630146Z ##[endgroup]
2025-11-09T23:20:51.5739348Z ##[group]Run : parse toolchain version
2025-11-09T23:20:51.5739681Z [36;1m: parse toolchain version[0m
2025-11-09T23:20:51.5739961Z [36;1mif [[ -z $toolchain ]]; then[0m
2025-11-09T23:20:51.5740466Z [36;1m  # GitHub does not enforce `required: true` inputs itself. https://github.com/actions/runner/issues/1070[0m
2025-11-09T23:20:51.5740986Z [36;1m  echo "'toolchain' is a required input" >&2[0m
2025-11-09T23:20:51.5741278Z [36;1m  exit 1[0m
2025-11-09T23:20:51.5741574Z [36;1melif [[ $toolchain =~ ^stable' '[0-9]+' '(year|month|week|day)s?' 'ago$ ]]; then[0m
2025-11-09T23:20:51.5742339Z [36;1m  if [[ Linux == macOS ]]; then[0m
2025-11-09T23:20:51.5742847Z [36;1m    echo "toolchain=1.$((($(date -v-$(sed 's/stable \([0-9]*\) \(.\).*/\1\2/' <<< $toolchain) +%s)/60/60/24-16569)/7/6))" >> $GITHUB_OUTPUT[0m
2025-11-09T23:20:51.5743288Z [36;1m  else[0m
2025-11-09T23:20:51.5743648Z [36;1m    echo "toolchain=1.$((($(date --date "${toolchain#stable }" +%s)/60/60/24-16569)/7/6))" >> $GITHUB_OUTPUT[0m
2025-11-09T23:20:51.5744045Z [36;1m  fi[0m
2025-11-09T23:20:51.5746521Z [36;1melif [[ $toolchain =~ ^stable' 'minus' '[0-9]+' 'releases?$ ]]; then[0m
2025-11-09T23:20:51.5747195Z [36;1m  echo "toolchain=1.$((($(date +%s)/60/60/24-16569)/7/6-${toolchain//[^0-9]/}))" >> $GITHUB_OUTPUT[0m
2025-11-09T23:20:51.5747626Z [36;1melif [[ $toolchain =~ ^1\.[0-9]+$ ]]; then[0m
2025-11-09T23:20:51.5748108Z [36;1m  echo "toolchain=1.$((i=${toolchain#1.}, c=($(date +%s)/60/60/24-16569)/7/6, i+9*i*(10*i<=c)+90*i*(100*i<=c)))" >> $GITHUB_OUTPUT[0m
2025-11-09T23:20:51.5748549Z [36;1melse[0m
2025-11-09T23:20:51.5748772Z [36;1m  echo "toolchain=$toolchain" >> $GITHUB_OUTPUT[0m
2025-11-09T23:20:51.5749051Z [36;1mfi[0m
2025-11-09T23:20:51.5779614Z shell: /usr/bin/bash --noprofile --norc -e -o pipefail {0}
2025-11-09T23:20:51.5779953Z env:
2025-11-09T23:20:51.5780144Z   CARGO_TERM_COLOR: always
2025-11-09T23:20:51.5780363Z   toolchain: 1.88.0
2025-11-09T23:20:51.5780557Z ##[endgroup]
2025-11-09T23:20:51.5913628Z ##[group]Run : construct rustup command line
2025-11-09T23:20:51.5913949Z [36;1m: construct rustup command line[0m
2025-11-09T23:20:51.5914627Z [36;1mecho "targets=$(for t in ${targets//,/ }; do echo -n ' --target' $t; done)" >> $GITHUB_OUTPUT[0m
2025-11-09T23:20:51.5915204Z [36;1mecho "components=$(for c in ${components//,/ }; do echo -n ' --component' $c; done)" >> $GITHUB_OUTPUT[0m
2025-11-09T23:20:51.5915655Z [36;1mecho "downgrade=" >> $GITHUB_OUTPUT[0m
2025-11-09T23:20:51.5939057Z shell: /usr/bin/bash --noprofile --norc -e -o pipefail {0}
2025-11-09T23:20:51.5939385Z env:
2025-11-09T23:20:51.5939567Z   CARGO_TERM_COLOR: always
2025-11-09T23:20:51.5939771Z   targets: 
2025-11-09T23:20:51.5939951Z   components: 
2025-11-09T23:20:51.5940122Z ##[endgroup]
2025-11-09T23:20:51.6022465Z ##[group]Run : set $CARGO_HOME
2025-11-09T23:20:51.6022725Z [36;1m: set $CARGO_HOME[0m
2025-11-09T23:20:51.6023031Z [36;1mecho CARGO_HOME=${CARGO_HOME:-"$HOME/.cargo"} >> $GITHUB_ENV[0m
2025-11-09T23:20:51.6049157Z shell: /usr/bin/bash --noprofile --norc -e -o pipefail {0}
2025-11-09T23:20:51.6049492Z env:
2025-11-09T23:20:51.6049678Z   CARGO_TERM_COLOR: always
2025-11-09T23:20:51.6049896Z ##[endgroup]
2025-11-09T23:20:51.6132520Z ##[group]Run : install rustup if needed
2025-11-09T23:20:51.6132840Z [36;1m: install rustup if needed[0m
2025-11-09T23:20:51.6133125Z [36;1mif ! command -v rustup &>/dev/null; then[0m
2025-11-09T23:20:51.6134167Z [36;1m  curl --proto '=https' --tlsv1.2 --retry 10 --retry-connrefused --location --silent --show-error --fail https://sh.rustup.rs | sh -s -- --default-toolchain none -y[0m
2025-11-09T23:20:51.6135125Z [36;1m  echo "$CARGO_HOME/bin" >> $GITHUB_PATH[0m
2025-11-09T23:20:51.6135597Z [36;1mfi[0m
2025-11-09T23:20:51.6161217Z shell: /usr/bin/bash --noprofile --norc -e -o pipefail {0}
2025-11-09T23:20:51.6161543Z env:
2025-11-09T23:20:51.6161721Z   CARGO_TERM_COLOR: always
2025-11-09T23:20:51.6161961Z   CARGO_HOME: /home/jswift/.cargo
2025-11-09T23:20:51.6162202Z ##[endgroup]
2025-11-09T23:20:51.6750060Z info: downloading installer
2025-11-09T23:20:51.9520744Z warn: It looks like you have an existing rustup settings file at:
2025-11-09T23:20:51.9521440Z warn: /home/jswift/.rustup/settings.toml
2025-11-09T23:20:51.9522132Z warn: Rustup will install the default toolchain as specified in the settings file,
2025-11-09T23:20:51.9522902Z warn: instead of the one inferred from the default host triple.
2025-11-09T23:20:51.9831796Z info: profile set to 'default'
2025-11-09T23:20:51.9832221Z 
2025-11-09T23:20:51.9832476Z info: default host triple is x86_64-unknown-linux-gnu
2025-11-09T23:20:51.9833068Z info: skipping toolchain installation
2025-11-09T23:20:51.9833398Z 
2025-11-09T23:20:51.9833609Z Rust is installed now. Great!
2025-11-09T23:20:51.9833833Z 
2025-11-09T23:20:51.9834089Z To get started you may need to restart your current shell.
2025-11-09T23:20:51.9837284Z This would reload your PATH environment variable to include
2025-11-09T23:20:51.9837907Z Cargo's bin directory ($HOME/.cargo/bin).
2025-11-09T23:20:51.9838249Z 
2025-11-09T23:20:51.9838469Z To configure your current shell, you need to source
2025-11-09T23:20:51.9839055Z the corresponding env file under $HOME/.cargo.
2025-11-09T23:20:51.9839436Z 
2025-11-09T23:20:51.9839837Z This is usually done by running one of the following (note the leading DOT):
2025-11-09T23:20:51.9840686Z . "$HOME/.cargo/env"            # For sh/bash/zsh/ash/dash/pdksh
2025-11-09T23:20:51.9841358Z source "$HOME/.cargo/env.fish"  # For fish
2025-11-09T23:20:51.9841947Z source $"($nu.home-path)/.cargo/env.nu"  # For nushell
2025-11-09T23:20:51.9980326Z ##[group]Run rustup toolchain install 1.88.0 --profile minimal --no-self-update
2025-11-09T23:20:51.9980874Z [36;1mrustup toolchain install 1.88.0 --profile minimal --no-self-update[0m
2025-11-09T23:20:52.0014119Z shell: /usr/bin/bash --noprofile --norc -e -o pipefail {0}
2025-11-09T23:20:52.0014715Z env:
2025-11-09T23:20:52.0014920Z   CARGO_TERM_COLOR: always
2025-11-09T23:20:52.0015176Z   CARGO_HOME: /home/jswift/.cargo
2025-11-09T23:20:52.0015436Z ##[endgroup]
2025-11-09T23:20:52.0979769Z info: syncing channel updates for '1.88.0-x86_64-unknown-linux-gnu'
2025-11-09T23:20:52.1173984Z 
2025-11-09T23:20:52.1296208Z   1.88.0-x86_64-unknown-linux-gnu unchanged - rustc 1.88.0 (6b00bc388 2025-06-23)
2025-11-09T23:20:52.1296798Z 
2025-11-09T23:20:52.1350996Z ##[group]Run rustup default 1.88.0
2025-11-09T23:20:52.1351295Z [36;1mrustup default 1.88.0[0m
2025-11-09T23:20:52.1380718Z shell: /usr/bin/bash --noprofile --norc -e -o pipefail {0}
2025-11-09T23:20:52.1381131Z env:
2025-11-09T23:20:52.1381342Z   CARGO_TERM_COLOR: always
2025-11-09T23:20:52.1381590Z   CARGO_HOME: /home/jswift/.cargo
2025-11-09T23:20:52.1381868Z ##[endgroup]
2025-11-09T23:20:52.1513228Z info: using existing install for '1.88.0-x86_64-unknown-linux-gnu'
2025-11-09T23:20:52.1905947Z info: default toolchain set to '1.88.0-x86_64-unknown-linux-gnu'
2025-11-09T23:20:52.1906504Z 
2025-11-09T23:20:52.2025421Z   1.88.0-x86_64-unknown-linux-gnu unchanged - rustc 1.88.0 (6b00bc388 2025-06-23)
2025-11-09T23:20:52.2028513Z 
2025-11-09T23:20:52.2055736Z info: note that the toolchain '1.88.0-x86_64-unknown-linux-gnu' is currently in use (overridden by '/home/jswift/actions-runner-org2/_work/bllvm-node/bllvm-node/rust-toolchain.toml')
2025-11-09T23:20:52.2087881Z ##[group]Run : create cachekey
2025-11-09T23:20:52.2088164Z [36;1m: create cachekey[0m
2025-11-09T23:20:52.2090549Z [36;1mDATE=$(rustc +1.88.0 --version --verbose | sed -ne 's/^commit-date: \(20[0-9][0-9]\)-\([01][0-9]\)-\([0-3][0-9]\)$/\1\2\3/p')[0m
2025-11-09T23:20:52.2091145Z [36;1mHASH=$(rustc +1.88.0 --version --verbose | sed -ne 's/^commit-hash: //p')[0m
2025-11-09T23:20:52.2091776Z [36;1mecho "cachekey=$(echo $DATE$HASH | head -c12)" >> $GITHUB_OUTPUT[0m
2025-11-09T23:20:52.2121906Z shell: /usr/bin/bash --noprofile --norc -e -o pipefail {0}
2025-11-09T23:20:52.2122264Z env:
2025-11-09T23:20:52.2122463Z   CARGO_TERM_COLOR: always
2025-11-09T23:20:52.2122738Z   CARGO_HOME: /home/jswift/.cargo
2025-11-09T23:20:52.2123009Z ##[endgroup]
2025-11-09T23:20:52.2659729Z ##[group]Run : disable incremental compilation
2025-11-09T23:20:52.2660084Z [36;1m: disable incremental compilation[0m
2025-11-09T23:20:52.2660384Z [36;1mif [ -z "${CARGO_INCREMENTAL+set}" ]; then[0m
2025-11-09T23:20:52.2660697Z [36;1m  echo CARGO_INCREMENTAL=0 >> $GITHUB_ENV[0m
2025-11-09T23:20:52.2660961Z [36;1mfi[0m
2025-11-09T23:20:52.2690397Z shell: /usr/bin/bash --noprofile --norc -e -o pipefail {0}
2025-11-09T23:20:52.2690729Z env:
2025-11-09T23:20:52.2690917Z   CARGO_TERM_COLOR: always
2025-11-09T23:20:52.2691143Z   CARGO_HOME: /home/jswift/.cargo
2025-11-09T23:20:52.2691379Z ##[endgroup]
2025-11-09T23:20:52.2766935Z ##[group]Run : enable colors in Cargo output
2025-11-09T23:20:52.2768793Z [36;1m: enable colors in Cargo output[0m
2025-11-09T23:20:52.2769110Z [36;1mif [ -z "${CARGO_TERM_COLOR+set}" ]; then[0m
2025-11-09T23:20:52.2769453Z [36;1m  echo CARGO_TERM_COLOR=always >> $GITHUB_ENV[0m
2025-11-09T23:20:52.2769738Z [36;1mfi[0m
2025-11-09T23:20:52.2793792Z shell: /usr/bin/bash --noprofile --norc -e -o pipefail {0}
2025-11-09T23:20:52.2794137Z env:
2025-11-09T23:20:52.2794503Z   CARGO_TERM_COLOR: always
2025-11-09T23:20:52.2794860Z   CARGO_HOME: /home/jswift/.cargo
2025-11-09T23:20:52.2795122Z   CARGO_INCREMENTAL: 0
2025-11-09T23:20:52.2795332Z ##[endgroup]
2025-11-09T23:20:52.2890070Z ##[group]Run : enable Cargo sparse registry
2025-11-09T23:20:52.2890423Z [36;1m: enable Cargo sparse registry[0m
2025-11-09T23:20:52.2890807Z [36;1m# implemented in 1.66, stabilized in 1.68, made default in 1.70[0m
2025-11-09T23:20:52.2891641Z [36;1mif [ -z "${CARGO_REGISTRIES_CRATES_IO_PROTOCOL+set}" -o -f "/home/jswift/actions-runner-org2/_work/_temp"/.implicit_cargo_registries_crates_io_protocol ]; then[0m
2025-11-09T23:20:52.2892834Z [36;1m  if rustc +1.88.0 --version --verbose | grep -q '^release: 1\.6[89]\.'; then[0m
2025-11-09T23:20:52.2893492Z [36;1m    touch "/home/jswift/actions-runner-org2/_work/_temp"/.implicit_cargo_registries_crates_io_protocol || true[0m
2025-11-09T23:20:52.2894138Z [36;1m    echo CARGO_REGISTRIES_CRATES_IO_PROTOCOL=sparse >> $GITHUB_ENV[0m
2025-11-09T23:20:52.2894882Z [36;1m  elif rustc +1.88.0 --version --verbose | grep -q '^release: 1\.6[67]\.'; then[0m
2025-11-09T23:20:52.2895558Z [36;1m    touch "/home/jswift/actions-runner-org2/_work/_temp"/.implicit_cargo_registries_crates_io_protocol || true[0m
2025-11-09T23:20:52.2896212Z [36;1m    echo CARGO_REGISTRIES_CRATES_IO_PROTOCOL=git >> $GITHUB_ENV[0m
2025-11-09T23:20:52.2896569Z [36;1m  fi[0m
2025-11-09T23:20:52.2896760Z [36;1mfi[0m
2025-11-09T23:20:52.2927533Z shell: /usr/bin/bash --noprofile --norc -e -o pipefail {0}
2025-11-09T23:20:52.2927868Z env:
2025-11-09T23:20:52.2929994Z   CARGO_TERM_COLOR: always
2025-11-09T23:20:52.2930228Z   CARGO_HOME: /home/jswift/.cargo
2025-11-09T23:20:52.2930460Z   CARGO_INCREMENTAL: 0
2025-11-09T23:20:52.2930658Z ##[endgroup]
2025-11-09T23:20:52.3406208Z ##[group]Run : work around spurious network errors in curl 8.0
2025-11-09T23:20:52.3406691Z [36;1m: work around spurious network errors in curl 8.0[0m
2025-11-09T23:20:52.3407290Z [36;1m# https://rust-lang.zulipchat.com/#narrow/stream/246057-t-cargo/topic/timeout.20investigation[0m
2025-11-09T23:20:52.3408082Z [36;1mif rustc +1.88.0 --version --verbose | grep -q '^release: 1\.7[01]\.'; then[0m
2025-11-09T23:20:52.3408675Z [36;1m  echo CARGO_HTTP_MULTIPLEXING=false >> $GITHUB_ENV[0m
2025-11-09T23:20:52.3409256Z [36;1mfi[0m
2025-11-09T23:20:52.3437851Z shell: /usr/bin/bash --noprofile --norc -e -o pipefail {0}
2025-11-09T23:20:52.3438195Z env:
2025-11-09T23:20:52.3438383Z   CARGO_TERM_COLOR: always
2025-11-09T23:20:52.3438796Z   CARGO_HOME: /home/jswift/.cargo
2025-11-09T23:20:52.3439064Z   CARGO_INCREMENTAL: 0
2025-11-09T23:20:52.3439273Z ##[endgroup]
2025-11-09T23:20:52.3725948Z ##[group]Run rustc +1.88.0 --version --verbose
2025-11-09T23:20:52.3726322Z [36;1mrustc +1.88.0 --version --verbose[0m
2025-11-09T23:20:52.3754146Z shell: /usr/bin/bash --noprofile --norc -e -o pipefail {0}
2025-11-09T23:20:52.3754823Z env:
2025-11-09T23:20:52.3755032Z   CARGO_TERM_COLOR: always
2025-11-09T23:20:52.3755291Z   CARGO_HOME: /home/jswift/.cargo
2025-11-09T23:20:52.3755551Z   CARGO_INCREMENTAL: 0
2025-11-09T23:20:52.3755771Z ##[endgroup]
2025-11-09T23:20:52.3982112Z rustc 1.88.0 (6b00bc388 2025-06-23)
2025-11-09T23:20:52.3982547Z binary: rustc
2025-11-09T23:20:52.3982900Z commit-hash: 6b00bc3880198600130e1cf62b8f8a93494488cc
2025-11-09T23:20:52.3983625Z commit-date: 2025-06-23
2025-11-09T23:20:52.3984046Z host: x86_64-unknown-linux-gnu
2025-11-09T23:20:52.3984641Z release: 1.88.0
2025-11-09T23:20:52.3985033Z LLVM version: 20.1.5
2025-11-09T23:20:52.7019586Z ##[group]Run actions/cache@v3
2025-11-09T23:20:52.7019865Z with:
2025-11-09T23:20:52.7020061Z   path: ~/.cargo/registry
2025-11-09T23:20:52.7020298Z   key: Linux-cargo-registry-
2025-11-09T23:20:52.7020543Z   enableCrossOsArchive: false
2025-11-09T23:20:52.7020791Z   fail-on-cache-miss: false
2025-11-09T23:20:52.7021016Z   lookup-only: false
2025-11-09T23:20:52.7021217Z env:
2025-11-09T23:20:52.7021393Z   CARGO_TERM_COLOR: always
2025-11-09T23:20:52.7021628Z   CARGO_HOME: /home/jswift/.cargo
2025-11-09T23:20:52.7021876Z   CARGO_INCREMENTAL: 0
2025-11-09T23:20:52.7022087Z ##[endgroup]
2025-11-09T23:20:53.0343943Z Cache hit for: Linux-cargo-registry-
2025-11-09T23:20:54.2804672Z Received 134217728 of 797369674 (16.8%), 114.5 MBs/sec
2025-11-09T23:20:55.2819817Z Received 310378496 of 797369674 (38.9%), 139.8 MBs/sec
2025-11-09T23:20:56.2845125Z Received 507510784 of 797369674 (63.6%), 155.0 MBs/sec
2025-11-09T23:20:57.3038878Z Received 671088640 of 797369674 (84.2%), 154.6 MBs/sec
2025-11-09T23:20:58.0054670Z Received 797369674 of 797369674 (100.0%), 157.0 MBs/sec
2025-11-09T23:20:58.0058303Z Cache Size: ~760 MB (797369674 B)
2025-11-09T23:20:58.0110937Z [command]/usr/bin/tar -xf /home/jswift/actions-runner-org2/_work/_temp/4c0fc4ad-f9da-450c-be0f-4cdceb47423b/cache.tzst -P -C /home/jswift/actions-runner-org2/_work/bllvm-node/bllvm-node --use-compress-program unzstd
2025-11-09T23:21:05.7534269Z Cache restored successfully
2025-11-09T23:21:05.8535626Z Cache restored from key: Linux-cargo-registry-
2025-11-09T23:21:06.1383395Z ##[group]Run actions/cache@v3
2025-11-09T23:21:06.1383663Z with:
2025-11-09T23:21:06.1383846Z   path: ~/.cargo/git
2025-11-09T23:21:06.1384056Z   key: Linux-cargo-index-
2025-11-09T23:21:06.1384693Z   enableCrossOsArchive: false
2025-11-09T23:21:06.1384987Z   fail-on-cache-miss: false
2025-11-09T23:21:06.1385217Z   lookup-only: false
2025-11-09T23:21:06.1385411Z env:
2025-11-09T23:21:06.1385575Z   CARGO_TERM_COLOR: always
2025-11-09T23:21:06.1385799Z   CARGO_HOME: /home/jswift/.cargo
2025-11-09T23:21:06.1386037Z   CARGO_INCREMENTAL: 0
2025-11-09T23:21:06.1386227Z ##[endgroup]
2025-11-09T23:21:06.4468808Z Cache not found for input keys: Linux-cargo-index-
2025-11-09T23:21:06.7295651Z ##[group]Run actions/cache@v3
2025-11-09T23:21:06.7295956Z with:
2025-11-09T23:21:06.7296157Z   path: target
2025-11-09T23:21:06.7296381Z   key: Linux-cargo-build-target-
2025-11-09T23:21:06.7296667Z   enableCrossOsArchive: false
2025-11-09T23:21:06.7296935Z   fail-on-cache-miss: false
2025-11-09T23:21:06.7297183Z   lookup-only: false
2025-11-09T23:21:06.7297393Z env:
2025-11-09T23:21:06.7297580Z   CARGO_TERM_COLOR: always
2025-11-09T23:21:06.7297830Z   CARGO_HOME: /home/jswift/.cargo
2025-11-09T23:21:06.7298094Z   CARGO_INCREMENTAL: 0
2025-11-09T23:21:06.7298599Z ##[endgroup]
2025-11-09T23:21:07.0231856Z Cache hit for: Linux-cargo-build-target-
2025-11-09T23:21:07.8785578Z Received 61830540 of 61830540 (100.0%), 81.4 MBs/sec
2025-11-09T23:21:07.8786721Z Cache Size: ~59 MB (61830540 B)
2025-11-09T23:21:07.8822816Z [command]/usr/bin/tar -xf /home/jswift/actions-runner-org2/_work/_temp/68675ab8-4e87-4aa7-91fc-28e52a296b75/cache.tzst -P -C /home/jswift/actions-runner-org2/_work/bllvm-node/bllvm-node --use-compress-program unzstd
2025-11-09T23:21:08.3714127Z Cache restored successfully
2025-11-09T23:21:08.3975696Z Cache restored from key: Linux-cargo-build-target-
2025-11-09T23:21:08.4221824Z ##[group]Run cargo test --verbose
2025-11-09T23:21:08.4222130Z [36;1mcargo test --verbose[0m
2025-11-09T23:21:08.4249554Z shell: /usr/bin/bash -e {0}
2025-11-09T23:21:08.4249804Z env:
2025-11-09T23:21:08.4249987Z   CARGO_TERM_COLOR: always
2025-11-09T23:21:08.4250228Z   CARGO_HOME: /home/jswift/.cargo
2025-11-09T23:21:08.4250482Z   CARGO_INCREMENTAL: 0
2025-11-09T23:21:08.4250711Z ##[endgroup]
2025-11-09T23:21:08.5045028Z [1m[32m    Updating[0m crates.io index
2025-11-09T23:21:08.9375358Z [1m[31merror[0m[1m:[0m failed to get `bllvm-protocol` as a dependency of package `bllvm-node v0.1.0 (/home/jswift/actions-runner-org2/_work/bllvm-node/bllvm-node)`
2025-11-09T23:21:08.9376246Z 
2025-11-09T23:21:08.9376355Z Caused by:
2025-11-09T23:21:08.9376720Z   failed to load source for dependency `bllvm-protocol`
2025-11-09T23:21:08.9377054Z 
2025-11-09T23:21:08.9377161Z Caused by:
2025-11-09T23:21:08.9377686Z   Unable to update /home/jswift/actions-runner-org2/_work/bllvm-node/bllvm-protocol
2025-11-09T23:21:08.9378161Z 
2025-11-09T23:21:08.9378269Z Caused by:
2025-11-09T23:21:08.9378794Z   failed to read `/home/jswift/actions-runner-org2/_work/bllvm-node/bllvm-protocol/Cargo.toml`
2025-11-09T23:21:08.9379874Z 
2025-11-09T23:21:08.9379979Z Caused by:
2025-11-09T23:21:08.9380256Z   No such file or directory (os error 2)
2025-11-09T23:21:08.9410606Z ##[error]Process completed with exit code 101.
2025-11-09T23:21:08.9522255Z Post job cleanup.
2025-11-09T23:21:09.0672257Z Post job cleanup.
2025-11-09T23:21:09.1976304Z [command]/usr/bin/git version
2025-11-09T23:21:09.2033160Z git version 2.43.0
2025-11-09T23:21:09.2097164Z Copying '/home/jswift/.gitconfig' to '/home/jswift/actions-runner-org2/_work/_temp/57c2bbc1-dc42-4be4-b9c5-8e57fc2f5254/.gitconfig'
2025-11-09T23:21:09.2113076Z Temporarily overriding HOME='/home/jswift/actions-runner-org2/_work/_temp/57c2bbc1-dc42-4be4-b9c5-8e57fc2f5254' before making global git config changes
2025-11-09T23:21:09.2115155Z Adding repository directory to the temporary git global config as a safe directory
2025-11-09T23:21:09.2121545Z [command]/usr/bin/git config --global --add safe.directory /home/jswift/actions-runner-org2/_work/bllvm-node/bllvm-node
2025-11-09T23:21:09.2167091Z [command]/usr/bin/git config --local --name-only --get-regexp core\.sshCommand
2025-11-09T23:21:09.2202229Z [command]/usr/bin/git submodule foreach --recursive sh -c "git config --local --name-only --get-regexp 'core\.sshCommand' && git config --local --unset-all 'core.sshCommand' || :"
2025-11-09T23:21:09.2472845Z [command]/usr/bin/git config --local --name-only --get-regexp http\.https\:\/\/github\.com\/\.extraheader
2025-11-09T23:21:09.2497615Z http.https://github.com/.extraheader
2025-11-09T23:21:09.2511702Z [command]/usr/bin/git config --local --unset-all http.https://github.com/.extraheader
2025-11-09T23:21:09.2545741Z [command]/usr/bin/git submodule foreach --recursive sh -c "git config --local --name-only --get-regexp 'http\.https\:\/\/github\.com\/\.extraheader' && git config --local --unset-all 'http.https://github.com/.extraheader' || :"
2025-11-09T23:21:09.2886946Z A job completed hook has been configured by the self-hosted runner administrator
2025-11-09T23:21:09.2923365Z ##[group]Run '/home/jswift/actions-runner-org2/cleanup-hooks/job-completed.sh'
2025-11-09T23:21:09.2947887Z shell: /usr/bin/bash --noprofile --norc -e -o pipefail {0}
2025-11-09T23:21:09.2948479Z ##[endgroup]
2025-11-09T23:21:09.3011281Z Job completed: Sun Nov  9 11:21:09 PM UTC 2025
2025-11-09T23:21:09.3042155Z Available disk space: 12G
2025-11-09T23:21:09.3042625Z Cleaning up after job completion...
2025-11-09T23:21:09.5096907Z Cleanup completed. Available disk space: 12G
2025-11-09T23:21:09.5153177Z Cleaning up orphan processes
