2025-11-09T19:57:49.9218080Z Current runner version: '2.329.0'
2025-11-09T19:57:49.9226911Z Runner name: 'linode-runner-02'
2025-11-09T19:57:49.9227726Z Runner group name: 'default'
2025-11-09T19:57:49.9228722Z Machine name: 'localhost'
2025-11-09T19:57:49.9231801Z ##[group]GITHUB_TOKEN Permissions
2025-11-09T19:57:49.9236086Z Contents: read
2025-11-09T19:57:49.9236959Z Metadata: read
2025-11-09T19:57:49.9237627Z Packages: read
2025-11-09T19:57:49.9238245Z ##[endgroup]
2025-11-09T19:57:49.9241493Z Secret source: Actions
2025-11-09T19:57:49.9242393Z Prepare workflow directory
2025-11-09T19:57:49.9957705Z Prepare all required actions
2025-11-09T19:57:50.0025362Z Getting action download info
2025-11-09T19:57:50.3588432Z Download action repository 'actions/checkout@v4' (SHA:08eba0b27e820071cde6df949e0beb9ba4906955)
2025-11-09T19:57:50.8012078Z Download action repository 'dtolnay/rust-toolchain@master' (SHA:6d653acede28d24f02e3cd41383119e8b1b35921)
2025-11-09T19:57:51.0266584Z Download action repository 'actions/cache@v3' (SHA:6f8efc29b200d32929f49075959781ed54ec270c)
2025-11-09T19:57:51.7131805Z Complete job name: Documentation
2025-11-09T19:57:51.7838292Z A job started hook has been configured by the self-hosted runner administrator
2025-11-09T19:57:51.8059789Z ##[group]Run '/home/jswift/actions-runner-org2/cleanup-hooks/job-started.sh'
2025-11-09T19:57:51.8096671Z shell: /usr/bin/bash --noprofile --norc -e -o pipefail {0}
2025-11-09T19:57:51.8098287Z ##[endgroup]
2025-11-09T19:57:51.8304020Z Job started: Sun Nov  9 07:57:51 PM UTC 2025
2025-11-09T19:57:51.8324135Z Available disk space: 10G
2025-11-09T19:57:51.8357764Z Disk usage is 80% - no cleanup needed
2025-11-09T19:57:51.8693538Z ##[group]Run actions/checkout@v4
2025-11-09T19:57:51.8694848Z with:
2025-11-09T19:57:51.8695687Z   repository: BTCDecoded/bllvm-consensus
2025-11-09T19:57:51.8697095Z   token: ***
2025-11-09T19:57:51.8697905Z   ssh-strict: true
2025-11-09T19:57:51.8698731Z   ssh-user: git
2025-11-09T19:57:51.8699562Z   persist-credentials: true
2025-11-09T19:57:51.8700497Z   clean: true
2025-11-09T19:57:51.8701365Z   sparse-checkout-cone-mode: true
2025-11-09T19:57:51.8702365Z   fetch-depth: 1
2025-11-09T19:57:51.8703176Z   fetch-tags: false
2025-11-09T19:57:51.8704002Z   show-progress: true
2025-11-09T19:57:51.8705052Z   lfs: false
2025-11-09T19:57:51.8705828Z   submodules: false
2025-11-09T19:57:51.8706673Z   set-safe-directory: true
2025-11-09T19:57:51.8707557Z env:
2025-11-09T19:57:51.8708308Z   CARGO_TERM_COLOR: always
2025-11-09T19:57:51.8709196Z ##[endgroup]
2025-11-09T19:57:52.0437079Z Syncing repository: BTCDecoded/bllvm-consensus
2025-11-09T19:57:52.0441879Z ##[group]Getting Git version info
2025-11-09T19:57:52.0444957Z Working directory is '/home/jswift/actions-runner-org2/_work/bllvm-consensus/bllvm-consensus'
2025-11-09T19:57:52.0447905Z [command]/usr/bin/git version
2025-11-09T19:57:52.0448867Z git version 2.43.0
2025-11-09T19:57:52.0486812Z ##[endgroup]
2025-11-09T19:57:52.0508413Z Copying '/home/jswift/.gitconfig' to '/home/jswift/actions-runner-org2/_work/_temp/f481593b-982c-4a3a-85c8-9f332155ce22/.gitconfig'
2025-11-09T19:57:52.0524041Z Temporarily overriding HOME='/home/jswift/actions-runner-org2/_work/_temp/f481593b-982c-4a3a-85c8-9f332155ce22' before making global git config changes
2025-11-09T19:57:52.0529191Z Adding repository directory to the temporary git global config as a safe directory
2025-11-09T19:57:52.0531777Z [command]/usr/bin/git config --global --add safe.directory /home/jswift/actions-runner-org2/_work/bllvm-consensus/bllvm-consensus
2025-11-09T19:57:52.0578459Z [command]/usr/bin/git config --local --get remote.origin.url
2025-11-09T19:57:52.0602722Z https://github.com/BTCDecoded/bllvm-consensus
2025-11-09T19:57:52.0629055Z ##[group]Removing previously created refs, to avoid conflicts
2025-11-09T19:57:52.0633531Z [command]/usr/bin/git rev-parse --symbolic-full-name --verify --quiet HEAD
2025-11-09T19:57:52.0663264Z refs/heads/main
2025-11-09T19:57:52.0677799Z [command]/usr/bin/git checkout --detach
2025-11-09T19:57:52.2120231Z HEAD is now at 197dced feat: Add low-hanging fruit optimizations
2025-11-09T19:57:52.2122759Z M	Cargo.lock
2025-11-09T19:57:52.2124064Z M	target/.rustc_info.json
2025-11-09T19:57:52.2182488Z [command]/usr/bin/git branch --delete --force main
2025-11-09T19:57:52.2220687Z Deleted branch main (was 197dced).
2025-11-09T19:57:52.2276888Z ##[endgroup]
2025-11-09T19:57:52.2278445Z [command]/usr/bin/git submodule status
2025-11-09T19:57:52.2576773Z ##[group]Cleaning the repository
2025-11-09T19:57:52.2579312Z [command]/usr/bin/git clean -ffdx
2025-11-09T19:57:52.2847511Z Removing target/.rustdoc_fingerprint.json
2025-11-09T19:57:52.2850112Z Removing target/debug/.fingerprint/addr2line-d5ebf1990a8a4e5f/
2025-11-09T19:57:52.2852801Z Removing target/debug/.fingerprint/adler2-af5b0e47f1b187b9/
2025-11-09T19:57:52.2855547Z Removing target/debug/.fingerprint/anes-a0919dfd93f50712/
2025-11-09T19:57:52.2858103Z Removing target/debug/.fingerprint/anstyle-c4f390893da93688/
2025-11-09T19:57:52.2860702Z Removing target/debug/.fingerprint/anyhow-059da4f0d7c55a8b/
2025-11-09T19:57:52.2863291Z Removing target/debug/.fingerprint/anyhow-95fc8231af5535f8/
2025-11-09T19:57:52.2866034Z Removing target/debug/.fingerprint/anyhow-9d430c1379eea21c/
2025-11-09T19:57:52.2868609Z Removing target/debug/.fingerprint/anyhow-e6cbf2b1ef9f5a17/
2025-11-09T19:57:52.2871197Z Removing target/debug/.fingerprint/autocfg-9280f9c2f723f569/
2025-11-09T19:57:52.2873846Z Removing target/debug/.fingerprint/backtrace-50a1387f50507b54/
2025-11-09T19:57:52.2876648Z Removing target/debug/.fingerprint/base64-a27c42143a7ea7b5/
2025-11-09T19:57:52.2879612Z Removing target/debug/.fingerprint/bincode-becc14c21199bb9c/
2025-11-09T19:57:52.2882282Z Removing target/debug/.fingerprint/bincode-f1324220296ae161/
2025-11-09T19:57:52.2885051Z Removing target/debug/.fingerprint/bit-set-46b4e6ac82f2d6c2/
2025-11-09T19:57:52.2887684Z Removing target/debug/.fingerprint/bit-vec-f5e51f12b3cb6dc0/
2025-11-09T19:57:52.2890464Z Removing target/debug/.fingerprint/bitcoin_hashes-afede1b96b464164/
2025-11-09T19:57:52.2893412Z Removing target/debug/.fingerprint/bitcoin_hashes-eaa237cf5b3503ad/
2025-11-09T19:57:52.2896414Z Removing target/debug/.fingerprint/bitflags-896e2bfd2a1fb9d6/
2025-11-09T19:57:52.2899269Z Removing target/debug/.fingerprint/bllvm-consensus-03c178ea49b5e33f/
2025-11-09T19:57:52.2902806Z Removing target/debug/.fingerprint/bllvm-consensus-07951ce7bc79a354/
2025-11-09T19:57:52.2906016Z Removing target/debug/.fingerprint/bllvm-consensus-0d8f15dd1080fc85/
2025-11-09T19:57:52.2909042Z Removing target/debug/.fingerprint/bllvm-consensus-0e38563dd38e912b/
2025-11-09T19:57:52.2912577Z Removing target/debug/.fingerprint/bllvm-consensus-107189dc35077b3a/
2025-11-09T19:57:52.2916608Z Removing target/debug/.fingerprint/bllvm-consensus-1c0c0f1d9f294905/
2025-11-09T19:57:52.2919657Z Removing target/debug/.fingerprint/bllvm-consensus-1cb97f9101c6b430/
2025-11-09T19:57:52.2922680Z Removing target/debug/.fingerprint/bllvm-consensus-35b87da7fd33256a/
2025-11-09T19:57:52.2925900Z Removing target/debug/.fingerprint/bllvm-consensus-38d87f68fd573e96/
2025-11-09T19:57:52.2928941Z Removing target/debug/.fingerprint/bllvm-consensus-4281047bd249c94a/
2025-11-09T19:57:52.2931984Z Removing target/debug/.fingerprint/bllvm-consensus-45c598deb2f166a5/
2025-11-09T19:57:52.2935175Z Removing target/debug/.fingerprint/bllvm-consensus-4769854aa97d04c4/
2025-11-09T19:57:52.2938415Z Removing target/debug/.fingerprint/bllvm-consensus-482a7fb1905cd20b/
2025-11-09T19:57:52.2941452Z Removing target/debug/.fingerprint/bllvm-consensus-488bb6d31439a8b3/
2025-11-09T19:57:52.2946300Z Removing target/debug/.fingerprint/bllvm-consensus-4cf6a1b9d2623d6b/
2025-11-09T19:57:52.2949155Z Removing target/debug/.fingerprint/bllvm-consensus-71a2478a1f4b1c7f/
2025-11-09T19:57:52.2952173Z Removing target/debug/.fingerprint/bllvm-consensus-770970a17a236ded/
2025-11-09T19:57:52.2956563Z Removing target/debug/.fingerprint/bllvm-consensus-82b943b84f771867/
2025-11-09T19:57:52.2959629Z Removing target/debug/.fingerprint/bllvm-consensus-93ee1310d6f594ae/
2025-11-09T19:57:52.2962961Z Removing target/debug/.fingerprint/bllvm-consensus-9809b76fea622d79/
2025-11-09T19:57:52.2966362Z Removing target/debug/.fingerprint/bllvm-consensus-b1795dea432e56e7/
2025-11-09T19:57:52.2969380Z Removing target/debug/.fingerprint/bllvm-consensus-b946a86fc6ffc686/
2025-11-09T19:57:52.2972402Z Removing target/debug/.fingerprint/bllvm-consensus-bbd73f236cf56ff5/
2025-11-09T19:57:52.2976413Z Removing target/debug/.fingerprint/bllvm-consensus-c6165610ce56201b/
2025-11-09T19:57:52.2979428Z Removing target/debug/.fingerprint/bllvm-consensus-d050a87a4e5aea67/
2025-11-09T19:57:52.2982457Z Removing target/debug/.fingerprint/bllvm-consensus-d675b2ce38731eb5/
2025-11-09T19:57:52.2986245Z Removing target/debug/.fingerprint/bllvm-consensus-db7129cdcf3be648/
2025-11-09T19:57:52.2989273Z Removing target/debug/.fingerprint/bllvm-consensus-f79a795aa50c0de6/
2025-11-09T19:57:52.2994607Z Removing target/debug/.fingerprint/bllvm-consensus-fa3407339f6cc364/
2025-11-09T19:57:52.2997676Z Removing target/debug/.fingerprint/block-buffer-237124e17683fddb/
2025-11-09T19:57:52.3000640Z Removing target/debug/.fingerprint/block-buffer-e24311a7f03c980c/
2025-11-09T19:57:52.3003439Z Removing target/debug/.fingerprint/bolero-61e4b405f0d99475/
2025-11-09T19:57:52.3006967Z Removing target/debug/.fingerprint/bolero-engine-7a6a62618e83236d/
2025-11-09T19:57:52.3010284Z Removing target/debug/.fingerprint/bolero-generator-derive-c68fbc97a38d0e7b/
2025-11-09T19:57:52.3013674Z Removing target/debug/.fingerprint/bolero-generator-f52625225236cff7/
2025-11-09T19:57:52.3016943Z Removing target/debug/.fingerprint/bytes-e9fddd1bd45d8900/
2025-11-09T19:57:52.3019822Z Removing target/debug/.fingerprint/cast-93991a378c062ce2/
2025-11-09T19:57:52.3022355Z Removing target/debug/.fingerprint/cc-7d5b8c3e1f4cbfcd/
2025-11-09T19:57:52.3025056Z Removing target/debug/.fingerprint/cfg-if-5efacd4c40f67578/
2025-11-09T19:57:52.3027756Z Removing target/debug/.fingerprint/cfg-if-fc0dab425a2b74c4/
2025-11-09T19:57:52.3030456Z Removing target/debug/.fingerprint/ciborium-b9b3c5892a813a85/
2025-11-09T19:57:52.3034085Z Removing target/debug/.fingerprint/ciborium-io-d4a5cc50b6903de8/
2025-11-09T19:57:52.3038955Z Removing target/debug/.fingerprint/ciborium-ll-b0ffa1280b2c5942/
2025-11-09T19:57:52.3041749Z Removing target/debug/.fingerprint/clap-fa471eea3106a856/
2025-11-09T19:57:52.3046519Z Removing target/debug/.fingerprint/clap_builder-672169a28e439221/
2025-11-09T19:57:52.3049248Z Removing target/debug/.fingerprint/clap_lex-b779c87941961e37/
2025-11-09T19:57:52.3051996Z Removing target/debug/.fingerprint/cpufeatures-0f8ee1944988dae8/
2025-11-09T19:57:52.3055054Z Removing target/debug/.fingerprint/cpufeatures-ee10eae80741e153/
2025-11-09T19:57:52.3058016Z Removing target/debug/.fingerprint/criterion-8b23062bf7628800/
2025-11-09T19:57:52.3060862Z Removing target/debug/.fingerprint/criterion-plot-497bb8be6444bd1f/
2025-11-09T19:57:52.3065770Z Removing target/debug/.fingerprint/crossbeam-deque-f0686b61841f828a/
2025-11-09T19:57:52.3068825Z Removing target/debug/.fingerprint/crossbeam-epoch-5d380abd02926c22/
2025-11-09T19:57:52.3071967Z Removing target/debug/.fingerprint/crossbeam-utils-2e7512e383e7552c/
2025-11-09T19:57:52.3075185Z Removing target/debug/.fingerprint/crossbeam-utils-7b9bd07d9fad49b5/
2025-11-09T19:57:52.3078222Z Removing target/debug/.fingerprint/crossbeam-utils-8107c299d7212acb/
2025-11-09T19:57:52.3081167Z Removing target/debug/.fingerprint/crypto-common-6e0ab91b6c6191f7/
2025-11-09T19:57:52.3085419Z Removing target/debug/.fingerprint/crypto-common-6f50393ddbff5a83/
2025-11-09T19:57:52.3088153Z Removing target/debug/.fingerprint/digest-316d27a2bf334994/
2025-11-09T19:57:52.3091017Z Removing target/debug/.fingerprint/digest-915fde4393040a15/
2025-11-09T19:57:52.3094662Z Removing target/debug/.fingerprint/displaydoc-20238dffa2ae8b0c/
2025-11-09T19:57:52.3097845Z Removing target/debug/.fingerprint/either-a1f9b2c1be6f01b6/
2025-11-09T19:57:52.3100679Z Removing target/debug/.fingerprint/encoding_rs-f1d4c2bbd5bde7a5/
2025-11-09T19:57:52.3164045Z Removing target/debug/.fingerprint/equivalent-fb6cc83cf281e9bc/
2025-11-09T19:57:52.3167520Z Removing target/debug/.fingerprint/fastrand-4c7d3317299366b7/
2025-11-09T19:57:52.3170314Z Removing target/debug/.fingerprint/find-msvc-tools-e0c11e7e4ca96379/
2025-11-09T19:57:52.3171903Z Removing target/debug/.fingerprint/fnv-293287ae6d18546d/
2025-11-09T19:57:52.3173400Z Removing target/debug/.fingerprint/form_urlencoded-dbca2961b0a03513/
2025-11-09T19:57:52.3175445Z Removing target/debug/.fingerprint/futures-channel-ce3244b321a732dd/
2025-11-09T19:57:52.3177100Z Removing target/debug/.fingerprint/futures-core-bc9dc0fd63aebce4/
2025-11-09T19:57:52.3178740Z Removing target/debug/.fingerprint/futures-sink-2dce04bb75870a40/
2025-11-09T19:57:52.3180465Z Removing target/debug/.fingerprint/futures-task-71d5acf17967c2d4/
2025-11-09T19:57:52.3182033Z Removing target/debug/.fingerprint/futures-util-ff1e012805509cb6/
2025-11-09T19:57:52.3183614Z Removing target/debug/.fingerprint/generic-array-036ebdaa4415d02c/
2025-11-09T19:57:52.3185459Z Removing target/debug/.fingerprint/generic-array-0e8a2772e7ae3a96/
2025-11-09T19:57:52.3187058Z Removing target/debug/.fingerprint/generic-array-218c5452e10dd155/
2025-11-09T19:57:52.3188620Z Removing target/debug/.fingerprint/generic-array-27e0812fe9f1c82e/
2025-11-09T19:57:52.3190135Z Removing target/debug/.fingerprint/getrandom-204a7ffda41f2c40/
2025-11-09T19:57:52.3191941Z Removing target/debug/.fingerprint/getrandom-8c953d0b2b49c2d2/
2025-11-09T19:57:52.3194662Z Removing target/debug/.fingerprint/getrandom-94f68988f0176c86/
2025-11-09T19:57:52.3196409Z Removing target/debug/.fingerprint/getrandom-aff71c4311e1d901/
2025-11-09T19:57:52.3198108Z Removing target/debug/.fingerprint/gimli-c6ce211822603f9c/
2025-11-09T19:57:52.3199463Z Removing target/debug/.fingerprint/h2-67b7373a3a98d2b1/
2025-11-09T19:57:52.3200785Z Removing target/debug/.fingerprint/half-b35a8b7b8184a652/
2025-11-09T19:57:52.3202210Z Removing target/debug/.fingerprint/hashbrown-58495ef904525875/
2025-11-09T19:57:52.3203636Z Removing target/debug/.fingerprint/hex-39f5f8bc1bd9aca4/
2025-11-09T19:57:52.3205441Z Removing target/debug/.fingerprint/hex-dcfe2cd018f6e5f0/
2025-11-09T19:57:52.3206824Z Removing target/debug/.fingerprint/http-af18e4ff9e3dfe38/
2025-11-09T19:57:52.3208250Z Removing target/debug/.fingerprint/http-body-8d5d3ab6f40ba57e/
2025-11-09T19:57:52.3209733Z Removing target/debug/.fingerprint/httparse-16b6048ff48827ab/
2025-11-09T19:57:52.3211186Z Removing target/debug/.fingerprint/httparse-af37b3e2ea59937d/
2025-11-09T19:57:52.3212644Z Removing target/debug/.fingerprint/httparse-cd2acd3122f2951e/
2025-11-09T19:57:52.3214111Z Removing target/debug/.fingerprint/httpdate-d5018c03204bd778/
2025-11-09T19:57:52.3217299Z Removing target/debug/.fingerprint/hyper-b60025547ec7088a/
2025-11-09T19:57:52.3218794Z Removing target/debug/.fingerprint/icu_collections-8d123128da8a58ae/
2025-11-09T19:57:52.3220389Z Removing target/debug/.fingerprint/icu_locale_core-14c42337931d9756/
2025-11-09T19:57:52.3221958Z Removing target/debug/.fingerprint/icu_normalizer-0602ce96235f2213/
2025-11-09T19:57:52.3225097Z Removing target/debug/.fingerprint/icu_normalizer_data-0521896a956c6a5a/
2025-11-09T19:57:52.3226778Z Removing target/debug/.fingerprint/icu_normalizer_data-05aa9f4127f1522c/
2025-11-09T19:57:52.3228448Z Removing target/debug/.fingerprint/icu_normalizer_data-7b70d1e6c13d434d/
2025-11-09T19:57:52.3230095Z Removing target/debug/.fingerprint/icu_properties-594bddf639bd9870/
2025-11-09T19:57:52.3231729Z Removing target/debug/.fingerprint/icu_properties_data-3eb416884774962c/
2025-11-09T19:57:52.3233864Z Removing target/debug/.fingerprint/icu_properties_data-753bf78d21f987f7/
2025-11-09T19:57:52.3235936Z Removing target/debug/.fingerprint/icu_properties_data-ec31945ff356bd2d/
2025-11-09T19:57:52.3237582Z Removing target/debug/.fingerprint/icu_provider-4e515be11ce49769/
2025-11-09T19:57:52.3239023Z Removing target/debug/.fingerprint/idna-8396801de7b90c02/
2025-11-09T19:57:52.3240453Z Removing target/debug/.fingerprint/idna_adapter-77a719ba56251a40/
2025-11-09T19:57:52.3242286Z Removing target/debug/.fingerprint/indexmap-ebd5508a6a5e9cdb/
2025-11-09T19:57:52.3243718Z Removing target/debug/.fingerprint/ipnet-f6c3440d7603f13d/
2025-11-09T19:57:52.3245328Z Removing target/debug/.fingerprint/is-terminal-dcd73c744b96c2bf/
2025-11-09T19:57:52.3247039Z Removing target/debug/.fingerprint/itertools-65e81afe9e445558/
2025-11-09T19:57:52.3248474Z Removing target/debug/.fingerprint/itoa-08c0ac77a7f9c5e1/
2025-11-09T19:57:52.3249832Z Removing target/debug/.fingerprint/itoa-b11a99c3fb91e0ba/
2025-11-09T19:57:52.3251259Z Removing target/debug/.fingerprint/lazy_static-a60c6f0d6f5b0a48/
2025-11-09T19:57:52.3252699Z Removing target/debug/.fingerprint/libc-0a40c070d57948ed/
2025-11-09T19:57:52.3254051Z Removing target/debug/.fingerprint/libc-0bbb25e1d8acad57/
2025-11-09T19:57:52.3255784Z Removing target/debug/.fingerprint/libc-babd76be9bd57097/
2025-11-09T19:57:52.3257145Z Removing target/debug/.fingerprint/libm-5566613c570f3f25/
2025-11-09T19:57:52.3258480Z Removing target/debug/.fingerprint/libm-9878322bd35959a3/
2025-11-09T19:57:52.3259847Z Removing target/debug/.fingerprint/libm-bea1df92f0410dc7/
2025-11-09T19:57:52.3261308Z Removing target/debug/.fingerprint/linux-raw-sys-bb87369efe12a535/
2025-11-09T19:57:52.3263137Z Removing target/debug/.fingerprint/litemap-25eb7b5ae4df2615/
2025-11-09T19:57:52.3264783Z Removing target/debug/.fingerprint/log-7936ee94095ef39c/
2025-11-09T19:57:52.3267574Z Removing target/debug/.fingerprint/memchr-5d4e0d6bc9bda00f/
2025-11-09T19:57:52.3268943Z Removing target/debug/.fingerprint/mime-10033b098b888fed/
2025-11-09T19:57:52.3270557Z Removing target/debug/.fingerprint/miniz_oxide-d9ad3627380b17c2/
2025-11-09T19:57:52.3272002Z Removing target/debug/.fingerprint/mio-de964bf95b3057fb/
2025-11-09T19:57:52.3275300Z Removing target/debug/.fingerprint/num-traits-5cf5aecfc8480859/
2025-11-09T19:57:52.3277041Z Removing target/debug/.fingerprint/num-traits-b506934bb740cbf6/
2025-11-09T19:57:52.3278559Z Removing target/debug/.fingerprint/num-traits-dcfaab6837dca6ca/
2025-11-09T19:57:52.3280026Z Removing target/debug/.fingerprint/object-5829cb2233c0b513/
2025-11-09T19:57:52.3281423Z Removing target/debug/.fingerprint/object-79e3009c3f235dd5/
2025-11-09T19:57:52.3282820Z Removing target/debug/.fingerprint/object-80086ec81049dfec/
2025-11-09T19:57:52.3284242Z Removing target/debug/.fingerprint/once_cell-140027e2059e248c/
2025-11-09T19:57:52.3285926Z Removing target/debug/.fingerprint/oorandom-2c0384e18d716be6/
2025-11-09T19:57:52.3287496Z Removing target/debug/.fingerprint/percent-encoding-d4c02626543d40b3/
2025-11-09T19:57:52.3289161Z Removing target/debug/.fingerprint/pin-project-lite-8304a63f5944e937/
2025-11-09T19:57:52.3290760Z Removing target/debug/.fingerprint/pin-utils-4afe9bfe4113f5ad/
2025-11-09T19:57:52.3292632Z Removing target/debug/.fingerprint/plotters-backend-6c59dc1580532443/
2025-11-09T19:57:52.3294219Z Removing target/debug/.fingerprint/plotters-bae18d6894739156/
2025-11-09T19:57:52.3296126Z Removing target/debug/.fingerprint/plotters-svg-1e338b432e7f1ba6/
2025-11-09T19:57:52.3297704Z Removing target/debug/.fingerprint/potential_utf-594a8beb8964bbdf/
2025-11-09T19:57:52.3299246Z Removing target/debug/.fingerprint/ppv-lite86-f31b72c16d3ab29d/
2025-11-09T19:57:52.3300759Z Removing target/debug/.fingerprint/pretty-hex-3b643e86f56f4855/
2025-11-09T19:57:52.3302346Z Removing target/debug/.fingerprint/proc-macro-crate-288ba2d6f9cde8b2/
2025-11-09T19:57:52.3303929Z Removing target/debug/.fingerprint/proc-macro2-013e91bf61085fba/
2025-11-09T19:57:52.3305581Z Removing target/debug/.fingerprint/proc-macro2-0c90074a995b0125/
2025-11-09T19:57:52.3307112Z Removing target/debug/.fingerprint/proc-macro2-a923716fdc1423c7/
2025-11-09T19:57:52.3308614Z Removing target/debug/.fingerprint/proptest-fe5de64ab58eee66/
2025-11-09T19:57:52.3310113Z Removing target/debug/.fingerprint/quick-error-5431cbc53e6855e5/
2025-11-09T19:57:52.3311563Z Removing target/debug/.fingerprint/quote-1fd57a8d49f3e414/
2025-11-09T19:57:52.3312935Z Removing target/debug/.fingerprint/rand-fc4e73356887d916/
2025-11-09T19:57:52.3314808Z Removing target/debug/.fingerprint/rand_chacha-e20e83dc90b265db/
2025-11-09T19:57:52.3316645Z Removing target/debug/.fingerprint/rand_core-c368d6b1d0f2f67a/
2025-11-09T19:57:52.3318176Z Removing target/debug/.fingerprint/rand_xorshift-30dbcff9e0cf9f0e/
2025-11-09T19:57:52.3319720Z Removing target/debug/.fingerprint/rand_xoshiro-fb20a66967968e23/
2025-11-09T19:57:52.3321236Z Removing target/debug/.fingerprint/rayon-core-03a79c366c595edc/
2025-11-09T19:57:52.3322716Z Removing target/debug/.fingerprint/rayon-core-8233f837b2b82aa9/
2025-11-09T19:57:52.3324220Z Removing target/debug/.fingerprint/rayon-core-8f7a8180a2a17a55/
2025-11-09T19:57:52.3327140Z Removing target/debug/.fingerprint/rayon-fcfccdaccb2c1c8f/
2025-11-09T19:57:52.3328516Z Removing target/debug/.fingerprint/regex-7316801095448dcb/
2025-11-09T19:57:52.3329984Z Removing target/debug/.fingerprint/regex-automata-560db73d82089022/
2025-11-09T19:57:52.3331551Z Removing target/debug/.fingerprint/regex-syntax-fe8a530891fa5af3/
2025-11-09T19:57:52.3333327Z Removing target/debug/.fingerprint/reqwest-f1349d583e399c32/
2025-11-09T19:57:52.3335007Z Removing target/debug/.fingerprint/ripemd-c4385cbf09230132/
2025-11-09T19:57:52.3336408Z Removing target/debug/.fingerprint/ripemd-f61d2a11e38c01dd/
2025-11-09T19:57:52.3338300Z Removing target/debug/.fingerprint/rustc-demangle-8dab3eb1c1115427/
2025-11-09T19:57:52.3339797Z Removing target/debug/.fingerprint/rustix-4c7e8a32787cbda3/
2025-11-09T19:57:52.3341186Z Removing target/debug/.fingerprint/rustix-9d1c1196c042be37/
2025-11-09T19:57:52.3342577Z Removing target/debug/.fingerprint/rustix-fe849c32e80f99c3/
2025-11-09T19:57:52.3345737Z Removing target/debug/.fingerprint/rusty-fork-408f526f41d594bd/
2025-11-09T19:57:52.3347578Z Removing target/debug/.fingerprint/ryu-1d74fbb8396b52fe/
2025-11-09T19:57:52.3348936Z Removing target/debug/.fingerprint/ryu-27d616b1525b0bd5/
2025-11-09T19:57:52.3350329Z Removing target/debug/.fingerprint/same-file-885ba4335dbafcd5/
2025-11-09T19:57:52.3351791Z Removing target/debug/.fingerprint/secp256k1-3552d18711f5218e/
2025-11-09T19:57:52.3353262Z Removing target/debug/.fingerprint/secp256k1-a7db9034d9c45ea0/
2025-11-09T19:57:52.3355052Z Removing target/debug/.fingerprint/secp256k1-sys-18fc324a2f93c70b/
2025-11-09T19:57:52.3356637Z Removing target/debug/.fingerprint/secp256k1-sys-6cd32742aabed926/
2025-11-09T19:57:52.3358180Z Removing target/debug/.fingerprint/secp256k1-sys-708e464d25e2f9a2/
2025-11-09T19:57:52.3359721Z Removing target/debug/.fingerprint/secp256k1-sys-cbc42ff488488692/
2025-11-09T19:57:52.3361177Z Removing target/debug/.fingerprint/serde-1f6df97ca8e777f3/
2025-11-09T19:57:52.3362563Z Removing target/debug/.fingerprint/serde-4eca9d9f7a929b57/
2025-11-09T19:57:52.3363938Z Removing target/debug/.fingerprint/serde-79bd1dc91f22d7e2/
2025-11-09T19:57:52.3365440Z Removing target/debug/.fingerprint/serde-8e0d7ee100c82f98/
2025-11-09T19:57:52.3366798Z Removing target/debug/.fingerprint/serde-a3217f5e798b0a0e/
2025-11-09T19:57:52.3368155Z Removing target/debug/.fingerprint/serde-bd8472bda08e6db8/
2025-11-09T19:57:52.3369607Z Removing target/debug/.fingerprint/serde_derive-e749fa70367a8df4/
2025-11-09T19:57:52.3371123Z Removing target/debug/.fingerprint/serde_derive-f7022334ed5675a3/
2025-11-09T19:57:52.3372636Z Removing target/debug/.fingerprint/serde_json-0dc48a5bcf535a0b/
2025-11-09T19:57:52.3375735Z Removing target/debug/.fingerprint/serde_json-4b2f7e519a4c7e92/
2025-11-09T19:57:52.3377209Z Removing target/debug/.fingerprint/serde_json-b75336d497f01a50/
2025-11-09T19:57:52.3379064Z Removing target/debug/.fingerprint/serde_json-f87e09600e685d33/
2025-11-09T19:57:52.3380660Z Removing target/debug/.fingerprint/serde_urlencoded-36b5f7aa51dec2d6/
2025-11-09T19:57:52.3382165Z Removing target/debug/.fingerprint/sha2-a6f830be70788546/
2025-11-09T19:57:52.3385417Z Removing target/debug/.fingerprint/sha2-asm-5fc243991633aa35/
2025-11-09T19:57:52.3386842Z Removing target/debug/.fingerprint/sha2-asm-b2e38aa444311777/
2025-11-09T19:57:52.3388274Z Removing target/debug/.fingerprint/sha2-asm-d08d40e52f733493/
2025-11-09T19:57:52.3389905Z Removing target/debug/.fingerprint/sha2-asm-db02cef9726600b0/
2025-11-09T19:57:52.3391329Z Removing target/debug/.fingerprint/sha2-f1ee2b7c028150d8/
2025-11-09T19:57:52.3392691Z Removing target/debug/.fingerprint/shlex-83c7e0da01d13271/
2025-11-09T19:57:52.3394046Z Removing target/debug/.fingerprint/slab-3f53b5c5532ac7a8/
2025-11-09T19:57:52.3395824Z Removing target/debug/.fingerprint/smallvec-8995de69024cacd0/
2025-11-09T19:57:52.3397291Z Removing target/debug/.fingerprint/socket2-af83260fbd731ddc/
2025-11-09T19:57:52.3398715Z Removing target/debug/.fingerprint/socket2-ce2370ef04b1c292/
2025-11-09T19:57:52.3400257Z Removing target/debug/.fingerprint/stable_deref_trait-3d6a1750f55786e6/
2025-11-09T19:57:52.3401756Z Removing target/debug/.fingerprint/syn-1194b09556b5fe4b/
2025-11-09T19:57:52.3403061Z Removing target/debug/.fingerprint/syn-34d04d1461fb490a/
2025-11-09T19:57:52.3404499Z Removing target/debug/.fingerprint/syn-aca17214a42be380/
2025-11-09T19:57:52.3405841Z Removing target/debug/.fingerprint/syn-d514d08d86c32935/
2025-11-09T19:57:52.3407399Z Removing target/debug/.fingerprint/syn-db513f8ec2c70902/
2025-11-09T19:57:52.3408842Z Removing target/debug/.fingerprint/sync_wrapper-011d66a29022fa57/
2025-11-09T19:57:52.3410391Z Removing target/debug/.fingerprint/synstructure-5e32a687d3c1544f/
2025-11-09T19:57:52.3411895Z Removing target/debug/.fingerprint/tempfile-9dd7ea7255645a6d/
2025-11-09T19:57:52.3413357Z Removing target/debug/.fingerprint/thiserror-0ab41f997ece6c55/
2025-11-09T19:57:52.3415126Z Removing target/debug/.fingerprint/thiserror-33d8d4720d5b26de/
2025-11-09T19:57:52.3417027Z Removing target/debug/.fingerprint/thiserror-5c7e835cbcf3ecb5/
2025-11-09T19:57:52.3418553Z Removing target/debug/.fingerprint/thiserror-7a6e0ed1eb395f20/
2025-11-09T19:57:52.3420097Z Removing target/debug/.fingerprint/thiserror-impl-74aca0240a9ecf0d/
2025-11-09T19:57:52.3421697Z Removing target/debug/.fingerprint/thiserror-impl-ae242962b985a660/
2025-11-09T19:57:52.3423212Z Removing target/debug/.fingerprint/tinystr-d3b19922b34c6b5f/
2025-11-09T19:57:52.3424997Z Removing target/debug/.fingerprint/tinytemplate-8f3fd706f9b14a51/
2025-11-09T19:57:52.3426942Z Removing target/debug/.fingerprint/tokio-87840121dbcc34d6/
2025-11-09T19:57:52.3428633Z Removing target/debug/.fingerprint/tokio-macros-2752d99a3d96bedd/
2025-11-09T19:57:52.3430171Z Removing target/debug/.fingerprint/tokio-util-f8c6b36c18753d70/
2025-11-09T19:57:52.3431702Z Removing target/debug/.fingerprint/toml_datetime-93eba6e9ca7547bc/
2025-11-09T19:57:52.3433233Z Removing target/debug/.fingerprint/toml_edit-769c1e6e8df88079/
2025-11-09T19:57:52.3435074Z Removing target/debug/.fingerprint/tower-service-863bcdc79d53a78b/
2025-11-09T19:57:52.3436622Z Removing target/debug/.fingerprint/tracing-45bd8448a06fd778/
2025-11-09T19:57:52.3438115Z Removing target/debug/.fingerprint/tracing-core-efd5a647688ed0e7/
2025-11-09T19:57:52.3439622Z Removing target/debug/.fingerprint/try-lock-0a9dba077bc589b2/
2025-11-09T19:57:52.3441069Z Removing target/debug/.fingerprint/typenum-015e0db2d7fddc8a/
2025-11-09T19:57:52.3442486Z Removing target/debug/.fingerprint/typenum-911c3e43dcb6b56a/
2025-11-09T19:57:52.3443902Z Removing target/debug/.fingerprint/typenum-93ec83b436bf1eae/
2025-11-09T19:57:52.3447106Z Removing target/debug/.fingerprint/typenum-95c161620aaca3ae/
2025-11-09T19:57:52.3448534Z Removing target/debug/.fingerprint/unarray-a3a566f6e348ba30/
2025-11-09T19:57:52.3450027Z Removing target/debug/.fingerprint/unicode-ident-796da7d7beff3c43/
2025-11-09T19:57:52.3451475Z Removing target/debug/.fingerprint/url-5c968cb4d8c3dd35/
2025-11-09T19:57:52.3452867Z Removing target/debug/.fingerprint/utf8_iter-25f6afe9a4463498/
2025-11-09T19:57:52.3455857Z Removing target/debug/.fingerprint/version_check-a216429c4cbdde93/
2025-11-09T19:57:52.3525605Z Removing target/debug/.fingerprint/wait-timeout-4dae2813bb096b7d/
2025-11-09T19:57:52.3527463Z Removing target/debug/.fingerprint/walkdir-61d89ec0cab3a80b/
2025-11-09T19:57:52.3528901Z Removing target/debug/.fingerprint/want-ed71f0675c882a6c/
2025-11-09T19:57:52.3530615Z Removing target/debug/.fingerprint/winnow-c3069a2d8d8dfc76/
2025-11-09T19:57:52.3532170Z Removing target/debug/.fingerprint/writeable-3371d4204352a54a/
2025-11-09T19:57:52.3533630Z Removing target/debug/.fingerprint/yoke-8853c473f3035d81/
2025-11-09T19:57:52.3535475Z Removing target/debug/.fingerprint/yoke-derive-06b29befb72e1620/
2025-11-09T19:57:52.3537075Z Removing target/debug/.fingerprint/zerocopy-5fabe0b83574e243/
2025-11-09T19:57:52.3538611Z Removing target/debug/.fingerprint/zerocopy-b498f825c400ed66/
2025-11-09T19:57:52.3540128Z Removing target/debug/.fingerprint/zerocopy-b6fca17bb70b5855/
2025-11-09T19:57:52.3541683Z Removing target/debug/.fingerprint/zerocopy-derive-9d99d41eb05d0a6d/
2025-11-09T19:57:52.3543859Z Removing target/debug/.fingerprint/zerofrom-1bfef26325f52b1d/
2025-11-09T19:57:52.3545916Z Removing target/debug/.fingerprint/zerofrom-derive-f24f75456298c6e7/
2025-11-09T19:57:52.3547453Z Removing target/debug/.fingerprint/zerotrie-51758b64cb4153fc/
2025-11-09T19:57:52.3548909Z Removing target/debug/.fingerprint/zerovec-7d5972dc6f34f025/
2025-11-09T19:57:52.3550411Z Removing target/debug/.fingerprint/zerovec-derive-de60b80a4650ecc3/
2025-11-09T19:57:52.3551817Z Removing target/debug/build/anyhow-9d430c1379eea21c/
2025-11-09T19:57:52.3553055Z Removing target/debug/build/anyhow-e6cbf2b1ef9f5a17/
2025-11-09T19:57:52.3554684Z Removing target/debug/build/crossbeam-utils-2e7512e383e7552c/
2025-11-09T19:57:52.3556573Z Removing target/debug/build/crossbeam-utils-7b9bd07d9fad49b5/
2025-11-09T19:57:52.3558238Z Removing target/debug/build/generic-array-036ebdaa4415d02c/
2025-11-09T19:57:52.3559667Z Removing target/debug/build/generic-array-27e0812fe9f1c82e/
2025-11-09T19:57:52.3561021Z Removing target/debug/build/getrandom-204a7ffda41f2c40/
2025-11-09T19:57:52.3562319Z Removing target/debug/build/getrandom-aff71c4311e1d901/
2025-11-09T19:57:52.3565651Z Removing target/debug/build/httparse-af37b3e2ea59937d/
2025-11-09T19:57:52.3566959Z Removing target/debug/build/httparse-cd2acd3122f2951e/
2025-11-09T19:57:52.3568364Z Removing target/debug/build/icu_normalizer_data-0521896a956c6a5a/
2025-11-09T19:57:52.3569883Z Removing target/debug/build/icu_normalizer_data-05aa9f4127f1522c/
2025-11-09T19:57:52.3571415Z Removing target/debug/build/icu_properties_data-753bf78d21f987f7/
2025-11-09T19:57:52.3573321Z Removing target/debug/build/icu_properties_data-ec31945ff356bd2d/
2025-11-09T19:57:52.3574833Z Removing target/debug/build/libc-0a40c070d57948ed/
2025-11-09T19:57:52.3577912Z Removing target/debug/build/libc-babd76be9bd57097/
2025-11-09T19:57:52.3579115Z Removing target/debug/build/libm-5566613c570f3f25/
2025-11-09T19:57:52.3580294Z Removing target/debug/build/libm-bea1df92f0410dc7/
2025-11-09T19:57:52.3581566Z Removing target/debug/build/num-traits-5cf5aecfc8480859/
2025-11-09T19:57:52.3582906Z Removing target/debug/build/num-traits-dcfaab6837dca6ca/
2025-11-09T19:57:52.3584179Z Removing target/debug/build/object-79e3009c3f235dd5/
2025-11-09T19:57:52.3585723Z Removing target/debug/build/object-80086ec81049dfec/
2025-11-09T19:57:52.3587017Z Removing target/debug/build/proc-macro2-0c90074a995b0125/
2025-11-09T19:57:52.3588352Z Removing target/debug/build/proc-macro2-a923716fdc1423c7/
2025-11-09T19:57:52.3589689Z Removing target/debug/build/rayon-core-03a79c366c595edc/
2025-11-09T19:57:52.3591010Z Removing target/debug/build/rayon-core-8f7a8180a2a17a55/
2025-11-09T19:57:52.3594192Z Removing target/debug/build/rustix-4c7e8a32787cbda3/
2025-11-09T19:57:52.3595759Z Removing target/debug/build/rustix-fe849c32e80f99c3/
2025-11-09T19:57:52.3597073Z Removing target/debug/build/secp256k1-sys-708e464d25e2f9a2/
2025-11-09T19:57:52.3598452Z Removing target/debug/build/secp256k1-sys-cbc42ff488488692/
2025-11-09T19:57:52.3599744Z Removing target/debug/build/serde-1f6df97ca8e777f3/
2025-11-09T19:57:52.3600939Z Removing target/debug/build/serde-79bd1dc91f22d7e2/
2025-11-09T19:57:52.3602124Z Removing target/debug/build/serde-8e0d7ee100c82f98/
2025-11-09T19:57:52.3605475Z Removing target/debug/build/serde-bd8472bda08e6db8/
2025-11-09T19:57:52.3606737Z Removing target/debug/build/serde_json-0dc48a5bcf535a0b/
2025-11-09T19:57:52.3608046Z Removing target/debug/build/serde_json-f87e09600e685d33/
2025-11-09T19:57:52.3609322Z Removing target/debug/build/sha2-asm-b2e38aa444311777/
2025-11-09T19:57:52.3610576Z Removing target/debug/build/sha2-asm-d08d40e52f733493/
2025-11-09T19:57:52.3611766Z Removing target/debug/build/syn-1194b09556b5fe4b/
2025-11-09T19:57:52.3612916Z Removing target/debug/build/syn-d514d08d86c32935/
2025-11-09T19:57:52.3614157Z Removing target/debug/build/thiserror-0ab41f997ece6c55/
2025-11-09T19:57:52.3615568Z Removing target/debug/build/thiserror-5c7e835cbcf3ecb5/
2025-11-09T19:57:52.3617077Z Removing target/debug/build/typenum-911c3e43dcb6b56a/
2025-11-09T19:57:52.3618731Z Removing target/debug/build/typenum-93ec83b436bf1eae/
2025-11-09T19:57:52.3620507Z Removing target/debug/build/zerocopy-5fabe0b83574e243/
2025-11-09T19:57:52.3621791Z Removing target/debug/build/zerocopy-b6fca17bb70b5855/
2025-11-09T19:57:52.3623092Z Removing target/debug/deps/addr2line-d5ebf1990a8a4e5f.d
2025-11-09T19:57:52.3624481Z Removing target/debug/deps/adler2-af5b0e47f1b187b9.d
2025-11-09T19:57:52.3627152Z Removing target/debug/deps/anes-a0919dfd93f50712.d
2025-11-09T19:57:52.3628382Z Removing target/debug/deps/anstyle-c4f390893da93688.d
2025-11-09T19:57:52.3629632Z Removing target/debug/deps/anyhow-059da4f0d7c55a8b.d
2025-11-09T19:57:52.3630849Z Removing target/debug/deps/anyhow-95fc8231af5535f8.d
2025-11-09T19:57:52.3632085Z Removing target/debug/deps/autocfg-9280f9c2f723f569.d
2025-11-09T19:57:52.3633519Z Removing target/debug/deps/backtrace-50a1387f50507b54.d
2025-11-09T19:57:52.3637430Z Removing target/debug/deps/base64-a27c42143a7ea7b5.d
2025-11-09T19:57:52.3638808Z Removing target/debug/deps/bincode-becc14c21199bb9c.d
2025-11-09T19:57:52.3640091Z Removing target/debug/deps/bincode-f1324220296ae161.d
2025-11-09T19:57:52.3641339Z Removing target/debug/deps/bit_set-46b4e6ac82f2d6c2.d
2025-11-09T19:57:52.3642602Z Removing target/debug/deps/bit_vec-f5e51f12b3cb6dc0.d
2025-11-09T19:57:52.3643949Z Removing target/debug/deps/bitcoin_hashes-afede1b96b464164.d
2025-11-09T19:57:52.3647168Z Removing target/debug/deps/bitcoin_hashes-eaa237cf5b3503ad.d
2025-11-09T19:57:52.3648533Z Removing target/debug/deps/bitflags-896e2bfd2a1fb9d6.d
2025-11-09T19:57:52.3649904Z Removing target/debug/deps/bllvm_consensus-482a7fb1905cd20b.d
2025-11-09T19:57:52.3651315Z Removing target/debug/deps/block_buffer-237124e17683fddb.d
2025-11-09T19:57:52.3652701Z Removing target/debug/deps/block_buffer-e24311a7f03c980c.d
2025-11-09T19:57:52.3655579Z Removing target/debug/deps/bolero-61e4b405f0d99475.d
2025-11-09T19:57:52.3656887Z Removing target/debug/deps/bolero_engine-7a6a62618e83236d.d
2025-11-09T19:57:52.3658310Z Removing target/debug/deps/bolero_generator-f52625225236cff7.d
2025-11-09T19:57:52.3659857Z Removing target/debug/deps/bolero_generator_derive-c68fbc97a38d0e7b.d
2025-11-09T19:57:52.3661282Z Removing target/debug/deps/bytes-e9fddd1bd45d8900.d
2025-11-09T19:57:52.3662750Z Removing target/debug/deps/cast-93991a378c062ce2.d
2025-11-09T19:57:52.3666058Z Removing target/debug/deps/cc-7d5b8c3e1f4cbfcd.d
2025-11-09T19:57:52.3667255Z Removing target/debug/deps/cfg_if-5efacd4c40f67578.d
2025-11-09T19:57:52.3668490Z Removing target/debug/deps/cfg_if-fc0dab425a2b74c4.d
2025-11-09T19:57:52.3669742Z Removing target/debug/deps/ciborium-b9b3c5892a813a85.d
2025-11-09T19:57:52.3671050Z Removing target/debug/deps/ciborium_io-d4a5cc50b6903de8.d
2025-11-09T19:57:52.3672682Z Removing target/debug/deps/ciborium_ll-b0ffa1280b2c5942.d
2025-11-09T19:57:52.3673971Z Removing target/debug/deps/clap-fa471eea3106a856.d
2025-11-09T19:57:52.3675692Z Removing target/debug/deps/clap_builder-672169a28e439221.d
2025-11-09T19:57:52.3677004Z Removing target/debug/deps/clap_lex-b779c87941961e37.d
2025-11-09T19:57:52.3678307Z Removing target/debug/deps/cpufeatures-0f8ee1944988dae8.d
2025-11-09T19:57:52.3679657Z Removing target/debug/deps/cpufeatures-ee10eae80741e153.d
2025-11-09T19:57:52.3681201Z Removing target/debug/deps/criterion-8b23062bf7628800.d
2025-11-09T19:57:52.3682548Z Removing target/debug/deps/criterion_plot-497bb8be6444bd1f.d
2025-11-09T19:57:52.3683967Z Removing target/debug/deps/crossbeam_deque-f0686b61841f828a.d
2025-11-09T19:57:52.3685642Z Removing target/debug/deps/crossbeam_epoch-5d380abd02926c22.d
2025-11-09T19:57:52.3687073Z Removing target/debug/deps/crossbeam_utils-8107c299d7212acb.d
2025-11-09T19:57:52.3688495Z Removing target/debug/deps/crypto_common-6e0ab91b6c6191f7.d
2025-11-09T19:57:52.3689973Z Removing target/debug/deps/crypto_common-6f50393ddbff5a83.d
2025-11-09T19:57:52.3691281Z Removing target/debug/deps/digest-316d27a2bf334994.d
2025-11-09T19:57:52.3692495Z Removing target/debug/deps/digest-915fde4393040a15.d
2025-11-09T19:57:52.3695345Z Removing target/debug/deps/displaydoc-20238dffa2ae8b0c.d
2025-11-09T19:57:52.3696640Z Removing target/debug/deps/either-a1f9b2c1be6f01b6.d
2025-11-09T19:57:52.3697920Z Removing target/debug/deps/encoding_rs-f1d4c2bbd5bde7a5.d
2025-11-09T19:57:52.3699281Z Removing target/debug/deps/equivalent-fb6cc83cf281e9bc.d
2025-11-09T19:57:52.3700585Z Removing target/debug/deps/fastrand-4c7d3317299366b7.d
2025-11-09T19:57:52.3702122Z Removing target/debug/deps/find_msvc_tools-e0c11e7e4ca96379.d
2025-11-09T19:57:52.3705331Z Removing target/debug/deps/fnv-293287ae6d18546d.d
2025-11-09T19:57:52.3707003Z Removing target/debug/deps/form_urlencoded-dbca2961b0a03513.d
2025-11-09T19:57:52.3708651Z Removing target/debug/deps/futures_channel-ce3244b321a732dd.d
2025-11-09T19:57:52.3710595Z Removing target/debug/deps/futures_core-bc9dc0fd63aebce4.d
2025-11-09T19:57:52.3712272Z Removing target/debug/deps/futures_sink-2dce04bb75870a40.d
2025-11-09T19:57:52.3713659Z Removing target/debug/deps/futures_task-71d5acf17967c2d4.d
2025-11-09T19:57:52.3715347Z Removing target/debug/deps/futures_util-ff1e012805509cb6.d
2025-11-09T19:57:52.3716944Z Removing target/debug/deps/generic_array-0e8a2772e7ae3a96.d
2025-11-09T19:57:52.3718345Z Removing target/debug/deps/generic_array-218c5452e10dd155.d
2025-11-09T19:57:52.3719685Z Removing target/debug/deps/getrandom-8c953d0b2b49c2d2.d
2025-11-09T19:57:52.3720975Z Removing target/debug/deps/getrandom-94f68988f0176c86.d
2025-11-09T19:57:52.3722203Z Removing target/debug/deps/gimli-c6ce211822603f9c.d
2025-11-09T19:57:52.3725211Z Removing target/debug/deps/h2-67b7373a3a98d2b1.d
2025-11-09T19:57:52.3726370Z Removing target/debug/deps/half-b35a8b7b8184a652.d
2025-11-09T19:57:52.3727607Z Removing target/debug/deps/hashbrown-58495ef904525875.d
2025-11-09T19:57:52.3728854Z Removing target/debug/deps/hex-39f5f8bc1bd9aca4.d
2025-11-09T19:57:52.3730030Z Removing target/debug/deps/hex-dcfe2cd018f6e5f0.d
2025-11-09T19:57:52.3731206Z Removing target/debug/deps/http-af18e4ff9e3dfe38.d
2025-11-09T19:57:52.3732455Z Removing target/debug/deps/http_body-8d5d3ab6f40ba57e.d
2025-11-09T19:57:52.3735051Z Removing target/debug/deps/httparse-16b6048ff48827ab.d
2025-11-09T19:57:52.3736313Z Removing target/debug/deps/httpdate-d5018c03204bd778.d
2025-11-09T19:57:52.3737545Z Removing target/debug/deps/hyper-b60025547ec7088a.d
2025-11-09T19:57:52.3738845Z Removing target/debug/deps/icu_collections-8d123128da8a58ae.d
2025-11-09T19:57:52.3740281Z Removing target/debug/deps/icu_locale_core-14c42337931d9756.d
2025-11-09T19:57:52.3741676Z Removing target/debug/deps/icu_normalizer-0602ce96235f2213.d
2025-11-09T19:57:52.3743132Z Removing target/debug/deps/icu_normalizer_data-7b70d1e6c13d434d.d
2025-11-09T19:57:52.3744853Z Removing target/debug/deps/icu_properties-594bddf639bd9870.d
2025-11-09T19:57:52.3747394Z Removing target/debug/deps/icu_properties_data-3eb416884774962c.d
2025-11-09T19:57:52.3748839Z Removing target/debug/deps/icu_provider-4e515be11ce49769.d
2025-11-09T19:57:52.3750109Z Removing target/debug/deps/idna-8396801de7b90c02.d
2025-11-09T19:57:52.3782509Z Removing target/debug/deps/idna_adapter-77a719ba56251a40.d
2025-11-09T19:57:52.3784600Z Removing target/debug/deps/indexmap-ebd5508a6a5e9cdb.d
2025-11-09T19:57:52.3786183Z Removing target/debug/deps/ipnet-f6c3440d7603f13d.d
2025-11-09T19:57:52.3787469Z Removing target/debug/deps/is_terminal-dcd73c744b96c2bf.d
2025-11-09T19:57:52.3789640Z Removing target/debug/deps/itertools-65e81afe9e445558.d
2025-11-09T19:57:52.3791679Z Removing target/debug/deps/itoa-08c0ac77a7f9c5e1.d
2025-11-09T19:57:52.3793735Z Removing target/debug/deps/itoa-b11a99c3fb91e0ba.d
2025-11-09T19:57:52.3795807Z Removing target/debug/deps/lazy_static-a60c6f0d6f5b0a48.d
2025-11-09T19:57:52.3797240Z Removing target/debug/deps/libaddr2line-d5ebf1990a8a4e5f.rlib
2025-11-09T19:57:52.3798746Z Removing target/debug/deps/libaddr2line-d5ebf1990a8a4e5f.rmeta
2025-11-09T19:57:52.3800179Z Removing target/debug/deps/libadler2-af5b0e47f1b187b9.rlib
2025-11-09T19:57:52.3801571Z Removing target/debug/deps/libadler2-af5b0e47f1b187b9.rmeta
2025-11-09T19:57:52.3803284Z Removing target/debug/deps/libanes-a0919dfd93f50712.rlib
2025-11-09T19:57:52.3805039Z Removing target/debug/deps/libanes-a0919dfd93f50712.rmeta
2025-11-09T19:57:52.3806500Z Removing target/debug/deps/libanstyle-c4f390893da93688.rlib
2025-11-09T19:57:52.3807905Z Removing target/debug/deps/libanstyle-c4f390893da93688.rmeta
2025-11-09T19:57:52.3809319Z Removing target/debug/deps/libanyhow-059da4f0d7c55a8b.rmeta
2025-11-09T19:57:52.3810696Z Removing target/debug/deps/libanyhow-95fc8231af5535f8.rlib
2025-11-09T19:57:52.3812071Z Removing target/debug/deps/libanyhow-95fc8231af5535f8.rmeta
2025-11-09T19:57:52.3813449Z Removing target/debug/deps/libautocfg-9280f9c2f723f569.rlib
2025-11-09T19:57:52.3815091Z Removing target/debug/deps/libautocfg-9280f9c2f723f569.rmeta
2025-11-09T19:57:52.3816951Z Removing target/debug/deps/libbacktrace-50a1387f50507b54.rlib
2025-11-09T19:57:52.3818544Z Removing target/debug/deps/libbacktrace-50a1387f50507b54.rmeta
2025-11-09T19:57:52.3819978Z Removing target/debug/deps/libbase64-a27c42143a7ea7b5.rlib
2025-11-09T19:57:52.3821333Z Removing target/debug/deps/libbase64-a27c42143a7ea7b5.rmeta
2025-11-09T19:57:52.3822722Z Removing target/debug/deps/libbincode-becc14c21199bb9c.rlib
2025-11-09T19:57:52.3824879Z Removing target/debug/deps/libbincode-becc14c21199bb9c.rmeta
2025-11-09T19:57:52.3827363Z Removing target/debug/deps/libbincode-f1324220296ae161.rmeta
2025-11-09T19:57:52.3828749Z Removing target/debug/deps/libbit_set-46b4e6ac82f2d6c2.rlib
2025-11-09T19:57:52.3830318Z Removing target/debug/deps/libbit_set-46b4e6ac82f2d6c2.rmeta
2025-11-09T19:57:52.3831717Z Removing target/debug/deps/libbit_vec-f5e51f12b3cb6dc0.rlib
2025-11-09T19:57:52.3833092Z Removing target/debug/deps/libbit_vec-f5e51f12b3cb6dc0.rmeta
2025-11-09T19:57:52.3836364Z Removing target/debug/deps/libbitcoin_hashes-afede1b96b464164.rlib
2025-11-09T19:57:52.3838446Z Removing target/debug/deps/libbitcoin_hashes-afede1b96b464164.rmeta
2025-11-09T19:57:52.3840044Z Removing target/debug/deps/libbitcoin_hashes-eaa237cf5b3503ad.rmeta
2025-11-09T19:57:52.3841558Z Removing target/debug/deps/libbitflags-896e2bfd2a1fb9d6.rlib
2025-11-09T19:57:52.3842982Z Removing target/debug/deps/libbitflags-896e2bfd2a1fb9d6.rmeta
2025-11-09T19:57:52.3844746Z Removing target/debug/deps/libblock_buffer-237124e17683fddb.rmeta
2025-11-09T19:57:52.3846554Z Removing target/debug/deps/libblock_buffer-e24311a7f03c980c.rlib
2025-11-09T19:57:52.3848078Z Removing target/debug/deps/libblock_buffer-e24311a7f03c980c.rmeta
2025-11-09T19:57:52.3849523Z Removing target/debug/deps/libbolero-61e4b405f0d99475.rlib
2025-11-09T19:57:52.3850886Z Removing target/debug/deps/libbolero-61e4b405f0d99475.rmeta
2025-11-09T19:57:52.3852332Z Removing target/debug/deps/libbolero_engine-7a6a62618e83236d.rlib
2025-11-09T19:57:52.3855661Z Removing target/debug/deps/libbolero_engine-7a6a62618e83236d.rmeta
2025-11-09T19:57:52.3857287Z Removing target/debug/deps/libbolero_generator-f52625225236cff7.rlib
2025-11-09T19:57:52.3858937Z Removing target/debug/deps/libbolero_generator-f52625225236cff7.rmeta
2025-11-09T19:57:52.3860669Z Removing target/debug/deps/libbolero_generator_derive-c68fbc97a38d0e7b.so
2025-11-09T19:57:52.3864808Z Removing target/debug/deps/libbytes-e9fddd1bd45d8900.rlib
2025-11-09T19:57:52.3866490Z Removing target/debug/deps/libbytes-e9fddd1bd45d8900.rmeta
2025-11-09T19:57:52.3867769Z Removing target/debug/deps/libc-0bbb25e1d8acad57.d
2025-11-09T19:57:52.3869007Z Removing target/debug/deps/libcast-93991a378c062ce2.rlib
2025-11-09T19:57:52.3870495Z Removing target/debug/deps/libcast-93991a378c062ce2.rmeta
2025-11-09T19:57:52.3871787Z Removing target/debug/deps/libcc-7d5b8c3e1f4cbfcd.rlib
2025-11-09T19:57:52.3873052Z Removing target/debug/deps/libcc-7d5b8c3e1f4cbfcd.rmeta
2025-11-09T19:57:52.3874599Z Removing target/debug/deps/libcfg_if-5efacd4c40f67578.rlib
2025-11-09T19:57:52.3876055Z Removing target/debug/deps/libcfg_if-5efacd4c40f67578.rmeta
2025-11-09T19:57:52.3877449Z Removing target/debug/deps/libcfg_if-fc0dab425a2b74c4.rmeta
2025-11-09T19:57:52.3878890Z Removing target/debug/deps/libciborium-b9b3c5892a813a85.rlib
2025-11-09T19:57:52.3880897Z Removing target/debug/deps/libciborium-b9b3c5892a813a85.rmeta
2025-11-09T19:57:52.3882520Z Removing target/debug/deps/libciborium_io-d4a5cc50b6903de8.rlib
2025-11-09T19:57:52.3884160Z Removing target/debug/deps/libciborium_io-d4a5cc50b6903de8.rmeta
2025-11-09T19:57:52.3885922Z Removing target/debug/deps/libciborium_ll-b0ffa1280b2c5942.rlib
2025-11-09T19:57:52.3887527Z Removing target/debug/deps/libciborium_ll-b0ffa1280b2c5942.rmeta
2025-11-09T19:57:52.3888971Z Removing target/debug/deps/libclap-fa471eea3106a856.rlib
2025-11-09T19:57:52.3890291Z Removing target/debug/deps/libclap-fa471eea3106a856.rmeta
2025-11-09T19:57:52.3891704Z Removing target/debug/deps/libclap_builder-672169a28e439221.rlib
2025-11-09T19:57:52.3893374Z Removing target/debug/deps/libclap_builder-672169a28e439221.rmeta
2025-11-09T19:57:52.4105082Z Removing target/debug/deps/libclap_lex-b779c87941961e37.rlib
2025-11-09T19:57:52.4107178Z Removing target/debug/deps/libclap_lex-b779c87941961e37.rmeta
2025-11-09T19:57:52.4109530Z Removing target/debug/deps/libcpufeatures-0f8ee1944988dae8.rmeta
2025-11-09T19:57:52.4111625Z Removing target/debug/deps/libcpufeatures-ee10eae80741e153.rlib
2025-11-09T19:57:52.4132287Z Removing target/debug/deps/libcpufeatures-ee10eae80741e153.rmeta
2025-11-09T19:57:52.4133949Z Removing target/debug/deps/libcriterion-8b23062bf7628800.rlib
2025-11-09T19:57:52.4135648Z Removing target/debug/deps/libcriterion-8b23062bf7628800.rmeta
2025-11-09T19:57:52.4137234Z Removing target/debug/deps/libcriterion_plot-497bb8be6444bd1f.rlib
2025-11-09T19:57:52.4138894Z Removing target/debug/deps/libcriterion_plot-497bb8be6444bd1f.rmeta
2025-11-09T19:57:52.4140523Z Removing target/debug/deps/libcrossbeam_deque-f0686b61841f828a.rlib
2025-11-09T19:57:52.4142162Z Removing target/debug/deps/libcrossbeam_deque-f0686b61841f828a.rmeta
2025-11-09T19:57:52.4143761Z Removing target/debug/deps/libcrossbeam_epoch-5d380abd02926c22.rlib
2025-11-09T19:57:52.4145551Z Removing target/debug/deps/libcrossbeam_epoch-5d380abd02926c22.rmeta
2025-11-09T19:57:52.4147150Z Removing target/debug/deps/libcrossbeam_utils-8107c299d7212acb.rlib
2025-11-09T19:57:52.4148744Z Removing target/debug/deps/libcrossbeam_utils-8107c299d7212acb.rmeta
2025-11-09T19:57:52.4150317Z Removing target/debug/deps/libcrypto_common-6e0ab91b6c6191f7.rlib
2025-11-09T19:57:52.4151844Z Removing target/debug/deps/libcrypto_common-6e0ab91b6c6191f7.rmeta
2025-11-09T19:57:52.4153387Z Removing target/debug/deps/libcrypto_common-6f50393ddbff5a83.rmeta
2025-11-09T19:57:52.4155269Z Removing target/debug/deps/libdigest-316d27a2bf334994.rlib
2025-11-09T19:57:52.4157115Z Removing target/debug/deps/libdigest-316d27a2bf334994.rmeta
2025-11-09T19:57:52.4158523Z Removing target/debug/deps/libdigest-915fde4393040a15.rmeta
2025-11-09T19:57:52.4159920Z Removing target/debug/deps/libdisplaydoc-20238dffa2ae8b0c.so
2025-11-09T19:57:52.4161316Z Removing target/debug/deps/libeither-a1f9b2c1be6f01b6.rlib
2025-11-09T19:57:52.4162777Z Removing target/debug/deps/libeither-a1f9b2c1be6f01b6.rmeta
2025-11-09T19:57:52.4165077Z Removing target/debug/deps/libencoding_rs-f1d4c2bbd5bde7a5.rlib
2025-11-09T19:57:52.4166933Z Removing target/debug/deps/libencoding_rs-f1d4c2bbd5bde7a5.rmeta
2025-11-09T19:57:52.4168424Z Removing target/debug/deps/libequivalent-fb6cc83cf281e9bc.rlib
2025-11-09T19:57:52.4170001Z Removing target/debug/deps/libequivalent-fb6cc83cf281e9bc.rmeta
2025-11-09T19:57:52.4171447Z Removing target/debug/deps/libfastrand-4c7d3317299366b7.rlib
2025-11-09T19:57:52.4172870Z Removing target/debug/deps/libfastrand-4c7d3317299366b7.rmeta
2025-11-09T19:57:52.4176526Z Removing target/debug/deps/libfind_msvc_tools-e0c11e7e4ca96379.rlib
2025-11-09T19:57:52.4178136Z Removing target/debug/deps/libfind_msvc_tools-e0c11e7e4ca96379.rmeta
2025-11-09T19:57:52.4179596Z Removing target/debug/deps/libfnv-293287ae6d18546d.rlib
2025-11-09T19:57:52.4180865Z Removing target/debug/deps/libfnv-293287ae6d18546d.rmeta
2025-11-09T19:57:52.4182290Z Removing target/debug/deps/libform_urlencoded-dbca2961b0a03513.rlib
2025-11-09T19:57:52.4183873Z Removing target/debug/deps/libform_urlencoded-dbca2961b0a03513.rmeta
2025-11-09T19:57:52.4185814Z Removing target/debug/deps/libfutures_channel-ce3244b321a732dd.rlib
2025-11-09T19:57:52.4187424Z Removing target/debug/deps/libfutures_channel-ce3244b321a732dd.rmeta
2025-11-09T19:57:52.4188983Z Removing target/debug/deps/libfutures_core-bc9dc0fd63aebce4.rlib
2025-11-09T19:57:52.4190501Z Removing target/debug/deps/libfutures_core-bc9dc0fd63aebce4.rmeta
2025-11-09T19:57:52.4192406Z Removing target/debug/deps/libfutures_sink-2dce04bb75870a40.rlib
2025-11-09T19:57:52.4193928Z Removing target/debug/deps/libfutures_sink-2dce04bb75870a40.rmeta
2025-11-09T19:57:52.4197662Z Removing target/debug/deps/libfutures_task-71d5acf17967c2d4.rlib
2025-11-09T19:57:52.4199194Z Removing target/debug/deps/libfutures_task-71d5acf17967c2d4.rmeta
2025-11-09T19:57:52.4200690Z Removing target/debug/deps/libfutures_util-ff1e012805509cb6.rlib
2025-11-09T19:57:52.4202182Z Removing target/debug/deps/libfutures_util-ff1e012805509cb6.rmeta
2025-11-09T19:57:52.4203709Z Removing target/debug/deps/libgeneric_array-0e8a2772e7ae3a96.rmeta
2025-11-09T19:57:52.4207089Z Removing target/debug/deps/libgeneric_array-218c5452e10dd155.rlib
2025-11-09T19:57:52.4208622Z Removing target/debug/deps/libgeneric_array-218c5452e10dd155.rmeta
2025-11-09T19:57:52.4210106Z Removing target/debug/deps/libgetrandom-8c953d0b2b49c2d2.rlib
2025-11-09T19:57:52.4211573Z Removing target/debug/deps/libgetrandom-8c953d0b2b49c2d2.rmeta
2025-11-09T19:57:52.4213035Z Removing target/debug/deps/libgetrandom-94f68988f0176c86.rlib
2025-11-09T19:57:52.4215948Z Removing target/debug/deps/libgetrandom-94f68988f0176c86.rmeta
2025-11-09T19:57:52.4217560Z Removing target/debug/deps/libgimli-c6ce211822603f9c.rlib
2025-11-09T19:57:52.4218908Z Removing target/debug/deps/libgimli-c6ce211822603f9c.rmeta
2025-11-09T19:57:52.4220195Z Removing target/debug/deps/libh2-67b7373a3a98d2b1.rlib
2025-11-09T19:57:52.4221435Z Removing target/debug/deps/libh2-67b7373a3a98d2b1.rmeta
2025-11-09T19:57:52.4222708Z Removing target/debug/deps/libhalf-b35a8b7b8184a652.rlib
2025-11-09T19:57:52.4224016Z Removing target/debug/deps/libhalf-b35a8b7b8184a652.rmeta
2025-11-09T19:57:52.4225634Z Removing target/debug/deps/libhashbrown-58495ef904525875.rlib
2025-11-09T19:57:52.4227091Z Removing target/debug/deps/libhashbrown-58495ef904525875.rmeta
2025-11-09T19:57:52.4228734Z Removing target/debug/deps/libhex-39f5f8bc1bd9aca4.rmeta
2025-11-09T19:57:52.4230038Z Removing target/debug/deps/libhex-dcfe2cd018f6e5f0.rlib
2025-11-09T19:57:52.4231335Z Removing target/debug/deps/libhex-dcfe2cd018f6e5f0.rmeta
2025-11-09T19:57:52.4232662Z Removing target/debug/deps/libhttp-af18e4ff9e3dfe38.rlib
2025-11-09T19:57:52.4422318Z Removing target/debug/deps/libhttp-af18e4ff9e3dfe38.rmeta
2025-11-09T19:57:52.4426981Z Removing target/debug/deps/libhttp_body-8d5d3ab6f40ba57e.rlib
2025-11-09T19:57:52.4428969Z Removing target/debug/deps/libhttp_body-8d5d3ab6f40ba57e.rmeta
2025-11-09T19:57:52.4430928Z Removing target/debug/deps/libhttparse-16b6048ff48827ab.rlib
2025-11-09T19:57:52.4432843Z Removing target/debug/deps/libhttparse-16b6048ff48827ab.rmeta
2025-11-09T19:57:52.4436372Z Removing target/debug/deps/libhttpdate-d5018c03204bd778.rlib
2025-11-09T19:57:52.4438312Z Removing target/debug/deps/libhttpdate-d5018c03204bd778.rmeta
2025-11-09T19:57:52.4440089Z Removing target/debug/deps/libhyper-b60025547ec7088a.rlib
2025-11-09T19:57:52.4441446Z Removing target/debug/deps/libhyper-b60025547ec7088a.rmeta
2025-11-09T19:57:52.4442926Z Removing target/debug/deps/libicu_collections-8d123128da8a58ae.rlib
2025-11-09T19:57:52.4444794Z Removing target/debug/deps/libicu_collections-8d123128da8a58ae.rmeta
2025-11-09T19:57:52.4446424Z Removing target/debug/deps/libicu_locale_core-14c42337931d9756.rlib
2025-11-09T19:57:52.4447999Z Removing target/debug/deps/libicu_locale_core-14c42337931d9756.rmeta
2025-11-09T19:57:52.4449579Z Removing target/debug/deps/libicu_normalizer-0602ce96235f2213.rlib
2025-11-09T19:57:52.4451142Z Removing target/debug/deps/libicu_normalizer-0602ce96235f2213.rmeta
2025-11-09T19:57:52.4452749Z Removing target/debug/deps/libicu_normalizer_data-7b70d1e6c13d434d.rlib
2025-11-09T19:57:52.4454542Z Removing target/debug/deps/libicu_normalizer_data-7b70d1e6c13d434d.rmeta
2025-11-09T19:57:52.4457039Z Removing target/debug/deps/libicu_properties-594bddf639bd9870.rlib
2025-11-09T19:57:52.4458658Z Removing target/debug/deps/libicu_properties-594bddf639bd9870.rmeta
2025-11-09T19:57:52.4460281Z Removing target/debug/deps/libicu_properties_data-3eb416884774962c.rlib
2025-11-09T19:57:52.4461947Z Removing target/debug/deps/libicu_properties_data-3eb416884774962c.rmeta
2025-11-09T19:57:52.4463551Z Removing target/debug/deps/libicu_provider-4e515be11ce49769.rlib
2025-11-09T19:57:52.4465361Z Removing target/debug/deps/libicu_provider-4e515be11ce49769.rmeta
2025-11-09T19:57:52.4466792Z Removing target/debug/deps/libidna-8396801de7b90c02.rlib
2025-11-09T19:57:52.4468304Z Removing target/debug/deps/libidna-8396801de7b90c02.rmeta
2025-11-09T19:57:52.4469773Z Removing target/debug/deps/libidna_adapter-77a719ba56251a40.rlib
2025-11-09T19:57:52.4471570Z Removing target/debug/deps/libidna_adapter-77a719ba56251a40.rmeta
2025-11-09T19:57:52.4473078Z Removing target/debug/deps/libindexmap-ebd5508a6a5e9cdb.rlib
2025-11-09T19:57:52.4476317Z Removing target/debug/deps/libindexmap-ebd5508a6a5e9cdb.rmeta
2025-11-09T19:57:52.4477744Z Removing target/debug/deps/libipnet-f6c3440d7603f13d.rlib
2025-11-09T19:57:52.4479101Z Removing target/debug/deps/libipnet-f6c3440d7603f13d.rmeta
2025-11-09T19:57:52.4480508Z Removing target/debug/deps/libis_terminal-dcd73c744b96c2bf.rlib
2025-11-09T19:57:52.4481992Z Removing target/debug/deps/libis_terminal-dcd73c744b96c2bf.rmeta
2025-11-09T19:57:52.4485039Z Removing target/debug/deps/libitertools-65e81afe9e445558.rlib
2025-11-09T19:57:52.4486497Z Removing target/debug/deps/libitertools-65e81afe9e445558.rmeta
2025-11-09T19:57:52.4487899Z Removing target/debug/deps/libitoa-08c0ac77a7f9c5e1.rmeta
2025-11-09T19:57:52.4489224Z Removing target/debug/deps/libitoa-b11a99c3fb91e0ba.rlib
2025-11-09T19:57:52.4490532Z Removing target/debug/deps/libitoa-b11a99c3fb91e0ba.rmeta
2025-11-09T19:57:52.4491932Z Removing target/debug/deps/liblazy_static-a60c6f0d6f5b0a48.rlib
2025-11-09T19:57:52.4495099Z Removing target/debug/deps/liblazy_static-a60c6f0d6f5b0a48.rmeta
2025-11-09T19:57:52.4496523Z Removing target/debug/deps/liblibc-0bbb25e1d8acad57.rlib
2025-11-09T19:57:52.4497851Z Removing target/debug/deps/liblibc-0bbb25e1d8acad57.rmeta
2025-11-09T19:57:52.4499160Z Removing target/debug/deps/liblibm-9878322bd35959a3.rlib
2025-11-09T19:57:52.4500451Z Removing target/debug/deps/liblibm-9878322bd35959a3.rmeta
2025-11-09T19:57:52.4501846Z Removing target/debug/deps/liblinux_raw_sys-bb87369efe12a535.rlib
2025-11-09T19:57:52.4503356Z Removing target/debug/deps/liblinux_raw_sys-bb87369efe12a535.rmeta
2025-11-09T19:57:52.4506446Z Removing target/debug/deps/liblitemap-25eb7b5ae4df2615.rlib
2025-11-09T19:57:52.4507922Z Removing target/debug/deps/liblitemap-25eb7b5ae4df2615.rmeta
2025-11-09T19:57:52.4509256Z Removing target/debug/deps/liblog-7936ee94095ef39c.rlib
2025-11-09T19:57:52.4510537Z Removing target/debug/deps/liblog-7936ee94095ef39c.rmeta
2025-11-09T19:57:52.4511939Z Removing target/debug/deps/libm-9878322bd35959a3.d
2025-11-09T19:57:52.4513201Z Removing target/debug/deps/libmemchr-5d4e0d6bc9bda00f.rlib
2025-11-09T19:57:52.4514862Z Removing target/debug/deps/libmemchr-5d4e0d6bc9bda00f.rmeta
2025-11-09T19:57:52.4516250Z Removing target/debug/deps/libmime-10033b098b888fed.rlib
2025-11-09T19:57:52.4517786Z Removing target/debug/deps/libmime-10033b098b888fed.rmeta
2025-11-09T19:57:52.4519159Z Removing target/debug/deps/libminiz_oxide-d9ad3627380b17c2.rlib
2025-11-09T19:57:52.4520648Z Removing target/debug/deps/libminiz_oxide-d9ad3627380b17c2.rmeta
2025-11-09T19:57:52.4522021Z Removing target/debug/deps/libmio-de964bf95b3057fb.rlib
2025-11-09T19:57:52.4523307Z Removing target/debug/deps/libmio-de964bf95b3057fb.rmeta
2025-11-09T19:57:52.4525205Z Removing target/debug/deps/libnum_traits-b506934bb740cbf6.rlib
2025-11-09T19:57:52.4526685Z Removing target/debug/deps/libnum_traits-b506934bb740cbf6.rmeta
2025-11-09T19:57:52.4528105Z Removing target/debug/deps/libobject-5829cb2233c0b513.rlib
2025-11-09T19:57:52.4529461Z Removing target/debug/deps/libobject-5829cb2233c0b513.rmeta
2025-11-09T19:57:52.4530838Z Removing target/debug/deps/libonce_cell-140027e2059e248c.rlib
2025-11-09T19:57:52.4532240Z Removing target/debug/deps/libonce_cell-140027e2059e248c.rmeta
2025-11-09T19:57:52.4533633Z Removing target/debug/deps/liboorandom-2c0384e18d716be6.rlib
2025-11-09T19:57:52.4875751Z Removing target/debug/deps/liboorandom-2c0384e18d716be6.rmeta
2025-11-09T19:57:52.4878327Z Removing target/debug/deps/libpercent_encoding-d4c02626543d40b3.rlib
2025-11-09T19:57:52.4880703Z Removing target/debug/deps/libpercent_encoding-d4c02626543d40b3.rmeta
2025-11-09T19:57:52.4883068Z Removing target/debug/deps/libpin_project_lite-8304a63f5944e937.rlib
2025-11-09T19:57:52.4887595Z Removing target/debug/deps/libpin_project_lite-8304a63f5944e937.rmeta
2025-11-09T19:57:52.4889651Z Removing target/debug/deps/libpin_utils-4afe9bfe4113f5ad.rlib
2025-11-09T19:57:52.4891614Z Removing target/debug/deps/libpin_utils-4afe9bfe4113f5ad.rmeta
2025-11-09T19:57:52.4893093Z Removing target/debug/deps/libplotters-bae18d6894739156.rlib
2025-11-09T19:57:52.4896548Z Removing target/debug/deps/libplotters-bae18d6894739156.rmeta
2025-11-09T19:57:52.4898114Z Removing target/debug/deps/libplotters_backend-6c59dc1580532443.rlib
2025-11-09T19:57:52.4899731Z Removing target/debug/deps/libplotters_backend-6c59dc1580532443.rmeta
2025-11-09T19:57:52.4901287Z Removing target/debug/deps/libplotters_svg-1e338b432e7f1ba6.rlib
2025-11-09T19:57:52.4902807Z Removing target/debug/deps/libplotters_svg-1e338b432e7f1ba6.rmeta
2025-11-09T19:57:52.4904463Z Removing target/debug/deps/libpotential_utf-594a8beb8964bbdf.rlib
2025-11-09T19:57:52.4906018Z Removing target/debug/deps/libpotential_utf-594a8beb8964bbdf.rmeta
2025-11-09T19:57:52.4907511Z Removing target/debug/deps/libppv_lite86-f31b72c16d3ab29d.rlib
2025-11-09T19:57:52.4909306Z Removing target/debug/deps/libppv_lite86-f31b72c16d3ab29d.rmeta
2025-11-09T19:57:52.4910772Z Removing target/debug/deps/libpretty_hex-3b643e86f56f4855.rlib
2025-11-09T19:57:52.4912229Z Removing target/debug/deps/libpretty_hex-3b643e86f56f4855.rmeta
2025-11-09T19:57:52.4913685Z Removing target/debug/deps/libproc_macro2-013e91bf61085fba.rlib
2025-11-09T19:57:52.4917475Z Removing target/debug/deps/libproc_macro2-013e91bf61085fba.rmeta
2025-11-09T19:57:52.4919028Z Removing target/debug/deps/libproc_macro_crate-288ba2d6f9cde8b2.rlib
2025-11-09T19:57:52.4920636Z Removing target/debug/deps/libproc_macro_crate-288ba2d6f9cde8b2.rmeta
2025-11-09T19:57:52.4922176Z Removing target/debug/deps/libproptest-fe5de64ab58eee66.rlib
2025-11-09T19:57:52.4923810Z Removing target/debug/deps/libproptest-fe5de64ab58eee66.rmeta
2025-11-09T19:57:52.4927297Z Removing target/debug/deps/libquick_error-5431cbc53e6855e5.rlib
2025-11-09T19:57:52.4928781Z Removing target/debug/deps/libquick_error-5431cbc53e6855e5.rmeta
2025-11-09T19:57:52.4930194Z Removing target/debug/deps/libquote-1fd57a8d49f3e414.rlib
2025-11-09T19:57:52.4931745Z Removing target/debug/deps/libquote-1fd57a8d49f3e414.rmeta
2025-11-09T19:57:52.4935108Z Removing target/debug/deps/librand-fc4e73356887d916.rlib
2025-11-09T19:57:52.4936427Z Removing target/debug/deps/librand-fc4e73356887d916.rmeta
2025-11-09T19:57:52.4937814Z Removing target/debug/deps/librand_chacha-e20e83dc90b265db.rlib
2025-11-09T19:57:52.4939299Z Removing target/debug/deps/librand_chacha-e20e83dc90b265db.rmeta
2025-11-09T19:57:52.4940745Z Removing target/debug/deps/librand_core-c368d6b1d0f2f67a.rlib
2025-11-09T19:57:52.4942191Z Removing target/debug/deps/librand_core-c368d6b1d0f2f67a.rmeta
2025-11-09T19:57:52.4945742Z Removing target/debug/deps/librand_xorshift-30dbcff9e0cf9f0e.rlib
2025-11-09T19:57:52.4947328Z Removing target/debug/deps/librand_xorshift-30dbcff9e0cf9f0e.rmeta
2025-11-09T19:57:52.4948850Z Removing target/debug/deps/librand_xoshiro-fb20a66967968e23.rlib
2025-11-09T19:57:52.4950334Z Removing target/debug/deps/librand_xoshiro-fb20a66967968e23.rmeta
2025-11-09T19:57:52.4951771Z Removing target/debug/deps/librayon-fcfccdaccb2c1c8f.rlib
2025-11-09T19:57:52.4953127Z Removing target/debug/deps/librayon-fcfccdaccb2c1c8f.rmeta
2025-11-09T19:57:52.4954661Z Removing target/debug/deps/librayon_core-8233f837b2b82aa9.rlib
2025-11-09T19:57:52.4956120Z Removing target/debug/deps/librayon_core-8233f837b2b82aa9.rmeta
2025-11-09T19:57:52.4957500Z Removing target/debug/deps/libregex-7316801095448dcb.rlib
2025-11-09T19:57:52.4958822Z Removing target/debug/deps/libregex-7316801095448dcb.rmeta
2025-11-09T19:57:52.4960228Z Removing target/debug/deps/libregex_automata-560db73d82089022.rlib
2025-11-09T19:57:52.4961917Z Removing target/debug/deps/libregex_automata-560db73d82089022.rmeta
2025-11-09T19:57:52.4965256Z Removing target/debug/deps/libregex_syntax-fe8a530891fa5af3.rlib
2025-11-09T19:57:52.4966963Z Removing target/debug/deps/libregex_syntax-fe8a530891fa5af3.rmeta
2025-11-09T19:57:52.4968399Z Removing target/debug/deps/libreqwest-f1349d583e399c32.rlib
2025-11-09T19:57:52.4969795Z Removing target/debug/deps/libreqwest-f1349d583e399c32.rmeta
2025-11-09T19:57:52.4971169Z Removing target/debug/deps/libripemd-c4385cbf09230132.rlib
2025-11-09T19:57:52.4972512Z Removing target/debug/deps/libripemd-c4385cbf09230132.rmeta
2025-11-09T19:57:52.4975590Z Removing target/debug/deps/libripemd-f61d2a11e38c01dd.rmeta
2025-11-09T19:57:52.4977365Z Removing target/debug/deps/librustc_demangle-8dab3eb1c1115427.rlib
2025-11-09T19:57:52.4978924Z Removing target/debug/deps/librustc_demangle-8dab3eb1c1115427.rmeta
2025-11-09T19:57:52.4980378Z Removing target/debug/deps/librustix-9d1c1196c042be37.rlib
2025-11-09T19:57:52.4981736Z Removing target/debug/deps/librustix-9d1c1196c042be37.rmeta
2025-11-09T19:57:52.4983139Z Removing target/debug/deps/librusty_fork-408f526f41d594bd.rlib
2025-11-09T19:57:52.4984855Z Removing target/debug/deps/librusty_fork-408f526f41d594bd.rmeta
2025-11-09T19:57:52.4986265Z Removing target/debug/deps/libryu-1d74fbb8396b52fe.rmeta
2025-11-09T19:57:52.4987530Z Removing target/debug/deps/libryu-27d616b1525b0bd5.rlib
2025-11-09T19:57:52.4988816Z Removing target/debug/deps/libryu-27d616b1525b0bd5.rmeta
2025-11-09T19:57:52.4990171Z Removing target/debug/deps/libsame_file-885ba4335dbafcd5.rlib
2025-11-09T19:57:52.5329885Z Removing target/debug/deps/libsame_file-885ba4335dbafcd5.rmeta
2025-11-09T19:57:52.5336286Z Removing target/debug/deps/libsecp256k1-3552d18711f5218e.rlib
2025-11-09T19:57:52.5339067Z Removing target/debug/deps/libsecp256k1-3552d18711f5218e.rmeta
2025-11-09T19:57:52.5341044Z Removing target/debug/deps/libsecp256k1-a7db9034d9c45ea0.rmeta
2025-11-09T19:57:52.5345276Z Removing target/debug/deps/libsecp256k1_sys-18fc324a2f93c70b.rmeta
2025-11-09T19:57:52.5347370Z Removing target/debug/deps/libsecp256k1_sys-6cd32742aabed926.rlib
2025-11-09T19:57:52.5349162Z Removing target/debug/deps/libsecp256k1_sys-6cd32742aabed926.rmeta
2025-11-09T19:57:52.5350990Z Removing target/debug/deps/libserde-4eca9d9f7a929b57.rlib
2025-11-09T19:57:52.5352607Z Removing target/debug/deps/libserde-4eca9d9f7a929b57.rmeta
2025-11-09T19:57:52.5356728Z Removing target/debug/deps/libserde-a3217f5e798b0a0e.rmeta
2025-11-09T19:57:52.5358306Z Removing target/debug/deps/libserde_derive-e749fa70367a8df4.so
2025-11-09T19:57:52.5359889Z Removing target/debug/deps/libserde_derive-f7022334ed5675a3.so
2025-11-09T19:57:52.5361666Z Removing target/debug/deps/libserde_json-4b2f7e519a4c7e92.rmeta
2025-11-09T19:57:52.5363229Z Removing target/debug/deps/libserde_json-b75336d497f01a50.rlib
2025-11-09T19:57:52.5365076Z Removing target/debug/deps/libserde_json-b75336d497f01a50.rmeta
2025-11-09T19:57:52.5366689Z Removing target/debug/deps/libserde_urlencoded-36b5f7aa51dec2d6.rlib
2025-11-09T19:57:52.5368388Z Removing target/debug/deps/libserde_urlencoded-36b5f7aa51dec2d6.rmeta
2025-11-09T19:57:52.5370063Z Removing target/debug/deps/libsha2-a6f830be70788546.rmeta
2025-11-09T19:57:52.5371413Z Removing target/debug/deps/libsha2-f1ee2b7c028150d8.rlib
2025-11-09T19:57:52.5372791Z Removing target/debug/deps/libsha2-f1ee2b7c028150d8.rmeta
2025-11-09T19:57:52.5375773Z Removing target/debug/deps/libsha2_asm-5fc243991633aa35.rmeta
2025-11-09T19:57:52.5377241Z Removing target/debug/deps/libsha2_asm-db02cef9726600b0.rlib
2025-11-09T19:57:52.5380377Z Removing target/debug/deps/libsha2_asm-db02cef9726600b0.rmeta
2025-11-09T19:57:52.5381879Z Removing target/debug/deps/libshlex-83c7e0da01d13271.rlib
2025-11-09T19:57:52.5385090Z Removing target/debug/deps/libshlex-83c7e0da01d13271.rmeta
2025-11-09T19:57:52.5386630Z Removing target/debug/deps/libslab-3f53b5c5532ac7a8.rlib
2025-11-09T19:57:52.5388023Z Removing target/debug/deps/libslab-3f53b5c5532ac7a8.rmeta
2025-11-09T19:57:52.5390042Z Removing target/debug/deps/libsmallvec-8995de69024cacd0.rlib
2025-11-09T19:57:52.5391477Z Removing target/debug/deps/libsmallvec-8995de69024cacd0.rmeta
2025-11-09T19:57:52.5393156Z Removing target/debug/deps/libsocket2-af83260fbd731ddc.rlib
2025-11-09T19:57:52.5396704Z Removing target/debug/deps/libsocket2-af83260fbd731ddc.rmeta
2025-11-09T19:57:52.5398769Z Removing target/debug/deps/libsocket2-ce2370ef04b1c292.rlib
2025-11-09T19:57:52.5400821Z Removing target/debug/deps/libsocket2-ce2370ef04b1c292.rmeta
2025-11-09T19:57:52.5403180Z Removing target/debug/deps/libstable_deref_trait-3d6a1750f55786e6.rlib
2025-11-09T19:57:52.5406313Z Removing target/debug/deps/libstable_deref_trait-3d6a1750f55786e6.rmeta
2025-11-09T19:57:52.5407785Z Removing target/debug/deps/libsyn-34d04d1461fb490a.rlib
2025-11-09T19:57:52.5409063Z Removing target/debug/deps/libsyn-34d04d1461fb490a.rmeta
2025-11-09T19:57:52.5410335Z Removing target/debug/deps/libsyn-aca17214a42be380.rlib
2025-11-09T19:57:52.5411617Z Removing target/debug/deps/libsyn-aca17214a42be380.rmeta
2025-11-09T19:57:52.5412893Z Removing target/debug/deps/libsyn-db513f8ec2c70902.rlib
2025-11-09T19:57:52.5414162Z Removing target/debug/deps/libsyn-db513f8ec2c70902.rmeta
2025-11-09T19:57:52.5415671Z Removing target/debug/deps/libsync_wrapper-011d66a29022fa57.rlib
2025-11-09T19:57:52.5417452Z Removing target/debug/deps/libsync_wrapper-011d66a29022fa57.rmeta
2025-11-09T19:57:52.5419069Z Removing target/debug/deps/libsynstructure-5e32a687d3c1544f.rlib
2025-11-09T19:57:52.5420592Z Removing target/debug/deps/libsynstructure-5e32a687d3c1544f.rmeta
2025-11-09T19:57:52.5422056Z Removing target/debug/deps/libtempfile-9dd7ea7255645a6d.rlib
2025-11-09T19:57:52.5423470Z Removing target/debug/deps/libtempfile-9dd7ea7255645a6d.rmeta
2025-11-09T19:57:52.5425230Z Removing target/debug/deps/libthiserror-33d8d4720d5b26de.rlib
2025-11-09T19:57:52.5426686Z Removing target/debug/deps/libthiserror-33d8d4720d5b26de.rmeta
2025-11-09T19:57:52.5428145Z Removing target/debug/deps/libthiserror-7a6e0ed1eb395f20.rmeta
2025-11-09T19:57:52.5429620Z Removing target/debug/deps/libthiserror_impl-74aca0240a9ecf0d.so
2025-11-09T19:57:52.5431096Z Removing target/debug/deps/libthiserror_impl-ae242962b985a660.so
2025-11-09T19:57:52.5432510Z Removing target/debug/deps/libtinystr-d3b19922b34c6b5f.rlib
2025-11-09T19:57:52.5433872Z Removing target/debug/deps/libtinystr-d3b19922b34c6b5f.rmeta
2025-11-09T19:57:52.5435685Z Removing target/debug/deps/libtinytemplate-8f3fd706f9b14a51.rlib
2025-11-09T19:57:52.5437213Z Removing target/debug/deps/libtinytemplate-8f3fd706f9b14a51.rmeta
2025-11-09T19:57:52.5438637Z Removing target/debug/deps/libtokio-87840121dbcc34d6.rlib
2025-11-09T19:57:52.5440073Z Removing target/debug/deps/libtokio-87840121dbcc34d6.rmeta
2025-11-09T19:57:52.5441443Z Removing target/debug/deps/libtokio_macros-2752d99a3d96bedd.so
2025-11-09T19:57:52.5442859Z Removing target/debug/deps/libtokio_util-f8c6b36c18753d70.rlib
2025-11-09T19:57:52.5444448Z Removing target/debug/deps/libtokio_util-f8c6b36c18753d70.rmeta
2025-11-09T19:57:52.5446049Z Removing target/debug/deps/libtoml_datetime-93eba6e9ca7547bc.rlib
2025-11-09T19:57:52.5447619Z Removing target/debug/deps/libtoml_datetime-93eba6e9ca7547bc.rmeta
2025-11-09T19:57:52.5449075Z Removing target/debug/deps/libtoml_edit-769c1e6e8df88079.rlib
2025-11-09T19:57:52.5450494Z Removing target/debug/deps/libtoml_edit-769c1e6e8df88079.rmeta
2025-11-09T19:57:52.5451962Z Removing target/debug/deps/libtower_service-863bcdc79d53a78b.rlib
2025-11-09T19:57:52.5620960Z Removing target/debug/deps/libtower_service-863bcdc79d53a78b.rmeta
2025-11-09T19:57:52.5625781Z Removing target/debug/deps/libtracing-45bd8448a06fd778.rlib
2025-11-09T19:57:52.5628852Z Removing target/debug/deps/libtracing-45bd8448a06fd778.rmeta
2025-11-09T19:57:52.5630734Z Removing target/debug/deps/libtracing_core-efd5a647688ed0e7.rlib
2025-11-09T19:57:52.5632528Z Removing target/debug/deps/libtracing_core-efd5a647688ed0e7.rmeta
2025-11-09T19:57:52.5636011Z Removing target/debug/deps/libtry_lock-0a9dba077bc589b2.rlib
2025-11-09T19:57:52.5637605Z Removing target/debug/deps/libtry_lock-0a9dba077bc589b2.rmeta
2025-11-09T19:57:52.5639183Z Removing target/debug/deps/libtypenum-015e0db2d7fddc8a.rlib
2025-11-09T19:57:52.5640646Z Removing target/debug/deps/libtypenum-015e0db2d7fddc8a.rmeta
2025-11-09T19:57:52.5642141Z Removing target/debug/deps/libtypenum-95c161620aaca3ae.rmeta
2025-11-09T19:57:52.5645492Z Removing target/debug/deps/libunarray-a3a566f6e348ba30.rlib
2025-11-09T19:57:52.5647762Z Removing target/debug/deps/libunarray-a3a566f6e348ba30.rmeta
2025-11-09T19:57:52.5650155Z Removing target/debug/deps/libunicode_ident-796da7d7beff3c43.rlib
2025-11-09T19:57:52.5651715Z Removing target/debug/deps/libunicode_ident-796da7d7beff3c43.rmeta
2025-11-09T19:57:52.5653138Z Removing target/debug/deps/liburl-5c968cb4d8c3dd35.rlib
2025-11-09T19:57:52.5654570Z Removing target/debug/deps/liburl-5c968cb4d8c3dd35.rmeta
2025-11-09T19:57:52.5656395Z Removing target/debug/deps/libutf8_iter-25f6afe9a4463498.rlib
2025-11-09T19:57:52.5657841Z Removing target/debug/deps/libutf8_iter-25f6afe9a4463498.rmeta
2025-11-09T19:57:52.5659313Z Removing target/debug/deps/libversion_check-a216429c4cbdde93.rlib
2025-11-09T19:57:52.5660839Z Removing target/debug/deps/libversion_check-a216429c4cbdde93.rmeta
2025-11-09T19:57:52.5663024Z Removing target/debug/deps/libwait_timeout-4dae2813bb096b7d.rlib
2025-11-09T19:57:52.5664773Z Removing target/debug/deps/libwait_timeout-4dae2813bb096b7d.rmeta
2025-11-09T19:57:52.5666249Z Removing target/debug/deps/libwalkdir-61d89ec0cab3a80b.rlib
2025-11-09T19:57:52.5667644Z Removing target/debug/deps/libwalkdir-61d89ec0cab3a80b.rmeta
2025-11-09T19:57:52.5669002Z Removing target/debug/deps/libwant-ed71f0675c882a6c.rlib
2025-11-09T19:57:52.5670302Z Removing target/debug/deps/libwant-ed71f0675c882a6c.rmeta
2025-11-09T19:57:52.5671629Z Removing target/debug/deps/libwinnow-c3069a2d8d8dfc76.rlib
2025-11-09T19:57:52.5672998Z Removing target/debug/deps/libwinnow-c3069a2d8d8dfc76.rmeta
2025-11-09T19:57:52.5674582Z Removing target/debug/deps/libwriteable-3371d4204352a54a.rlib
2025-11-09T19:57:52.5676022Z Removing target/debug/deps/libwriteable-3371d4204352a54a.rmeta
2025-11-09T19:57:52.5677383Z Removing target/debug/deps/libyoke-8853c473f3035d81.rlib
2025-11-09T19:57:52.5678672Z Removing target/debug/deps/libyoke-8853c473f3035d81.rmeta
2025-11-09T19:57:52.5680020Z Removing target/debug/deps/libyoke_derive-06b29befb72e1620.so
2025-11-09T19:57:52.5681667Z Removing target/debug/deps/libzerocopy-b498f825c400ed66.rlib
2025-11-09T19:57:52.5683410Z Removing target/debug/deps/libzerocopy-b498f825c400ed66.rmeta
2025-11-09T19:57:52.5685036Z Removing target/debug/deps/libzerocopy_derive-9d99d41eb05d0a6d.so
2025-11-09T19:57:52.5686495Z Removing target/debug/deps/libzerofrom-1bfef26325f52b1d.rlib
2025-11-09T19:57:52.5687916Z Removing target/debug/deps/libzerofrom-1bfef26325f52b1d.rmeta
2025-11-09T19:57:52.5689373Z Removing target/debug/deps/libzerofrom_derive-f24f75456298c6e7.so
2025-11-09T19:57:52.5690830Z Removing target/debug/deps/libzerotrie-51758b64cb4153fc.rlib
2025-11-09T19:57:52.5692222Z Removing target/debug/deps/libzerotrie-51758b64cb4153fc.rmeta
2025-11-09T19:57:52.5695353Z Removing target/debug/deps/libzerovec-7d5972dc6f34f025.rlib
2025-11-09T19:57:52.5696720Z Removing target/debug/deps/libzerovec-7d5972dc6f34f025.rmeta
2025-11-09T19:57:52.5698137Z Removing target/debug/deps/libzerovec_derive-de60b80a4650ecc3.so
2025-11-09T19:57:52.5699558Z Removing target/debug/deps/linux_raw_sys-bb87369efe12a535.d
2025-11-09T19:57:52.5700843Z Removing target/debug/deps/litemap-25eb7b5ae4df2615.d
2025-11-09T19:57:52.5702020Z Removing target/debug/deps/log-7936ee94095ef39c.d
2025-11-09T19:57:52.5703170Z Removing target/debug/deps/memchr-5d4e0d6bc9bda00f.d
2025-11-09T19:57:52.5704453Z Removing target/debug/deps/mime-10033b098b888fed.d
2025-11-09T19:57:52.5705670Z Removing target/debug/deps/miniz_oxide-d9ad3627380b17c2.d
2025-11-09T19:57:52.5706897Z Removing target/debug/deps/mio-de964bf95b3057fb.d
2025-11-09T19:57:52.5708697Z Removing target/debug/deps/num_traits-b506934bb740cbf6.d
2025-11-09T19:57:52.5709957Z Removing target/debug/deps/object-5829cb2233c0b513.d
2025-11-09T19:57:52.5711171Z Removing target/debug/deps/once_cell-140027e2059e248c.d
2025-11-09T19:57:52.5712405Z Removing target/debug/deps/oorandom-2c0384e18d716be6.d
2025-11-09T19:57:52.5715387Z Removing target/debug/deps/percent_encoding-d4c02626543d40b3.d
2025-11-09T19:57:52.5717073Z Removing target/debug/deps/pin_project_lite-8304a63f5944e937.d
2025-11-09T19:57:52.5718428Z Removing target/debug/deps/pin_utils-4afe9bfe4113f5ad.d
2025-11-09T19:57:52.5719688Z Removing target/debug/deps/plotters-bae18d6894739156.d
2025-11-09T19:57:52.5721421Z Removing target/debug/deps/plotters_backend-6c59dc1580532443.d
2025-11-09T19:57:52.5722955Z Removing target/debug/deps/plotters_svg-1e338b432e7f1ba6.d
2025-11-09T19:57:52.5725086Z Removing target/debug/deps/potential_utf-594a8beb8964bbdf.d
2025-11-09T19:57:52.5726441Z Removing target/debug/deps/ppv_lite86-f31b72c16d3ab29d.d
2025-11-09T19:57:52.5727733Z Removing target/debug/deps/pretty_hex-3b643e86f56f4855.d
2025-11-09T19:57:52.5729029Z Removing target/debug/deps/proc_macro2-013e91bf61085fba.d
2025-11-09T19:57:52.5730394Z Removing target/debug/deps/proc_macro_crate-288ba2d6f9cde8b2.d
2025-11-09T19:57:52.5731731Z Removing target/debug/deps/proptest-fe5de64ab58eee66.d
2025-11-09T19:57:52.5735262Z Removing target/debug/deps/quick_error-5431cbc53e6855e5.d
2025-11-09T19:57:52.5736604Z Removing target/debug/deps/quote-1fd57a8d49f3e414.d
2025-11-09T19:57:52.5737763Z Removing target/debug/deps/rand-fc4e73356887d916.d
2025-11-09T19:57:52.5738997Z Removing target/debug/deps/rand_chacha-e20e83dc90b265db.d
2025-11-09T19:57:52.5740275Z Removing target/debug/deps/rand_core-c368d6b1d0f2f67a.d
2025-11-09T19:57:52.5741583Z Removing target/debug/deps/rand_xorshift-30dbcff9e0cf9f0e.d
2025-11-09T19:57:52.5744714Z Removing target/debug/deps/rand_xoshiro-fb20a66967968e23.d
2025-11-09T19:57:52.5746133Z Removing target/debug/deps/rayon-fcfccdaccb2c1c8f.d
2025-11-09T19:57:52.5747374Z Removing target/debug/deps/rayon_core-8233f837b2b82aa9.d
2025-11-09T19:57:52.5748595Z Removing target/debug/deps/regex-7316801095448dcb.d
2025-11-09T19:57:52.5749901Z Removing target/debug/deps/regex_automata-560db73d82089022.d
2025-11-09T19:57:52.5751238Z Removing target/debug/deps/regex_syntax-fe8a530891fa5af3.d
2025-11-09T19:57:52.5752505Z Removing target/debug/deps/reqwest-f1349d583e399c32.d
2025-11-09T19:57:52.5755941Z Removing target/debug/deps/ripemd-c4385cbf09230132.d
2025-11-09T19:57:52.5757140Z Removing target/debug/deps/ripemd-f61d2a11e38c01dd.d
2025-11-09T19:57:52.5758423Z Removing target/debug/deps/rustc_demangle-8dab3eb1c1115427.d
2025-11-09T19:57:52.5759710Z Removing target/debug/deps/rustix-9d1c1196c042be37.d
2025-11-09T19:57:52.5760942Z Removing target/debug/deps/rusty_fork-408f526f41d594bd.d
2025-11-09T19:57:52.5764051Z Removing target/debug/deps/ryu-1d74fbb8396b52fe.d
2025-11-09T19:57:52.5765301Z Removing target/debug/deps/ryu-27d616b1525b0bd5.d
2025-11-09T19:57:52.5766479Z Removing target/debug/deps/same_file-885ba4335dbafcd5.d
2025-11-09T19:57:52.5767722Z Removing target/debug/deps/secp256k1-3552d18711f5218e.d
2025-11-09T19:57:52.5768954Z Removing target/debug/deps/secp256k1-a7db9034d9c45ea0.d
2025-11-09T19:57:52.5770241Z Removing target/debug/deps/secp256k1_sys-18fc324a2f93c70b.d
2025-11-09T19:57:52.5773111Z Removing target/debug/deps/secp256k1_sys-6cd32742aabed926.d
2025-11-09T19:57:52.5774610Z Removing target/debug/deps/serde-4eca9d9f7a929b57.d
2025-11-09T19:57:52.5775805Z Removing target/debug/deps/serde-a3217f5e798b0a0e.d
2025-11-09T19:57:52.5777030Z Removing target/debug/deps/serde_derive-e749fa70367a8df4.d
2025-11-09T19:57:52.5778354Z Removing target/debug/deps/serde_derive-f7022334ed5675a3.d
2025-11-09T19:57:52.5779647Z Removing target/debug/deps/serde_json-4b2f7e519a4c7e92.d
2025-11-09T19:57:52.5780921Z Removing target/debug/deps/serde_json-b75336d497f01a50.d
2025-11-09T19:57:52.5782265Z Removing target/debug/deps/serde_urlencoded-36b5f7aa51dec2d6.d
2025-11-09T19:57:52.5785985Z Removing target/debug/deps/sha2-a6f830be70788546.d
2025-11-09T19:57:52.5787205Z Removing target/debug/deps/sha2-f1ee2b7c028150d8.d
2025-11-09T19:57:52.5788662Z Removing target/debug/deps/sha2_asm-5fc243991633aa35.d
2025-11-09T19:57:52.5789953Z Removing target/debug/deps/sha2_asm-db02cef9726600b0.d
2025-11-09T19:57:52.5791645Z Removing target/debug/deps/shlex-83c7e0da01d13271.d
2025-11-09T19:57:52.5792823Z Removing target/debug/deps/slab-3f53b5c5532ac7a8.d
2025-11-09T19:57:52.5794003Z Removing target/debug/deps/smallvec-8995de69024cacd0.d
2025-11-09T19:57:52.5795419Z Removing target/debug/deps/socket2-af83260fbd731ddc.d
2025-11-09T19:57:52.5796635Z Removing target/debug/deps/socket2-ce2370ef04b1c292.d
2025-11-09T19:57:52.5798277Z Removing target/debug/deps/stable_deref_trait-3d6a1750f55786e6.d
2025-11-09T19:57:52.5799572Z Removing target/debug/deps/syn-34d04d1461fb490a.d
2025-11-09T19:57:52.5800701Z Removing target/debug/deps/syn-aca17214a42be380.d
2025-11-09T19:57:52.5801847Z Removing target/debug/deps/syn-db513f8ec2c70902.d
2025-11-09T19:57:52.5805265Z Removing target/debug/deps/sync_wrapper-011d66a29022fa57.d
2025-11-09T19:57:52.5806632Z Removing target/debug/deps/synstructure-5e32a687d3c1544f.d
2025-11-09T19:57:52.5807943Z Removing target/debug/deps/tempfile-9dd7ea7255645a6d.d
2025-11-09T19:57:52.5809666Z Removing target/debug/deps/thiserror-33d8d4720d5b26de.d
2025-11-09T19:57:52.5811997Z Removing target/debug/deps/thiserror-7a6e0ed1eb395f20.d
2025-11-09T19:57:52.5815749Z Removing target/debug/deps/thiserror_impl-74aca0240a9ecf0d.d
2025-11-09T19:57:52.5818555Z Removing target/debug/deps/thiserror_impl-ae242962b985a660.d
2025-11-09T19:57:52.5820990Z Removing target/debug/deps/tinystr-d3b19922b34c6b5f.d
2025-11-09T19:57:52.5856892Z Removing target/debug/deps/tinytemplate-8f3fd706f9b14a51.d
2025-11-09T19:57:52.5859353Z Removing target/debug/deps/tokio-87840121dbcc34d6.d
2025-11-09T19:57:52.5862339Z Removing target/debug/deps/tokio_macros-2752d99a3d96bedd.d
2025-11-09T19:57:52.5866329Z Removing target/debug/deps/tokio_util-f8c6b36c18753d70.d
2025-11-09T19:57:52.5867697Z Removing target/debug/deps/toml_datetime-93eba6e9ca7547bc.d
2025-11-09T19:57:52.5869024Z Removing target/debug/deps/toml_edit-769c1e6e8df88079.d
2025-11-09T19:57:52.5870334Z Removing target/debug/deps/tower_service-863bcdc79d53a78b.d
2025-11-09T19:57:52.5871639Z Removing target/debug/deps/tracing-45bd8448a06fd778.d
2025-11-09T19:57:52.5875896Z Removing target/debug/deps/tracing_core-efd5a647688ed0e7.d
2025-11-09T19:57:52.5877206Z Removing target/debug/deps/try_lock-0a9dba077bc589b2.d
2025-11-09T19:57:52.5878445Z Removing target/debug/deps/typenum-015e0db2d7fddc8a.d
2025-11-09T19:57:52.5879669Z Removing target/debug/deps/typenum-95c161620aaca3ae.d
2025-11-09T19:57:52.5880882Z Removing target/debug/deps/unarray-a3a566f6e348ba30.d
2025-11-09T19:57:52.5882185Z Removing target/debug/deps/unicode_ident-796da7d7beff3c43.d
2025-11-09T19:57:52.5883436Z Removing target/debug/deps/url-5c968cb4d8c3dd35.d
2025-11-09T19:57:52.5885029Z Removing target/debug/deps/utf8_iter-25f6afe9a4463498.d
2025-11-09T19:57:52.5886943Z Removing target/debug/deps/version_check-a216429c4cbdde93.d
2025-11-09T19:57:52.5888302Z Removing target/debug/deps/wait_timeout-4dae2813bb096b7d.d
2025-11-09T19:57:52.5889593Z Removing target/debug/deps/walkdir-61d89ec0cab3a80b.d
2025-11-09T19:57:52.5890784Z Removing target/debug/deps/want-ed71f0675c882a6c.d
2025-11-09T19:57:52.5892036Z Removing target/debug/deps/winnow-c3069a2d8d8dfc76.d
2025-11-09T19:57:52.5895374Z Removing target/debug/deps/writeable-3371d4204352a54a.d
2025-11-09T19:57:52.5896656Z Removing target/debug/deps/yoke-8853c473f3035d81.d
2025-11-09T19:57:52.5897871Z Removing target/debug/deps/yoke_derive-06b29befb72e1620.d
2025-11-09T19:57:52.5899151Z Removing target/debug/deps/zerocopy-b498f825c400ed66.d
2025-11-09T19:57:52.5900479Z Removing target/debug/deps/zerocopy_derive-9d99d41eb05d0a6d.d
2025-11-09T19:57:52.5901803Z Removing target/debug/deps/zerofrom-1bfef26325f52b1d.d
2025-11-09T19:57:52.5905060Z Removing target/debug/deps/zerofrom_derive-f24f75456298c6e7.d
2025-11-09T19:57:52.5906414Z Removing target/debug/deps/zerotrie-51758b64cb4153fc.d
2025-11-09T19:57:52.5907816Z Removing target/debug/deps/zerovec-7d5972dc6f34f025.d
2025-11-09T19:57:52.5909102Z Removing target/debug/deps/zerovec_derive-de60b80a4650ecc3.d
2025-11-09T19:57:52.5910283Z Removing target/debug/examples/
2025-11-09T19:57:52.5911160Z Removing target/debug/incremental/
2025-11-09T19:57:52.5912061Z Removing target/doc/
2025-11-09T19:57:52.5914809Z Removing target/tmp/
2025-11-09T19:57:52.5920384Z [command]/usr/bin/git reset --hard HEAD
2025-11-09T19:57:52.5947279Z HEAD is now at 197dced feat: Add low-hanging fruit optimizations
2025-11-09T19:57:52.5957978Z ##[endgroup]
2025-11-09T19:57:52.5960300Z ##[group]Disabling automatic garbage collection
2025-11-09T19:57:52.5963346Z [command]/usr/bin/git config --local gc.auto 0
2025-11-09T19:57:52.6001855Z ##[endgroup]
2025-11-09T19:57:52.6003053Z ##[group]Setting up auth
2025-11-09T19:57:52.6007873Z [command]/usr/bin/git config --local --name-only --get-regexp core\.sshCommand
2025-11-09T19:57:52.6046656Z [command]/usr/bin/git submodule foreach --recursive sh -c "git config --local --name-only --get-regexp 'core\.sshCommand' && git config --local --unset-all 'core.sshCommand' || :"
2025-11-09T19:57:52.6303460Z [command]/usr/bin/git config --local --name-only --get-regexp http\.https\:\/\/github\.com\/\.extraheader
2025-11-09T19:57:52.6337561Z [command]/usr/bin/git submodule foreach --recursive sh -c "git config --local --name-only --get-regexp 'http\.https\:\/\/github\.com\/\.extraheader' && git config --local --unset-all 'http.https://github.com/.extraheader' || :"
2025-11-09T19:57:52.6594835Z [command]/usr/bin/git config --local http.https://github.com/.extraheader AUTHORIZATION: basic ***
2025-11-09T19:57:52.6635809Z ##[endgroup]
2025-11-09T19:57:52.6638109Z ##[group]Fetching the repository
2025-11-09T19:57:52.6647559Z [command]/usr/bin/git -c protocol.version=2 fetch --no-tags --prune --no-recurse-submodules --depth=1 origin +197dced38aba3afc521e6f973561baa6e0012e48:refs/remotes/origin/main
2025-11-09T19:57:52.8741191Z ##[endgroup]
2025-11-09T19:57:52.8742798Z ##[group]Determining the checkout info
2025-11-09T19:57:52.8744224Z ##[endgroup]
2025-11-09T19:57:52.8748384Z [command]/usr/bin/git sparse-checkout disable
2025-11-09T19:57:52.8813152Z [command]/usr/bin/git config --local --unset-all extensions.worktreeConfig
2025-11-09T19:57:52.8847287Z ##[group]Checking out the ref
2025-11-09T19:57:52.8852542Z [command]/usr/bin/git checkout --progress --force -B main refs/remotes/origin/main
2025-11-09T19:57:52.8926066Z Switched to a new branch 'main'
2025-11-09T19:57:52.8927548Z branch 'main' set up to track 'origin/main'.
2025-11-09T19:57:52.8935134Z ##[endgroup]
2025-11-09T19:57:52.8971044Z [command]/usr/bin/git log -1 --format=%H
2025-11-09T19:57:52.8997247Z 197dced38aba3afc521e6f973561baa6e0012e48
2025-11-09T19:57:52.9417232Z ##[group]Run dtolnay/rust-toolchain@master
2025-11-09T19:57:52.9418240Z with:
2025-11-09T19:57:52.9418898Z   toolchain: 1.88.0
2025-11-09T19:57:52.9419609Z env:
2025-11-09T19:57:52.9420261Z   CARGO_TERM_COLOR: always
2025-11-09T19:57:52.9421046Z ##[endgroup]
2025-11-09T19:57:52.9610688Z ##[group]Run : parse toolchain version
2025-11-09T19:57:52.9611779Z [36;1m: parse toolchain version[0m
2025-11-09T19:57:52.9612722Z [36;1mif [[ -z $toolchain ]]; then[0m
2025-11-09T19:57:52.9614606Z [36;1m  # GitHub does not enforce `required: true` inputs itself. https://github.com/actions/runner/issues/1070[0m
2025-11-09T19:57:52.9616680Z [36;1m  echo "'toolchain' is a required input" >&2[0m
2025-11-09T19:57:52.9617712Z [36;1m  exit 1[0m
2025-11-09T19:57:52.9619174Z [36;1melif [[ $toolchain =~ ^stable' '[0-9]+' '(year|month|week|day)s?' 'ago$ ]]; then[0m
2025-11-09T19:57:52.9620525Z [36;1m  if [[ Linux == macOS ]]; then[0m
2025-11-09T19:57:52.9622197Z [36;1m    echo "toolchain=1.$((($(date -v-$(sed 's/stable \([0-9]*\) \(.\).*/\1\2/' <<< $toolchain) +%s)/60/60/24-16569)/7/6))" >> $GITHUB_OUTPUT[0m
2025-11-09T19:57:52.9623785Z [36;1m  else[0m
2025-11-09T19:57:52.9625238Z [36;1m    echo "toolchain=1.$((($(date --date "${toolchain#stable }" +%s)/60/60/24-16569)/7/6))" >> $GITHUB_OUTPUT[0m
2025-11-09T19:57:52.9626729Z [36;1m  fi[0m
2025-11-09T19:57:52.9627711Z [36;1melif [[ $toolchain =~ ^stable' 'minus' '[0-9]+' 'releases?$ ]]; then[0m
2025-11-09T19:57:52.9629409Z [36;1m  echo "toolchain=1.$((($(date +%s)/60/60/24-16569)/7/6-${toolchain//[^0-9]/}))" >> $GITHUB_OUTPUT[0m
2025-11-09T19:57:52.9630923Z [36;1melif [[ $toolchain =~ ^1\.[0-9]+$ ]]; then[0m
2025-11-09T19:57:52.9632932Z [36;1m  echo "toolchain=1.$((i=${toolchain#1.}, c=($(date +%s)/60/60/24-16569)/7/6, i+9*i*(10*i<=c)+90*i*(100*i<=c)))" >> $GITHUB_OUTPUT[0m
2025-11-09T19:57:52.9634655Z [36;1melse[0m
2025-11-09T19:57:52.9635497Z [36;1m  echo "toolchain=$toolchain" >> $GITHUB_OUTPUT[0m
2025-11-09T19:57:52.9636526Z [36;1mfi[0m
2025-11-09T19:57:52.9665511Z shell: /usr/bin/bash --noprofile --norc -e -o pipefail {0}
2025-11-09T19:57:52.9666622Z env:
2025-11-09T19:57:52.9667289Z   CARGO_TERM_COLOR: always
2025-11-09T19:57:52.9668081Z   toolchain: 1.88.0
2025-11-09T19:57:52.9668801Z ##[endgroup]
2025-11-09T19:57:52.9815954Z ##[group]Run : construct rustup command line
2025-11-09T19:57:52.9817265Z [36;1m: construct rustup command line[0m
2025-11-09T19:57:52.9818724Z [36;1mecho "targets=$(for t in ${targets//,/ }; do echo -n ' --target' $t; done)" >> $GITHUB_OUTPUT[0m
2025-11-09T19:57:52.9820756Z [36;1mecho "components=$(for c in ${components//,/ }; do echo -n ' --component' $c; done)" >> $GITHUB_OUTPUT[0m
2025-11-09T19:57:52.9822381Z [36;1mecho "downgrade=" >> $GITHUB_OUTPUT[0m
2025-11-09T19:57:52.9849150Z shell: /usr/bin/bash --noprofile --norc -e -o pipefail {0}
2025-11-09T19:57:52.9850278Z env:
2025-11-09T19:57:52.9850948Z   CARGO_TERM_COLOR: always
2025-11-09T19:57:52.9851741Z   targets: 
2025-11-09T19:57:52.9852420Z   components: 
2025-11-09T19:57:52.9853105Z ##[endgroup]
2025-11-09T19:57:52.9975093Z ##[group]Run : set $CARGO_HOME
2025-11-09T19:57:52.9976011Z [36;1m: set $CARGO_HOME[0m
2025-11-09T19:57:52.9977117Z [36;1mecho CARGO_HOME=${CARGO_HOME:-"$HOME/.cargo"} >> $GITHUB_ENV[0m
2025-11-09T19:57:53.0005729Z shell: /usr/bin/bash --noprofile --norc -e -o pipefail {0}
2025-11-09T19:57:53.0006855Z env:
2025-11-09T19:57:53.0007549Z   CARGO_TERM_COLOR: always
2025-11-09T19:57:53.0008371Z ##[endgroup]
2025-11-09T19:57:53.0122106Z ##[group]Run : install rustup if needed
2025-11-09T19:57:53.0123356Z [36;1m: install rustup if needed[0m
2025-11-09T19:57:53.0124568Z [36;1mif ! command -v rustup &>/dev/null; then[0m
2025-11-09T19:57:53.0127135Z [36;1m  curl --proto '=https' --tlsv1.2 --retry 10 --retry-connrefused --location --silent --show-error --fail https://sh.rustup.rs | sh -s -- --default-toolchain none -y[0m
2025-11-09T19:57:53.0129513Z [36;1m  echo "$CARGO_HOME/bin" >> $GITHUB_PATH[0m
2025-11-09T19:57:53.0130931Z [36;1mfi[0m
2025-11-09T19:57:53.0161651Z shell: /usr/bin/bash --noprofile --norc -e -o pipefail {0}
2025-11-09T19:57:53.0162858Z env:
2025-11-09T19:57:53.0163549Z   CARGO_TERM_COLOR: always
2025-11-09T19:57:53.0166077Z   CARGO_HOME: /home/jswift/.cargo
2025-11-09T19:57:53.0166957Z ##[endgroup]
2025-11-09T19:57:53.1279072Z info: downloading installer
2025-11-09T19:57:53.4102574Z warn: It looks like you have an existing rustup settings file at:
2025-11-09T19:57:53.4105007Z warn: /home/jswift/.rustup/settings.toml
2025-11-09T19:57:53.4107495Z warn: Rustup will install the default toolchain as specified in the settings file,
2025-11-09T19:57:53.4110762Z warn: instead of the one inferred from the default host triple.
2025-11-09T19:57:53.4417263Z info: profile set to 'default'
2025-11-09T19:57:53.4418998Z info: default host triple is x86_64-unknown-linux-gnu
2025-11-09T19:57:53.4422051Z info: skipping toolchain installation
2025-11-09T19:57:53.4423120Z 
2025-11-09T19:57:53.4423193Z 
2025-11-09T19:57:53.4423790Z Rust is installed now. Great!
2025-11-09T19:57:53.4424900Z 
2025-11-09T19:57:53.4425770Z To get started you may need to restart your current shell.
2025-11-09T19:57:53.4428060Z This would reload your PATH environment variable to include
2025-11-09T19:57:53.4430225Z Cargo's bin directory ($HOME/.cargo/bin).
2025-11-09T19:57:53.4431399Z 
2025-11-09T19:57:53.4432154Z To configure your current shell, you need to source
2025-11-09T19:57:53.4433775Z the corresponding env file under $HOME/.cargo.
2025-11-09T19:57:53.4435121Z 
2025-11-09T19:57:53.4436230Z This is usually done by running one of the following (note the leading DOT):
2025-11-09T19:57:53.4438936Z . "$HOME/.cargo/env"            # For sh/bash/zsh/ash/dash/pdksh
2025-11-09T19:57:53.4441022Z source "$HOME/.cargo/env.fish"  # For fish
2025-11-09T19:57:53.4444921Z source $"($nu.home-path)/.cargo/env.nu"  # For nushell
2025-11-09T19:57:53.4589386Z ##[group]Run rustup toolchain install 1.88.0 --profile minimal --no-self-update
2025-11-09T19:57:53.4591215Z [36;1mrustup toolchain install 1.88.0 --profile minimal --no-self-update[0m
2025-11-09T19:57:53.4629662Z shell: /usr/bin/bash --noprofile --norc -e -o pipefail {0}
2025-11-09T19:57:53.4630801Z env:
2025-11-09T19:57:53.4631493Z   CARGO_TERM_COLOR: always
2025-11-09T19:57:53.4632360Z   CARGO_HOME: /home/jswift/.cargo
2025-11-09T19:57:53.4633237Z ##[endgroup]
2025-11-09T19:57:53.5563206Z info: syncing channel updates for '1.88.0-x86_64-unknown-linux-gnu'
2025-11-09T19:57:53.5744250Z 
2025-11-09T19:57:53.5874613Z   1.88.0-x86_64-unknown-linux-gnu unchanged - rustc 1.88.0 (6b00bc388 2025-06-23)
2025-11-09T19:57:53.5877436Z 
2025-11-09T19:57:53.5969186Z ##[group]Run rustup default 1.88.0
2025-11-09T19:57:53.5970208Z [36;1mrustup default 1.88.0[0m
2025-11-09T19:57:53.6005612Z shell: /usr/bin/bash --noprofile --norc -e -o pipefail {0}
2025-11-09T19:57:53.6006753Z env:
2025-11-09T19:57:53.6007449Z   CARGO_TERM_COLOR: always
2025-11-09T19:57:53.6008318Z   CARGO_HOME: /home/jswift/.cargo
2025-11-09T19:57:53.6009241Z ##[endgroup]
2025-11-09T19:57:53.6161050Z info: using existing install for '1.88.0-x86_64-unknown-linux-gnu'
2025-11-09T19:57:53.6550377Z info: default toolchain set to '1.88.0-x86_64-unknown-linux-gnu'
2025-11-09T19:57:53.6552442Z 
2025-11-09T19:57:53.6682027Z   1.88.0-x86_64-unknown-linux-gnu unchanged - rustc 1.88.0 (6b00bc388 2025-06-23)
2025-11-09T19:57:53.6687947Z info: note that the toolchain '1.88.0-x86_64-unknown-linux-gnu' is currently in use (overridden by '/home/jswift/actions-runner-org2/_work/bllvm-consensus/bllvm-consensus/rust-toolchain.toml')
2025-11-09T19:57:53.6691713Z 
2025-11-09T19:57:53.6781610Z ##[group]Run : create cachekey
2025-11-09T19:57:53.6782538Z [36;1m: create cachekey[0m
2025-11-09T19:57:53.6784076Z [36;1mDATE=$(rustc +1.88.0 --version --verbose | sed -ne 's/^commit-date: \(20[0-9][0-9]\)-\([01][0-9]\)-\([0-3][0-9]\)$/\1\2\3/p')[0m
2025-11-09T19:57:53.6786461Z [36;1mHASH=$(rustc +1.88.0 --version --verbose | sed -ne 's/^commit-hash: //p')[0m
2025-11-09T19:57:53.6788319Z [36;1mecho "cachekey=$(echo $DATE$HASH | head -c12)" >> $GITHUB_OUTPUT[0m
2025-11-09T19:57:53.6825657Z shell: /usr/bin/bash --noprofile --norc -e -o pipefail {0}
2025-11-09T19:57:53.6826768Z env:
2025-11-09T19:57:53.6827448Z   CARGO_TERM_COLOR: always
2025-11-09T19:57:53.6828313Z   CARGO_HOME: /home/jswift/.cargo
2025-11-09T19:57:53.6829164Z ##[endgroup]
2025-11-09T19:57:53.7419955Z ##[group]Run : disable incremental compilation
2025-11-09T19:57:53.7421090Z [36;1m: disable incremental compilation[0m
2025-11-09T19:57:53.7422183Z [36;1mif [ -z "${CARGO_INCREMENTAL+set}" ]; then[0m
2025-11-09T19:57:53.7423340Z [36;1m  echo CARGO_INCREMENTAL=0 >> $GITHUB_ENV[0m
2025-11-09T19:57:53.7425229Z [36;1mfi[0m
2025-11-09T19:57:53.7465883Z shell: /usr/bin/bash --noprofile --norc -e -o pipefail {0}
2025-11-09T19:57:53.7467020Z env:
2025-11-09T19:57:53.7467699Z   CARGO_TERM_COLOR: always
2025-11-09T19:57:53.7468558Z   CARGO_HOME: /home/jswift/.cargo
2025-11-09T19:57:53.7469437Z ##[endgroup]
2025-11-09T19:57:53.7612591Z ##[group]Run : enable colors in Cargo output
2025-11-09T19:57:53.7613667Z [36;1m: enable colors in Cargo output[0m
2025-11-09T19:57:53.7615082Z [36;1mif [ -z "${CARGO_TERM_COLOR+set}" ]; then[0m
2025-11-09T19:57:53.7616250Z [36;1m  echo CARGO_TERM_COLOR=always >> $GITHUB_ENV[0m
2025-11-09T19:57:53.7617518Z [36;1mfi[0m
2025-11-09T19:57:53.7652292Z shell: /usr/bin/bash --noprofile --norc -e -o pipefail {0}
2025-11-09T19:57:53.7653399Z env:
2025-11-09T19:57:53.7654083Z   CARGO_TERM_COLOR: always
2025-11-09T19:57:53.7655340Z   CARGO_HOME: /home/jswift/.cargo
2025-11-09T19:57:53.7658121Z   CARGO_INCREMENTAL: 0
2025-11-09T19:57:53.7659068Z ##[endgroup]
2025-11-09T19:57:53.7789920Z ##[group]Run : enable Cargo sparse registry
2025-11-09T19:57:53.7790995Z [36;1m: enable Cargo sparse registry[0m
2025-11-09T19:57:53.7792274Z [36;1m# implemented in 1.66, stabilized in 1.68, made default in 1.70[0m
2025-11-09T19:57:53.7796660Z [36;1mif [ -z "${CARGO_REGISTRIES_CRATES_IO_PROTOCOL+set}" -o -f "/home/jswift/actions-runner-org2/_work/_temp"/.implicit_cargo_registries_crates_io_protocol ]; then[0m
2025-11-09T19:57:53.7799258Z [36;1m  if rustc +1.88.0 --version --verbose | grep -q '^release: 1\.6[89]\.'; then[0m
2025-11-09T19:57:53.7801702Z [36;1m    touch "/home/jswift/actions-runner-org2/_work/_temp"/.implicit_cargo_registries_crates_io_protocol || true[0m
2025-11-09T19:57:53.7803856Z [36;1m    echo CARGO_REGISTRIES_CRATES_IO_PROTOCOL=sparse >> $GITHUB_ENV[0m
2025-11-09T19:57:53.7805830Z [36;1m  elif rustc +1.88.0 --version --verbose | grep -q '^release: 1\.6[67]\.'; then[0m
2025-11-09T19:57:53.7808085Z [36;1m    touch "/home/jswift/actions-runner-org2/_work/_temp"/.implicit_cargo_registries_crates_io_protocol || true[0m
2025-11-09T19:57:53.7811814Z [36;1m    echo CARGO_REGISTRIES_CRATES_IO_PROTOCOL=git >> $GITHUB_ENV[0m
2025-11-09T19:57:53.7813014Z [36;1m  fi[0m
2025-11-09T19:57:53.7813692Z [36;1mfi[0m
2025-11-09T19:57:53.7848898Z shell: /usr/bin/bash --noprofile --norc -e -o pipefail {0}
2025-11-09T19:57:53.7850029Z env:
2025-11-09T19:57:53.7850706Z   CARGO_TERM_COLOR: always
2025-11-09T19:57:53.7851566Z   CARGO_HOME: /home/jswift/.cargo
2025-11-09T19:57:53.7852457Z   CARGO_INCREMENTAL: 0
2025-11-09T19:57:53.7853212Z ##[endgroup]
2025-11-09T19:57:53.8486355Z ##[group]Run : work around spurious network errors in curl 8.0
2025-11-09T19:57:53.8487725Z [36;1m: work around spurious network errors in curl 8.0[0m
2025-11-09T19:57:53.8489500Z [36;1m# https://rust-lang.zulipchat.com/#narrow/stream/246057-t-cargo/topic/timeout.20investigation[0m
2025-11-09T19:57:53.8492486Z [36;1mif rustc +1.88.0 --version --verbose | grep -q '^release: 1\.7[01]\.'; then[0m
2025-11-09T19:57:53.8493990Z [36;1m  echo CARGO_HTTP_MULTIPLEXING=false >> $GITHUB_ENV[0m
2025-11-09T19:57:53.8495311Z [36;1mfi[0m
2025-11-09T19:57:53.8532129Z shell: /usr/bin/bash --noprofile --norc -e -o pipefail {0}
2025-11-09T19:57:53.8533252Z env:
2025-11-09T19:57:53.8533925Z   CARGO_TERM_COLOR: always
2025-11-09T19:57:53.8535423Z   CARGO_HOME: /home/jswift/.cargo
2025-11-09T19:57:53.8536340Z   CARGO_INCREMENTAL: 0
2025-11-09T19:57:53.8537108Z ##[endgroup]
2025-11-09T19:57:53.8872838Z ##[group]Run rustc +1.88.0 --version --verbose
2025-11-09T19:57:53.8873935Z [36;1mrustc +1.88.0 --version --verbose[0m
2025-11-09T19:57:53.8911631Z shell: /usr/bin/bash --noprofile --norc -e -o pipefail {0}
2025-11-09T19:57:53.8912740Z env:
2025-11-09T19:57:53.8915666Z   CARGO_TERM_COLOR: always
2025-11-09T19:57:53.8916717Z   CARGO_HOME: /home/jswift/.cargo
2025-11-09T19:57:53.8917613Z   CARGO_INCREMENTAL: 0
2025-11-09T19:57:53.8918400Z ##[endgroup]
2025-11-09T19:57:53.9180969Z rustc 1.88.0 (6b00bc388 2025-06-23)
2025-11-09T19:57:53.9182780Z binary: rustc
2025-11-09T19:57:53.9184492Z commit-hash: 6b00bc3880198600130e1cf62b8f8a93494488cc
2025-11-09T19:57:53.9187896Z commit-date: 2025-06-23
2025-11-09T19:57:53.9189091Z host: x86_64-unknown-linux-gnu
2025-11-09T19:57:53.9190223Z release: 1.88.0
2025-11-09T19:57:53.9191197Z LLVM version: 20.1.5
2025-11-09T19:57:54.1838935Z ##[group]Run actions/cache@v3
2025-11-09T19:57:54.1839833Z with:
2025-11-09T19:57:54.1840515Z   path: ~/.cargo/registry
2025-11-09T19:57:54.1842034Z   key: Linux-cargo-registry-18e22b9087ea3936f6fb608612539f2a5f8a364e25dcf24a4dfbe30fa4fd3c9e
2025-11-09T19:57:54.1843710Z   enableCrossOsArchive: false
2025-11-09T19:57:54.1844848Z   fail-on-cache-miss: false
2025-11-09T19:57:54.1845680Z   lookup-only: false
2025-11-09T19:57:54.1846411Z env:
2025-11-09T19:57:54.1847076Z   CARGO_TERM_COLOR: always
2025-11-09T19:57:54.1847929Z   CARGO_HOME: /home/jswift/.cargo
2025-11-09T19:57:54.1848838Z   CARGO_INCREMENTAL: 0
2025-11-09T19:57:54.1849583Z ##[endgroup]
2025-11-09T19:57:54.5203910Z Cache hit for: Linux-cargo-registry-18e22b9087ea3936f6fb608612539f2a5f8a364e25dcf24a4dfbe30fa4fd3c9e
2025-11-09T19:57:55.6673565Z Received 104857600 of 838783448 (12.5%), 100.0 MBs/sec
2025-11-09T19:57:56.6676516Z Received 255852544 of 838783448 (30.5%), 121.9 MBs/sec
2025-11-09T19:57:57.6795072Z Received 402653184 of 838783448 (48.0%), 127.4 MBs/sec
2025-11-09T19:57:58.6798104Z Received 566231040 of 838783448 (67.5%), 134.6 MBs/sec
2025-11-09T19:57:59.6803591Z Received 742391808 of 838783448 (88.5%), 141.2 MBs/sec
2025-11-09T19:58:00.3133991Z Received 838783448 of 838783448 (100.0%), 141.7 MBs/sec
2025-11-09T19:58:00.3137298Z Cache Size: ~800 MB (838783448 B)
2025-11-09T19:58:00.3192510Z [command]/usr/bin/tar -xf /home/jswift/actions-runner-org2/_work/_temp/2df5c90e-03a1-4864-8131-a25860db9718/cache.tzst -P -C /home/jswift/actions-runner-org2/_work/bllvm-consensus/bllvm-consensus --use-compress-program unzstd
2025-11-09T19:58:08.7118494Z Cache restored successfully
2025-11-09T19:58:08.8332015Z Cache restored from key: Linux-cargo-registry-18e22b9087ea3936f6fb608612539f2a5f8a364e25dcf24a4dfbe30fa4fd3c9e
2025-11-09T19:58:09.1434006Z ##[group]Run actions/cache@v3
2025-11-09T19:58:09.1436559Z with:
2025-11-09T19:58:09.1436796Z   path: ~/.cargo/git
2025-11-09T19:58:09.1437280Z   key: Linux-cargo-index-18e22b9087ea3936f6fb608612539f2a5f8a364e25dcf24a4dfbe30fa4fd3c9e
2025-11-09T19:58:09.1437834Z   enableCrossOsArchive: false
2025-11-09T19:58:09.1438132Z   fail-on-cache-miss: false
2025-11-09T19:58:09.1438392Z   lookup-only: false
2025-11-09T19:58:09.1438615Z env:
2025-11-09T19:58:09.1438817Z   CARGO_TERM_COLOR: always
2025-11-09T19:58:09.1439078Z   CARGO_HOME: /home/jswift/.cargo
2025-11-09T19:58:09.1439358Z   CARGO_INCREMENTAL: 0
2025-11-09T19:58:09.1439584Z ##[endgroup]
2025-11-09T19:58:09.4575183Z Cache not found for input keys: Linux-cargo-index-18e22b9087ea3936f6fb608612539f2a5f8a364e25dcf24a4dfbe30fa4fd3c9e
2025-11-09T19:58:09.7295527Z ##[group]Run actions/cache@v3
2025-11-09T19:58:09.7296148Z with:
2025-11-09T19:58:09.7296540Z   path: target
2025-11-09T19:58:09.7297161Z   key: Linux-cargo-build-target-18e22b9087ea3936f6fb608612539f2a5f8a364e25dcf24a4dfbe30fa4fd3c9e
2025-11-09T19:58:09.7298043Z   enableCrossOsArchive: false
2025-11-09T19:58:09.7298525Z   fail-on-cache-miss: false
2025-11-09T19:58:09.7299015Z   lookup-only: false
2025-11-09T19:58:09.7299407Z env:
2025-11-09T19:58:09.7299778Z   CARGO_TERM_COLOR: always
2025-11-09T19:58:09.7300251Z   CARGO_HOME: /home/jswift/.cargo
2025-11-09T19:58:09.7301352Z   CARGO_INCREMENTAL: 0
2025-11-09T19:58:09.7301783Z ##[endgroup]
2025-11-09T19:58:10.0724243Z Cache hit for: Linux-cargo-build-target-18e22b9087ea3936f6fb608612539f2a5f8a364e25dcf24a4dfbe30fa4fd3c9e
2025-11-09T19:58:10.6851256Z Received 33940857 of 33940857 (100.0%), 64.2 MBs/sec
2025-11-09T19:58:10.6852640Z Cache Size: ~32 MB (33940857 B)
2025-11-09T19:58:10.6890764Z [command]/usr/bin/tar -xf /home/jswift/actions-runner-org2/_work/_temp/853ec37d-ae4c-49a9-afa2-419c84acd933/cache.tzst -P -C /home/jswift/actions-runner-org2/_work/bllvm-consensus/bllvm-consensus --use-compress-program unzstd
2025-11-09T19:58:10.9799736Z Cache restored successfully
2025-11-09T19:58:10.9995530Z Cache restored from key: Linux-cargo-build-target-18e22b9087ea3936f6fb608612539f2a5f8a364e25dcf24a4dfbe30fa4fd3c9e
2025-11-09T19:58:11.0174941Z ##[group]Run cargo doc --no-deps
2025-11-09T19:58:11.0175483Z [36;1mcargo doc --no-deps[0m
2025-11-09T19:58:11.0211034Z shell: /usr/bin/bash -e {0}
2025-11-09T19:58:11.0211451Z env:
2025-11-09T19:58:11.0211802Z   CARGO_TERM_COLOR: always
2025-11-09T19:58:11.0212223Z   CARGO_HOME: /home/jswift/.cargo
2025-11-09T19:58:11.0212828Z   CARGO_INCREMENTAL: 0
2025-11-09T19:58:11.0213214Z ##[endgroup]
2025-11-09T19:58:11.1971784Z [1m[32m Documenting[0m bllvm-consensus v0.1.0 (/home/jswift/actions-runner-org2/_work/bllvm-consensus/bllvm-consensus)
2025-11-09T19:58:11.3024944Z [0m[1m[38;5;9merror[E0432][0m[0m[1m: unresolved import `crate::crypto`[0m
2025-11-09T19:58:11.3025790Z [0m   [0m[0m[1m[38;5;12m--> [0m[0msrc/block.rs:914:16[0m
2025-11-09T19:58:11.3026341Z [0m    [0m[0m[1m[38;5;12m|[0m
2025-11-09T19:58:11.3027157Z [0m[1m[38;5;12m914[0m[0m [0m[0m[1m[38;5;12m|[0m[0m [0m[0m    use crate::crypto::OptimizedSha256;[0m
2025-11-09T19:58:11.3028279Z [0m    [0m[0m[1m[38;5;12m|[0m[0m                [0m[0m[1m[38;5;9m^^^^^^[0m[0m [0m[0m[1m[38;5;9mcould not find `crypto` in the crate root[0m
2025-11-09T19:58:11.3028794Z 
2025-11-09T19:58:11.3030403Z [0m[1m[38;5;9merror[E0432][0m[0m[1m: unresolved import `crate::crypto`[0m
2025-11-09T19:58:11.3031307Z [0m   [0m[0m[1m[38;5;12m--> [0m[0msrc/mining.rs:447:16[0m
2025-11-09T19:58:11.3031845Z [0m    [0m[0m[1m[38;5;12m|[0m
2025-11-09T19:58:11.3032469Z [0m[1m[38;5;12m447[0m[0m [0m[0m[1m[38;5;12m|[0m[0m [0m[0m    use crate::crypto::OptimizedSha256;[0m
2025-11-09T19:58:11.3033249Z [0m    [0m[0m[1m[38;5;12m|[0m[0m                [0m[0m[1m[38;5;9m^^^^^^[0m[0m [0m[0m[1m[38;5;9mcould not find `crypto` in the crate root[0m
2025-11-09T19:58:11.3033633Z 
2025-11-09T19:58:11.3743758Z [0m[1mFor more information about this error, try `rustc --explain E0432`.[0m
2025-11-09T19:58:11.3831454Z [1m[31merror[0m[1m:[0m could not document `bllvm-consensus`
2025-11-09T19:58:11.3937504Z ##[error]Process completed with exit code 101.
2025-11-09T19:58:11.4049748Z Post job cleanup.
2025-11-09T19:58:11.5259566Z [command]/usr/bin/git version
2025-11-09T19:58:11.5312138Z git version 2.43.0
2025-11-09T19:58:11.5363015Z Copying '/home/jswift/.gitconfig' to '/home/jswift/actions-runner-org2/_work/_temp/591b8c5b-d293-43df-81bc-cf9ac0a36cc1/.gitconfig'
2025-11-09T19:58:11.5375348Z Temporarily overriding HOME='/home/jswift/actions-runner-org2/_work/_temp/591b8c5b-d293-43df-81bc-cf9ac0a36cc1' before making global git config changes
2025-11-09T19:58:11.5377094Z Adding repository directory to the temporary git global config as a safe directory
2025-11-09T19:58:11.5382832Z [command]/usr/bin/git config --global --add safe.directory /home/jswift/actions-runner-org2/_work/bllvm-consensus/bllvm-consensus
2025-11-09T19:58:11.5440842Z [command]/usr/bin/git config --local --name-only --get-regexp core\.sshCommand
2025-11-09T19:58:11.5488194Z [command]/usr/bin/git submodule foreach --recursive sh -c "git config --local --name-only --get-regexp 'core\.sshCommand' && git config --local --unset-all 'core.sshCommand' || :"
2025-11-09T19:58:11.5782693Z [command]/usr/bin/git config --local --name-only --get-regexp http\.https\:\/\/github\.com\/\.extraheader
2025-11-09T19:58:11.5810187Z http.https://github.com/.extraheader
2025-11-09T19:58:11.5825522Z [command]/usr/bin/git config --local --unset-all http.https://github.com/.extraheader
2025-11-09T19:58:11.5867990Z [command]/usr/bin/git submodule foreach --recursive sh -c "git config --local --name-only --get-regexp 'http\.https\:\/\/github\.com\/\.extraheader' && git config --local --unset-all 'http.https://github.com/.extraheader' || :"
2025-11-09T19:58:11.6265414Z A job completed hook has been configured by the self-hosted runner administrator
2025-11-09T19:58:11.6308411Z ##[group]Run '/home/jswift/actions-runner-org2/cleanup-hooks/job-completed.sh'
2025-11-09T19:58:11.6335061Z shell: /usr/bin/bash --noprofile --norc -e -o pipefail {0}
2025-11-09T19:58:11.6335449Z ##[endgroup]
2025-11-09T19:58:11.6407705Z Job completed: Sun Nov  9 07:58:11 PM UTC 2025
2025-11-09T19:58:11.6444753Z Available disk space: 11G
2025-11-09T19:58:11.6445256Z Cleaning up after job completion...
2025-11-09T19:58:11.7373842Z Cleanup completed. Available disk space: 11G
2025-11-09T19:58:11.7432414Z Cleaning up orphan processes
