2025-11-09T23:42:19.3646022Z Current runner version: '2.329.0'
2025-11-09T23:42:19.3652484Z Runner name: 'linode-runner-02'
2025-11-09T23:42:19.3653308Z Runner group name: 'default'
2025-11-09T23:42:19.3654146Z Machine name: 'localhost'
2025-11-09T23:42:19.3657455Z ##[group]GITHUB_TOKEN Permissions
2025-11-09T23:42:19.3659919Z Contents: read
2025-11-09T23:42:19.3660587Z Metadata: read
2025-11-09T23:42:19.3662977Z Packages: read
2025-11-09T23:42:19.3663687Z ##[endgroup]
2025-11-09T23:42:19.3667067Z Secret source: Actions
2025-11-09T23:42:19.3668059Z Prepare workflow directory
2025-11-09T23:42:19.4329702Z Prepare all required actions
2025-11-09T23:42:19.4374755Z Getting action download info
2025-11-09T23:42:19.7927829Z Download action repository 'actions/checkout@v4' (SHA:08eba0b27e820071cde6df949e0beb9ba4906955)
2025-11-09T23:42:20.1765392Z Download action repository 'dtolnay/rust-toolchain@master' (SHA:6d653acede28d24f02e3cd41383119e8b1b35921)
2025-11-09T23:42:20.5060460Z Download action repository 'actions/cache@v3' (SHA:6f8efc29b200d32929f49075959781ed54ec270c)
2025-11-09T23:42:21.0096686Z Download action repository 'codecov/codecov-action@v3' (SHA:ab904c41d6ece82784817410c45d8b8c02684457)
2025-11-09T23:42:21.6090670Z Complete job name: Test
2025-11-09T23:42:21.6838560Z A job started hook has been configured by the self-hosted runner administrator
2025-11-09T23:42:21.7030582Z ##[group]Run '/home/jswift/actions-runner-org2/cleanup-hooks/job-started.sh'
2025-11-09T23:42:21.7068785Z shell: /usr/bin/bash --noprofile --norc -e -o pipefail {0}
2025-11-09T23:42:21.7070384Z ##[endgroup]
2025-11-09T23:42:21.7271040Z Job started: Sun Nov  9 11:42:21 PM UTC 2025
2025-11-09T23:42:21.7292208Z Available disk space: 12G
2025-11-09T23:42:21.7328916Z Disk usage is 77% - no cleanup needed
2025-11-09T23:42:21.7649338Z ##[group]Run actions/checkout@v4
2025-11-09T23:42:21.7650369Z with:
2025-11-09T23:42:21.7651154Z   repository: BTCDecoded/bllvm-node
2025-11-09T23:42:21.7652433Z   token: ***
2025-11-09T23:42:21.7653182Z   ssh-strict: true
2025-11-09T23:42:21.7653999Z   ssh-user: git
2025-11-09T23:42:21.7655018Z   persist-credentials: true
2025-11-09T23:42:21.7655920Z   clean: true
2025-11-09T23:42:21.7656734Z   sparse-checkout-cone-mode: true
2025-11-09T23:42:21.7658059Z   fetch-depth: 1
2025-11-09T23:42:21.7658852Z   fetch-tags: false
2025-11-09T23:42:21.7659659Z   show-progress: true
2025-11-09T23:42:21.7660471Z   lfs: false
2025-11-09T23:42:21.7661207Z   submodules: false
2025-11-09T23:42:21.7662022Z   set-safe-directory: true
2025-11-09T23:42:21.7662861Z env:
2025-11-09T23:42:21.7663859Z   CARGO_TERM_COLOR: always
2025-11-09T23:42:21.7664893Z ##[endgroup]
2025-11-09T23:42:21.8968917Z Syncing repository: BTCDecoded/bllvm-node
2025-11-09T23:42:21.8972814Z ##[group]Getting Git version info
2025-11-09T23:42:21.8975657Z Working directory is '/home/jswift/actions-runner-org2/_work/bllvm-node/bllvm-node'
2025-11-09T23:42:21.8979226Z [command]/usr/bin/git version
2025-11-09T23:42:21.8980971Z git version 2.43.0
2025-11-09T23:42:21.9012567Z ##[endgroup]
2025-11-09T23:42:21.9025559Z Copying '/home/jswift/.gitconfig' to '/home/jswift/actions-runner-org2/_work/_temp/9e46155b-3c9c-4c1b-b713-1acedac551ab/.gitconfig'
2025-11-09T23:42:21.9038246Z Temporarily overriding HOME='/home/jswift/actions-runner-org2/_work/_temp/9e46155b-3c9c-4c1b-b713-1acedac551ab' before making global git config changes
2025-11-09T23:42:21.9043163Z Adding repository directory to the temporary git global config as a safe directory
2025-11-09T23:42:21.9056124Z [command]/usr/bin/git config --global --add safe.directory /home/jswift/actions-runner-org2/_work/bllvm-node/bllvm-node
2025-11-09T23:42:21.9108785Z [command]/usr/bin/git config --local --get remote.origin.url
2025-11-09T23:42:21.9159674Z https://github.com/BTCDecoded/bllvm-node
2025-11-09T23:42:21.9164774Z ##[group]Removing previously created refs, to avoid conflicts
2025-11-09T23:42:21.9166548Z [command]/usr/bin/git rev-parse --symbolic-full-name --verify --quiet HEAD
2025-11-09T23:42:21.9181768Z refs/heads/main
2025-11-09T23:42:21.9193620Z [command]/usr/bin/git checkout --detach
2025-11-09T23:42:21.9282760Z HEAD is now at 7454b9d chore: Add trailing newlines to test files
2025-11-09T23:42:21.9339003Z [command]/usr/bin/git branch --delete --force main
2025-11-09T23:42:21.9373982Z Deleted branch main (was 7454b9d).
2025-11-09T23:42:21.9429733Z ##[endgroup]
2025-11-09T23:42:21.9431380Z [command]/usr/bin/git submodule status
2025-11-09T23:42:21.9710016Z ##[group]Cleaning the repository
2025-11-09T23:42:21.9713287Z [command]/usr/bin/git clean -ffdx
2025-11-09T23:42:21.9794483Z [command]/usr/bin/git reset --hard HEAD
2025-11-09T23:42:21.9899119Z HEAD is now at 7454b9d chore: Add trailing newlines to test files
2025-11-09T23:42:21.9907135Z ##[endgroup]
2025-11-09T23:42:21.9909007Z ##[group]Disabling automatic garbage collection
2025-11-09T23:42:21.9910968Z [command]/usr/bin/git config --local gc.auto 0
2025-11-09T23:42:21.9949652Z ##[endgroup]
2025-11-09T23:42:21.9952000Z ##[group]Setting up auth
2025-11-09T23:42:21.9955981Z [command]/usr/bin/git config --local --name-only --get-regexp core\.sshCommand
2025-11-09T23:42:21.9990611Z [command]/usr/bin/git submodule foreach --recursive sh -c "git config --local --name-only --get-regexp 'core\.sshCommand' && git config --local --unset-all 'core.sshCommand' || :"
2025-11-09T23:42:22.0278037Z [command]/usr/bin/git config --local --name-only --get-regexp http\.https\:\/\/github\.com\/\.extraheader
2025-11-09T23:42:22.0314175Z [command]/usr/bin/git submodule foreach --recursive sh -c "git config --local --name-only --get-regexp 'http\.https\:\/\/github\.com\/\.extraheader' && git config --local --unset-all 'http.https://github.com/.extraheader' || :"
2025-11-09T23:42:22.0591561Z [command]/usr/bin/git config --local http.https://github.com/.extraheader AUTHORIZATION: basic ***
2025-11-09T23:42:22.0638697Z ##[endgroup]
2025-11-09T23:42:22.0640377Z ##[group]Fetching the repository
2025-11-09T23:42:22.0648453Z [command]/usr/bin/git -c protocol.version=2 fetch --no-tags --prune --no-recurse-submodules --depth=1 origin +59f97d736ed79bcffc2396622927997c743a87ed:refs/remotes/origin/main
2025-11-09T23:42:22.2799547Z From https://github.com/BTCDecoded/bllvm-node
2025-11-09T23:42:22.2803397Z  + 7454b9d...59f97d7 59f97d736ed79bcffc2396622927997c743a87ed -> origin/main  (forced update)
2025-11-09T23:42:22.2834974Z ##[endgroup]
2025-11-09T23:42:22.2836535Z ##[group]Determining the checkout info
2025-11-09T23:42:22.2838592Z ##[endgroup]
2025-11-09T23:42:22.2845577Z [command]/usr/bin/git sparse-checkout disable
2025-11-09T23:42:22.2911147Z [command]/usr/bin/git config --local --unset-all extensions.worktreeConfig
2025-11-09T23:42:22.2948025Z ##[group]Checking out the ref
2025-11-09T23:42:22.2953236Z [command]/usr/bin/git checkout --progress --force -B main refs/remotes/origin/main
2025-11-09T23:42:22.3050150Z Warning: you are leaving 1 commit behind, not connected to
2025-11-09T23:42:22.3052807Z any of your branches:
2025-11-09T23:42:22.3056209Z 
2025-11-09T23:42:22.3057277Z   7454b9d chore: Add trailing newlines to test files
2025-11-09T23:42:22.3058795Z 
2025-11-09T23:42:22.3059966Z If you want to keep it by creating a new branch, this may be a good time
2025-11-09T23:42:22.3064144Z to do so with:
2025-11-09T23:42:22.3065264Z 
2025-11-09T23:42:22.3065990Z  git branch <new-branch-name> 7454b9d
2025-11-09T23:42:22.3067241Z 
2025-11-09T23:42:22.3069977Z Switched to a new branch 'main'
2025-11-09T23:42:22.3073739Z branch 'main' set up to track 'origin/main'.
2025-11-09T23:42:22.3079912Z ##[endgroup]
2025-11-09T23:42:22.3121960Z [command]/usr/bin/git log -1 --format=%H
2025-11-09T23:42:22.3151576Z 59f97d736ed79bcffc2396622927997c743a87ed
2025-11-09T23:42:22.3450637Z ##[group]Run actions/checkout@v4
2025-11-09T23:42:22.3451600Z with:
2025-11-09T23:42:22.3452360Z   repository: BTCDecoded/bllvm-protocol
2025-11-09T23:42:22.3453409Z   path: _temp-protocol-engine
2025-11-09T23:42:22.3454710Z   token: ***
2025-11-09T23:42:22.3455461Z   ssh-strict: true
2025-11-09T23:42:22.3456239Z   ssh-user: git
2025-11-09T23:42:22.3457028Z   persist-credentials: true
2025-11-09T23:42:22.3458142Z   clean: true
2025-11-09T23:42:22.3458935Z   sparse-checkout-cone-mode: true
2025-11-09T23:42:22.3459882Z   fetch-depth: 1
2025-11-09T23:42:22.3460658Z   fetch-tags: false
2025-11-09T23:42:22.3463743Z   show-progress: true
2025-11-09T23:42:22.3464716Z   lfs: false
2025-11-09T23:42:22.3465453Z   submodules: false
2025-11-09T23:42:22.3466263Z   set-safe-directory: true
2025-11-09T23:42:22.3467108Z env:
2025-11-09T23:42:22.3467835Z   CARGO_TERM_COLOR: always
2025-11-09T23:42:22.3468683Z ##[endgroup]
2025-11-09T23:42:22.4659715Z Syncing repository: BTCDecoded/bllvm-protocol
2025-11-09T23:42:22.4669015Z ##[group]Getting Git version info
2025-11-09T23:42:22.4670901Z Working directory is '/home/jswift/actions-runner-org2/_work/bllvm-node/bllvm-node/_temp-protocol-engine'
2025-11-09T23:42:22.4721171Z [command]/usr/bin/git version
2025-11-09T23:42:22.4769639Z git version 2.43.0
2025-11-09T23:42:22.4799232Z ##[endgroup]
2025-11-09T23:42:22.4823398Z Copying '/home/jswift/.gitconfig' to '/home/jswift/actions-runner-org2/_work/_temp/1969dded-4da2-47b6-9978-1a2e5bb5530c/.gitconfig'
2025-11-09T23:42:22.4827605Z Temporarily overriding HOME='/home/jswift/actions-runner-org2/_work/_temp/1969dded-4da2-47b6-9978-1a2e5bb5530c' before making global git config changes
2025-11-09T23:42:22.4832718Z Adding repository directory to the temporary git global config as a safe directory
2025-11-09T23:42:22.4840455Z [command]/usr/bin/git config --global --add safe.directory /home/jswift/actions-runner-org2/_work/bllvm-node/bllvm-node/_temp-protocol-engine
2025-11-09T23:42:22.4881979Z ##[group]Initializing the repository
2025-11-09T23:42:22.4888525Z [command]/usr/bin/git init /home/jswift/actions-runner-org2/_work/bllvm-node/bllvm-node/_temp-protocol-engine
2025-11-09T23:42:22.4936915Z Initialized empty Git repository in /home/jswift/actions-runner-org2/_work/bllvm-node/bllvm-node/_temp-protocol-engine/.git/
2025-11-09T23:42:22.4946613Z [command]/usr/bin/git remote add origin https://github.com/BTCDecoded/bllvm-protocol
2025-11-09T23:42:22.4984947Z ##[endgroup]
2025-11-09T23:42:22.4987028Z ##[group]Disabling automatic garbage collection
2025-11-09T23:42:22.4988803Z [command]/usr/bin/git config --local gc.auto 0
2025-11-09T23:42:22.5028275Z ##[endgroup]
2025-11-09T23:42:22.5029648Z ##[group]Setting up auth
2025-11-09T23:42:22.5035114Z [command]/usr/bin/git config --local --name-only --get-regexp core\.sshCommand
2025-11-09T23:42:22.5076420Z [command]/usr/bin/git submodule foreach --recursive sh -c "git config --local --name-only --get-regexp 'core\.sshCommand' && git config --local --unset-all 'core.sshCommand' || :"
2025-11-09T23:42:22.5357099Z [command]/usr/bin/git config --local --name-only --get-regexp http\.https\:\/\/github\.com\/\.extraheader
2025-11-09T23:42:22.5392998Z [command]/usr/bin/git submodule foreach --recursive sh -c "git config --local --name-only --get-regexp 'http\.https\:\/\/github\.com\/\.extraheader' && git config --local --unset-all 'http.https://github.com/.extraheader' || :"
2025-11-09T23:42:22.5700108Z [command]/usr/bin/git config --local http.https://github.com/.extraheader AUTHORIZATION: basic ***
2025-11-09T23:42:22.5747509Z ##[endgroup]
2025-11-09T23:42:22.5749943Z ##[group]Determining the default branch
2025-11-09T23:42:22.5752456Z Retrieving the default branch name
2025-11-09T23:42:22.8656915Z Default branch 'main'
2025-11-09T23:42:22.8661084Z ##[endgroup]
2025-11-09T23:42:22.8664103Z ##[group]Fetching the repository
2025-11-09T23:42:22.8668074Z [command]/usr/bin/git -c protocol.version=2 fetch --no-tags --prune --no-recurse-submodules --depth=1 origin +refs/heads/main:refs/remotes/origin/main
2025-11-09T23:42:25.1686575Z From https://github.com/BTCDecoded/bllvm-protocol
2025-11-09T23:42:25.1687173Z  * [new branch]      main       -> origin/main
2025-11-09T23:42:25.1712237Z ##[endgroup]
2025-11-09T23:42:25.1713348Z ##[group]Determining the checkout info
2025-11-09T23:42:25.1715115Z ##[endgroup]
2025-11-09T23:42:25.1720424Z [command]/usr/bin/git sparse-checkout disable
2025-11-09T23:42:25.1768093Z [command]/usr/bin/git config --local --unset-all extensions.worktreeConfig
2025-11-09T23:42:25.1811996Z ##[group]Checking out the ref
2025-11-09T23:42:25.1812523Z [command]/usr/bin/git checkout --progress --force -B main refs/remotes/origin/main
2025-11-09T23:42:25.8280976Z Reset branch 'main'
2025-11-09T23:42:25.8282024Z branch 'main' set up to track 'origin/main'.
2025-11-09T23:42:25.8343250Z ##[endgroup]
2025-11-09T23:42:25.8393487Z [command]/usr/bin/git log -1 --format=%H
2025-11-09T23:42:25.8431930Z f5f0b046e78292228238657d2073c8b6558f8ab4
2025-11-09T23:42:25.8613985Z ##[group]Run if [ -d "../bllvm-protocol" ]; then rm -rf ../bllvm-protocol; fi
2025-11-09T23:42:25.8615223Z [36;1mif [ -d "../bllvm-protocol" ]; then rm -rf ../bllvm-protocol; fi[0m
2025-11-09T23:42:25.8616389Z [36;1mmv _temp-protocol-engine ../bllvm-protocol[0m
2025-11-09T23:42:25.8645261Z shell: /usr/bin/bash -e {0}
2025-11-09T23:42:25.8645536Z env:
2025-11-09T23:42:25.8645738Z   CARGO_TERM_COLOR: always
2025-11-09T23:42:25.8646002Z ##[endgroup]
2025-11-09T23:42:25.8882841Z ##[group]Run dtolnay/rust-toolchain@master
2025-11-09T23:42:25.8883174Z with:
2025-11-09T23:42:25.8883362Z   toolchain: 1.88.0
2025-11-09T23:42:25.8883559Z env:
2025-11-09T23:42:25.8883741Z   CARGO_TERM_COLOR: always
2025-11-09T23:42:25.8883959Z ##[endgroup]
2025-11-09T23:42:25.8999792Z ##[group]Run : parse toolchain version
2025-11-09T23:42:25.9000126Z [36;1m: parse toolchain version[0m
2025-11-09T23:42:25.9000419Z [36;1mif [[ -z $toolchain ]]; then[0m
2025-11-09T23:42:25.9002844Z [36;1m  # GitHub does not enforce `required: true` inputs itself. https://github.com/actions/runner/issues/1070[0m
2025-11-09T23:42:25.9003360Z [36;1m  echo "'toolchain' is a required input" >&2[0m
2025-11-09T23:42:25.9003658Z [36;1m  exit 1[0m
2025-11-09T23:42:25.9003965Z [36;1melif [[ $toolchain =~ ^stable' '[0-9]+' '(year|month|week|day)s?' 'ago$ ]]; then[0m
2025-11-09T23:42:25.9004561Z [36;1m  if [[ Linux == macOS ]]; then[0m
2025-11-09T23:42:25.9005093Z [36;1m    echo "toolchain=1.$((($(date -v-$(sed 's/stable \([0-9]*\) \(.\).*/\1\2/' <<< $toolchain) +%s)/60/60/24-16569)/7/6))" >> $GITHUB_OUTPUT[0m
2025-11-09T23:42:25.9005748Z [36;1m  else[0m
2025-11-09T23:42:25.9006141Z [36;1m    echo "toolchain=1.$((($(date --date "${toolchain#stable }" +%s)/60/60/24-16569)/7/6))" >> $GITHUB_OUTPUT[0m
2025-11-09T23:42:25.9006552Z [36;1m  fi[0m
2025-11-09T23:42:25.9006841Z [36;1melif [[ $toolchain =~ ^stable' 'minus' '[0-9]+' 'releases?$ ]]; then[0m
2025-11-09T23:42:25.9007328Z [36;1m  echo "toolchain=1.$((($(date +%s)/60/60/24-16569)/7/6-${toolchain//[^0-9]/}))" >> $GITHUB_OUTPUT[0m
2025-11-09T23:42:25.9007754Z [36;1melif [[ $toolchain =~ ^1\.[0-9]+$ ]]; then[0m
2025-11-09T23:42:25.9008224Z [36;1m  echo "toolchain=1.$((i=${toolchain#1.}, c=($(date +%s)/60/60/24-16569)/7/6, i+9*i*(10*i<=c)+90*i*(100*i<=c)))" >> $GITHUB_OUTPUT[0m
2025-11-09T23:42:25.9008658Z [36;1melse[0m
2025-11-09T23:42:25.9008896Z [36;1m  echo "toolchain=$toolchain" >> $GITHUB_OUTPUT[0m
2025-11-09T23:42:25.9009182Z [36;1mfi[0m
2025-11-09T23:42:25.9040212Z shell: /usr/bin/bash --noprofile --norc -e -o pipefail {0}
2025-11-09T23:42:25.9040566Z env:
2025-11-09T23:42:25.9040750Z   CARGO_TERM_COLOR: always
2025-11-09T23:42:25.9040979Z   toolchain: 1.88.0
2025-11-09T23:42:25.9041170Z ##[endgroup]
2025-11-09T23:42:25.9174515Z ##[group]Run : construct rustup command line
2025-11-09T23:42:25.9174905Z [36;1m: construct rustup command line[0m
2025-11-09T23:42:25.9175335Z [36;1mecho "targets=$(for t in ${targets//,/ }; do echo -n ' --target' $t; done)" >> $GITHUB_OUTPUT[0m
2025-11-09T23:42:25.9175914Z [36;1mecho "components=$(for c in ${components//,/ }; do echo -n ' --component' $c; done)" >> $GITHUB_OUTPUT[0m
2025-11-09T23:42:25.9176360Z [36;1mecho "downgrade=" >> $GITHUB_OUTPUT[0m
2025-11-09T23:42:25.9204050Z shell: /usr/bin/bash --noprofile --norc -e -o pipefail {0}
2025-11-09T23:42:25.9204636Z env:
2025-11-09T23:42:25.9204834Z   CARGO_TERM_COLOR: always
2025-11-09T23:42:25.9205053Z   targets: 
2025-11-09T23:42:25.9205460Z   components: 
2025-11-09T23:42:25.9205645Z ##[endgroup]
2025-11-09T23:42:25.9308058Z ##[group]Run : set $CARGO_HOME
2025-11-09T23:42:25.9308343Z [36;1m: set $CARGO_HOME[0m
2025-11-09T23:42:25.9308689Z [36;1mecho CARGO_HOME=${CARGO_HOME:-"$HOME/.cargo"} >> $GITHUB_ENV[0m
2025-11-09T23:42:25.9349423Z shell: /usr/bin/bash --noprofile --norc -e -o pipefail {0}
2025-11-09T23:42:25.9349768Z env:
2025-11-09T23:42:25.9349964Z   CARGO_TERM_COLOR: always
2025-11-09T23:42:25.9350190Z ##[endgroup]
2025-11-09T23:42:25.9444675Z ##[group]Run : install rustup if needed
2025-11-09T23:42:25.9445015Z [36;1m: install rustup if needed[0m
2025-11-09T23:42:25.9445307Z [36;1mif ! command -v rustup &>/dev/null; then[0m
2025-11-09T23:42:25.9512547Z [36;1m  curl --proto '=https' --tlsv1.2 --retry 10 --retry-connrefused --location --silent --show-error --fail https://sh.rustup.rs | sh -s -- --default-toolchain none -y[0m
2025-11-09T23:42:25.9516549Z [36;1m  echo "$CARGO_HOME/bin" >> $GITHUB_PATH[0m
2025-11-09T23:42:25.9517248Z [36;1mfi[0m
2025-11-09T23:42:25.9550188Z shell: /usr/bin/bash --noprofile --norc -e -o pipefail {0}
2025-11-09T23:42:25.9550666Z env:
2025-11-09T23:42:25.9550960Z   CARGO_TERM_COLOR: always
2025-11-09T23:42:25.9551275Z   CARGO_HOME: /home/jswift/.cargo
2025-11-09T23:42:25.9551660Z ##[endgroup]
2025-11-09T23:42:26.0671100Z info: downloading installer
2025-11-09T23:42:26.3315958Z warn: It looks like you have an existing rustup settings file at:
2025-11-09T23:42:26.3316801Z warn: /home/jswift/.rustup/settings.toml
2025-11-09T23:42:26.3317424Z warn: Rustup will install the default toolchain as specified in the settings file,
2025-11-09T23:42:26.3318085Z warn: instead of the one inferred from the default host triple.
2025-11-09T23:42:26.3673935Z info: profile set to 'default'
2025-11-09T23:42:26.3674561Z 
2025-11-09T23:42:26.3674571Z 
2025-11-09T23:42:26.3674759Z Rust is installed now. Great!
2025-11-09T23:42:26.3675119Z 
2025-11-09T23:42:26.3675436Z To get started you may need to restart your current shell.
2025-11-09T23:42:26.3676127Z This would reload your PATH environment variable to include
2025-11-09T23:42:26.3676936Z Cargo's bin directory ($HOME/.cargo/bin).
2025-11-09T23:42:26.3677326Z 
2025-11-09T23:42:26.3677564Z To configure your current shell, you need to source
2025-11-09T23:42:26.3691302Z info: default host triple is x86_64-unknown-linux-gnu
2025-11-09T23:42:26.3692132Z info: skipping toolchain installation
2025-11-09T23:42:26.3692482Z the corresponding env file under $HOME/.cargo.
2025-11-09T23:42:26.3692717Z 
2025-11-09T23:42:26.3692924Z This is usually done by running one of the following (note the leading DOT):
2025-11-09T23:42:26.3693415Z . "$HOME/.cargo/env"            # For sh/bash/zsh/ash/dash/pdksh
2025-11-09T23:42:26.3693780Z source "$HOME/.cargo/env.fish"  # For fish
2025-11-09T23:42:26.3694125Z source $"($nu.home-path)/.cargo/env.nu"  # For nushell
2025-11-09T23:42:26.3839076Z ##[group]Run rustup toolchain install 1.88.0 --profile minimal --no-self-update
2025-11-09T23:42:26.3839671Z [36;1mrustup toolchain install 1.88.0 --profile minimal --no-self-update[0m
2025-11-09T23:42:26.3869687Z shell: /usr/bin/bash --noprofile --norc -e -o pipefail {0}
2025-11-09T23:42:26.3870026Z env:
2025-11-09T23:42:26.3870219Z   CARGO_TERM_COLOR: always
2025-11-09T23:42:26.3870458Z   CARGO_HOME: /home/jswift/.cargo
2025-11-09T23:42:26.3870697Z ##[endgroup]
2025-11-09T23:42:26.4756269Z info: syncing channel updates for '1.88.0-x86_64-unknown-linux-gnu'
2025-11-09T23:42:26.4931099Z 
2025-11-09T23:42:26.5056841Z   1.88.0-x86_64-unknown-linux-gnu unchanged - rustc 1.88.0 (6b00bc388 2025-06-23)
2025-11-09T23:42:26.5057375Z 
2025-11-09T23:42:26.5116430Z ##[group]Run rustup default 1.88.0
2025-11-09T23:42:26.5116760Z [36;1mrustup default 1.88.0[0m
2025-11-09T23:42:26.5145004Z shell: /usr/bin/bash --noprofile --norc -e -o pipefail {0}
2025-11-09T23:42:26.5145372Z env:
2025-11-09T23:42:26.5145581Z   CARGO_TERM_COLOR: always
2025-11-09T23:42:26.5145837Z   CARGO_HOME: /home/jswift/.cargo
2025-11-09T23:42:26.5146332Z ##[endgroup]
2025-11-09T23:42:26.5274617Z info: using existing install for '1.88.0-x86_64-unknown-linux-gnu'
2025-11-09T23:42:26.5661276Z info: default toolchain set to '1.88.0-x86_64-unknown-linux-gnu'
2025-11-09T23:42:26.5663712Z 
2025-11-09T23:42:26.5787580Z   1.88.0-x86_64-unknown-linux-gnu unchanged - rustc 1.88.0 (6b00bc388 2025-06-23)
2025-11-09T23:42:26.5788325Z 
2025-11-09T23:42:26.5790354Z info: note that the toolchain '1.88.0-x86_64-unknown-linux-gnu' is currently in use (overridden by '/home/jswift/actions-runner-org2/_work/bllvm-node/bllvm-node/rust-toolchain.toml')
2025-11-09T23:42:26.5845102Z ##[group]Run : create cachekey
2025-11-09T23:42:26.5845407Z [36;1m: create cachekey[0m
2025-11-09T23:42:26.5845898Z [36;1mDATE=$(rustc +1.88.0 --version --verbose | sed -ne 's/^commit-date: \(20[0-9][0-9]\)-\([01][0-9]\)-\([0-3][0-9]\)$/\1\2\3/p')[0m
2025-11-09T23:42:26.5846549Z [36;1mHASH=$(rustc +1.88.0 --version --verbose | sed -ne 's/^commit-hash: //p')[0m
2025-11-09T23:42:26.5847265Z [36;1mecho "cachekey=$(echo $DATE$HASH | head -c12)" >> $GITHUB_OUTPUT[0m
2025-11-09T23:42:26.5879466Z shell: /usr/bin/bash --noprofile --norc -e -o pipefail {0}
2025-11-09T23:42:26.5879808Z env:
2025-11-09T23:42:26.5880001Z   CARGO_TERM_COLOR: always
2025-11-09T23:42:26.5880248Z   CARGO_HOME: /home/jswift/.cargo
2025-11-09T23:42:26.5880492Z ##[endgroup]
2025-11-09T23:42:26.6398345Z ##[group]Run : disable incremental compilation
2025-11-09T23:42:26.6398754Z [36;1m: disable incremental compilation[0m
2025-11-09T23:42:26.6399117Z [36;1mif [ -z "${CARGO_INCREMENTAL+set}" ]; then[0m
2025-11-09T23:42:26.6399493Z [36;1m  echo CARGO_INCREMENTAL=0 >> $GITHUB_ENV[0m
2025-11-09T23:42:26.6399812Z [36;1mfi[0m
2025-11-09T23:42:26.6433066Z shell: /usr/bin/bash --noprofile --norc -e -o pipefail {0}
2025-11-09T23:42:26.6433439Z env:
2025-11-09T23:42:26.6433640Z   CARGO_TERM_COLOR: always
2025-11-09T23:42:26.6433913Z   CARGO_HOME: /home/jswift/.cargo
2025-11-09T23:42:26.6434182Z ##[endgroup]
2025-11-09T23:42:26.6511598Z ##[group]Run : enable colors in Cargo output
2025-11-09T23:42:26.6511919Z [36;1m: enable colors in Cargo output[0m
2025-11-09T23:42:26.6512208Z [36;1mif [ -z "${CARGO_TERM_COLOR+set}" ]; then[0m
2025-11-09T23:42:26.6512533Z [36;1m  echo CARGO_TERM_COLOR=always >> $GITHUB_ENV[0m
2025-11-09T23:42:26.6512811Z [36;1mfi[0m
2025-11-09T23:42:26.6541581Z shell: /usr/bin/bash --noprofile --norc -e -o pipefail {0}
2025-11-09T23:42:26.6541941Z env:
2025-11-09T23:42:26.6542431Z   CARGO_TERM_COLOR: always
2025-11-09T23:42:26.6542692Z   CARGO_HOME: /home/jswift/.cargo
2025-11-09T23:42:26.6542961Z   CARGO_INCREMENTAL: 0
2025-11-09T23:42:26.6543182Z ##[endgroup]
2025-11-09T23:42:26.6633414Z ##[group]Run : enable Cargo sparse registry
2025-11-09T23:42:26.6633742Z [36;1m: enable Cargo sparse registry[0m
2025-11-09T23:42:26.6634104Z [36;1m# implemented in 1.66, stabilized in 1.68, made default in 1.70[0m
2025-11-09T23:42:26.6636746Z [36;1mif [ -z "${CARGO_REGISTRIES_CRATES_IO_PROTOCOL+set}" -o -f "/home/jswift/actions-runner-org2/_work/_temp"/.implicit_cargo_registries_crates_io_protocol ]; then[0m
2025-11-09T23:42:26.6637526Z [36;1m  if rustc +1.88.0 --version --verbose | grep -q '^release: 1\.6[89]\.'; then[0m
2025-11-09T23:42:26.6638150Z [36;1m    touch "/home/jswift/actions-runner-org2/_work/_temp"/.implicit_cargo_registries_crates_io_protocol || true[0m
2025-11-09T23:42:26.6638750Z [36;1m    echo CARGO_REGISTRIES_CRATES_IO_PROTOCOL=sparse >> $GITHUB_ENV[0m
2025-11-09T23:42:26.6639222Z [36;1m  elif rustc +1.88.0 --version --verbose | grep -q '^release: 1\.6[67]\.'; then[0m
2025-11-09T23:42:26.6639834Z [36;1m    touch "/home/jswift/actions-runner-org2/_work/_temp"/.implicit_cargo_registries_crates_io_protocol || true[0m
2025-11-09T23:42:26.6640414Z [36;1m    echo CARGO_REGISTRIES_CRATES_IO_PROTOCOL=git >> $GITHUB_ENV[0m
2025-11-09T23:42:26.6640754Z [36;1m  fi[0m
2025-11-09T23:42:26.6640933Z [36;1mfi[0m
2025-11-09T23:42:26.6671292Z shell: /usr/bin/bash --noprofile --norc -e -o pipefail {0}
2025-11-09T23:42:26.6671945Z env:
2025-11-09T23:42:26.6672203Z   CARGO_TERM_COLOR: always
2025-11-09T23:42:26.6672435Z   CARGO_HOME: /home/jswift/.cargo
2025-11-09T23:42:26.6672677Z   CARGO_INCREMENTAL: 0
2025-11-09T23:42:26.6672874Z ##[endgroup]
2025-11-09T23:42:26.7170862Z ##[group]Run : work around spurious network errors in curl 8.0
2025-11-09T23:42:26.7173284Z [36;1m: work around spurious network errors in curl 8.0[0m
2025-11-09T23:42:26.7174166Z [36;1m# https://rust-lang.zulipchat.com/#narrow/stream/246057-t-cargo/topic/timeout.20investigation[0m
2025-11-09T23:42:26.7175328Z [36;1mif rustc +1.88.0 --version --verbose | grep -q '^release: 1\.7[01]\.'; then[0m
2025-11-09T23:42:26.7176055Z [36;1m  echo CARGO_HTTP_MULTIPLEXING=false >> $GITHUB_ENV[0m
2025-11-09T23:42:26.7176561Z [36;1mfi[0m
2025-11-09T23:42:26.7221132Z shell: /usr/bin/bash --noprofile --norc -e -o pipefail {0}
2025-11-09T23:42:26.7221713Z env:
2025-11-09T23:42:26.7222029Z   CARGO_TERM_COLOR: always
2025-11-09T23:42:26.7222744Z   CARGO_HOME: /home/jswift/.cargo
2025-11-09T23:42:26.7223217Z   CARGO_INCREMENTAL: 0
2025-11-09T23:42:26.7223591Z ##[endgroup]
2025-11-09T23:42:26.7539321Z ##[group]Run rustc +1.88.0 --version --verbose
2025-11-09T23:42:26.7539686Z [36;1mrustc +1.88.0 --version --verbose[0m
2025-11-09T23:42:26.7572908Z shell: /usr/bin/bash --noprofile --norc -e -o pipefail {0}
2025-11-09T23:42:26.7573264Z env:
2025-11-09T23:42:26.7573472Z   CARGO_TERM_COLOR: always
2025-11-09T23:42:26.7573732Z   CARGO_HOME: /home/jswift/.cargo
2025-11-09T23:42:26.7573999Z   CARGO_INCREMENTAL: 0
2025-11-09T23:42:26.7574227Z ##[endgroup]
2025-11-09T23:42:26.7868676Z rustc 1.88.0 (6b00bc388 2025-06-23)
2025-11-09T23:42:26.7869099Z binary: rustc
2025-11-09T23:42:26.7869439Z commit-hash: 6b00bc3880198600130e1cf62b8f8a93494488cc
2025-11-09T23:42:26.7869858Z commit-date: 2025-06-23
2025-11-09T23:42:26.7870196Z host: x86_64-unknown-linux-gnu
2025-11-09T23:42:26.7870691Z release: 1.88.0
2025-11-09T23:42:26.7871298Z LLVM version: 20.1.5
2025-11-09T23:42:27.0839929Z ##[group]Run actions/cache@v3
2025-11-09T23:42:27.0840392Z with:
2025-11-09T23:42:27.0840714Z   path: ~/.cargo/registry
2025-11-09T23:42:27.0841113Z   key: Linux-cargo-registry-
2025-11-09T23:42:27.0841631Z   enableCrossOsArchive: false
2025-11-09T23:42:27.0842047Z   fail-on-cache-miss: false
2025-11-09T23:42:27.0842424Z   lookup-only: false
2025-11-09T23:42:27.0842748Z env:
2025-11-09T23:42:27.0843029Z   CARGO_TERM_COLOR: always
2025-11-09T23:42:27.0843408Z   CARGO_HOME: /home/jswift/.cargo
2025-11-09T23:42:27.0847615Z   CARGO_INCREMENTAL: 0
2025-11-09T23:42:27.0847999Z ##[endgroup]
2025-11-09T23:42:27.4333729Z Cache hit for: Linux-cargo-registry-
2025-11-09T23:42:28.5698093Z Received 125829120 of 797369674 (15.8%), 120.0 MBs/sec
2025-11-09T23:42:29.5711827Z Received 234881024 of 797369674 (29.5%), 111.9 MBs/sec
2025-11-09T23:42:30.6405475Z Received 402653184 of 797369674 (50.5%), 125.2 MBs/sec
2025-11-09T23:42:31.6382675Z Received 566231040 of 797369674 (71.0%), 132.7 MBs/sec
2025-11-09T23:42:32.6383935Z Received 704643072 of 797369674 (88.4%), 132.6 MBs/sec
2025-11-09T23:42:33.3550497Z Received 797369674 of 797369674 (100.0%), 131.4 MBs/sec
2025-11-09T23:42:33.3554018Z Cache Size: ~760 MB (797369674 B)
2025-11-09T23:42:33.3747267Z [command]/usr/bin/tar -xf /home/jswift/actions-runner-org2/_work/_temp/f7426171-4e7c-4280-ae0e-c8df4e3e02bb/cache.tzst -P -C /home/jswift/actions-runner-org2/_work/bllvm-node/bllvm-node --use-compress-program unzstd
2025-11-09T23:42:41.1423014Z Cache restored successfully
2025-11-09T23:42:41.2546327Z Cache restored from key: Linux-cargo-registry-
2025-11-09T23:42:41.5446407Z ##[group]Run actions/cache@v3
2025-11-09T23:42:41.5446868Z with:
2025-11-09T23:42:41.5447194Z   path: ~/.cargo/git
2025-11-09T23:42:41.5447585Z   key: Linux-cargo-index-
2025-11-09T23:42:41.5447994Z   enableCrossOsArchive: false
2025-11-09T23:42:41.5448432Z   fail-on-cache-miss: false
2025-11-09T23:42:41.5448828Z   lookup-only: false
2025-11-09T23:42:41.5449270Z env:
2025-11-09T23:42:41.5449994Z   CARGO_TERM_COLOR: always
2025-11-09T23:42:41.5450413Z   CARGO_HOME: /home/jswift/.cargo
2025-11-09T23:42:41.5450932Z   CARGO_INCREMENTAL: 0
2025-11-09T23:42:41.5451285Z ##[endgroup]
2025-11-09T23:42:41.8801599Z Cache not found for input keys: Linux-cargo-index-
2025-11-09T23:42:42.1603104Z ##[group]Run actions/cache@v3
2025-11-09T23:42:42.1603413Z with:
2025-11-09T23:42:42.1603620Z   path: target
2025-11-09T23:42:42.1603858Z   key: Linux-cargo-build-target-
2025-11-09T23:42:42.1604159Z   enableCrossOsArchive: false
2025-11-09T23:42:42.1605005Z   fail-on-cache-miss: false
2025-11-09T23:42:42.1605283Z   lookup-only: false
2025-11-09T23:42:42.1605513Z env:
2025-11-09T23:42:42.1605715Z   CARGO_TERM_COLOR: always
2025-11-09T23:42:42.1605975Z   CARGO_HOME: /home/jswift/.cargo
2025-11-09T23:42:42.1606256Z   CARGO_INCREMENTAL: 0
2025-11-09T23:42:42.1606488Z ##[endgroup]
2025-11-09T23:42:42.4545366Z Cache hit for: Linux-cargo-build-target-
2025-11-09T23:42:43.2714237Z Received 61830540 of 61830540 (100.0%), 83.9 MBs/sec
2025-11-09T23:42:43.2717238Z Cache Size: ~59 MB (61830540 B)
2025-11-09T23:42:43.2749094Z [command]/usr/bin/tar -xf /home/jswift/actions-runner-org2/_work/_temp/83881ace-4cb8-4257-9756-d0acfecb9ce8/cache.tzst -P -C /home/jswift/actions-runner-org2/_work/bllvm-node/bllvm-node --use-compress-program unzstd
2025-11-09T23:42:43.7707027Z Cache restored successfully
2025-11-09T23:42:43.7987841Z Cache restored from key: Linux-cargo-build-target-
2025-11-09T23:42:43.8177239Z ##[group]Run cargo test --verbose
2025-11-09T23:42:43.8177583Z [36;1mcargo test --verbose[0m
2025-11-09T23:42:43.8210910Z shell: /usr/bin/bash -e {0}
2025-11-09T23:42:43.8211295Z env:
2025-11-09T23:42:43.8211535Z   CARGO_TERM_COLOR: always
2025-11-09T23:42:43.8211847Z   CARGO_HOME: /home/jswift/.cargo
2025-11-09T23:42:43.8212167Z   CARGO_INCREMENTAL: 0
2025-11-09T23:42:43.8212443Z ##[endgroup]
2025-11-09T23:42:43.8995265Z [1m[32m    Updating[0m crates.io index
2025-11-09T23:42:44.1463229Z [1m[31merror[0m[1m:[0m failed to get `bllvm-consensus` as a dependency of package `bllvm-protocol v0.1.0 (/home/jswift/actions-runner-org2/_work/bllvm-node/bllvm-protocol)`
2025-11-09T23:42:44.1467422Z     ... which satisfies path dependency `bllvm-protocol` of package `bllvm-node v0.1.0 (/home/jswift/actions-runner-org2/_work/bllvm-node/bllvm-node)`
2025-11-09T23:42:44.1468587Z 
2025-11-09T23:42:44.1468757Z Caused by:
2025-11-09T23:42:44.1469179Z   failed to load source for dependency `bllvm-consensus`
2025-11-09T23:42:44.1469514Z 
2025-11-09T23:42:44.1469626Z Caused by:
2025-11-09T23:42:44.1470105Z   Unable to update /home/jswift/actions-runner-org2/_work/bllvm-node/bllvm-consensus
2025-11-09T23:42:44.1470588Z 
2025-11-09T23:42:44.1470692Z Caused by:
2025-11-09T23:42:44.1471221Z   failed to read `/home/jswift/actions-runner-org2/_work/bllvm-node/bllvm-consensus/Cargo.toml`
2025-11-09T23:42:44.1471744Z 
2025-11-09T23:42:44.1471848Z Caused by:
2025-11-09T23:42:44.1472130Z   No such file or directory (os error 2)
2025-11-09T23:42:44.1508224Z ##[error]Process completed with exit code 101.
2025-11-09T23:42:44.1612129Z Post job cleanup.
2025-11-09T23:42:44.3094494Z Post job cleanup.
2025-11-09T23:42:44.4413255Z [command]/usr/bin/git version
2025-11-09T23:42:44.4459517Z git version 2.43.0
2025-11-09T23:42:44.4504507Z Copying '/home/jswift/.gitconfig' to '/home/jswift/actions-runner-org2/_work/_temp/dcc654b4-e385-4cdc-bdd6-0420d5c77cfd/.gitconfig'
2025-11-09T23:42:44.4517262Z Temporarily overriding HOME='/home/jswift/actions-runner-org2/_work/_temp/dcc654b4-e385-4cdc-bdd6-0420d5c77cfd' before making global git config changes
2025-11-09T23:42:44.4518729Z Adding repository directory to the temporary git global config as a safe directory
2025-11-09T23:42:44.4524519Z [command]/usr/bin/git config --global --add safe.directory /home/jswift/actions-runner-org2/_work/bllvm-node/bllvm-node
2025-11-09T23:42:44.4573931Z [command]/usr/bin/git config --local --name-only --get-regexp core\.sshCommand
2025-11-09T23:42:44.4616588Z [command]/usr/bin/git submodule foreach --recursive sh -c "git config --local --name-only --get-regexp 'core\.sshCommand' && git config --local --unset-all 'core.sshCommand' || :"
2025-11-09T23:42:44.4935643Z [command]/usr/bin/git config --local --name-only --get-regexp http\.https\:\/\/github\.com\/\.extraheader
2025-11-09T23:42:44.4961927Z http.https://github.com/.extraheader
2025-11-09T23:42:44.4979622Z [command]/usr/bin/git config --local --unset-all http.https://github.com/.extraheader
2025-11-09T23:42:44.5027244Z [command]/usr/bin/git submodule foreach --recursive sh -c "git config --local --name-only --get-regexp 'http\.https\:\/\/github\.com\/\.extraheader' && git config --local --unset-all 'http.https://github.com/.extraheader' || :"
2025-11-09T23:42:44.5418037Z A job completed hook has been configured by the self-hosted runner administrator
2025-11-09T23:42:44.5463588Z ##[group]Run '/home/jswift/actions-runner-org2/cleanup-hooks/job-completed.sh'
2025-11-09T23:42:44.5500494Z shell: /usr/bin/bash --noprofile --norc -e -o pipefail {0}
2025-11-09T23:42:44.5501143Z ##[endgroup]
2025-11-09T23:42:44.5584196Z Job completed: Sun Nov  9 11:42:44 PM UTC 2025
2025-11-09T23:42:44.5627273Z Available disk space: 11G
2025-11-09T23:42:44.5627799Z Cleaning up after job completion...
2025-11-09T23:42:44.7832308Z Cleanup completed. Available disk space: 12G
2025-11-09T23:42:44.7883994Z Cleaning up orphan processes
