2025-11-09T23:48:01.8486396Z ##[group]Run dtolnay/rust-toolchain@master
2025-11-09T23:48:01.8486746Z with:
2025-11-09T23:48:01.8486957Z   toolchain: 1.88.0
2025-11-09T23:48:01.8487158Z env:
2025-11-09T23:48:01.8487339Z   CARGO_TERM_COLOR: always
2025-11-09T23:48:01.8487555Z ##[endgroup]
2025-11-09T23:48:01.8598176Z ##[group]Run : parse toolchain version
2025-11-09T23:48:01.8598562Z [36;1m: parse toolchain version[0m
2025-11-09T23:48:01.8598858Z [36;1mif [[ -z $toolchain ]]; then[0m
2025-11-09T23:48:01.8599405Z [36;1m  # GitHub does not enforce `required: true` inputs itself. https://github.com/actions/runner/issues/1070[0m
2025-11-09T23:48:01.8599959Z [36;1m  echo "'toolchain' is a required input" >&2[0m
2025-11-09T23:48:01.8600258Z [36;1m  exit 1[0m
2025-11-09T23:48:01.8600581Z [36;1melif [[ $toolchain =~ ^stable' '[0-9]+' '(year|month|week|day)s?' 'ago$ ]]; then[0m
2025-11-09T23:48:01.8600997Z [36;1m  if [[ Linux == macOS ]]; then[0m
2025-11-09T23:48:01.8602082Z [36;1m    echo "toolchain=1.$((($(date -v-$(sed 's/stable \([0-9]*\) \(.\).*/\1\2/' <<< $toolchain) +%s)/60/60/24-16569)/7/6))" >> $GITHUB_OUTPUT[0m
2025-11-09T23:48:01.8602641Z [36;1m  else[0m
2025-11-09T23:48:01.8603035Z [36;1m    echo "toolchain=1.$((($(date --date "${toolchain#stable }" +%s)/60/60/24-16569)/7/6))" >> $GITHUB_OUTPUT[0m
2025-11-09T23:48:01.8603482Z [36;1m  fi[0m
2025-11-09T23:48:01.8603775Z [36;1melif [[ $toolchain =~ ^stable' 'minus' '[0-9]+' 'releases?$ ]]; then[0m
2025-11-09T23:48:01.8604524Z [36;1m  echo "toolchain=1.$((($(date +%s)/60/60/24-16569)/7/6-${toolchain//[^0-9]/}))" >> $GITHUB_OUTPUT[0m
2025-11-09T23:48:01.8604977Z [36;1melif [[ $toolchain =~ ^1\.[0-9]+$ ]]; then[0m
2025-11-09T23:48:01.8605478Z [36;1m  echo "toolchain=1.$((i=${toolchain#1.}, c=($(date +%s)/60/60/24-16569)/7/6, i+9*i*(10*i<=c)+90*i*(100*i<=c)))" >> $GITHUB_OUTPUT[0m
2025-11-09T23:48:01.8605950Z [36;1melse[0m
2025-11-09T23:48:01.8606188Z [36;1m  echo "toolchain=$toolchain" >> $GITHUB_OUTPUT[0m
2025-11-09T23:48:01.8606482Z [36;1mfi[0m
2025-11-09T23:48:01.8636647Z shell: /usr/bin/bash --noprofile --norc -e -o pipefail {0}
2025-11-09T23:48:01.8637336Z env:
2025-11-09T23:48:01.8637541Z   CARGO_TERM_COLOR: always
2025-11-09T23:48:01.8637775Z   toolchain: 1.88.0
2025-11-09T23:48:01.8637982Z ##[endgroup]
2025-11-09T23:48:01.8767314Z ##[group]Run : construct rustup command line
2025-11-09T23:48:01.8767700Z [36;1m: construct rustup command line[0m
2025-11-09T23:48:01.8768170Z [36;1mecho "targets=$(for t in ${targets//,/ }; do echo -n ' --target' $t; done)" >> $GITHUB_OUTPUT[0m
2025-11-09T23:48:01.8768800Z [36;1mecho "components=$(for c in ${components//,/ }; do echo -n ' --component' $c; done)" >> $GITHUB_OUTPUT[0m
2025-11-09T23:48:01.8769301Z [36;1mecho "downgrade=" >> $GITHUB_OUTPUT[0m
2025-11-09T23:48:01.8797773Z shell: /usr/bin/bash --noprofile --norc -e -o pipefail {0}
2025-11-09T23:48:01.8798170Z env:
2025-11-09T23:48:01.8798399Z   CARGO_TERM_COLOR: always
2025-11-09T23:48:01.8798661Z   targets: 
2025-11-09T23:48:01.8798881Z   components: 
2025-11-09T23:48:01.8799125Z ##[endgroup]
2025-11-09T23:48:01.8889262Z ##[group]Run : set $CARGO_HOME
2025-11-09T23:48:01.8889777Z [36;1m: set $CARGO_HOME[0m
2025-11-09T23:48:01.8890237Z [36;1mecho CARGO_HOME=${CARGO_HOME:-"$HOME/.cargo"} >> $GITHUB_ENV[0m
2025-11-09T23:48:01.8918967Z shell: /usr/bin/bash --noprofile --norc -e -o pipefail {0}
2025-11-09T23:48:01.8919403Z env:
2025-11-09T23:48:01.8919674Z   CARGO_TERM_COLOR: always
2025-11-09T23:48:01.8919944Z ##[endgroup]
2025-11-09T23:48:01.9028359Z ##[group]Run : install rustup if needed
2025-11-09T23:48:01.9028735Z [36;1m: install rustup if needed[0m
2025-11-09T23:48:01.9029073Z [36;1mif ! command -v rustup &>/dev/null; then[0m
2025-11-09T23:48:01.9029906Z [36;1m  curl --proto '=https' --tlsv1.2 --retry 10 --retry-connrefused --location --silent --show-error --fail https://sh.rustup.rs | sh -s -- --default-toolchain none -y[0m
2025-11-09T23:48:01.9030682Z [36;1m  echo "$CARGO_HOME/bin" >> $GITHUB_PATH[0m
2025-11-09T23:48:01.9030984Z [36;1mfi[0m
2025-11-09T23:48:01.9061033Z shell: /usr/bin/bash --noprofile --norc -e -o pipefail {0}
2025-11-09T23:48:01.9061499Z env:
2025-11-09T23:48:01.9061744Z   CARGO_TERM_COLOR: always
2025-11-09T23:48:01.9062062Z   CARGO_HOME: /home/jswift/.cargo
2025-11-09T23:48:01.9062377Z ##[endgroup]
2025-11-09T23:48:02.0100681Z info: downloading installer
2025-11-09T23:48:02.2443026Z warn: It looks like you have an existing rustup settings file at:
2025-11-09T23:48:02.2444295Z warn: /home/jswift/.rustup/settings.toml
2025-11-09T23:48:02.2445627Z warn: Rustup will install the default toolchain as specified in the settings file,
2025-11-09T23:48:02.2447149Z warn: instead of the one inferred from the default host triple.
2025-11-09T23:48:02.2754233Z info: profile set to 'default'
2025-11-09T23:48:02.2755540Z info: default host triple is x86_64-unknown-linux-gnu
2025-11-09T23:48:02.2757204Z info: skipping toolchain installation
2025-11-09T23:48:02.2757727Z 
2025-11-09T23:48:02.2757755Z 
2025-11-09T23:48:02.2758004Z Rust is installed now. Great!
2025-11-09T23:48:02.2758573Z 
2025-11-09T23:48:02.2759244Z To get started you may need to restart your current shell.
2025-11-09T23:48:02.2760640Z This would reload your PATH environment variable to include
2025-11-09T23:48:02.2761555Z Cargo's bin directory ($HOME/.cargo/bin).
2025-11-09T23:48:02.2761959Z 
2025-11-09T23:48:02.2762300Z To configure your current shell, you need to source
2025-11-09T23:48:02.2762959Z the corresponding env file under $HOME/.cargo.
2025-11-09T23:48:02.2763390Z 
2025-11-09T23:48:02.2763769Z This is usually done by running one of the following (note the leading DOT):
2025-11-09T23:48:02.2764826Z . "$HOME/.cargo/env"            # For sh/bash/zsh/ash/dash/pdksh
2025-11-09T23:48:02.2765507Z source "$HOME/.cargo/env.fish"  # For fish
2025-11-09T23:48:02.2766126Z source $"($nu.home-path)/.cargo/env.nu"  # For nushell
2025-11-09T23:48:02.2920308Z ##[group]Run rustup toolchain install 1.88.0 --profile minimal --no-self-update
2025-11-09T23:48:02.2921033Z [36;1mrustup toolchain install 1.88.0 --profile minimal --no-self-update[0m
2025-11-09T23:48:02.2962853Z shell: /usr/bin/bash --noprofile --norc -e -o pipefail {0}
2025-11-09T23:48:02.2963517Z env:
2025-11-09T23:48:02.2963857Z   CARGO_TERM_COLOR: always
2025-11-09T23:48:02.2964296Z   CARGO_HOME: /home/jswift/.cargo
2025-11-09T23:48:02.2965052Z ##[endgroup]
2025-11-09T23:48:02.3974555Z info: syncing channel updates for '1.88.0-x86_64-unknown-linux-gnu'
2025-11-09T23:48:02.4135330Z 
2025-11-09T23:48:02.4255661Z   1.88.0-x86_64-unknown-linux-gnu unchanged - rustc 1.88.0 (6b00bc388 2025-06-23)
2025-11-09T23:48:02.4256449Z 
2025-11-09T23:48:02.4317854Z ##[group]Run rustup default 1.88.0
2025-11-09T23:48:02.4318213Z [36;1mrustup default 1.88.0[0m
2025-11-09T23:48:02.4349418Z shell: /usr/bin/bash --noprofile --norc -e -o pipefail {0}
2025-11-09T23:48:02.4349841Z env:
2025-11-09T23:48:02.4350070Z   CARGO_TERM_COLOR: always
2025-11-09T23:48:02.4350370Z   CARGO_HOME: /home/jswift/.cargo
2025-11-09T23:48:02.4350667Z ##[endgroup]
2025-11-09T23:48:02.4474173Z info: using existing install for '1.88.0-x86_64-unknown-linux-gnu'
2025-11-09T23:48:02.4840374Z info: default toolchain set to '1.88.0-x86_64-unknown-linux-gnu'
2025-11-09T23:48:02.4841361Z 
2025-11-09T23:48:02.4958993Z   1.88.0-x86_64-unknown-linux-gnu unchanged - rustc 1.88.0 (6b00bc388 2025-06-23)
2025-11-09T23:48:02.4961447Z info: note that the toolchain '1.88.0-x86_64-unknown-linux-gnu' is currently in use (overridden by '/home/jswift/actions-runner-org2/_work/bllvm-consensus/bllvm-consensus/rust-toolchain.toml')
2025-11-09T23:48:02.4962718Z 
2025-11-09T23:48:02.5015800Z ##[group]Run : create cachekey
2025-11-09T23:48:02.5016128Z [36;1m: create cachekey[0m
2025-11-09T23:48:02.5016809Z [36;1mDATE=$(rustc +1.88.0 --version --verbose | sed -ne 's/^commit-date: \(20[0-9][0-9]\)-\([01][0-9]\)-\([0-3][0-9]\)$/\1\2\3/p')[0m
2025-11-09T23:48:02.5017607Z [36;1mHASH=$(rustc +1.88.0 --version --verbose | sed -ne 's/^commit-hash: //p')[0m
2025-11-09T23:48:02.5018173Z [36;1mecho "cachekey=$(echo $DATE$HASH | head -c12)" >> $GITHUB_OUTPUT[0m
2025-11-09T23:48:02.5049176Z shell: /usr/bin/bash --noprofile --norc -e -o pipefail {0}
2025-11-09T23:48:02.5049586Z env:
2025-11-09T23:48:02.5049808Z   CARGO_TERM_COLOR: always
2025-11-09T23:48:02.5050083Z   CARGO_HOME: /home/jswift/.cargo
2025-11-09T23:48:02.5050366Z ##[endgroup]
2025-11-09T23:48:02.5593685Z ##[group]Run : disable incremental compilation
2025-11-09T23:48:02.5594080Z [36;1m: disable incremental compilation[0m
2025-11-09T23:48:02.5594656Z [36;1mif [ -z "${CARGO_INCREMENTAL+set}" ]; then[0m
2025-11-09T23:48:02.5595016Z [36;1m  echo CARGO_INCREMENTAL=0 >> $GITHUB_ENV[0m
2025-11-09T23:48:02.5595311Z [36;1mfi[0m
2025-11-09T23:48:02.5626654Z shell: /usr/bin/bash --noprofile --norc -e -o pipefail {0}
2025-11-09T23:48:02.5627055Z env:
2025-11-09T23:48:02.5627269Z   CARGO_TERM_COLOR: always
2025-11-09T23:48:02.5627554Z   CARGO_HOME: /home/jswift/.cargo
2025-11-09T23:48:02.5627839Z ##[endgroup]
2025-11-09T23:48:02.5702675Z ##[group]Run : enable colors in Cargo output
2025-11-09T23:48:02.5703024Z [36;1m: enable colors in Cargo output[0m
2025-11-09T23:48:02.5703365Z [36;1mif [ -z "${CARGO_TERM_COLOR+set}" ]; then[0m
2025-11-09T23:48:02.5703712Z [36;1m  echo CARGO_TERM_COLOR=always >> $GITHUB_ENV[0m
2025-11-09T23:48:02.5704005Z [36;1mfi[0m
2025-11-09T23:48:02.5732034Z shell: /usr/bin/bash --noprofile --norc -e -o pipefail {0}
2025-11-09T23:48:02.5732406Z env:
2025-11-09T23:48:02.5732609Z   CARGO_TERM_COLOR: always
2025-11-09T23:48:02.5732865Z   CARGO_HOME: /home/jswift/.cargo
2025-11-09T23:48:02.5733134Z   CARGO_INCREMENTAL: 0
2025-11-09T23:48:02.5733353Z ##[endgroup]
2025-11-09T23:48:02.5833984Z ##[group]Run : enable Cargo sparse registry
2025-11-09T23:48:02.5834570Z [36;1m: enable Cargo sparse registry[0m
2025-11-09T23:48:02.5834968Z [36;1m# implemented in 1.66, stabilized in 1.68, made default in 1.70[0m
2025-11-09T23:48:02.5835755Z [36;1mif [ -z "${CARGO_REGISTRIES_CRATES_IO_PROTOCOL+set}" -o -f "/home/jswift/actions-runner-org2/_work/_temp"/.implicit_cargo_registries_crates_io_protocol ]; then[0m
2025-11-09T23:48:02.5836902Z [36;1m  if rustc +1.88.0 --version --verbose | grep -q '^release: 1\.6[89]\.'; then[0m
2025-11-09T23:48:02.5837544Z [36;1m    touch "/home/jswift/actions-runner-org2/_work/_temp"/.implicit_cargo_registries_crates_io_protocol || true[0m
2025-11-09T23:48:02.5838165Z [36;1m    echo CARGO_REGISTRIES_CRATES_IO_PROTOCOL=sparse >> $GITHUB_ENV[0m
2025-11-09T23:48:02.5838651Z [36;1m  elif rustc +1.88.0 --version --verbose | grep -q '^release: 1\.6[67]\.'; then[0m
2025-11-09T23:48:02.5839281Z [36;1m    touch "/home/jswift/actions-runner-org2/_work/_temp"/.implicit_cargo_registries_crates_io_protocol || true[0m
2025-11-09T23:48:02.5839876Z [36;1m    echo CARGO_REGISTRIES_CRATES_IO_PROTOCOL=git >> $GITHUB_ENV[0m
2025-11-09T23:48:02.5840219Z [36;1m  fi[0m
2025-11-09T23:48:02.5840399Z [36;1mfi[0m
2025-11-09T23:48:02.5870806Z shell: /usr/bin/bash --noprofile --norc -e -o pipefail {0}
2025-11-09T23:48:02.5871370Z env:
2025-11-09T23:48:02.5871689Z   CARGO_TERM_COLOR: always
2025-11-09T23:48:02.5872101Z   CARGO_HOME: /home/jswift/.cargo
2025-11-09T23:48:02.5872835Z   CARGO_INCREMENTAL: 0
2025-11-09T23:48:02.5873183Z ##[endgroup]
2025-11-09T23:48:02.6352017Z ##[group]Run : work around spurious network errors in curl 8.0
2025-11-09T23:48:02.6352483Z [36;1m: work around spurious network errors in curl 8.0[0m
2025-11-09T23:48:02.6353118Z [36;1m# https://rust-lang.zulipchat.com/#narrow/stream/246057-t-cargo/topic/timeout.20investigation[0m
2025-11-09T23:48:02.6353764Z [36;1mif rustc +1.88.0 --version --verbose | grep -q '^release: 1\.7[01]\.'; then[0m
2025-11-09T23:48:02.6354240Z [36;1m  echo CARGO_HTTP_MULTIPLEXING=false >> $GITHUB_ENV[0m
2025-11-09T23:48:02.6354929Z [36;1mfi[0m
2025-11-09T23:48:02.6385468Z shell: /usr/bin/bash --noprofile --norc -e -o pipefail {0}
2025-11-09T23:48:02.6385840Z env:
2025-11-09T23:48:02.6386043Z   CARGO_TERM_COLOR: always
2025-11-09T23:48:02.6386310Z   CARGO_HOME: /home/jswift/.cargo
2025-11-09T23:48:02.6387058Z   CARGO_INCREMENTAL: 0
2025-11-09T23:48:02.6387297Z ##[endgroup]
2025-11-09T23:48:02.6650233Z ##[group]Run rustc +1.88.0 --version --verbose
2025-11-09T23:48:02.6650610Z [36;1mrustc +1.88.0 --version --verbose[0m
2025-11-09T23:48:02.6681633Z shell: /usr/bin/bash --noprofile --norc -e -o pipefail {0}
2025-11-09T23:48:02.6682024Z env:
2025-11-09T23:48:02.6682246Z   CARGO_TERM_COLOR: always
2025-11-09T23:48:02.6682522Z   CARGO_HOME: /home/jswift/.cargo
2025-11-09T23:48:02.6682805Z   CARGO_INCREMENTAL: 0
2025-11-09T23:48:02.6683047Z ##[endgroup]
2025-11-09T23:48:02.6960345Z rustc 1.88.0 (6b00bc388 2025-06-23)
2025-11-09T23:48:02.6961048Z binary: rustc
2025-11-09T23:48:02.6961611Z commit-hash: 6b00bc3880198600130e1cf62b8f8a93494488cc
2025-11-09T23:48:02.6962225Z commit-date: 2025-06-23
2025-11-09T23:48:02.6962786Z host: x86_64-unknown-linux-gnu
2025-11-09T23:48:02.6963373Z release: 1.88.0
2025-11-09T23:48:02.6963862Z LLVM version: 20.1.5
