2025-11-07T19:40:20.6332530Z Current runner version: '2.329.0'
2025-11-07T19:40:20.6341669Z Runner name: 'linode-runner-02'
2025-11-07T19:40:20.6342719Z Runner group name: 'default'
2025-11-07T19:40:20.6346023Z Machine name: 'localhost'
2025-11-07T19:40:20.6349133Z ##[group]GITHUB_TOKEN Permissions
2025-11-07T19:40:20.6351638Z Contents: read
2025-11-07T19:40:20.6352349Z Metadata: read
2025-11-07T19:40:20.6352935Z Packages: read
2025-11-07T19:40:20.6353860Z ##[endgroup]
2025-11-07T19:40:20.6356679Z Secret source: Actions
2025-11-07T19:40:20.6357653Z Prepare workflow directory
2025-11-07T19:40:20.6971723Z Prepare all required actions
2025-11-07T19:40:20.7020685Z Getting action download info
2025-11-07T19:40:21.0429280Z Download action repository 'actions/checkout@v4' (SHA:08eba0b27e820071cde6df949e0beb9ba4906955)
2025-11-07T19:40:21.4239263Z Download action repository 'dtolnay/rust-toolchain@master' (SHA:6d653acede28d24f02e3cd41383119e8b1b35921)
2025-11-07T19:40:21.7029133Z Download action repository 'actions/cache@v3' (SHA:6f8efc29b200d32929f49075959781ed54ec270c)
2025-11-07T19:40:22.3907029Z Complete job name: Test
2025-11-07T19:40:22.4635286Z A job started hook has been configured by the self-hosted runner administrator
2025-11-07T19:40:22.4814533Z ##[group]Run '/home/jswift/actions-runner-org2/cleanup-hooks/job-started.sh'
2025-11-07T19:40:22.4849108Z shell: /usr/bin/bash --noprofile --norc -e -o pipefail {0}
2025-11-07T19:40:22.4850731Z ##[endgroup]
2025-11-07T19:40:22.5090200Z Job started: Fri Nov  7 07:40:22 PM UTC 2025
2025-11-07T19:40:22.5115118Z Available disk space: 9.6G
2025-11-07T19:40:22.5148791Z WARNING: Disk usage is 81% - performing user-level cleanup
2025-11-07T19:40:22.5150978Z Cleaning old work directories (user-level cleanup)...
2025-11-07T19:40:22.6213816Z User-level cleanup completed. Disk usage: 81%
2025-11-07T19:40:22.6557546Z ##[group]Run actions/checkout@v4
2025-11-07T19:40:22.6558614Z with:
2025-11-07T19:40:22.6559425Z   repository: BTCDecoded/bllvm-sdk
2025-11-07T19:40:22.6560756Z   token: ***
2025-11-07T19:40:22.6562016Z   ssh-strict: true
2025-11-07T19:40:22.6562844Z   ssh-user: git
2025-11-07T19:40:22.6563699Z   persist-credentials: true
2025-11-07T19:40:22.6566539Z   clean: true
2025-11-07T19:40:22.6567401Z   sparse-checkout-cone-mode: true
2025-11-07T19:40:22.6568417Z   fetch-depth: 1
2025-11-07T19:40:22.6569243Z   fetch-tags: false
2025-11-07T19:40:22.6570084Z   show-progress: true
2025-11-07T19:40:22.6570984Z   lfs: false
2025-11-07T19:40:22.6571745Z   submodules: false
2025-11-07T19:40:22.6572603Z   set-safe-directory: true
2025-11-07T19:40:22.6573518Z ##[endgroup]
2025-11-07T19:40:22.8227816Z Syncing repository: BTCDecoded/bllvm-sdk
2025-11-07T19:40:22.8232310Z ##[group]Getting Git version info
2025-11-07T19:40:22.8237550Z Working directory is '/home/jswift/actions-runner-org2/_work/bllvm-sdk/bllvm-sdk'
2025-11-07T19:40:22.8241658Z [command]/usr/bin/git version
2025-11-07T19:40:22.8243473Z git version 2.43.0
2025-11-07T19:40:22.8281568Z ##[endgroup]
2025-11-07T19:40:22.8297795Z Copying '/home/jswift/.gitconfig' to '/home/jswift/actions-runner-org2/_work/_temp/cdadd5d4-91fe-450b-91a1-8721c3fb6fa1/.gitconfig'
2025-11-07T19:40:22.8320204Z Temporarily overriding HOME='/home/jswift/actions-runner-org2/_work/_temp/cdadd5d4-91fe-450b-91a1-8721c3fb6fa1' before making global git config changes
2025-11-07T19:40:22.8327018Z Adding repository directory to the temporary git global config as a safe directory
2025-11-07T19:40:22.8343665Z [command]/usr/bin/git config --global --add safe.directory /home/jswift/actions-runner-org2/_work/bllvm-sdk/bllvm-sdk
2025-11-07T19:40:22.8403735Z [command]/usr/bin/git config --local --get remote.origin.url
2025-11-07T19:40:22.8431017Z https://github.com/BTCDecoded/bllvm-sdk
2025-11-07T19:40:22.8452149Z ##[group]Removing previously created refs, to avoid conflicts
2025-11-07T19:40:22.8456581Z [command]/usr/bin/git rev-parse --symbolic-full-name --verify --quiet HEAD
2025-11-07T19:40:22.8489657Z refs/heads/main
2025-11-07T19:40:22.8501687Z [command]/usr/bin/git checkout --detach
2025-11-07T19:40:22.8549600Z HEAD is now at 12181cd docs: Add reference to master status document
2025-11-07T19:40:22.8608289Z [command]/usr/bin/git branch --delete --force main
2025-11-07T19:40:22.8640096Z Deleted branch main (was 12181cd).
2025-11-07T19:40:22.8688680Z ##[endgroup]
2025-11-07T19:40:22.8690350Z [command]/usr/bin/git submodule status
2025-11-07T19:40:22.8965837Z ##[group]Cleaning the repository
2025-11-07T19:40:22.8968071Z [command]/usr/bin/git clean -ffdx
2025-11-07T19:40:22.9010083Z [command]/usr/bin/git reset --hard HEAD
2025-11-07T19:40:22.9057207Z HEAD is now at 12181cd docs: Add reference to master status document
2025-11-07T19:40:22.9067440Z ##[endgroup]
2025-11-07T19:40:22.9070139Z ##[group]Disabling automatic garbage collection
2025-11-07T19:40:22.9074811Z [command]/usr/bin/git config --local gc.auto 0
2025-11-07T19:40:22.9110425Z ##[endgroup]
2025-11-07T19:40:22.9112912Z ##[group]Setting up auth
2025-11-07T19:40:22.9119555Z [command]/usr/bin/git config --local --name-only --get-regexp core\.sshCommand
2025-11-07T19:40:22.9161876Z [command]/usr/bin/git submodule foreach --recursive sh -c "git config --local --name-only --get-regexp 'core\.sshCommand' && git config --local --unset-all 'core.sshCommand' || :"
2025-11-07T19:40:22.9443857Z [command]/usr/bin/git config --local --name-only --get-regexp http\.https\:\/\/github\.com\/\.extraheader
2025-11-07T19:40:22.9480616Z [command]/usr/bin/git submodule foreach --recursive sh -c "git config --local --name-only --get-regexp 'http\.https\:\/\/github\.com\/\.extraheader' && git config --local --unset-all 'http.https://github.com/.extraheader' || :"
2025-11-07T19:40:22.9763197Z [command]/usr/bin/git config --local http.https://github.com/.extraheader AUTHORIZATION: basic ***
2025-11-07T19:40:22.9812396Z ##[endgroup]
2025-11-07T19:40:22.9815327Z ##[group]Fetching the repository
2025-11-07T19:40:22.9822365Z [command]/usr/bin/git -c protocol.version=2 fetch --no-tags --prune --no-recurse-submodules --depth=1 origin +12181cd34912caf753a41b696ec6952bd77209b3:refs/remotes/origin/main
2025-11-07T19:40:23.1966237Z ##[endgroup]
2025-11-07T19:40:23.1968970Z ##[group]Determining the checkout info
2025-11-07T19:40:23.1971728Z ##[endgroup]
2025-11-07T19:40:23.1973031Z [command]/usr/bin/git sparse-checkout disable
2025-11-07T19:40:23.2026983Z [command]/usr/bin/git config --local --unset-all extensions.worktreeConfig
2025-11-07T19:40:23.2063370Z ##[group]Checking out the ref
2025-11-07T19:40:23.2068304Z [command]/usr/bin/git checkout --progress --force -B main refs/remotes/origin/main
2025-11-07T19:40:23.2109531Z Switched to a new branch 'main'
2025-11-07T19:40:23.2111233Z branch 'main' set up to track 'origin/main'.
2025-11-07T19:40:23.2118444Z ##[endgroup]
2025-11-07T19:40:23.2156724Z [command]/usr/bin/git log -1 --format=%H
2025-11-07T19:40:23.2185655Z 12181cd34912caf753a41b696ec6952bd77209b3
2025-11-07T19:40:23.2649620Z ##[group]Run dtolnay/rust-toolchain@master
2025-11-07T19:40:23.2650762Z with:
2025-11-07T19:40:23.2651503Z   toolchain: 1.88.0
2025-11-07T19:40:23.2652402Z ##[endgroup]
2025-11-07T19:40:23.2841259Z ##[group]Run : parse toolchain version
2025-11-07T19:40:23.2842334Z [36;1m: parse toolchain version[0m
2025-11-07T19:40:23.2843314Z [36;1mif [[ -z $toolchain ]]; then[0m
2025-11-07T19:40:23.2845198Z [36;1m  # GitHub does not enforce `required: true` inputs itself. https://github.com/actions/runner/issues/1070[0m
2025-11-07T19:40:23.2846978Z [36;1m  echo "'toolchain' is a required input" >&2[0m
2025-11-07T19:40:23.2848645Z [36;1m  exit 1[0m
2025-11-07T19:40:23.2849772Z [36;1melif [[ $toolchain =~ ^stable' '[0-9]+' '(year|month|week|day)s?' 'ago$ ]]; then[0m
2025-11-07T19:40:23.2851107Z [36;1m  if [[ Linux == macOS ]]; then[0m
2025-11-07T19:40:23.2852790Z [36;1m    echo "toolchain=1.$((($(date -v-$(sed 's/stable \([0-9]*\) \(.\).*/\1\2/' <<< $toolchain) +%s)/60/60/24-16569)/7/6))" >> $GITHUB_OUTPUT[0m
2025-11-07T19:40:23.2854958Z [36;1m  else[0m
2025-11-07T19:40:23.2856376Z [36;1m    echo "toolchain=1.$((($(date --date "${toolchain#stable }" +%s)/60/60/24-16569)/7/6))" >> $GITHUB_OUTPUT[0m
2025-11-07T19:40:23.2858579Z [36;1m  fi[0m
2025-11-07T19:40:23.2859570Z [36;1melif [[ $toolchain =~ ^stable' 'minus' '[0-9]+' 'releases?$ ]]; then[0m
2025-11-07T19:40:23.2861287Z [36;1m  echo "toolchain=1.$((($(date +%s)/60/60/24-16569)/7/6-${toolchain//[^0-9]/}))" >> $GITHUB_OUTPUT[0m
2025-11-07T19:40:23.2862788Z [36;1melif [[ $toolchain =~ ^1\.[0-9]+$ ]]; then[0m
2025-11-07T19:40:23.2864851Z [36;1m  echo "toolchain=1.$((i=${toolchain#1.}, c=($(date +%s)/60/60/24-16569)/7/6, i+9*i*(10*i<=c)+90*i*(100*i<=c)))" >> $GITHUB_OUTPUT[0m
2025-11-07T19:40:23.2866504Z [36;1melse[0m
2025-11-07T19:40:23.2867324Z [36;1m  echo "toolchain=$toolchain" >> $GITHUB_OUTPUT[0m
2025-11-07T19:40:23.2868324Z [36;1mfi[0m
2025-11-07T19:40:23.2898814Z shell: /usr/bin/bash --noprofile --norc -e -o pipefail {0}
2025-11-07T19:40:23.2899904Z env:
2025-11-07T19:40:23.2900527Z   toolchain: 1.88.0
2025-11-07T19:40:23.2901292Z ##[endgroup]
2025-11-07T19:40:23.3057506Z ##[group]Run : construct rustup command line
2025-11-07T19:40:23.3058861Z [36;1m: construct rustup command line[0m
2025-11-07T19:40:23.3060326Z [36;1mecho "targets=$(for t in ${targets//,/ }; do echo -n ' --target' $t; done)" >> $GITHUB_OUTPUT[0m
2025-11-07T19:40:23.3062338Z [36;1mecho "components=$(for c in ${components//,/ }; do echo -n ' --component' $c; done)" >> $GITHUB_OUTPUT[0m
2025-11-07T19:40:23.3063912Z [36;1mecho "downgrade=" >> $GITHUB_OUTPUT[0m
2025-11-07T19:40:23.3096107Z shell: /usr/bin/bash --noprofile --norc -e -o pipefail {0}
2025-11-07T19:40:23.3097196Z env:
2025-11-07T19:40:23.3097799Z   targets: 
2025-11-07T19:40:23.3098428Z   components: 
2025-11-07T19:40:23.3099252Z ##[endgroup]
2025-11-07T19:40:23.3218748Z ##[group]Run : set $CARGO_HOME
2025-11-07T19:40:23.3219650Z [36;1m: set $CARGO_HOME[0m
2025-11-07T19:40:23.3220753Z [36;1mecho CARGO_HOME=${CARGO_HOME:-"$HOME/.cargo"} >> $GITHUB_ENV[0m
2025-11-07T19:40:23.3252655Z shell: /usr/bin/bash --noprofile --norc -e -o pipefail {0}
2025-11-07T19:40:23.3253793Z ##[endgroup]
2025-11-07T19:40:23.3369587Z ##[group]Run : install rustup if needed
2025-11-07T19:40:23.3370582Z [36;1m: install rustup if needed[0m
2025-11-07T19:40:23.3371577Z [36;1mif ! command -v rustup &>/dev/null; then[0m
2025-11-07T19:40:23.3373918Z [36;1m  curl --proto '=https' --tlsv1.2 --retry 10 --retry-connrefused --location --silent --show-error --fail https://sh.rustup.rs | sh -s -- --default-toolchain none -y[0m
2025-11-07T19:40:23.3376475Z [36;1m  echo "$CARGO_HOME/bin" >> $GITHUB_PATH[0m
2025-11-07T19:40:23.3377426Z [36;1mfi[0m
2025-11-07T19:40:23.3416491Z shell: /usr/bin/bash --noprofile --norc -e -o pipefail {0}
2025-11-07T19:40:23.3418669Z env:
2025-11-07T19:40:23.3419686Z   CARGO_HOME: /home/jswift/.cargo
2025-11-07T19:40:23.3420544Z ##[endgroup]
2025-11-07T19:40:23.4000712Z info: downloading installer
2025-11-07T19:40:23.5699546Z warn: It looks like you have an existing rustup settings file at:
2025-11-07T19:40:23.5700359Z warn: /home/jswift/.rustup/settings.toml
2025-11-07T19:40:23.5701170Z warn: Rustup will install the default toolchain as specified in the settings file,
2025-11-07T19:40:23.5702018Z warn: instead of the one inferred from the default host triple.
2025-11-07T19:40:23.5979923Z 
2025-11-07T19:40:23.5980466Z 
2025-11-07T19:40:23.5980845Z Rust is installed now. Great!
2025-11-07T19:40:23.5981221Z 
2025-11-07T19:40:23.5981519Z To get started you may need to restart your current shell.
2025-11-07T19:40:23.5982291Z This would reload your PATH environment variable to include
2025-11-07T19:40:23.5982998Z Cargo's bin directory ($HOME/.cargo/bin).
2025-11-07T19:40:23.5983387Z 
2025-11-07T19:40:23.5983658Z To configure your current shell, you need to source
2025-11-07T19:40:23.5984547Z the corresponding env file under $HOME/.cargo.
2025-11-07T19:40:23.5984984Z 
2025-11-07T19:40:23.5985394Z This is usually done by running one of the following (note the leading DOT):
2025-11-07T19:40:23.5986285Z . "$HOME/.cargo/env"            # For sh/bash/zsh/ash/dash/pdksh
2025-11-07T19:40:23.5987430Z source "$HOME/.cargo/env.fish"  # For fish
2025-11-07T19:40:23.5988086Z source $"($nu.home-path)/.cargo/env.nu"  # For nushell
2025-11-07T19:40:23.5989242Z info: profile set to 'default'
2025-11-07T19:40:23.5989856Z info: default host triple is x86_64-unknown-linux-gnu
2025-11-07T19:40:23.5990512Z info: skipping toolchain installation
2025-11-07T19:40:23.6126634Z ##[group]Run rustup toolchain install 1.88.0 --profile minimal --no-self-update
2025-11-07T19:40:23.6127438Z [36;1mrustup toolchain install 1.88.0 --profile minimal --no-self-update[0m
2025-11-07T19:40:23.6162561Z shell: /usr/bin/bash --noprofile --norc -e -o pipefail {0}
2025-11-07T19:40:23.6162946Z env:
2025-11-07T19:40:23.6163177Z   CARGO_HOME: /home/jswift/.cargo
2025-11-07T19:40:23.6163452Z ##[endgroup]
2025-11-07T19:40:23.7017286Z info: syncing channel updates for '1.88.0-x86_64-unknown-linux-gnu'
2025-11-07T19:40:23.7213151Z 
2025-11-07T19:40:23.7331441Z   1.88.0-x86_64-unknown-linux-gnu unchanged - rustc 1.88.0 (6b00bc388 2025-06-23)
2025-11-07T19:40:23.7332083Z 
2025-11-07T19:40:23.7403573Z ##[group]Run rustup default 1.88.0
2025-11-07T19:40:23.7403912Z [36;1mrustup default 1.88.0[0m
2025-11-07T19:40:23.7435302Z shell: /usr/bin/bash --noprofile --norc -e -o pipefail {0}
2025-11-07T19:40:23.7435718Z env:
2025-11-07T19:40:23.7435950Z   CARGO_HOME: /home/jswift/.cargo
2025-11-07T19:40:23.7436241Z ##[endgroup]
2025-11-07T19:40:23.7554209Z info: using existing install for '1.88.0-x86_64-unknown-linux-gnu'
2025-11-07T19:40:23.7942779Z info: default toolchain set to '1.88.0-x86_64-unknown-linux-gnu'
2025-11-07T19:40:23.7943456Z 
2025-11-07T19:40:23.8065849Z   1.88.0-x86_64-unknown-linux-gnu unchanged - rustc 1.88.0 (6b00bc388 2025-06-23)
2025-11-07T19:40:23.8066680Z 
2025-11-07T19:40:23.8126122Z ##[group]Run : create cachekey
2025-11-07T19:40:23.8126468Z [36;1m: create cachekey[0m
2025-11-07T19:40:23.8126992Z [36;1mDATE=$(rustc +1.88.0 --version --verbose | sed -ne 's/^commit-date: \(20[0-9][0-9]\)-\([01][0-9]\)-\([0-3][0-9]\)$/\1\2\3/p')[0m
2025-11-07T19:40:23.8127659Z [36;1mHASH=$(rustc +1.88.0 --version --verbose | sed -ne 's/^commit-hash: //p')[0m
2025-11-07T19:40:23.8128194Z [36;1mecho "cachekey=$(echo $DATE$HASH | head -c12)" >> $GITHUB_OUTPUT[0m
2025-11-07T19:40:23.8157456Z shell: /usr/bin/bash --noprofile --norc -e -o pipefail {0}
2025-11-07T19:40:23.8157842Z env:
2025-11-07T19:40:23.8158080Z   CARGO_HOME: /home/jswift/.cargo
2025-11-07T19:40:23.8158362Z ##[endgroup]
2025-11-07T19:40:23.8671796Z ##[group]Run : disable incremental compilation
2025-11-07T19:40:23.8672192Z [36;1m: disable incremental compilation[0m
2025-11-07T19:40:23.8672814Z [36;1mif [ -z "${CARGO_INCREMENTAL+set}" ]; then[0m
2025-11-07T19:40:23.8673221Z [36;1m  echo CARGO_INCREMENTAL=0 >> $GITHUB_ENV[0m
2025-11-07T19:40:23.8675822Z [36;1mfi[0m
2025-11-07T19:40:23.8712204Z shell: /usr/bin/bash --noprofile --norc -e -o pipefail {0}
2025-11-07T19:40:23.8712635Z env:
2025-11-07T19:40:23.8712878Z   CARGO_HOME: /home/jswift/.cargo
2025-11-07T19:40:23.8713193Z ##[endgroup]
2025-11-07T19:40:23.8798281Z ##[group]Run : enable colors in Cargo output
2025-11-07T19:40:23.8799171Z [36;1m: enable colors in Cargo output[0m
2025-11-07T19:40:23.8799510Z [36;1mif [ -z "${CARGO_TERM_COLOR+set}" ]; then[0m
2025-11-07T19:40:23.8799873Z [36;1m  echo CARGO_TERM_COLOR=always >> $GITHUB_ENV[0m
2025-11-07T19:40:23.8800184Z [36;1mfi[0m
2025-11-07T19:40:23.8830408Z shell: /usr/bin/bash --noprofile --norc -e -o pipefail {0}
2025-11-07T19:40:23.8830799Z env:
2025-11-07T19:40:23.8831025Z   CARGO_HOME: /home/jswift/.cargo
2025-11-07T19:40:23.8831319Z   CARGO_INCREMENTAL: 0
2025-11-07T19:40:23.8831557Z ##[endgroup]
2025-11-07T19:40:23.8913184Z ##[group]Run : enable Cargo sparse registry
2025-11-07T19:40:23.8913550Z [36;1m: enable Cargo sparse registry[0m
2025-11-07T19:40:23.8916215Z [36;1m# implemented in 1.66, stabilized in 1.68, made default in 1.70[0m
2025-11-07T19:40:23.8917050Z [36;1mif [ -z "${CARGO_REGISTRIES_CRATES_IO_PROTOCOL+set}" -o -f "/home/jswift/actions-runner-org2/_work/_temp"/.implicit_cargo_registries_crates_io_protocol ]; then[0m
2025-11-07T19:40:23.8918901Z [36;1m  if rustc +1.88.0 --version --verbose | grep -q '^release: 1\.6[89]\.'; then[0m
2025-11-07T19:40:23.8919593Z [36;1m    touch "/home/jswift/actions-runner-org2/_work/_temp"/.implicit_cargo_registries_crates_io_protocol || true[0m
2025-11-07T19:40:23.8920243Z [36;1m    echo CARGO_REGISTRIES_CRATES_IO_PROTOCOL=sparse >> $GITHUB_ENV[0m
2025-11-07T19:40:23.8920785Z [36;1m  elif rustc +1.88.0 --version --verbose | grep -q '^release: 1\.6[67]\.'; then[0m
2025-11-07T19:40:23.8921447Z [36;1m    touch "/home/jswift/actions-runner-org2/_work/_temp"/.implicit_cargo_registries_crates_io_protocol || true[0m
2025-11-07T19:40:23.8922085Z [36;1m    echo CARGO_REGISTRIES_CRATES_IO_PROTOCOL=git >> $GITHUB_ENV[0m
2025-11-07T19:40:23.8922461Z [36;1m  fi[0m
2025-11-07T19:40:23.8922670Z [36;1mfi[0m
2025-11-07T19:40:23.8952724Z shell: /usr/bin/bash --noprofile --norc -e -o pipefail {0}
2025-11-07T19:40:23.8953128Z env:
2025-11-07T19:40:23.8953355Z   CARGO_HOME: /home/jswift/.cargo
2025-11-07T19:40:23.8953650Z   CARGO_INCREMENTAL: 0
2025-11-07T19:40:23.8953905Z   CARGO_TERM_COLOR: always
2025-11-07T19:40:23.8954171Z ##[endgroup]
2025-11-07T19:40:23.9453299Z ##[group]Run : work around spurious network errors in curl 8.0
2025-11-07T19:40:23.9453797Z [36;1m: work around spurious network errors in curl 8.0[0m
2025-11-07T19:40:23.9455996Z [36;1m# https://rust-lang.zulipchat.com/#narrow/stream/246057-t-cargo/topic/timeout.20investigation[0m
2025-11-07T19:40:23.9456675Z [36;1mif rustc +1.88.0 --version --verbose | grep -q '^release: 1\.7[01]\.'; then[0m
2025-11-07T19:40:23.9457175Z [36;1m  echo CARGO_HTTP_MULTIPLEXING=false >> $GITHUB_ENV[0m
2025-11-07T19:40:23.9457523Z [36;1mfi[0m
2025-11-07T19:40:23.9487409Z shell: /usr/bin/bash --noprofile --norc -e -o pipefail {0}
2025-11-07T19:40:23.9487837Z env:
2025-11-07T19:40:23.9488198Z   CARGO_HOME: /home/jswift/.cargo
2025-11-07T19:40:23.9488513Z   CARGO_INCREMENTAL: 0
2025-11-07T19:40:23.9488796Z   CARGO_TERM_COLOR: always
2025-11-07T19:40:23.9489071Z ##[endgroup]
2025-11-07T19:40:23.9845456Z ##[group]Run rustc +1.88.0 --version --verbose
2025-11-07T19:40:23.9845839Z [36;1mrustc +1.88.0 --version --verbose[0m
2025-11-07T19:40:23.9874238Z shell: /usr/bin/bash --noprofile --norc -e -o pipefail {0}
2025-11-07T19:40:23.9875249Z env:
2025-11-07T19:40:23.9875490Z   CARGO_HOME: /home/jswift/.cargo
2025-11-07T19:40:23.9875783Z   CARGO_INCREMENTAL: 0
2025-11-07T19:40:23.9876034Z   CARGO_TERM_COLOR: always
2025-11-07T19:40:23.9876289Z ##[endgroup]
2025-11-07T19:40:24.0110176Z rustc 1.88.0 (6b00bc388 2025-06-23)
2025-11-07T19:40:24.0110879Z binary: rustc
2025-11-07T19:40:24.0111508Z commit-hash: 6b00bc3880198600130e1cf62b8f8a93494488cc
2025-11-07T19:40:24.0112660Z commit-date: 2025-06-23
2025-11-07T19:40:24.0113141Z host: x86_64-unknown-linux-gnu
2025-11-07T19:40:24.0116209Z release: 1.88.0
2025-11-07T19:40:24.0116620Z LLVM version: 20.1.5
2025-11-07T19:40:24.1238956Z ##[group]Run actions/cache@v3
2025-11-07T19:40:24.1239351Z with:
2025-11-07T19:40:24.1239632Z   path: ~/.cargo/registry
2025-11-07T19:40:24.1239968Z   key: Linux-cargo-registry-
2025-11-07T19:40:24.1240276Z   enableCrossOsArchive: false
2025-11-07T19:40:24.1240551Z   fail-on-cache-miss: false
2025-11-07T19:40:24.1240808Z   lookup-only: false
2025-11-07T19:40:24.1241035Z env:
2025-11-07T19:40:24.1241248Z   CARGO_HOME: /home/jswift/.cargo
2025-11-07T19:40:24.1241534Z   CARGO_INCREMENTAL: 0
2025-11-07T19:40:24.1241780Z   CARGO_TERM_COLOR: always
2025-11-07T19:40:24.1242033Z ##[endgroup]
2025-11-07T19:40:24.4638976Z Cache not found for input keys: Linux-cargo-registry-
2025-11-07T19:40:24.5800512Z ##[group]Run actions/cache@v3
2025-11-07T19:40:24.5801005Z with:
2025-11-07T19:40:24.5801350Z   path: ~/.cargo/git
2025-11-07T19:40:24.5801744Z   key: Linux-cargo-index-
2025-11-07T19:40:24.5802191Z   enableCrossOsArchive: false
2025-11-07T19:40:24.5802679Z   fail-on-cache-miss: false
2025-11-07T19:40:24.5803121Z   lookup-only: false
2025-11-07T19:40:24.5805973Z env:
2025-11-07T19:40:24.5806335Z   CARGO_HOME: /home/jswift/.cargo
2025-11-07T19:40:24.5806743Z   CARGO_INCREMENTAL: 0
2025-11-07T19:40:24.5806989Z   CARGO_TERM_COLOR: always
2025-11-07T19:40:24.5807241Z ##[endgroup]
2025-11-07T19:40:24.8728264Z Cache not found for input keys: Linux-cargo-index-
2025-11-07T19:40:24.9838632Z ##[group]Run actions/cache@v3
2025-11-07T19:40:24.9839002Z with:
2025-11-07T19:40:24.9839253Z   path: target
2025-11-07T19:40:24.9839529Z   key: Linux-cargo-build-target-
2025-11-07T19:40:24.9839875Z   enableCrossOsArchive: false
2025-11-07T19:40:24.9840203Z   fail-on-cache-miss: false
2025-11-07T19:40:24.9840502Z   lookup-only: false
2025-11-07T19:40:24.9840769Z env:
2025-11-07T19:40:24.9841018Z   CARGO_HOME: /home/jswift/.cargo
2025-11-07T19:40:24.9841367Z   CARGO_INCREMENTAL: 0
2025-11-07T19:40:24.9841653Z   CARGO_TERM_COLOR: always
2025-11-07T19:40:24.9841942Z ##[endgroup]
2025-11-07T19:40:25.2681681Z Cache not found for input keys: Linux-cargo-build-target-
2025-11-07T19:40:25.2774909Z ##[group]Run cargo test --workspace --all-features --verbose
2025-11-07T19:40:25.2775440Z [36;1mcargo test --workspace --all-features --verbose[0m
2025-11-07T19:40:25.2806608Z shell: /usr/bin/bash -e {0}
2025-11-07T19:40:25.2806945Z env:
2025-11-07T19:40:25.2807179Z   CARGO_HOME: /home/jswift/.cargo
2025-11-07T19:40:25.2807632Z   CARGO_INCREMENTAL: 0
2025-11-07T19:40:25.2807951Z   CARGO_TERM_COLOR: always
2025-11-07T19:40:25.2808304Z ##[endgroup]
2025-11-07T19:40:25.3684918Z [1m[32m    Updating[0m crates.io index
2025-11-07T19:40:25.4378658Z [1m[31merror[0m[1m:[0m failed to get `bllvm-node` as a dependency of package `bllvm-sdk v0.1.0 (/home/jswift/actions-runner-org2/_work/bllvm-sdk/bllvm-sdk)`
2025-11-07T19:40:25.4379606Z 
2025-11-07T19:40:25.4379758Z Caused by:
2025-11-07T19:40:25.4380182Z   failed to load source for dependency `bllvm-node`
2025-11-07T19:40:25.4380560Z 
2025-11-07T19:40:25.4380704Z Caused by:
2025-11-07T19:40:25.4381307Z   Unable to update /home/jswift/actions-runner-org2/_work/bllvm-sdk/bllvm-node
2025-11-07T19:40:25.4381848Z 
2025-11-07T19:40:25.4381987Z Caused by:
2025-11-07T19:40:25.4382597Z   failed to read `/home/jswift/actions-runner-org2/_work/bllvm-sdk/bllvm-node/Cargo.toml`
2025-11-07T19:40:25.4383171Z 
2025-11-07T19:40:25.4383307Z Caused by:
2025-11-07T19:40:25.4384123Z   No such file or directory (os error 2)
2025-11-07T19:40:25.4412503Z ##[error]Process completed with exit code 101.
2025-11-07T19:40:25.4529044Z Post job cleanup.
2025-11-07T19:40:25.5619276Z [command]/usr/bin/git version
2025-11-07T19:40:25.5664043Z git version 2.43.0
2025-11-07T19:40:25.5707279Z Copying '/home/jswift/.gitconfig' to '/home/jswift/actions-runner-org2/_work/_temp/fbdcd83b-0bd0-4567-8a4f-0a7a9d7a5e64/.gitconfig'
2025-11-07T19:40:25.5720194Z Temporarily overriding HOME='/home/jswift/actions-runner-org2/_work/_temp/fbdcd83b-0bd0-4567-8a4f-0a7a9d7a5e64' before making global git config changes
2025-11-07T19:40:25.5722113Z Adding repository directory to the temporary git global config as a safe directory
2025-11-07T19:40:25.5726138Z [command]/usr/bin/git config --global --add safe.directory /home/jswift/actions-runner-org2/_work/bllvm-sdk/bllvm-sdk
2025-11-07T19:40:25.5770738Z [command]/usr/bin/git config --local --name-only --get-regexp core\.sshCommand
2025-11-07T19:40:25.5818107Z [command]/usr/bin/git submodule foreach --recursive sh -c "git config --local --name-only --get-regexp 'core\.sshCommand' && git config --local --unset-all 'core.sshCommand' || :"
2025-11-07T19:40:25.6130853Z [command]/usr/bin/git config --local --name-only --get-regexp http\.https\:\/\/github\.com\/\.extraheader
2025-11-07T19:40:25.6165725Z http.https://github.com/.extraheader
2025-11-07T19:40:25.6185008Z [command]/usr/bin/git config --local --unset-all http.https://github.com/.extraheader
2025-11-07T19:40:25.6239778Z [command]/usr/bin/git submodule foreach --recursive sh -c "git config --local --name-only --get-regexp 'http\.https\:\/\/github\.com\/\.extraheader' && git config --local --unset-all 'http.https://github.com/.extraheader' || :"
2025-11-07T19:40:25.6634607Z A job completed hook has been configured by the self-hosted runner administrator
2025-11-07T19:40:25.6683549Z ##[group]Run '/home/jswift/actions-runner-org2/cleanup-hooks/job-completed.sh'
2025-11-07T19:40:25.6712786Z shell: /usr/bin/bash --noprofile --norc -e -o pipefail {0}
2025-11-07T19:40:25.6713168Z ##[endgroup]
2025-11-07T19:40:25.6781915Z Job completed: Fri Nov  7 07:40:25 PM UTC 2025
2025-11-07T19:40:25.6811507Z Available disk space: 9.6G
2025-11-07T19:40:25.6813008Z Cleaning up after job completion...
2025-11-07T19:40:25.7842731Z Cleanup completed. Available disk space: 9.6G
2025-11-07T19:40:25.7891757Z Cleaning up orphan processes
