2025-11-09T23:36:16.4341055Z ##[group]Run dtolnay/rust-toolchain@master
2025-11-09T23:36:16.4341388Z with:
2025-11-09T23:36:16.4341564Z   toolchain: 1.88.0
2025-11-09T23:36:16.4341759Z env:
2025-11-09T23:36:16.4341931Z   CARGO_TERM_COLOR: always
2025-11-09T23:36:16.4342134Z ##[endgroup]
2025-11-09T23:36:16.4458475Z ##[group]Run : parse toolchain version
2025-11-09T23:36:16.4458818Z [36;1m: parse toolchain version[0m
2025-11-09T23:36:16.4459088Z [36;1mif [[ -z $toolchain ]]; then[0m
2025-11-09T23:36:16.4459567Z [36;1m  # GitHub does not enforce `required: true` inputs itself. https://github.com/actions/runner/issues/1070[0m
2025-11-09T23:36:16.4460073Z [36;1m  echo "'toolchain' is a required input" >&2[0m
2025-11-09T23:36:16.4460361Z [36;1m  exit 1[0m
2025-11-09T23:36:16.4460666Z [36;1melif [[ $toolchain =~ ^stable' '[0-9]+' '(year|month|week|day)s?' 'ago$ ]]; then[0m
2025-11-09T23:36:16.4461043Z [36;1m  if [[ Linux == macOS ]]; then[0m
2025-11-09T23:36:16.4461717Z [36;1m    echo "toolchain=1.$((($(date -v-$(sed 's/stable \([0-9]*\) \(.\).*/\1\2/' <<< $toolchain) +%s)/60/60/24-16569)/7/6))" >> $GITHUB_OUTPUT[0m
2025-11-09T23:36:16.4462249Z [36;1m  else[0m
2025-11-09T23:36:16.4462620Z [36;1m    echo "toolchain=1.$((($(date --date "${toolchain#stable }" +%s)/60/60/24-16569)/7/6))" >> $GITHUB_OUTPUT[0m
2025-11-09T23:36:16.4463033Z [36;1m  fi[0m
2025-11-09T23:36:16.4463387Z [36;1melif [[ $toolchain =~ ^stable' 'minus' '[0-9]+' 'releases?$ ]]; then[0m
2025-11-09T23:36:16.4463874Z [36;1m  echo "toolchain=1.$((($(date +%s)/60/60/24-16569)/7/6-${toolchain//[^0-9]/}))" >> $GITHUB_OUTPUT[0m
2025-11-09T23:36:16.4464471Z [36;1melif [[ $toolchain =~ ^1\.[0-9]+$ ]]; then[0m
2025-11-09T23:36:16.4466803Z [36;1m  echo "toolchain=1.$((i=${toolchain#1.}, c=($(date +%s)/60/60/24-16569)/7/6, i+9*i*(10*i<=c)+90*i*(100*i<=c)))" >> $GITHUB_OUTPUT[0m
2025-11-09T23:36:16.4467439Z [36;1melse[0m
2025-11-09T23:36:16.4467671Z [36;1m  echo "toolchain=$toolchain" >> $GITHUB_OUTPUT[0m
2025-11-09T23:36:16.4467992Z [36;1mfi[0m
2025-11-09T23:36:16.4498700Z shell: /usr/bin/bash --noprofile --norc -e -o pipefail {0}
2025-11-09T23:36:16.4499034Z env:
2025-11-09T23:36:16.4499217Z   CARGO_TERM_COLOR: always
2025-11-09T23:36:16.4499424Z   toolchain: 1.88.0
2025-11-09T23:36:16.4499610Z ##[endgroup]
2025-11-09T23:36:16.4627175Z ##[group]Run : construct rustup command line
2025-11-09T23:36:16.4627505Z [36;1m: construct rustup command line[0m
2025-11-09T23:36:16.4627916Z [36;1mecho "targets=$(for t in ${targets//,/ }; do echo -n ' --target' $t; done)" >> $GITHUB_OUTPUT[0m
2025-11-09T23:36:16.4628486Z [36;1mecho "components=$(for c in ${components//,/ }; do echo -n ' --component' $c; done)" >> $GITHUB_OUTPUT[0m
2025-11-09T23:36:16.4628927Z [36;1mecho "downgrade=" >> $GITHUB_OUTPUT[0m
2025-11-09T23:36:16.4656265Z shell: /usr/bin/bash --noprofile --norc -e -o pipefail {0}
2025-11-09T23:36:16.4656596Z env:
2025-11-09T23:36:16.4656776Z   CARGO_TERM_COLOR: always
2025-11-09T23:36:16.4657004Z   targets: 
2025-11-09T23:36:16.4657178Z   components: 
2025-11-09T23:36:16.4657356Z ##[endgroup]
2025-11-09T23:36:16.4748633Z ##[group]Run : set $CARGO_HOME
2025-11-09T23:36:16.4748895Z [36;1m: set $CARGO_HOME[0m
2025-11-09T23:36:16.4749200Z [36;1mecho CARGO_HOME=${CARGO_HOME:-"$HOME/.cargo"} >> $GITHUB_ENV[0m
2025-11-09T23:36:16.4778928Z shell: /usr/bin/bash --noprofile --norc -e -o pipefail {0}
2025-11-09T23:36:16.4801211Z env:
2025-11-09T23:36:16.4801540Z   CARGO_TERM_COLOR: always
2025-11-09T23:36:16.4801915Z ##[endgroup]
2025-11-09T23:36:16.4893529Z ##[group]Run : install rustup if needed
2025-11-09T23:36:16.4893836Z [36;1m: install rustup if needed[0m
2025-11-09T23:36:16.4894106Z [36;1mif ! command -v rustup &>/dev/null; then[0m
2025-11-09T23:36:16.4895060Z [36;1m  curl --proto '=https' --tlsv1.2 --retry 10 --retry-connrefused --location --silent --show-error --fail https://sh.rustup.rs | sh -s -- --default-toolchain none -y[0m
2025-11-09T23:36:16.4895751Z [36;1m  echo "$CARGO_HOME/bin" >> $GITHUB_PATH[0m
2025-11-09T23:36:16.4896025Z [36;1mfi[0m
2025-11-09T23:36:16.4922282Z shell: /usr/bin/bash --noprofile --norc -e -o pipefail {0}
2025-11-09T23:36:16.4922617Z env:
2025-11-09T23:36:16.4922798Z   CARGO_TERM_COLOR: always
2025-11-09T23:36:16.4923027Z   CARGO_HOME: /home/jswift/.cargo
2025-11-09T23:36:16.4923248Z ##[endgroup]
2025-11-09T23:36:16.5980344Z info: downloading installer
2025-11-09T23:36:16.9733443Z warn: It looks like you have an existing rustup settings file at:
2025-11-09T23:36:16.9734168Z warn: /home/jswift/.rustup/settings.toml
2025-11-09T23:36:16.9736901Z warn: Rustup will install the default toolchain as specified in the settings file,
2025-11-09T23:36:16.9737708Z warn: instead of the one inferred from the default host triple.
2025-11-09T23:36:17.0011405Z info: profile set to 'default'
2025-11-09T23:36:17.0011854Z 
2025-11-09T23:36:17.0012822Z info: default host triple is x86_64-unknown-linux-gnu
2025-11-09T23:36:17.0013413Z info: skipping toolchain installation
2025-11-09T23:36:17.0013968Z 
2025-11-09T23:36:17.0014537Z Rust is installed now. Great!
2025-11-09T23:36:17.0015763Z 
2025-11-09T23:36:17.0016287Z To get started you may need to restart your current shell.
2025-11-09T23:36:17.0017147Z This would reload your PATH environment variable to include
2025-11-09T23:36:17.0019301Z Cargo's bin directory ($HOME/.cargo/bin).
2025-11-09T23:36:17.0019718Z 
2025-11-09T23:36:17.0019986Z To configure your current shell, you need to source
2025-11-09T23:36:17.0020699Z the corresponding env file under $HOME/.cargo.
2025-11-09T23:36:17.0021166Z 
2025-11-09T23:36:17.0021607Z This is usually done by running one of the following (note the leading DOT):
2025-11-09T23:36:17.0022655Z . "$HOME/.cargo/env"            # For sh/bash/zsh/ash/dash/pdksh
2025-11-09T23:36:17.0023370Z source "$HOME/.cargo/env.fish"  # For fish
2025-11-09T23:36:17.0024023Z source $"($nu.home-path)/.cargo/env.nu"  # For nushell
2025-11-09T23:36:17.0202594Z ##[group]Run rustup toolchain install 1.88.0 --profile minimal --no-self-update
2025-11-09T23:36:17.0203163Z [36;1mrustup toolchain install 1.88.0 --profile minimal --no-self-update[0m
2025-11-09T23:36:17.0236000Z shell: /usr/bin/bash --noprofile --norc -e -o pipefail {0}
2025-11-09T23:36:17.0236323Z env:
2025-11-09T23:36:17.0236507Z   CARGO_TERM_COLOR: always
2025-11-09T23:36:17.0236730Z   CARGO_HOME: /home/jswift/.cargo
2025-11-09T23:36:17.0236964Z ##[endgroup]
2025-11-09T23:36:17.1167454Z info: syncing channel updates for '1.88.0-x86_64-unknown-linux-gnu'
2025-11-09T23:36:17.1360204Z 
2025-11-09T23:36:17.1483570Z   1.88.0-x86_64-unknown-linux-gnu unchanged - rustc 1.88.0 (6b00bc388 2025-06-23)
2025-11-09T23:36:17.1484553Z 
2025-11-09T23:36:17.1546370Z ##[group]Run rustup default 1.88.0
2025-11-09T23:36:17.1546686Z [36;1mrustup default 1.88.0[0m
2025-11-09T23:36:17.1574252Z shell: /usr/bin/bash --noprofile --norc -e -o pipefail {0}
2025-11-09T23:36:17.1575181Z env:
2025-11-09T23:36:17.1575384Z   CARGO_TERM_COLOR: always
2025-11-09T23:36:17.1575646Z   CARGO_HOME: /home/jswift/.cargo
2025-11-09T23:36:17.1575902Z ##[endgroup]
2025-11-09T23:36:17.1692756Z info: using existing install for '1.88.0-x86_64-unknown-linux-gnu'
2025-11-09T23:36:17.2073400Z info: default toolchain set to '1.88.0-x86_64-unknown-linux-gnu'
2025-11-09T23:36:17.2074122Z 
2025-11-09T23:36:17.2191159Z   1.88.0-x86_64-unknown-linux-gnu unchanged - rustc 1.88.0 (6b00bc388 2025-06-23)
2025-11-09T23:36:17.2191909Z 
2025-11-09T23:36:17.2194700Z info: note that the toolchain '1.88.0-x86_64-unknown-linux-gnu' is currently in use (overridden by '/home/jswift/actions-runner-org2/_work/bllvm-consensus/bllvm-consensus/rust-toolchain.toml')
2025-11-09T23:36:17.2250149Z ##[group]Run : create cachekey
2025-11-09T23:36:17.2250454Z [36;1m: create cachekey[0m
2025-11-09T23:36:17.2250937Z [36;1mDATE=$(rustc +1.88.0 --version --verbose | sed -ne 's/^commit-date: \(20[0-9][0-9]\)-\([01][0-9]\)-\([0-3][0-9]\)$/\1\2\3/p')[0m
2025-11-09T23:36:17.2251585Z [36;1mHASH=$(rustc +1.88.0 --version --verbose | sed -ne 's/^commit-hash: //p')[0m
2025-11-09T23:36:17.2252086Z [36;1mecho "cachekey=$(echo $DATE$HASH | head -c12)" >> $GITHUB_OUTPUT[0m
2025-11-09T23:36:17.2281666Z shell: /usr/bin/bash --noprofile --norc -e -o pipefail {0}
2025-11-09T23:36:17.2281999Z env:
2025-11-09T23:36:17.2282188Z   CARGO_TERM_COLOR: always
2025-11-09T23:36:17.2282415Z   CARGO_HOME: /home/jswift/.cargo
2025-11-09T23:36:17.2282653Z ##[endgroup]
2025-11-09T23:36:17.2787637Z ##[group]Run : disable incremental compilation
2025-11-09T23:36:17.2788034Z [36;1m: disable incremental compilation[0m
2025-11-09T23:36:17.2788369Z [36;1mif [ -z "${CARGO_INCREMENTAL+set}" ]; then[0m
2025-11-09T23:36:17.2788709Z [36;1m  echo CARGO_INCREMENTAL=0 >> $GITHUB_ENV[0m
2025-11-09T23:36:17.2788998Z [36;1mfi[0m
2025-11-09T23:36:17.2820785Z shell: /usr/bin/bash --noprofile --norc -e -o pipefail {0}
2025-11-09T23:36:17.2821171Z env:
2025-11-09T23:36:17.2821373Z   CARGO_TERM_COLOR: always
2025-11-09T23:36:17.2821641Z   CARGO_HOME: /home/jswift/.cargo
2025-11-09T23:36:17.2822127Z ##[endgroup]
2025-11-09T23:36:17.2912604Z ##[group]Run : enable colors in Cargo output
2025-11-09T23:36:17.2912949Z [36;1m: enable colors in Cargo output[0m
2025-11-09T23:36:17.2913267Z [36;1mif [ -z "${CARGO_TERM_COLOR+set}" ]; then[0m
2025-11-09T23:36:17.2913604Z [36;1m  echo CARGO_TERM_COLOR=always >> $GITHUB_ENV[0m
2025-11-09T23:36:17.2913900Z [36;1mfi[0m
2025-11-09T23:36:17.2942276Z shell: /usr/bin/bash --noprofile --norc -e -o pipefail {0}
2025-11-09T23:36:17.2942628Z env:
2025-11-09T23:36:17.2942819Z   CARGO_TERM_COLOR: always
2025-11-09T23:36:17.2943066Z   CARGO_HOME: /home/jswift/.cargo
2025-11-09T23:36:17.2943317Z   CARGO_INCREMENTAL: 0
2025-11-09T23:36:17.2943531Z ##[endgroup]
2025-11-09T23:36:17.3013601Z ##[group]Run : enable Cargo sparse registry
2025-11-09T23:36:17.3013946Z [36;1m: enable Cargo sparse registry[0m
2025-11-09T23:36:17.3014472Z [36;1m# implemented in 1.66, stabilized in 1.68, made default in 1.70[0m
2025-11-09T23:36:17.3015262Z [36;1mif [ -z "${CARGO_REGISTRIES_CRATES_IO_PROTOCOL+set}" -o -f "/home/jswift/actions-runner-org2/_work/_temp"/.implicit_cargo_registries_crates_io_protocol ]; then[0m
2025-11-09T23:36:17.3016075Z [36;1m  if rustc +1.88.0 --version --verbose | grep -q '^release: 1\.6[89]\.'; then[0m
2025-11-09T23:36:17.3018531Z [36;1m    touch "/home/jswift/actions-runner-org2/_work/_temp"/.implicit_cargo_registries_crates_io_protocol || true[0m
2025-11-09T23:36:17.3019134Z [36;1m    echo CARGO_REGISTRIES_CRATES_IO_PROTOCOL=sparse >> $GITHUB_ENV[0m
2025-11-09T23:36:17.3019602Z [36;1m  elif rustc +1.88.0 --version --verbose | grep -q '^release: 1\.6[67]\.'; then[0m
2025-11-09T23:36:17.3020210Z [36;1m    touch "/home/jswift/actions-runner-org2/_work/_temp"/.implicit_cargo_registries_crates_io_protocol || true[0m
2025-11-09T23:36:17.3020795Z [36;1m    echo CARGO_REGISTRIES_CRATES_IO_PROTOCOL=git >> $GITHUB_ENV[0m
2025-11-09T23:36:17.3021126Z [36;1m  fi[0m
2025-11-09T23:36:17.3021298Z [36;1mfi[0m
2025-11-09T23:36:17.3048340Z shell: /usr/bin/bash --noprofile --norc -e -o pipefail {0}
2025-11-09T23:36:17.3048668Z env:
2025-11-09T23:36:17.3048853Z   CARGO_TERM_COLOR: always
2025-11-09T23:36:17.3049086Z   CARGO_HOME: /home/jswift/.cargo
2025-11-09T23:36:17.3049327Z   CARGO_INCREMENTAL: 0
2025-11-09T23:36:17.3049530Z ##[endgroup]
2025-11-09T23:36:17.3555926Z ##[group]Run : work around spurious network errors in curl 8.0
2025-11-09T23:36:17.3556391Z [36;1m: work around spurious network errors in curl 8.0[0m
2025-11-09T23:36:17.3556949Z [36;1m# https://rust-lang.zulipchat.com/#narrow/stream/246057-t-cargo/topic/timeout.20investigation[0m
2025-11-09T23:36:17.3557548Z [36;1mif rustc +1.88.0 --version --verbose | grep -q '^release: 1\.7[01]\.'; then[0m
2025-11-09T23:36:17.3557979Z [36;1m  echo CARGO_HTTP_MULTIPLEXING=false >> $GITHUB_ENV[0m
2025-11-09T23:36:17.3558277Z [36;1mfi[0m
2025-11-09T23:36:17.3587504Z shell: /usr/bin/bash --noprofile --norc -e -o pipefail {0}
2025-11-09T23:36:17.3587882Z env:
2025-11-09T23:36:17.3588137Z   CARGO_TERM_COLOR: always
2025-11-09T23:36:17.3588369Z   CARGO_HOME: /home/jswift/.cargo
2025-11-09T23:36:17.3588827Z   CARGO_INCREMENTAL: 0
2025-11-09T23:36:17.3589030Z ##[endgroup]
2025-11-09T23:36:17.3932487Z ##[group]Run rustc +1.88.0 --version --verbose
2025-11-09T23:36:17.3932902Z [36;1mrustc +1.88.0 --version --verbose[0m
2025-11-09T23:36:17.3960178Z shell: /usr/bin/bash --noprofile --norc -e -o pipefail {0}
2025-11-09T23:36:17.3960526Z env:
2025-11-09T23:36:17.3960719Z   CARGO_TERM_COLOR: always
2025-11-09T23:36:17.3960959Z   CARGO_HOME: /home/jswift/.cargo
2025-11-09T23:36:17.3961218Z   CARGO_INCREMENTAL: 0
2025-11-09T23:36:17.3961431Z ##[endgroup]
2025-11-09T23:36:17.4253862Z rustc 1.88.0 (6b00bc388 2025-06-23)
2025-11-09T23:36:17.4254802Z binary: rustc
2025-11-09T23:36:17.4255577Z commit-hash: 6b00bc3880198600130e1cf62b8f8a93494488cc
2025-11-09T23:36:17.4256245Z commit-date: 2025-06-23
2025-11-09T23:36:17.4256795Z host: x86_64-unknown-linux-gnu
2025-11-09T23:36:17.4257349Z release: 1.88.0
2025-11-09T23:36:17.4258210Z LLVM version: 20.1.5
