2025-11-09T20:09:14.7878182Z Current runner version: '2.329.0'
2025-11-09T20:09:14.7886965Z Runner name: 'linode-runner-02'
2025-11-09T20:09:14.7888186Z Runner group name: 'default'
2025-11-09T20:09:14.7889049Z Machine name: 'localhost'
2025-11-09T20:09:14.7892070Z ##[group]GITHUB_TOKEN Permissions
2025-11-09T20:09:14.7895523Z Contents: read
2025-11-09T20:09:14.7896158Z Metadata: read
2025-11-09T20:09:14.7896760Z Packages: read
2025-11-09T20:09:14.7897386Z ##[endgroup]
2025-11-09T20:09:14.7899613Z Secret source: Actions
2025-11-09T20:09:14.7900396Z Prepare workflow directory
2025-11-09T20:09:14.8745595Z Prepare all required actions
2025-11-09T20:09:14.8816176Z Getting action download info
2025-11-09T20:09:15.2254295Z Download action repository 'actions/checkout@v4' (SHA:08eba0b27e820071cde6df949e0beb9ba4906955)
2025-11-09T20:09:15.6719261Z Download action repository 'dtolnay/rust-toolchain@master' (SHA:6d653acede28d24f02e3cd41383119e8b1b35921)
2025-11-09T20:09:15.9070983Z Download action repository 'actions/cache@v3' (SHA:6f8efc29b200d32929f49075959781ed54ec270c)
2025-11-09T20:09:16.5594729Z Complete job name: Documentation
2025-11-09T20:09:16.6245449Z A job started hook has been configured by the self-hosted runner administrator
2025-11-09T20:09:16.6452123Z ##[group]Run '/home/jswift/actions-runner-org2/cleanup-hooks/job-started.sh'
2025-11-09T20:09:16.6489081Z shell: /usr/bin/bash --noprofile --norc -e -o pipefail {0}
2025-11-09T20:09:16.6492425Z ##[endgroup]
2025-11-09T20:09:16.6694852Z Job started: Sun Nov  9 08:09:16 PM UTC 2025
2025-11-09T20:09:16.6712901Z Available disk space: 11G
2025-11-09T20:09:16.6748254Z Disk usage is 80% - no cleanup needed
2025-11-09T20:09:16.7087273Z ##[group]Run actions/checkout@v4
2025-11-09T20:09:16.7088666Z with:
2025-11-09T20:09:16.7089868Z   repository: BTCDecoded/bllvm-consensus
2025-11-09T20:09:16.7091253Z   token: ***
2025-11-09T20:09:16.7092872Z   ssh-strict: true
2025-11-09T20:09:16.7093662Z   ssh-user: git
2025-11-09T20:09:16.7094714Z   persist-credentials: true
2025-11-09T20:09:16.7096007Z   clean: true
2025-11-09T20:09:16.7096842Z   sparse-checkout-cone-mode: true
2025-11-09T20:09:16.7097798Z   fetch-depth: 1
2025-11-09T20:09:16.7098570Z   fetch-tags: false
2025-11-09T20:09:16.7099348Z   show-progress: true
2025-11-09T20:09:16.7100138Z   lfs: false
2025-11-09T20:09:16.7100849Z   submodules: false
2025-11-09T20:09:16.7101642Z   set-safe-directory: true
2025-11-09T20:09:16.7102510Z env:
2025-11-09T20:09:16.7103202Z   CARGO_TERM_COLOR: always
2025-11-09T20:09:16.7104034Z ##[endgroup]
2025-11-09T20:09:16.8562148Z Syncing repository: BTCDecoded/bllvm-consensus
2025-11-09T20:09:16.8566837Z ##[group]Getting Git version info
2025-11-09T20:09:16.8569936Z Working directory is '/home/jswift/actions-runner-org2/_work/bllvm-consensus/bllvm-consensus'
2025-11-09T20:09:16.8574057Z [command]/usr/bin/git version
2025-11-09T20:09:16.8578196Z git version 2.43.0
2025-11-09T20:09:16.8606801Z ##[endgroup]
2025-11-09T20:09:16.8628006Z Copying '/home/jswift/.gitconfig' to '/home/jswift/actions-runner-org2/_work/_temp/6a44849a-91fd-404e-885e-95a5d757cd75/.gitconfig'
2025-11-09T20:09:16.8640171Z Temporarily overriding HOME='/home/jswift/actions-runner-org2/_work/_temp/6a44849a-91fd-404e-885e-95a5d757cd75' before making global git config changes
2025-11-09T20:09:16.8643668Z Adding repository directory to the temporary git global config as a safe directory
2025-11-09T20:09:16.8653937Z [command]/usr/bin/git config --global --add safe.directory /home/jswift/actions-runner-org2/_work/bllvm-consensus/bllvm-consensus
2025-11-09T20:09:16.8696328Z [command]/usr/bin/git config --local --get remote.origin.url
2025-11-09T20:09:16.8718835Z https://github.com/BTCDecoded/bllvm-consensus
2025-11-09T20:09:16.8736900Z ##[group]Removing previously created refs, to avoid conflicts
2025-11-09T20:09:16.8740389Z [command]/usr/bin/git rev-parse --symbolic-full-name --verify --quiet HEAD
2025-11-09T20:09:16.8763629Z refs/heads/main
2025-11-09T20:09:16.8775122Z [command]/usr/bin/git checkout --detach
2025-11-09T20:09:17.0121313Z HEAD is now at c28a36e fix: Resolve all compiler warnings
2025-11-09T20:09:17.0126746Z M	Cargo.lock
2025-11-09T20:09:17.0127557Z M	target/.rustc_info.json
2025-11-09T20:09:17.0188592Z [command]/usr/bin/git branch --delete --force main
2025-11-09T20:09:17.0222519Z Deleted branch main (was c28a36e).
2025-11-09T20:09:17.0268359Z ##[endgroup]
2025-11-09T20:09:17.0269328Z [command]/usr/bin/git submodule status
2025-11-09T20:09:17.0547207Z ##[group]Cleaning the repository
2025-11-09T20:09:17.0550313Z [command]/usr/bin/git clean -ffdx
2025-11-09T20:09:17.0777658Z Removing target/.rustdoc_fingerprint.json
2025-11-09T20:09:17.0782231Z Removing target/debug/.fingerprint/addr2line-d5ebf1990a8a4e5f/
2025-11-09T20:09:17.0785154Z Removing target/debug/.fingerprint/adler2-af5b0e47f1b187b9/
2025-11-09T20:09:17.0787106Z Removing target/debug/.fingerprint/anes-a0919dfd93f50712/
2025-11-09T20:09:17.0789015Z Removing target/debug/.fingerprint/anstyle-c4f390893da93688/
2025-11-09T20:09:17.0790938Z Removing target/debug/.fingerprint/anyhow-059da4f0d7c55a8b/
2025-11-09T20:09:17.0792945Z Removing target/debug/.fingerprint/anyhow-95fc8231af5535f8/
2025-11-09T20:09:17.0795491Z Removing target/debug/.fingerprint/anyhow-9d430c1379eea21c/
2025-11-09T20:09:17.0797045Z Removing target/debug/.fingerprint/anyhow-e6cbf2b1ef9f5a17/
2025-11-09T20:09:17.0798502Z Removing target/debug/.fingerprint/autocfg-9280f9c2f723f569/
2025-11-09T20:09:17.0799983Z Removing target/debug/.fingerprint/backtrace-50a1387f50507b54/
2025-11-09T20:09:17.0801433Z Removing target/debug/.fingerprint/base64-a27c42143a7ea7b5/
2025-11-09T20:09:17.0803168Z Removing target/debug/.fingerprint/bincode-becc14c21199bb9c/
2025-11-09T20:09:17.0804777Z Removing target/debug/.fingerprint/bincode-f1324220296ae161/
2025-11-09T20:09:17.0806241Z Removing target/debug/.fingerprint/bit-set-46b4e6ac82f2d6c2/
2025-11-09T20:09:17.0807685Z Removing target/debug/.fingerprint/bit-vec-f5e51f12b3cb6dc0/
2025-11-09T20:09:17.0809222Z Removing target/debug/.fingerprint/bitcoin_hashes-afede1b96b464164/
2025-11-09T20:09:17.0810853Z Removing target/debug/.fingerprint/bitcoin_hashes-eaa237cf5b3503ad/
2025-11-09T20:09:17.0812415Z Removing target/debug/.fingerprint/bitflags-896e2bfd2a1fb9d6/
2025-11-09T20:09:17.0814840Z Removing target/debug/.fingerprint/bllvm-consensus-03c178ea49b5e33f/
2025-11-09T20:09:17.0816526Z Removing target/debug/.fingerprint/bllvm-consensus-07951ce7bc79a354/
2025-11-09T20:09:17.0818176Z Removing target/debug/.fingerprint/bllvm-consensus-0d8f15dd1080fc85/
2025-11-09T20:09:17.0819870Z Removing target/debug/.fingerprint/bllvm-consensus-0e38563dd38e912b/
2025-11-09T20:09:17.0821546Z Removing target/debug/.fingerprint/bllvm-consensus-107189dc35077b3a/
2025-11-09T20:09:17.0823197Z Removing target/debug/.fingerprint/bllvm-consensus-1c0c0f1d9f294905/
2025-11-09T20:09:17.0825270Z Removing target/debug/.fingerprint/bllvm-consensus-1cb97f9101c6b430/
2025-11-09T20:09:17.0826995Z Removing target/debug/.fingerprint/bllvm-consensus-35b87da7fd33256a/
2025-11-09T20:09:17.0828685Z Removing target/debug/.fingerprint/bllvm-consensus-38d87f68fd573e96/
2025-11-09T20:09:17.0831978Z Removing target/debug/.fingerprint/bllvm-consensus-4281047bd249c94a/
2025-11-09T20:09:17.0833643Z Removing target/debug/.fingerprint/bllvm-consensus-45c598deb2f166a5/
2025-11-09T20:09:17.0835442Z Removing target/debug/.fingerprint/bllvm-consensus-4769854aa97d04c4/
2025-11-09T20:09:17.0837118Z Removing target/debug/.fingerprint/bllvm-consensus-482a7fb1905cd20b/
2025-11-09T20:09:17.0838794Z Removing target/debug/.fingerprint/bllvm-consensus-488bb6d31439a8b3/
2025-11-09T20:09:17.0841837Z Removing target/debug/.fingerprint/bllvm-consensus-4cf6a1b9d2623d6b/
2025-11-09T20:09:17.0843517Z Removing target/debug/.fingerprint/bllvm-consensus-71a2478a1f4b1c7f/
2025-11-09T20:09:17.0845307Z Removing target/debug/.fingerprint/bllvm-consensus-770970a17a236ded/
2025-11-09T20:09:17.0846974Z Removing target/debug/.fingerprint/bllvm-consensus-82b943b84f771867/
2025-11-09T20:09:17.0848635Z Removing target/debug/.fingerprint/bllvm-consensus-93ee1310d6f594ae/
2025-11-09T20:09:17.0850537Z Removing target/debug/.fingerprint/bllvm-consensus-9809b76fea622d79/
2025-11-09T20:09:17.0852202Z Removing target/debug/.fingerprint/bllvm-consensus-b1795dea432e56e7/
2025-11-09T20:09:17.0854672Z Removing target/debug/.fingerprint/bllvm-consensus-b946a86fc6ffc686/
2025-11-09T20:09:17.0856349Z Removing target/debug/.fingerprint/bllvm-consensus-bbd73f236cf56ff5/
2025-11-09T20:09:17.0858023Z Removing target/debug/.fingerprint/bllvm-consensus-c6165610ce56201b/
2025-11-09T20:09:17.0859947Z Removing target/debug/.fingerprint/bllvm-consensus-d050a87a4e5aea67/
2025-11-09T20:09:17.0861629Z Removing target/debug/.fingerprint/bllvm-consensus-d675b2ce38731eb5/
2025-11-09T20:09:17.0864557Z Removing target/debug/.fingerprint/bllvm-consensus-db7129cdcf3be648/
2025-11-09T20:09:17.0866467Z Removing target/debug/.fingerprint/bllvm-consensus-f79a795aa50c0de6/
2025-11-09T20:09:17.0868147Z Removing target/debug/.fingerprint/bllvm-consensus-fa3407339f6cc364/
2025-11-09T20:09:17.0871183Z Removing target/debug/.fingerprint/block-buffer-237124e17683fddb/
2025-11-09T20:09:17.0873996Z Removing target/debug/.fingerprint/block-buffer-e24311a7f03c980c/
2025-11-09T20:09:17.0876812Z Removing target/debug/.fingerprint/bolero-61e4b405f0d99475/
2025-11-09T20:09:17.0879445Z Removing target/debug/.fingerprint/bolero-engine-7a6a62618e83236d/
2025-11-09T20:09:17.0882515Z Removing target/debug/.fingerprint/bolero-generator-derive-c68fbc97a38d0e7b/
2025-11-09T20:09:17.0885892Z Removing target/debug/.fingerprint/bolero-generator-f52625225236cff7/
2025-11-09T20:09:17.0888611Z Removing target/debug/.fingerprint/bytes-e9fddd1bd45d8900/
2025-11-09T20:09:17.0891289Z Removing target/debug/.fingerprint/cast-93991a378c062ce2/
2025-11-09T20:09:17.0894704Z Removing target/debug/.fingerprint/cc-7d5b8c3e1f4cbfcd/
2025-11-09T20:09:17.0897388Z Removing target/debug/.fingerprint/cfg-if-5efacd4c40f67578/
2025-11-09T20:09:17.0899761Z Removing target/debug/.fingerprint/cfg-if-fc0dab425a2b74c4/
2025-11-09T20:09:17.0902323Z Removing target/debug/.fingerprint/ciborium-b9b3c5892a813a85/
2025-11-09T20:09:17.0905206Z Removing target/debug/.fingerprint/ciborium-io-d4a5cc50b6903de8/
2025-11-09T20:09:17.0907922Z Removing target/debug/.fingerprint/ciborium-ll-b0ffa1280b2c5942/
2025-11-09T20:09:17.0912010Z Removing target/debug/.fingerprint/clap-fa471eea3106a856/
2025-11-09T20:09:17.0914712Z Removing target/debug/.fingerprint/clap_builder-672169a28e439221/
2025-11-09T20:09:17.0917318Z Removing target/debug/.fingerprint/clap_lex-b779c87941961e37/
2025-11-09T20:09:17.0921633Z Removing target/debug/.fingerprint/cpufeatures-0f8ee1944988dae8/
2025-11-09T20:09:17.0924568Z Removing target/debug/.fingerprint/cpufeatures-ee10eae80741e153/
2025-11-09T20:09:17.0929030Z Removing target/debug/.fingerprint/criterion-8b23062bf7628800/
2025-11-09T20:09:17.0932007Z Removing target/debug/.fingerprint/criterion-plot-497bb8be6444bd1f/
2025-11-09T20:09:17.0936221Z Removing target/debug/.fingerprint/crossbeam-deque-f0686b61841f828a/
2025-11-09T20:09:17.0940482Z Removing target/debug/.fingerprint/crossbeam-epoch-5d380abd02926c22/
2025-11-09T20:09:17.0943649Z Removing target/debug/.fingerprint/crossbeam-utils-2e7512e383e7552c/
2025-11-09T20:09:17.0946895Z Removing target/debug/.fingerprint/crossbeam-utils-7b9bd07d9fad49b5/
2025-11-09T20:09:17.0950188Z Removing target/debug/.fingerprint/crossbeam-utils-8107c299d7212acb/
2025-11-09T20:09:17.0954044Z Removing target/debug/.fingerprint/crypto-common-6e0ab91b6c6191f7/
2025-11-09T20:09:17.0957219Z Removing target/debug/.fingerprint/crypto-common-6f50393ddbff5a83/
2025-11-09T20:09:17.0960090Z Removing target/debug/.fingerprint/digest-316d27a2bf334994/
2025-11-09T20:09:17.0962859Z Removing target/debug/.fingerprint/digest-915fde4393040a15/
2025-11-09T20:09:17.0966291Z Removing target/debug/.fingerprint/displaydoc-20238dffa2ae8b0c/
2025-11-09T20:09:17.0969102Z Removing target/debug/.fingerprint/either-a1f9b2c1be6f01b6/
2025-11-09T20:09:17.0972580Z Removing target/debug/.fingerprint/encoding_rs-f1d4c2bbd5bde7a5/
2025-11-09T20:09:17.0976655Z Removing target/debug/.fingerprint/equivalent-fb6cc83cf281e9bc/
2025-11-09T20:09:17.0980370Z Removing target/debug/.fingerprint/fastrand-4c7d3317299366b7/
2025-11-09T20:09:17.0981984Z Removing target/debug/.fingerprint/find-msvc-tools-e0c11e7e4ca96379/
2025-11-09T20:09:17.0983500Z Removing target/debug/.fingerprint/fnv-293287ae6d18546d/
2025-11-09T20:09:17.0985390Z Removing target/debug/.fingerprint/form_urlencoded-dbca2961b0a03513/
2025-11-09T20:09:17.0987144Z Removing target/debug/.fingerprint/futures-channel-ce3244b321a732dd/
2025-11-09T20:09:17.0988763Z Removing target/debug/.fingerprint/futures-core-bc9dc0fd63aebce4/
2025-11-09T20:09:17.0990683Z Removing target/debug/.fingerprint/futures-sink-2dce04bb75870a40/
2025-11-09T20:09:17.0992283Z Removing target/debug/.fingerprint/futures-task-71d5acf17967c2d4/
2025-11-09T20:09:17.0993864Z Removing target/debug/.fingerprint/futures-util-ff1e012805509cb6/
2025-11-09T20:09:17.0995699Z Removing target/debug/.fingerprint/generic-array-036ebdaa4415d02c/
2025-11-09T20:09:17.0997301Z Removing target/debug/.fingerprint/generic-array-0e8a2772e7ae3a96/
2025-11-09T20:09:17.0999169Z Removing target/debug/.fingerprint/generic-array-218c5452e10dd155/
2025-11-09T20:09:17.1000772Z Removing target/debug/.fingerprint/generic-array-27e0812fe9f1c82e/
2025-11-09T20:09:17.1002326Z Removing target/debug/.fingerprint/getrandom-204a7ffda41f2c40/
2025-11-09T20:09:17.1003824Z Removing target/debug/.fingerprint/getrandom-8c953d0b2b49c2d2/
2025-11-09T20:09:17.1005573Z Removing target/debug/.fingerprint/getrandom-94f68988f0176c86/
2025-11-09T20:09:17.1007072Z Removing target/debug/.fingerprint/getrandom-aff71c4311e1d901/
2025-11-09T20:09:17.1008757Z Removing target/debug/.fingerprint/gimli-c6ce211822603f9c/
2025-11-09T20:09:17.1010165Z Removing target/debug/.fingerprint/h2-67b7373a3a98d2b1/
2025-11-09T20:09:17.1011494Z Removing target/debug/.fingerprint/half-b35a8b7b8184a652/
2025-11-09T20:09:17.1013533Z Removing target/debug/.fingerprint/hashbrown-58495ef904525875/
2025-11-09T20:09:17.1015208Z Removing target/debug/.fingerprint/hex-39f5f8bc1bd9aca4/
2025-11-09T20:09:17.1016584Z Removing target/debug/.fingerprint/hex-dcfe2cd018f6e5f0/
2025-11-09T20:09:17.1017950Z Removing target/debug/.fingerprint/http-af18e4ff9e3dfe38/
2025-11-09T20:09:17.1019392Z Removing target/debug/.fingerprint/http-body-8d5d3ab6f40ba57e/
2025-11-09T20:09:17.1020878Z Removing target/debug/.fingerprint/httparse-16b6048ff48827ab/
2025-11-09T20:09:17.1022400Z Removing target/debug/.fingerprint/httparse-af37b3e2ea59937d/
2025-11-09T20:09:17.1023892Z Removing target/debug/.fingerprint/httparse-cd2acd3122f2951e/
2025-11-09T20:09:17.1026229Z Removing target/debug/.fingerprint/httpdate-d5018c03204bd778/
2025-11-09T20:09:17.1028244Z Removing target/debug/.fingerprint/hyper-b60025547ec7088a/
2025-11-09T20:09:17.1030108Z Removing target/debug/.fingerprint/icu_collections-8d123128da8a58ae/
2025-11-09T20:09:17.1031901Z Removing target/debug/.fingerprint/icu_locale_core-14c42337931d9756/
2025-11-09T20:09:17.1033692Z Removing target/debug/.fingerprint/icu_normalizer-0602ce96235f2213/
2025-11-09T20:09:17.1036459Z Removing target/debug/.fingerprint/icu_normalizer_data-0521896a956c6a5a/
2025-11-09T20:09:17.1038363Z Removing target/debug/.fingerprint/icu_normalizer_data-05aa9f4127f1522c/
2025-11-09T20:09:17.1040275Z Removing target/debug/.fingerprint/icu_normalizer_data-7b70d1e6c13d434d/
2025-11-09T20:09:17.1042033Z Removing target/debug/.fingerprint/icu_properties-594bddf639bd9870/
2025-11-09T20:09:17.1043874Z Removing target/debug/.fingerprint/icu_properties_data-3eb416884774962c/
2025-11-09T20:09:17.1047683Z Removing target/debug/.fingerprint/icu_properties_data-753bf78d21f987f7/
2025-11-09T20:09:17.1049520Z Removing target/debug/.fingerprint/icu_properties_data-ec31945ff356bd2d/
2025-11-09T20:09:17.1051387Z Removing target/debug/.fingerprint/icu_provider-4e515be11ce49769/
2025-11-09T20:09:17.1053701Z Removing target/debug/.fingerprint/idna-8396801de7b90c02/
2025-11-09T20:09:17.1055444Z Removing target/debug/.fingerprint/idna_adapter-77a719ba56251a40/
2025-11-09T20:09:17.1057539Z Removing target/debug/.fingerprint/indexmap-ebd5508a6a5e9cdb/
2025-11-09T20:09:17.1059101Z Removing target/debug/.fingerprint/ipnet-f6c3440d7603f13d/
2025-11-09T20:09:17.1060723Z Removing target/debug/.fingerprint/is-terminal-dcd73c744b96c2bf/
2025-11-09T20:09:17.1062419Z Removing target/debug/.fingerprint/itertools-65e81afe9e445558/
2025-11-09T20:09:17.1064641Z Removing target/debug/.fingerprint/itoa-08c0ac77a7f9c5e1/
2025-11-09T20:09:17.1086271Z Removing target/debug/.fingerprint/itoa-b11a99c3fb91e0ba/
2025-11-09T20:09:17.1087829Z Removing target/debug/.fingerprint/lazy_static-a60c6f0d6f5b0a48/
2025-11-09T20:09:17.1089326Z Removing target/debug/.fingerprint/libc-0a40c070d57948ed/
2025-11-09T20:09:17.1091115Z Removing target/debug/.fingerprint/libc-0bbb25e1d8acad57/
2025-11-09T20:09:17.1093164Z Removing target/debug/.fingerprint/libc-babd76be9bd57097/
2025-11-09T20:09:17.1094670Z Removing target/debug/.fingerprint/libm-5566613c570f3f25/
2025-11-09T20:09:17.1096028Z Removing target/debug/.fingerprint/libm-9878322bd35959a3/
2025-11-09T20:09:17.1097735Z Removing target/debug/.fingerprint/libm-bea1df92f0410dc7/
2025-11-09T20:09:17.1099237Z Removing target/debug/.fingerprint/linux-raw-sys-bb87369efe12a535/
2025-11-09T20:09:17.1100777Z Removing target/debug/.fingerprint/litemap-25eb7b5ae4df2615/
2025-11-09T20:09:17.1102184Z Removing target/debug/.fingerprint/log-7936ee94095ef39c/
2025-11-09T20:09:17.1103550Z Removing target/debug/.fingerprint/memchr-5d4e0d6bc9bda00f/
2025-11-09T20:09:17.1105069Z Removing target/debug/.fingerprint/mime-10033b098b888fed/
2025-11-09T20:09:17.1106888Z Removing target/debug/.fingerprint/miniz_oxide-d9ad3627380b17c2/
2025-11-09T20:09:17.1108358Z Removing target/debug/.fingerprint/mio-de964bf95b3057fb/
2025-11-09T20:09:17.1109772Z Removing target/debug/.fingerprint/num-traits-5cf5aecfc8480859/
2025-11-09T20:09:17.1111272Z Removing target/debug/.fingerprint/num-traits-b506934bb740cbf6/
2025-11-09T20:09:17.1112775Z Removing target/debug/.fingerprint/num-traits-dcfaab6837dca6ca/
2025-11-09T20:09:17.1114277Z Removing target/debug/.fingerprint/object-5829cb2233c0b513/
2025-11-09T20:09:17.1115852Z Removing target/debug/.fingerprint/object-79e3009c3f235dd5/
2025-11-09T20:09:17.1117249Z Removing target/debug/.fingerprint/object-80086ec81049dfec/
2025-11-09T20:09:17.1118680Z Removing target/debug/.fingerprint/once_cell-140027e2059e248c/
2025-11-09T20:09:17.1120138Z Removing target/debug/.fingerprint/oorandom-2c0384e18d716be6/
2025-11-09T20:09:17.1121708Z Removing target/debug/.fingerprint/percent-encoding-d4c02626543d40b3/
2025-11-09T20:09:17.1123385Z Removing target/debug/.fingerprint/pin-project-lite-8304a63f5944e937/
2025-11-09T20:09:17.1125292Z Removing target/debug/.fingerprint/pin-utils-4afe9bfe4113f5ad/
2025-11-09T20:09:17.1126886Z Removing target/debug/.fingerprint/plotters-backend-6c59dc1580532443/
2025-11-09T20:09:17.1128461Z Removing target/debug/.fingerprint/plotters-bae18d6894739156/
2025-11-09T20:09:17.1129971Z Removing target/debug/.fingerprint/plotters-svg-1e338b432e7f1ba6/
2025-11-09T20:09:17.1131528Z Removing target/debug/.fingerprint/potential_utf-594a8beb8964bbdf/
2025-11-09T20:09:17.1133066Z Removing target/debug/.fingerprint/ppv-lite86-f31b72c16d3ab29d/
2025-11-09T20:09:17.1134695Z Removing target/debug/.fingerprint/pretty-hex-3b643e86f56f4855/
2025-11-09T20:09:17.1136286Z Removing target/debug/.fingerprint/proc-macro-crate-288ba2d6f9cde8b2/
2025-11-09T20:09:17.1137893Z Removing target/debug/.fingerprint/proc-macro2-013e91bf61085fba/
2025-11-09T20:09:17.1139422Z Removing target/debug/.fingerprint/proc-macro2-0c90074a995b0125/
2025-11-09T20:09:17.1140962Z Removing target/debug/.fingerprint/proc-macro2-a923716fdc1423c7/
2025-11-09T20:09:17.1142632Z Removing target/debug/.fingerprint/proptest-fe5de64ab58eee66/
2025-11-09T20:09:17.1144161Z Removing target/debug/.fingerprint/quick-error-5431cbc53e6855e5/
2025-11-09T20:09:17.1145753Z Removing target/debug/.fingerprint/quote-1fd57a8d49f3e414/
2025-11-09T20:09:17.1147136Z Removing target/debug/.fingerprint/rand-fc4e73356887d916/
2025-11-09T20:09:17.1148757Z Removing target/debug/.fingerprint/rand_chacha-e20e83dc90b265db/
2025-11-09T20:09:17.1150246Z Removing target/debug/.fingerprint/rand_core-c368d6b1d0f2f67a/
2025-11-09T20:09:17.1151766Z Removing target/debug/.fingerprint/rand_xorshift-30dbcff9e0cf9f0e/
2025-11-09T20:09:17.1153323Z Removing target/debug/.fingerprint/rand_xoshiro-fb20a66967968e23/
2025-11-09T20:09:17.1155121Z Removing target/debug/.fingerprint/rayon-core-03a79c366c595edc/
2025-11-09T20:09:17.1156629Z Removing target/debug/.fingerprint/rayon-core-8233f837b2b82aa9/
2025-11-09T20:09:17.1158151Z Removing target/debug/.fingerprint/rayon-core-8f7a8180a2a17a55/
2025-11-09T20:09:17.1159608Z Removing target/debug/.fingerprint/rayon-fcfccdaccb2c1c8f/
2025-11-09T20:09:17.1160992Z Removing target/debug/.fingerprint/regex-7316801095448dcb/
2025-11-09T20:09:17.1162463Z Removing target/debug/.fingerprint/regex-automata-560db73d82089022/
2025-11-09T20:09:17.1164034Z Removing target/debug/.fingerprint/regex-syntax-fe8a530891fa5af3/
2025-11-09T20:09:17.1165675Z Removing target/debug/.fingerprint/reqwest-f1349d583e399c32/
2025-11-09T20:09:17.1167081Z Removing target/debug/.fingerprint/ripemd-c4385cbf09230132/
2025-11-09T20:09:17.1168483Z Removing target/debug/.fingerprint/ripemd-f61d2a11e38c01dd/
2025-11-09T20:09:17.1169974Z Removing target/debug/.fingerprint/rustc-demangle-8dab3eb1c1115427/
2025-11-09T20:09:17.1171667Z Removing target/debug/.fingerprint/rustix-4c7e8a32787cbda3/
2025-11-09T20:09:17.1173064Z Removing target/debug/.fingerprint/rustix-9d1c1196c042be37/
2025-11-09T20:09:17.1174567Z Removing target/debug/.fingerprint/rustix-fe849c32e80f99c3/
2025-11-09T20:09:17.1176300Z Removing target/debug/.fingerprint/rusty-fork-408f526f41d594bd/
2025-11-09T20:09:17.1177761Z Removing target/debug/.fingerprint/ryu-1d74fbb8396b52fe/
2025-11-09T20:09:17.1179096Z Removing target/debug/.fingerprint/ryu-27d616b1525b0bd5/
2025-11-09T20:09:17.1180569Z Removing target/debug/.fingerprint/same-file-885ba4335dbafcd5/
2025-11-09T20:09:17.1182029Z Removing target/debug/.fingerprint/secp256k1-3552d18711f5218e/
2025-11-09T20:09:17.1183505Z Removing target/debug/.fingerprint/secp256k1-a7db9034d9c45ea0/
2025-11-09T20:09:17.1185137Z Removing target/debug/.fingerprint/secp256k1-sys-18fc324a2f93c70b/
2025-11-09T20:09:17.1186696Z Removing target/debug/.fingerprint/secp256k1-sys-6cd32742aabed926/
2025-11-09T20:09:17.1188235Z Removing target/debug/.fingerprint/secp256k1-sys-708e464d25e2f9a2/
2025-11-09T20:09:17.1189781Z Removing target/debug/.fingerprint/secp256k1-sys-cbc42ff488488692/
2025-11-09T20:09:17.1191261Z Removing target/debug/.fingerprint/serde-1f6df97ca8e777f3/
2025-11-09T20:09:17.1192649Z Removing target/debug/.fingerprint/serde-4eca9d9f7a929b57/
2025-11-09T20:09:17.1194035Z Removing target/debug/.fingerprint/serde-79bd1dc91f22d7e2/
2025-11-09T20:09:17.1195540Z Removing target/debug/.fingerprint/serde-8e0d7ee100c82f98/
2025-11-09T20:09:17.1196916Z Removing target/debug/.fingerprint/serde-a3217f5e798b0a0e/
2025-11-09T20:09:17.1198297Z Removing target/debug/.fingerprint/serde-bd8472bda08e6db8/
2025-11-09T20:09:17.1199764Z Removing target/debug/.fingerprint/serde_derive-e749fa70367a8df4/
2025-11-09T20:09:17.1202435Z Removing target/debug/.fingerprint/serde_derive-f7022334ed5675a3/
2025-11-09T20:09:17.1204223Z Removing target/debug/.fingerprint/serde_json-0dc48a5bcf535a0b/
2025-11-09T20:09:17.1206073Z Removing target/debug/.fingerprint/serde_json-4b2f7e519a4c7e92/
2025-11-09T20:09:17.1207597Z Removing target/debug/.fingerprint/serde_json-b75336d497f01a50/
2025-11-09T20:09:17.1209077Z Removing target/debug/.fingerprint/serde_json-f87e09600e685d33/
2025-11-09T20:09:17.1210662Z Removing target/debug/.fingerprint/serde_urlencoded-36b5f7aa51dec2d6/
2025-11-09T20:09:17.1212200Z Removing target/debug/.fingerprint/sha2-a6f830be70788546/
2025-11-09T20:09:17.1213594Z Removing target/debug/.fingerprint/sha2-asm-5fc243991633aa35/
2025-11-09T20:09:17.1215193Z Removing target/debug/.fingerprint/sha2-asm-b2e38aa444311777/
2025-11-09T20:09:17.1216667Z Removing target/debug/.fingerprint/sha2-asm-d08d40e52f733493/
2025-11-09T20:09:17.1219050Z Removing target/debug/.fingerprint/sha2-asm-db02cef9726600b0/
2025-11-09T20:09:17.1220468Z Removing target/debug/.fingerprint/sha2-f1ee2b7c028150d8/
2025-11-09T20:09:17.1223702Z Removing target/debug/.fingerprint/shlex-83c7e0da01d13271/
2025-11-09T20:09:17.1225521Z Removing target/debug/.fingerprint/slab-3f53b5c5532ac7a8/
2025-11-09T20:09:17.1226946Z Removing target/debug/.fingerprint/smallvec-8995de69024cacd0/
2025-11-09T20:09:17.1228394Z Removing target/debug/.fingerprint/socket2-af83260fbd731ddc/
2025-11-09T20:09:17.1229850Z Removing target/debug/.fingerprint/socket2-ce2370ef04b1c292/
2025-11-09T20:09:17.1232963Z Removing target/debug/.fingerprint/stable_deref_trait-3d6a1750f55786e6/
2025-11-09T20:09:17.1234975Z Removing target/debug/.fingerprint/syn-1194b09556b5fe4b/
2025-11-09T20:09:17.1236329Z Removing target/debug/.fingerprint/syn-34d04d1461fb490a/
2025-11-09T20:09:17.1237670Z Removing target/debug/.fingerprint/syn-aca17214a42be380/
2025-11-09T20:09:17.1239180Z Removing target/debug/.fingerprint/syn-d514d08d86c32935/
2025-11-09T20:09:17.1240533Z Removing target/debug/.fingerprint/syn-db513f8ec2c70902/
2025-11-09T20:09:17.1242045Z Removing target/debug/.fingerprint/sync_wrapper-011d66a29022fa57/
2025-11-09T20:09:17.1243881Z Removing target/debug/.fingerprint/synstructure-5e32a687d3c1544f/
2025-11-09T20:09:17.1245574Z Removing target/debug/.fingerprint/tempfile-9dd7ea7255645a6d/
2025-11-09T20:09:17.1247057Z Removing target/debug/.fingerprint/thiserror-0ab41f997ece6c55/
2025-11-09T20:09:17.1248547Z Removing target/debug/.fingerprint/thiserror-33d8d4720d5b26de/
2025-11-09T20:09:17.1250206Z Removing target/debug/.fingerprint/thiserror-5c7e835cbcf3ecb5/
2025-11-09T20:09:17.1251705Z Removing target/debug/.fingerprint/thiserror-7a6e0ed1eb395f20/
2025-11-09T20:09:17.1253248Z Removing target/debug/.fingerprint/thiserror-impl-74aca0240a9ecf0d/
2025-11-09T20:09:17.1255142Z Removing target/debug/.fingerprint/thiserror-impl-ae242962b985a660/
2025-11-09T20:09:17.1256703Z Removing target/debug/.fingerprint/tinystr-d3b19922b34c6b5f/
2025-11-09T20:09:17.1258190Z Removing target/debug/.fingerprint/tinytemplate-8f3fd706f9b14a51/
2025-11-09T20:09:17.1259666Z Removing target/debug/.fingerprint/tokio-87840121dbcc34d6/
2025-11-09T20:09:17.1261116Z Removing target/debug/.fingerprint/tokio-macros-2752d99a3d96bedd/
2025-11-09T20:09:17.1262650Z Removing target/debug/.fingerprint/tokio-util-f8c6b36c18753d70/
2025-11-09T20:09:17.1264251Z Removing target/debug/.fingerprint/toml_datetime-93eba6e9ca7547bc/
2025-11-09T20:09:17.1265893Z Removing target/debug/.fingerprint/toml_edit-769c1e6e8df88079/
2025-11-09T20:09:17.1267436Z Removing target/debug/.fingerprint/tower-service-863bcdc79d53a78b/
2025-11-09T20:09:17.1268930Z Removing target/debug/.fingerprint/tracing-45bd8448a06fd778/
2025-11-09T20:09:17.1270408Z Removing target/debug/.fingerprint/tracing-core-efd5a647688ed0e7/
2025-11-09T20:09:17.1271909Z Removing target/debug/.fingerprint/try-lock-0a9dba077bc589b2/
2025-11-09T20:09:17.1273351Z Removing target/debug/.fingerprint/typenum-015e0db2d7fddc8a/
2025-11-09T20:09:17.1275170Z Removing target/debug/.fingerprint/typenum-911c3e43dcb6b56a/
2025-11-09T20:09:17.1276614Z Removing target/debug/.fingerprint/typenum-93ec83b436bf1eae/
2025-11-09T20:09:17.1278050Z Removing target/debug/.fingerprint/typenum-95c161620aaca3ae/
2025-11-09T20:09:17.1279464Z Removing target/debug/.fingerprint/unarray-a3a566f6e348ba30/
2025-11-09T20:09:17.1282412Z Removing target/debug/.fingerprint/unicode-ident-796da7d7beff3c43/
2025-11-09T20:09:17.1283867Z Removing target/debug/.fingerprint/url-5c968cb4d8c3dd35/
2025-11-09T20:09:17.1285410Z Removing target/debug/.fingerprint/utf8_iter-25f6afe9a4463498/
2025-11-09T20:09:17.1286911Z Removing target/debug/.fingerprint/version_check-a216429c4cbdde93/
2025-11-09T20:09:17.1394238Z Removing target/debug/.fingerprint/wait-timeout-4dae2813bb096b7d/
2025-11-09T20:09:17.1396482Z Removing target/debug/.fingerprint/walkdir-61d89ec0cab3a80b/
2025-11-09T20:09:17.1398268Z Removing target/debug/.fingerprint/want-ed71f0675c882a6c/
2025-11-09T20:09:17.1401581Z Removing target/debug/.fingerprint/winnow-c3069a2d8d8dfc76/
2025-11-09T20:09:17.1403571Z Removing target/debug/.fingerprint/writeable-3371d4204352a54a/
2025-11-09T20:09:17.1405665Z Removing target/debug/.fingerprint/yoke-8853c473f3035d81/
2025-11-09T20:09:17.1407279Z Removing target/debug/.fingerprint/yoke-derive-06b29befb72e1620/
2025-11-09T20:09:17.1408945Z Removing target/debug/.fingerprint/zerocopy-5fabe0b83574e243/
2025-11-09T20:09:17.1410566Z Removing target/debug/.fingerprint/zerocopy-b498f825c400ed66/
2025-11-09T20:09:17.1412204Z Removing target/debug/.fingerprint/zerocopy-b6fca17bb70b5855/
2025-11-09T20:09:17.1413936Z Removing target/debug/.fingerprint/zerocopy-derive-9d99d41eb05d0a6d/
2025-11-09T20:09:17.1416351Z Removing target/debug/.fingerprint/zerofrom-1bfef26325f52b1d/
2025-11-09T20:09:17.1417910Z Removing target/debug/.fingerprint/zerofrom-derive-f24f75456298c6e7/
2025-11-09T20:09:17.1419467Z Removing target/debug/.fingerprint/zerotrie-51758b64cb4153fc/
2025-11-09T20:09:17.1420912Z Removing target/debug/.fingerprint/zerovec-7d5972dc6f34f025/
2025-11-09T20:09:17.1422433Z Removing target/debug/.fingerprint/zerovec-derive-de60b80a4650ecc3/
2025-11-09T20:09:17.1423842Z Removing target/debug/build/anyhow-9d430c1379eea21c/
2025-11-09T20:09:17.1425611Z Removing target/debug/build/anyhow-e6cbf2b1ef9f5a17/
2025-11-09T20:09:17.1426986Z Removing target/debug/build/crossbeam-utils-2e7512e383e7552c/
2025-11-09T20:09:17.1428473Z Removing target/debug/build/crossbeam-utils-7b9bd07d9fad49b5/
2025-11-09T20:09:17.1430117Z Removing target/debug/build/generic-array-036ebdaa4415d02c/
2025-11-09T20:09:17.1431545Z Removing target/debug/build/generic-array-27e0812fe9f1c82e/
2025-11-09T20:09:17.1432980Z Removing target/debug/build/getrandom-204a7ffda41f2c40/
2025-11-09T20:09:17.1434479Z Removing target/debug/build/getrandom-aff71c4311e1d901/
2025-11-09T20:09:17.1435879Z Removing target/debug/build/httparse-af37b3e2ea59937d/
2025-11-09T20:09:17.1437181Z Removing target/debug/build/httparse-cd2acd3122f2951e/
2025-11-09T20:09:17.1438660Z Removing target/debug/build/icu_normalizer_data-0521896a956c6a5a/
2025-11-09T20:09:17.1440196Z Removing target/debug/build/icu_normalizer_data-05aa9f4127f1522c/
2025-11-09T20:09:17.1441736Z Removing target/debug/build/icu_properties_data-753bf78d21f987f7/
2025-11-09T20:09:17.1443274Z Removing target/debug/build/icu_properties_data-ec31945ff356bd2d/
2025-11-09T20:09:17.1444772Z Removing target/debug/build/libc-0a40c070d57948ed/
2025-11-09T20:09:17.1445967Z Removing target/debug/build/libc-babd76be9bd57097/
2025-11-09T20:09:17.1447165Z Removing target/debug/build/libm-5566613c570f3f25/
2025-11-09T20:09:17.1448352Z Removing target/debug/build/libm-bea1df92f0410dc7/
2025-11-09T20:09:17.1449624Z Removing target/debug/build/num-traits-5cf5aecfc8480859/
2025-11-09T20:09:17.1450970Z Removing target/debug/build/num-traits-dcfaab6837dca6ca/
2025-11-09T20:09:17.1453367Z Removing target/debug/build/object-79e3009c3f235dd5/
2025-11-09T20:09:17.1454714Z Removing target/debug/build/object-80086ec81049dfec/
2025-11-09T20:09:17.1456080Z Removing target/debug/build/proc-macro2-0c90074a995b0125/
2025-11-09T20:09:17.1457452Z Removing target/debug/build/proc-macro2-a923716fdc1423c7/
2025-11-09T20:09:17.1458807Z Removing target/debug/build/rayon-core-03a79c366c595edc/
2025-11-09T20:09:17.1460144Z Removing target/debug/build/rayon-core-8f7a8180a2a17a55/
2025-11-09T20:09:17.1462439Z Removing target/debug/build/rustix-4c7e8a32787cbda3/
2025-11-09T20:09:17.1463708Z Removing target/debug/build/rustix-fe849c32e80f99c3/
2025-11-09T20:09:17.1465374Z Removing target/debug/build/secp256k1-sys-708e464d25e2f9a2/
2025-11-09T20:09:17.1466796Z Removing target/debug/build/secp256k1-sys-cbc42ff488488692/
2025-11-09T20:09:17.1468308Z Removing target/debug/build/serde-1f6df97ca8e777f3/
2025-11-09T20:09:17.1470030Z Removing target/debug/build/serde-79bd1dc91f22d7e2/
2025-11-09T20:09:17.1471685Z Removing target/debug/build/serde-8e0d7ee100c82f98/
2025-11-09T20:09:17.1473117Z Removing target/debug/build/serde-bd8472bda08e6db8/
2025-11-09T20:09:17.1474577Z Removing target/debug/build/serde_json-0dc48a5bcf535a0b/
2025-11-09T20:09:17.1476072Z Removing target/debug/build/serde_json-f87e09600e685d33/
2025-11-09T20:09:17.1479278Z Removing target/debug/build/sha2-asm-b2e38aa444311777/
2025-11-09T20:09:17.1480897Z Removing target/debug/build/sha2-asm-d08d40e52f733493/
2025-11-09T20:09:17.1482125Z Removing target/debug/build/syn-1194b09556b5fe4b/
2025-11-09T20:09:17.1483287Z Removing target/debug/build/syn-d514d08d86c32935/
2025-11-09T20:09:17.1484678Z Removing target/debug/build/thiserror-0ab41f997ece6c55/
2025-11-09T20:09:17.1485988Z Removing target/debug/build/thiserror-5c7e835cbcf3ecb5/
2025-11-09T20:09:17.1487609Z Removing target/debug/build/typenum-911c3e43dcb6b56a/
2025-11-09T20:09:17.1490590Z Removing target/debug/build/typenum-93ec83b436bf1eae/
2025-11-09T20:09:17.1491862Z Removing target/debug/build/zerocopy-5fabe0b83574e243/
2025-11-09T20:09:17.1493152Z Removing target/debug/build/zerocopy-b6fca17bb70b5855/
2025-11-09T20:09:17.1494581Z Removing target/debug/deps/addr2line-d5ebf1990a8a4e5f.d
2025-11-09T20:09:17.1495869Z Removing target/debug/deps/adler2-af5b0e47f1b187b9.d
2025-11-09T20:09:17.1497081Z Removing target/debug/deps/anes-a0919dfd93f50712.d
2025-11-09T20:09:17.1498314Z Removing target/debug/deps/anstyle-c4f390893da93688.d
2025-11-09T20:09:17.1499549Z Removing target/debug/deps/anyhow-059da4f0d7c55a8b.d
2025-11-09T20:09:17.1500776Z Removing target/debug/deps/anyhow-95fc8231af5535f8.d
2025-11-09T20:09:17.1502075Z Removing target/debug/deps/autocfg-9280f9c2f723f569.d
2025-11-09T20:09:17.1503800Z Removing target/debug/deps/backtrace-50a1387f50507b54.d
2025-11-09T20:09:17.1505412Z Removing target/debug/deps/base64-a27c42143a7ea7b5.d
2025-11-09T20:09:17.1506863Z Removing target/debug/deps/bincode-becc14c21199bb9c.d
2025-11-09T20:09:17.1508125Z Removing target/debug/deps/bincode-f1324220296ae161.d
2025-11-09T20:09:17.1509379Z Removing target/debug/deps/bit_set-46b4e6ac82f2d6c2.d
2025-11-09T20:09:17.1511976Z Removing target/debug/deps/bit_vec-f5e51f12b3cb6dc0.d
2025-11-09T20:09:17.1513305Z Removing target/debug/deps/bitcoin_hashes-afede1b96b464164.d
2025-11-09T20:09:17.1514885Z Removing target/debug/deps/bitcoin_hashes-eaa237cf5b3503ad.d
2025-11-09T20:09:17.1516248Z Removing target/debug/deps/bitflags-896e2bfd2a1fb9d6.d
2025-11-09T20:09:17.1517627Z Removing target/debug/deps/bllvm_consensus-482a7fb1905cd20b.d
2025-11-09T20:09:17.1519041Z Removing target/debug/deps/block_buffer-237124e17683fddb.d
2025-11-09T20:09:17.1520402Z Removing target/debug/deps/block_buffer-e24311a7f03c980c.d
2025-11-09T20:09:17.1521748Z Removing target/debug/deps/bolero-61e4b405f0d99475.d
2025-11-09T20:09:17.1523315Z Removing target/debug/deps/bolero_engine-7a6a62618e83236d.d
2025-11-09T20:09:17.1525088Z Removing target/debug/deps/bolero_generator-f52625225236cff7.d
2025-11-09T20:09:17.1526705Z Removing target/debug/deps/bolero_generator_derive-c68fbc97a38d0e7b.d
2025-11-09T20:09:17.1528147Z Removing target/debug/deps/bytes-e9fddd1bd45d8900.d
2025-11-09T20:09:17.1531002Z Removing target/debug/deps/cast-93991a378c062ce2.d
2025-11-09T20:09:17.1532173Z Removing target/debug/deps/cc-7d5b8c3e1f4cbfcd.d
2025-11-09T20:09:17.1533369Z Removing target/debug/deps/cfg_if-5efacd4c40f67578.d
2025-11-09T20:09:17.1534705Z Removing target/debug/deps/cfg_if-fc0dab425a2b74c4.d
2025-11-09T20:09:17.1535963Z Removing target/debug/deps/ciborium-b9b3c5892a813a85.d
2025-11-09T20:09:17.1537272Z Removing target/debug/deps/ciborium_io-d4a5cc50b6903de8.d
2025-11-09T20:09:17.1540167Z Removing target/debug/deps/ciborium_ll-b0ffa1280b2c5942.d
2025-11-09T20:09:17.1541441Z Removing target/debug/deps/clap-fa471eea3106a856.d
2025-11-09T20:09:17.1542715Z Removing target/debug/deps/clap_builder-672169a28e439221.d
2025-11-09T20:09:17.1544075Z Removing target/debug/deps/clap_lex-b779c87941961e37.d
2025-11-09T20:09:17.1545868Z Removing target/debug/deps/cpufeatures-0f8ee1944988dae8.d
2025-11-09T20:09:17.1547302Z Removing target/debug/deps/cpufeatures-ee10eae80741e153.d
2025-11-09T20:09:17.1548873Z Removing target/debug/deps/criterion-8b23062bf7628800.d
2025-11-09T20:09:17.1550278Z Removing target/debug/deps/criterion_plot-497bb8be6444bd1f.d
2025-11-09T20:09:17.1551695Z Removing target/debug/deps/crossbeam_deque-f0686b61841f828a.d
2025-11-09T20:09:17.1553766Z Removing target/debug/deps/crossbeam_epoch-5d380abd02926c22.d
2025-11-09T20:09:17.1555572Z Removing target/debug/deps/crossbeam_utils-8107c299d7212acb.d
2025-11-09T20:09:17.1557000Z Removing target/debug/deps/crypto_common-6e0ab91b6c6191f7.d
2025-11-09T20:09:17.1558413Z Removing target/debug/deps/crypto_common-6f50393ddbff5a83.d
2025-11-09T20:09:17.1559728Z Removing target/debug/deps/digest-316d27a2bf334994.d
2025-11-09T20:09:17.1561994Z Removing target/debug/deps/digest-915fde4393040a15.d
2025-11-09T20:09:17.1563262Z Removing target/debug/deps/displaydoc-20238dffa2ae8b0c.d
2025-11-09T20:09:17.1564675Z Removing target/debug/deps/either-a1f9b2c1be6f01b6.d
2025-11-09T20:09:17.1565975Z Removing target/debug/deps/encoding_rs-f1d4c2bbd5bde7a5.d
2025-11-09T20:09:17.1567375Z Removing target/debug/deps/equivalent-fb6cc83cf281e9bc.d
2025-11-09T20:09:17.1568683Z Removing target/debug/deps/fastrand-4c7d3317299366b7.d
2025-11-09T20:09:17.1570032Z Removing target/debug/deps/find_msvc_tools-e0c11e7e4ca96379.d
2025-11-09T20:09:17.1571345Z Removing target/debug/deps/fnv-293287ae6d18546d.d
2025-11-09T20:09:17.1572676Z Removing target/debug/deps/form_urlencoded-dbca2961b0a03513.d
2025-11-09T20:09:17.1574239Z Removing target/debug/deps/futures_channel-ce3244b321a732dd.d
2025-11-09T20:09:17.1576053Z Removing target/debug/deps/futures_core-bc9dc0fd63aebce4.d
2025-11-09T20:09:17.1577456Z Removing target/debug/deps/futures_sink-2dce04bb75870a40.d
2025-11-09T20:09:17.1578833Z Removing target/debug/deps/futures_task-71d5acf17967c2d4.d
2025-11-09T20:09:17.1580250Z Removing target/debug/deps/futures_util-ff1e012805509cb6.d
2025-11-09T20:09:17.1583371Z Removing target/debug/deps/generic_array-0e8a2772e7ae3a96.d
2025-11-09T20:09:17.1585084Z Removing target/debug/deps/generic_array-218c5452e10dd155.d
2025-11-09T20:09:17.1586540Z Removing target/debug/deps/getrandom-8c953d0b2b49c2d2.d
2025-11-09T20:09:17.1587886Z Removing target/debug/deps/getrandom-94f68988f0176c86.d
2025-11-09T20:09:17.1589469Z Removing target/debug/deps/gimli-c6ce211822603f9c.d
2025-11-09T20:09:17.1592842Z Removing target/debug/deps/h2-67b7373a3a98d2b1.d
2025-11-09T20:09:17.1594050Z Removing target/debug/deps/half-b35a8b7b8184a652.d
2025-11-09T20:09:17.1595465Z Removing target/debug/deps/hashbrown-58495ef904525875.d
2025-11-09T20:09:17.1596718Z Removing target/debug/deps/hex-39f5f8bc1bd9aca4.d
2025-11-09T20:09:17.1597966Z Removing target/debug/deps/hex-dcfe2cd018f6e5f0.d
2025-11-09T20:09:17.1599545Z Removing target/debug/deps/http-af18e4ff9e3dfe38.d
2025-11-09T20:09:17.1600925Z Removing target/debug/deps/http_body-8d5d3ab6f40ba57e.d
2025-11-09T20:09:17.1602212Z Removing target/debug/deps/httparse-16b6048ff48827ab.d
2025-11-09T20:09:17.1603488Z Removing target/debug/deps/httpdate-d5018c03204bd778.d
2025-11-09T20:09:17.1604883Z Removing target/debug/deps/hyper-b60025547ec7088a.d
2025-11-09T20:09:17.1606259Z Removing target/debug/deps/icu_collections-8d123128da8a58ae.d
2025-11-09T20:09:17.1607739Z Removing target/debug/deps/icu_locale_core-14c42337931d9756.d
2025-11-09T20:09:17.1609156Z Removing target/debug/deps/icu_normalizer-0602ce96235f2213.d
2025-11-09T20:09:17.1610619Z Removing target/debug/deps/icu_normalizer_data-7b70d1e6c13d434d.d
2025-11-09T20:09:17.1612097Z Removing target/debug/deps/icu_properties-594bddf639bd9870.d
2025-11-09T20:09:17.1613584Z Removing target/debug/deps/icu_properties_data-3eb416884774962c.d
2025-11-09T20:09:17.1615162Z Removing target/debug/deps/icu_provider-4e515be11ce49769.d
2025-11-09T20:09:17.1616446Z Removing target/debug/deps/idna-8396801de7b90c02.d
2025-11-09T20:09:17.1700738Z Removing target/debug/deps/idna_adapter-77a719ba56251a40.d
2025-11-09T20:09:17.1702558Z Removing target/debug/deps/indexmap-ebd5508a6a5e9cdb.d
2025-11-09T20:09:17.1704732Z Removing target/debug/deps/ipnet-f6c3440d7603f13d.d
2025-11-09T20:09:17.1706275Z Removing target/debug/deps/is_terminal-dcd73c744b96c2bf.d
2025-11-09T20:09:17.1708897Z Removing target/debug/deps/itertools-65e81afe9e445558.d
2025-11-09T20:09:17.1710363Z Removing target/debug/deps/itoa-08c0ac77a7f9c5e1.d
2025-11-09T20:09:17.1711599Z Removing target/debug/deps/itoa-b11a99c3fb91e0ba.d
2025-11-09T20:09:17.1712912Z Removing target/debug/deps/lazy_static-a60c6f0d6f5b0a48.d
2025-11-09T20:09:17.1714696Z Removing target/debug/deps/libaddr2line-d5ebf1990a8a4e5f.rlib
2025-11-09T20:09:17.1716365Z Removing target/debug/deps/libaddr2line-d5ebf1990a8a4e5f.rmeta
2025-11-09T20:09:17.1717836Z Removing target/debug/deps/libadler2-af5b0e47f1b187b9.rlib
2025-11-09T20:09:17.1719237Z Removing target/debug/deps/libadler2-af5b0e47f1b187b9.rmeta
2025-11-09T20:09:17.1720660Z Removing target/debug/deps/libanes-a0919dfd93f50712.rlib
2025-11-09T20:09:17.1721989Z Removing target/debug/deps/libanes-a0919dfd93f50712.rmeta
2025-11-09T20:09:17.1723381Z Removing target/debug/deps/libanstyle-c4f390893da93688.rlib
2025-11-09T20:09:17.1725233Z Removing target/debug/deps/libanstyle-c4f390893da93688.rmeta
2025-11-09T20:09:17.1726663Z Removing target/debug/deps/libanyhow-059da4f0d7c55a8b.rmeta
2025-11-09T20:09:17.1728349Z Removing target/debug/deps/libanyhow-95fc8231af5535f8.rlib
2025-11-09T20:09:17.1729915Z Removing target/debug/deps/libanyhow-95fc8231af5535f8.rmeta
2025-11-09T20:09:17.1731384Z Removing target/debug/deps/libautocfg-9280f9c2f723f569.rlib
2025-11-09T20:09:17.1732895Z Removing target/debug/deps/libautocfg-9280f9c2f723f569.rmeta
2025-11-09T20:09:17.1734871Z Removing target/debug/deps/libbacktrace-50a1387f50507b54.rlib
2025-11-09T20:09:17.1736423Z Removing target/debug/deps/libbacktrace-50a1387f50507b54.rmeta
2025-11-09T20:09:17.1737851Z Removing target/debug/deps/libbase64-a27c42143a7ea7b5.rlib
2025-11-09T20:09:17.1740552Z Removing target/debug/deps/libbase64-a27c42143a7ea7b5.rmeta
2025-11-09T20:09:17.1741960Z Removing target/debug/deps/libbincode-becc14c21199bb9c.rlib
2025-11-09T20:09:17.1743392Z Removing target/debug/deps/libbincode-becc14c21199bb9c.rmeta
2025-11-09T20:09:17.1744946Z Removing target/debug/deps/libbincode-f1324220296ae161.rmeta
2025-11-09T20:09:17.1746357Z Removing target/debug/deps/libbit_set-46b4e6ac82f2d6c2.rlib
2025-11-09T20:09:17.1748990Z Removing target/debug/deps/libbit_set-46b4e6ac82f2d6c2.rmeta
2025-11-09T20:09:17.1750386Z Removing target/debug/deps/libbit_vec-f5e51f12b3cb6dc0.rlib
2025-11-09T20:09:17.1751778Z Removing target/debug/deps/libbit_vec-f5e51f12b3cb6dc0.rmeta
2025-11-09T20:09:17.1753277Z Removing target/debug/deps/libbitcoin_hashes-afede1b96b464164.rlib
2025-11-09T20:09:17.1755381Z Removing target/debug/deps/libbitcoin_hashes-afede1b96b464164.rmeta
2025-11-09T20:09:17.1757039Z Removing target/debug/deps/libbitcoin_hashes-eaa237cf5b3503ad.rmeta
2025-11-09T20:09:17.1758548Z Removing target/debug/deps/libbitflags-896e2bfd2a1fb9d6.rlib
2025-11-09T20:09:17.1760006Z Removing target/debug/deps/libbitflags-896e2bfd2a1fb9d6.rmeta
2025-11-09T20:09:17.1761526Z Removing target/debug/deps/libblock_buffer-237124e17683fddb.rmeta
2025-11-09T20:09:17.1763027Z Removing target/debug/deps/libblock_buffer-e24311a7f03c980c.rlib
2025-11-09T20:09:17.1764674Z Removing target/debug/deps/libblock_buffer-e24311a7f03c980c.rmeta
2025-11-09T20:09:17.1766132Z Removing target/debug/deps/libbolero-61e4b405f0d99475.rlib
2025-11-09T20:09:17.1767503Z Removing target/debug/deps/libbolero-61e4b405f0d99475.rmeta
2025-11-09T20:09:17.1768951Z Removing target/debug/deps/libbolero_engine-7a6a62618e83236d.rlib
2025-11-09T20:09:17.1770478Z Removing target/debug/deps/libbolero_engine-7a6a62618e83236d.rmeta
2025-11-09T20:09:17.1773195Z Removing target/debug/deps/libbolero_generator-f52625225236cff7.rlib
2025-11-09T20:09:17.1775247Z Removing target/debug/deps/libbolero_generator-f52625225236cff7.rmeta
2025-11-09T20:09:17.1777001Z Removing target/debug/deps/libbolero_generator_derive-c68fbc97a38d0e7b.so
2025-11-09T20:09:17.1778559Z Removing target/debug/deps/libbytes-e9fddd1bd45d8900.rlib
2025-11-09T20:09:17.1780128Z Removing target/debug/deps/libbytes-e9fddd1bd45d8900.rmeta
2025-11-09T20:09:17.1781408Z Removing target/debug/deps/libc-0bbb25e1d8acad57.d
2025-11-09T20:09:17.1782649Z Removing target/debug/deps/libcast-93991a378c062ce2.rlib
2025-11-09T20:09:17.1783967Z Removing target/debug/deps/libcast-93991a378c062ce2.rmeta
2025-11-09T20:09:17.1785982Z Removing target/debug/deps/libcc-7d5b8c3e1f4cbfcd.rlib
2025-11-09T20:09:17.1787279Z Removing target/debug/deps/libcc-7d5b8c3e1f4cbfcd.rmeta
2025-11-09T20:09:17.1788621Z Removing target/debug/deps/libcfg_if-5efacd4c40f67578.rlib
2025-11-09T20:09:17.1790245Z Removing target/debug/deps/libcfg_if-5efacd4c40f67578.rmeta
2025-11-09T20:09:17.1791633Z Removing target/debug/deps/libcfg_if-fc0dab425a2b74c4.rmeta
2025-11-09T20:09:17.1793027Z Removing target/debug/deps/libciborium-b9b3c5892a813a85.rlib
2025-11-09T20:09:17.1794785Z Removing target/debug/deps/libciborium-b9b3c5892a813a85.rmeta
2025-11-09T20:09:17.1796500Z Removing target/debug/deps/libciborium_io-d4a5cc50b6903de8.rlib
2025-11-09T20:09:17.1798021Z Removing target/debug/deps/libciborium_io-d4a5cc50b6903de8.rmeta
2025-11-09T20:09:17.1799529Z Removing target/debug/deps/libciborium_ll-b0ffa1280b2c5942.rlib
2025-11-09T20:09:17.1801016Z Removing target/debug/deps/libciborium_ll-b0ffa1280b2c5942.rmeta
2025-11-09T20:09:17.1802432Z Removing target/debug/deps/libclap-fa471eea3106a856.rlib
2025-11-09T20:09:17.1803761Z Removing target/debug/deps/libclap-fa471eea3106a856.rmeta
2025-11-09T20:09:17.1805347Z Removing target/debug/deps/libclap_builder-672169a28e439221.rlib
2025-11-09T20:09:17.1807034Z Removing target/debug/deps/libclap_builder-672169a28e439221.rmeta
2025-11-09T20:09:17.1997849Z Removing target/debug/deps/libclap_lex-b779c87941961e37.rlib
2025-11-09T20:09:17.2000442Z Removing target/debug/deps/libclap_lex-b779c87941961e37.rmeta
2025-11-09T20:09:17.2002917Z Removing target/debug/deps/libcpufeatures-0f8ee1944988dae8.rmeta
2025-11-09T20:09:17.2005798Z Removing target/debug/deps/libcpufeatures-ee10eae80741e153.rlib
2025-11-09T20:09:17.2008098Z Removing target/debug/deps/libcpufeatures-ee10eae80741e153.rmeta
2025-11-09T20:09:17.2011332Z Removing target/debug/deps/libcriterion-8b23062bf7628800.rlib
2025-11-09T20:09:17.2013481Z Removing target/debug/deps/libcriterion-8b23062bf7628800.rmeta
2025-11-09T20:09:17.2016112Z Removing target/debug/deps/libcriterion_plot-497bb8be6444bd1f.rlib
2025-11-09T20:09:17.2018896Z Removing target/debug/deps/libcriterion_plot-497bb8be6444bd1f.rmeta
2025-11-09T20:09:17.2020688Z Removing target/debug/deps/libcrossbeam_deque-f0686b61841f828a.rlib
2025-11-09T20:09:17.2023115Z Removing target/debug/deps/libcrossbeam_deque-f0686b61841f828a.rmeta
2025-11-09T20:09:17.2025255Z Removing target/debug/deps/libcrossbeam_epoch-5d380abd02926c22.rlib
2025-11-09T20:09:17.2026942Z Removing target/debug/deps/libcrossbeam_epoch-5d380abd02926c22.rmeta
2025-11-09T20:09:17.2028537Z Removing target/debug/deps/libcrossbeam_utils-8107c299d7212acb.rlib
2025-11-09T20:09:17.2030158Z Removing target/debug/deps/libcrossbeam_utils-8107c299d7212acb.rmeta
2025-11-09T20:09:17.2031720Z Removing target/debug/deps/libcrypto_common-6e0ab91b6c6191f7.rlib
2025-11-09T20:09:17.2033636Z Removing target/debug/deps/libcrypto_common-6e0ab91b6c6191f7.rmeta
2025-11-09T20:09:17.2035612Z Removing target/debug/deps/libcrypto_common-6f50393ddbff5a83.rmeta
2025-11-09T20:09:17.2037097Z Removing target/debug/deps/libdigest-316d27a2bf334994.rlib
2025-11-09T20:09:17.2038463Z Removing target/debug/deps/libdigest-316d27a2bf334994.rmeta
2025-11-09T20:09:17.2041225Z Removing target/debug/deps/libdigest-915fde4393040a15.rmeta
2025-11-09T20:09:17.2042646Z Removing target/debug/deps/libdisplaydoc-20238dffa2ae8b0c.so
2025-11-09T20:09:17.2044071Z Removing target/debug/deps/libeither-a1f9b2c1be6f01b6.rlib
2025-11-09T20:09:17.2045600Z Removing target/debug/deps/libeither-a1f9b2c1be6f01b6.rmeta
2025-11-09T20:09:17.2047036Z Removing target/debug/deps/libencoding_rs-f1d4c2bbd5bde7a5.rlib
2025-11-09T20:09:17.2048530Z Removing target/debug/deps/libencoding_rs-f1d4c2bbd5bde7a5.rmeta
2025-11-09T20:09:17.2050271Z Removing target/debug/deps/libequivalent-fb6cc83cf281e9bc.rlib
2025-11-09T20:09:17.2051782Z Removing target/debug/deps/libequivalent-fb6cc83cf281e9bc.rmeta
2025-11-09T20:09:17.2053232Z Removing target/debug/deps/libfastrand-4c7d3317299366b7.rlib
2025-11-09T20:09:17.2054965Z Removing target/debug/deps/libfastrand-4c7d3317299366b7.rmeta
2025-11-09T20:09:17.2056534Z Removing target/debug/deps/libfind_msvc_tools-e0c11e7e4ca96379.rlib
2025-11-09T20:09:17.2058151Z Removing target/debug/deps/libfind_msvc_tools-e0c11e7e4ca96379.rmeta
2025-11-09T20:09:17.2059609Z Removing target/debug/deps/libfnv-293287ae6d18546d.rlib
2025-11-09T20:09:17.2060897Z Removing target/debug/deps/libfnv-293287ae6d18546d.rmeta
2025-11-09T20:09:17.2062382Z Removing target/debug/deps/libform_urlencoded-dbca2961b0a03513.rlib
2025-11-09T20:09:17.2064044Z Removing target/debug/deps/libform_urlencoded-dbca2961b0a03513.rmeta
2025-11-09T20:09:17.2065817Z Removing target/debug/deps/libfutures_channel-ce3244b321a732dd.rlib
2025-11-09T20:09:17.2067413Z Removing target/debug/deps/libfutures_channel-ce3244b321a732dd.rmeta
2025-11-09T20:09:17.2069330Z Removing target/debug/deps/libfutures_core-bc9dc0fd63aebce4.rlib
2025-11-09T20:09:17.2070865Z Removing target/debug/deps/libfutures_core-bc9dc0fd63aebce4.rmeta
2025-11-09T20:09:17.2072381Z Removing target/debug/deps/libfutures_sink-2dce04bb75870a40.rlib
2025-11-09T20:09:17.2073887Z Removing target/debug/deps/libfutures_sink-2dce04bb75870a40.rmeta
2025-11-09T20:09:17.2075619Z Removing target/debug/deps/libfutures_task-71d5acf17967c2d4.rlib
2025-11-09T20:09:17.2077309Z Removing target/debug/deps/libfutures_task-71d5acf17967c2d4.rmeta
2025-11-09T20:09:17.2078839Z Removing target/debug/deps/libfutures_util-ff1e012805509cb6.rlib
2025-11-09T20:09:17.2080343Z Removing target/debug/deps/libfutures_util-ff1e012805509cb6.rmeta
2025-11-09T20:09:17.2081880Z Removing target/debug/deps/libgeneric_array-0e8a2772e7ae3a96.rmeta
2025-11-09T20:09:17.2083425Z Removing target/debug/deps/libgeneric_array-218c5452e10dd155.rlib
2025-11-09T20:09:17.2085110Z Removing target/debug/deps/libgeneric_array-218c5452e10dd155.rmeta
2025-11-09T20:09:17.2086604Z Removing target/debug/deps/libgetrandom-8c953d0b2b49c2d2.rlib
2025-11-09T20:09:17.2099264Z Removing target/debug/deps/libgetrandom-8c953d0b2b49c2d2.rmeta
2025-11-09T20:09:17.2100983Z Removing target/debug/deps/libgetrandom-94f68988f0176c86.rlib
2025-11-09T20:09:17.2102517Z Removing target/debug/deps/libgetrandom-94f68988f0176c86.rmeta
2025-11-09T20:09:17.2104032Z Removing target/debug/deps/libgimli-c6ce211822603f9c.rlib
2025-11-09T20:09:17.2105613Z Removing target/debug/deps/libgimli-c6ce211822603f9c.rmeta
2025-11-09T20:09:17.2107219Z Removing target/debug/deps/libh2-67b7373a3a98d2b1.rlib
2025-11-09T20:09:17.2108511Z Removing target/debug/deps/libh2-67b7373a3a98d2b1.rmeta
2025-11-09T20:09:17.2109849Z Removing target/debug/deps/libhalf-b35a8b7b8184a652.rlib
2025-11-09T20:09:17.2111284Z Removing target/debug/deps/libhalf-b35a8b7b8184a652.rmeta
2025-11-09T20:09:17.2112712Z Removing target/debug/deps/libhashbrown-58495ef904525875.rlib
2025-11-09T20:09:17.2114249Z Removing target/debug/deps/libhashbrown-58495ef904525875.rmeta
2025-11-09T20:09:17.2116181Z Removing target/debug/deps/libhex-39f5f8bc1bd9aca4.rmeta
2025-11-09T20:09:17.2117542Z Removing target/debug/deps/libhex-dcfe2cd018f6e5f0.rlib
2025-11-09T20:09:17.2118891Z Removing target/debug/deps/libhex-dcfe2cd018f6e5f0.rmeta
2025-11-09T20:09:17.2122044Z Removing target/debug/deps/libhttp-af18e4ff9e3dfe38.rlib
2025-11-09T20:09:17.2283432Z Removing target/debug/deps/libhttp-af18e4ff9e3dfe38.rmeta
2025-11-09T20:09:17.2285961Z Removing target/debug/deps/libhttp_body-8d5d3ab6f40ba57e.rlib
2025-11-09T20:09:17.2288935Z Removing target/debug/deps/libhttp_body-8d5d3ab6f40ba57e.rmeta
2025-11-09T20:09:17.2291127Z Removing target/debug/deps/libhttparse-16b6048ff48827ab.rlib
2025-11-09T20:09:17.2293297Z Removing target/debug/deps/libhttparse-16b6048ff48827ab.rmeta
2025-11-09T20:09:17.2296147Z Removing target/debug/deps/libhttpdate-d5018c03204bd778.rlib
2025-11-09T20:09:17.2297635Z Removing target/debug/deps/libhttpdate-d5018c03204bd778.rmeta
2025-11-09T20:09:17.2299071Z Removing target/debug/deps/libhyper-b60025547ec7088a.rlib
2025-11-09T20:09:17.2300447Z Removing target/debug/deps/libhyper-b60025547ec7088a.rmeta
2025-11-09T20:09:17.2301969Z Removing target/debug/deps/libicu_collections-8d123128da8a58ae.rlib
2025-11-09T20:09:17.2303610Z Removing target/debug/deps/libicu_collections-8d123128da8a58ae.rmeta
2025-11-09T20:09:17.2305386Z Removing target/debug/deps/libicu_locale_core-14c42337931d9756.rlib
2025-11-09T20:09:17.2308684Z Removing target/debug/deps/libicu_locale_core-14c42337931d9756.rmeta
2025-11-09T20:09:17.2310471Z Removing target/debug/deps/libicu_normalizer-0602ce96235f2213.rlib
2025-11-09T20:09:17.2312078Z Removing target/debug/deps/libicu_normalizer-0602ce96235f2213.rmeta
2025-11-09T20:09:17.2313722Z Removing target/debug/deps/libicu_normalizer_data-7b70d1e6c13d434d.rlib
2025-11-09T20:09:17.2316030Z Removing target/debug/deps/libicu_normalizer_data-7b70d1e6c13d434d.rmeta
2025-11-09T20:09:17.2317948Z Removing target/debug/deps/libicu_properties-594bddf639bd9870.rlib
2025-11-09T20:09:17.2319581Z Removing target/debug/deps/libicu_properties-594bddf639bd9870.rmeta
2025-11-09T20:09:17.2321254Z Removing target/debug/deps/libicu_properties_data-3eb416884774962c.rlib
2025-11-09T20:09:17.2323248Z Removing target/debug/deps/libicu_properties_data-3eb416884774962c.rmeta
2025-11-09T20:09:17.2325325Z Removing target/debug/deps/libicu_provider-4e515be11ce49769.rlib
2025-11-09T20:09:17.2327096Z Removing target/debug/deps/libicu_provider-4e515be11ce49769.rmeta
2025-11-09T20:09:17.2328575Z Removing target/debug/deps/libidna-8396801de7b90c02.rlib
2025-11-09T20:09:17.2329917Z Removing target/debug/deps/libidna-8396801de7b90c02.rmeta
2025-11-09T20:09:17.2331409Z Removing target/debug/deps/libidna_adapter-77a719ba56251a40.rlib
2025-11-09T20:09:17.2333132Z Removing target/debug/deps/libidna_adapter-77a719ba56251a40.rmeta
2025-11-09T20:09:17.2334918Z Removing target/debug/deps/libindexmap-ebd5508a6a5e9cdb.rlib
2025-11-09T20:09:17.2336436Z Removing target/debug/deps/libindexmap-ebd5508a6a5e9cdb.rmeta
2025-11-09T20:09:17.2337874Z Removing target/debug/deps/libipnet-f6c3440d7603f13d.rlib
2025-11-09T20:09:17.2339257Z Removing target/debug/deps/libipnet-f6c3440d7603f13d.rmeta
2025-11-09T20:09:17.2340716Z Removing target/debug/deps/libis_terminal-dcd73c744b96c2bf.rlib
2025-11-09T20:09:17.2342245Z Removing target/debug/deps/libis_terminal-dcd73c744b96c2bf.rmeta
2025-11-09T20:09:17.2344491Z Removing target/debug/deps/libitertools-65e81afe9e445558.rlib
2025-11-09T20:09:17.2346031Z Removing target/debug/deps/libitertools-65e81afe9e445558.rmeta
2025-11-09T20:09:17.2347709Z Removing target/debug/deps/libitoa-08c0ac77a7f9c5e1.rmeta
2025-11-09T20:09:17.2349063Z Removing target/debug/deps/libitoa-b11a99c3fb91e0ba.rlib
2025-11-09T20:09:17.2350551Z Removing target/debug/deps/libitoa-b11a99c3fb91e0ba.rmeta
2025-11-09T20:09:17.2351998Z Removing target/debug/deps/liblazy_static-a60c6f0d6f5b0a48.rlib
2025-11-09T20:09:17.2353515Z Removing target/debug/deps/liblazy_static-a60c6f0d6f5b0a48.rmeta
2025-11-09T20:09:17.2355281Z Removing target/debug/deps/liblibc-0bbb25e1d8acad57.rlib
2025-11-09T20:09:17.2356652Z Removing target/debug/deps/liblibc-0bbb25e1d8acad57.rmeta
2025-11-09T20:09:17.2358007Z Removing target/debug/deps/liblibm-9878322bd35959a3.rlib
2025-11-09T20:09:17.2359330Z Removing target/debug/deps/liblibm-9878322bd35959a3.rmeta
2025-11-09T20:09:17.2360779Z Removing target/debug/deps/liblinux_raw_sys-bb87369efe12a535.rlib
2025-11-09T20:09:17.2362625Z Removing target/debug/deps/liblinux_raw_sys-bb87369efe12a535.rmeta
2025-11-09T20:09:17.2364128Z Removing target/debug/deps/liblitemap-25eb7b5ae4df2615.rlib
2025-11-09T20:09:17.2365925Z Removing target/debug/deps/liblitemap-25eb7b5ae4df2615.rmeta
2025-11-09T20:09:17.2367938Z Removing target/debug/deps/liblog-7936ee94095ef39c.rlib
2025-11-09T20:09:17.2369687Z Removing target/debug/deps/liblog-7936ee94095ef39c.rmeta
2025-11-09T20:09:17.2371160Z Removing target/debug/deps/libm-9878322bd35959a3.d
2025-11-09T20:09:17.2372455Z Removing target/debug/deps/libmemchr-5d4e0d6bc9bda00f.rlib
2025-11-09T20:09:17.2373871Z Removing target/debug/deps/libmemchr-5d4e0d6bc9bda00f.rmeta
2025-11-09T20:09:17.2375384Z Removing target/debug/deps/libmime-10033b098b888fed.rlib
2025-11-09T20:09:17.2376723Z Removing target/debug/deps/libmime-10033b098b888fed.rmeta
2025-11-09T20:09:17.2378132Z Removing target/debug/deps/libminiz_oxide-d9ad3627380b17c2.rlib
2025-11-09T20:09:17.2379641Z Removing target/debug/deps/libminiz_oxide-d9ad3627380b17c2.rmeta
2025-11-09T20:09:17.2381044Z Removing target/debug/deps/libmio-de964bf95b3057fb.rlib
2025-11-09T20:09:17.2382365Z Removing target/debug/deps/libmio-de964bf95b3057fb.rmeta
2025-11-09T20:09:17.2383765Z Removing target/debug/deps/libnum_traits-b506934bb740cbf6.rlib
2025-11-09T20:09:17.2385358Z Removing target/debug/deps/libnum_traits-b506934bb740cbf6.rmeta
2025-11-09T20:09:17.2386811Z Removing target/debug/deps/libobject-5829cb2233c0b513.rlib
2025-11-09T20:09:17.2388192Z Removing target/debug/deps/libobject-5829cb2233c0b513.rmeta
2025-11-09T20:09:17.2389605Z Removing target/debug/deps/libonce_cell-140027e2059e248c.rlib
2025-11-09T20:09:17.2391028Z Removing target/debug/deps/libonce_cell-140027e2059e248c.rmeta
2025-11-09T20:09:17.2392473Z Removing target/debug/deps/liboorandom-2c0384e18d716be6.rlib
2025-11-09T20:09:17.2715301Z Removing target/debug/deps/liboorandom-2c0384e18d716be6.rmeta
2025-11-09T20:09:17.2718652Z Removing target/debug/deps/libpercent_encoding-d4c02626543d40b3.rlib
2025-11-09T20:09:17.2721404Z Removing target/debug/deps/libpercent_encoding-d4c02626543d40b3.rmeta
2025-11-09T20:09:17.2723883Z Removing target/debug/deps/libpin_project_lite-8304a63f5944e937.rlib
2025-11-09T20:09:17.2726770Z Removing target/debug/deps/libpin_project_lite-8304a63f5944e937.rmeta
2025-11-09T20:09:17.2728418Z Removing target/debug/deps/libpin_utils-4afe9bfe4113f5ad.rlib
2025-11-09T20:09:17.2729966Z Removing target/debug/deps/libpin_utils-4afe9bfe4113f5ad.rmeta
2025-11-09T20:09:17.2733077Z Removing target/debug/deps/libplotters-bae18d6894739156.rlib
2025-11-09T20:09:17.2734853Z Removing target/debug/deps/libplotters-bae18d6894739156.rmeta
2025-11-09T20:09:17.2736498Z Removing target/debug/deps/libplotters_backend-6c59dc1580532443.rlib
2025-11-09T20:09:17.2738218Z Removing target/debug/deps/libplotters_backend-6c59dc1580532443.rmeta
2025-11-09T20:09:17.2739833Z Removing target/debug/deps/libplotters_svg-1e338b432e7f1ba6.rlib
2025-11-09T20:09:17.2742730Z Removing target/debug/deps/libplotters_svg-1e338b432e7f1ba6.rmeta
2025-11-09T20:09:17.2744416Z Removing target/debug/deps/libpotential_utf-594a8beb8964bbdf.rlib
2025-11-09T20:09:17.2745994Z Removing target/debug/deps/libpotential_utf-594a8beb8964bbdf.rmeta
2025-11-09T20:09:17.2747525Z Removing target/debug/deps/libppv_lite86-f31b72c16d3ab29d.rlib
2025-11-09T20:09:17.2749009Z Removing target/debug/deps/libppv_lite86-f31b72c16d3ab29d.rmeta
2025-11-09T20:09:17.2750502Z Removing target/debug/deps/libpretty_hex-3b643e86f56f4855.rlib
2025-11-09T20:09:17.2752054Z Removing target/debug/deps/libpretty_hex-3b643e86f56f4855.rmeta
2025-11-09T20:09:17.2753550Z Removing target/debug/deps/libproc_macro2-013e91bf61085fba.rlib
2025-11-09T20:09:17.2755169Z Removing target/debug/deps/libproc_macro2-013e91bf61085fba.rmeta
2025-11-09T20:09:17.2756759Z Removing target/debug/deps/libproc_macro_crate-288ba2d6f9cde8b2.rlib
2025-11-09T20:09:17.2758402Z Removing target/debug/deps/libproc_macro_crate-288ba2d6f9cde8b2.rmeta
2025-11-09T20:09:17.2759974Z Removing target/debug/deps/libproptest-fe5de64ab58eee66.rlib
2025-11-09T20:09:17.2761455Z Removing target/debug/deps/libproptest-fe5de64ab58eee66.rmeta
2025-11-09T20:09:17.2763358Z Removing target/debug/deps/libquick_error-5431cbc53e6855e5.rlib
2025-11-09T20:09:17.2765174Z Removing target/debug/deps/libquick_error-5431cbc53e6855e5.rmeta
2025-11-09T20:09:17.2766642Z Removing target/debug/deps/libquote-1fd57a8d49f3e414.rlib
2025-11-09T20:09:17.2768245Z Removing target/debug/deps/libquote-1fd57a8d49f3e414.rmeta
2025-11-09T20:09:17.2769590Z Removing target/debug/deps/librand-fc4e73356887d916.rlib
2025-11-09T20:09:17.2770927Z Removing target/debug/deps/librand-fc4e73356887d916.rmeta
2025-11-09T20:09:17.2772630Z Removing target/debug/deps/librand_chacha-e20e83dc90b265db.rlib
2025-11-09T20:09:17.2774153Z Removing target/debug/deps/librand_chacha-e20e83dc90b265db.rmeta
2025-11-09T20:09:17.2776093Z Removing target/debug/deps/librand_core-c368d6b1d0f2f67a.rlib
2025-11-09T20:09:17.2777580Z Removing target/debug/deps/librand_core-c368d6b1d0f2f67a.rmeta
2025-11-09T20:09:17.2779102Z Removing target/debug/deps/librand_xorshift-30dbcff9e0cf9f0e.rlib
2025-11-09T20:09:17.2780671Z Removing target/debug/deps/librand_xorshift-30dbcff9e0cf9f0e.rmeta
2025-11-09T20:09:17.2782224Z Removing target/debug/deps/librand_xoshiro-fb20a66967968e23.rlib
2025-11-09T20:09:17.2783749Z Removing target/debug/deps/librand_xoshiro-fb20a66967968e23.rmeta
2025-11-09T20:09:17.2785355Z Removing target/debug/deps/librayon-fcfccdaccb2c1c8f.rlib
2025-11-09T20:09:17.2787089Z Removing target/debug/deps/librayon-fcfccdaccb2c1c8f.rmeta
2025-11-09T20:09:17.2788527Z Removing target/debug/deps/librayon_core-8233f837b2b82aa9.rlib
2025-11-09T20:09:17.2790012Z Removing target/debug/deps/librayon_core-8233f837b2b82aa9.rmeta
2025-11-09T20:09:17.2791426Z Removing target/debug/deps/libregex-7316801095448dcb.rlib
2025-11-09T20:09:17.2793571Z Removing target/debug/deps/libregex-7316801095448dcb.rmeta
2025-11-09T20:09:17.2796145Z Removing target/debug/deps/libregex_automata-560db73d82089022.rlib
2025-11-09T20:09:17.2799362Z Removing target/debug/deps/libregex_automata-560db73d82089022.rmeta
2025-11-09T20:09:17.2802058Z Removing target/debug/deps/libregex_syntax-fe8a530891fa5af3.rlib
2025-11-09T20:09:17.2805708Z Removing target/debug/deps/libregex_syntax-fe8a530891fa5af3.rmeta
2025-11-09T20:09:17.2808531Z Removing target/debug/deps/libreqwest-f1349d583e399c32.rlib
2025-11-09T20:09:17.2811309Z Removing target/debug/deps/libreqwest-f1349d583e399c32.rmeta
2025-11-09T20:09:17.2814069Z Removing target/debug/deps/libripemd-c4385cbf09230132.rlib
2025-11-09T20:09:17.2816994Z Removing target/debug/deps/libripemd-c4385cbf09230132.rmeta
2025-11-09T20:09:17.2819897Z Removing target/debug/deps/libripemd-f61d2a11e38c01dd.rmeta
2025-11-09T20:09:17.2822594Z Removing target/debug/deps/librustc_demangle-8dab3eb1c1115427.rlib
2025-11-09T20:09:17.2826026Z Removing target/debug/deps/librustc_demangle-8dab3eb1c1115427.rmeta
2025-11-09T20:09:17.2828717Z Removing target/debug/deps/librustix-9d1c1196c042be37.rlib
2025-11-09T20:09:17.2831119Z Removing target/debug/deps/librustix-9d1c1196c042be37.rmeta
2025-11-09T20:09:17.2835088Z Removing target/debug/deps/librusty_fork-408f526f41d594bd.rlib
2025-11-09T20:09:17.2838022Z Removing target/debug/deps/librusty_fork-408f526f41d594bd.rmeta
2025-11-09T20:09:17.2840209Z Removing target/debug/deps/libryu-1d74fbb8396b52fe.rmeta
2025-11-09T20:09:17.2843215Z Removing target/debug/deps/libryu-27d616b1525b0bd5.rlib
2025-11-09T20:09:17.2844821Z Removing target/debug/deps/libryu-27d616b1525b0bd5.rmeta
2025-11-09T20:09:17.2846233Z Removing target/debug/deps/libsame_file-885ba4335dbafcd5.rlib
2025-11-09T20:09:17.3123504Z Removing target/debug/deps/libsame_file-885ba4335dbafcd5.rmeta
2025-11-09T20:09:17.3125882Z Removing target/debug/deps/libsecp256k1-3552d18711f5218e.rlib
2025-11-09T20:09:17.3127541Z Removing target/debug/deps/libsecp256k1-3552d18711f5218e.rmeta
2025-11-09T20:09:17.3129210Z Removing target/debug/deps/libsecp256k1-a7db9034d9c45ea0.rmeta
2025-11-09T20:09:17.3131788Z Removing target/debug/deps/libsecp256k1_sys-18fc324a2f93c70b.rmeta
2025-11-09T20:09:17.3134735Z Removing target/debug/deps/libsecp256k1_sys-6cd32742aabed926.rlib
2025-11-09T20:09:17.3137699Z Removing target/debug/deps/libsecp256k1_sys-6cd32742aabed926.rmeta
2025-11-09T20:09:17.3140235Z Removing target/debug/deps/libserde-4eca9d9f7a929b57.rlib
2025-11-09T20:09:17.3142621Z Removing target/debug/deps/libserde-4eca9d9f7a929b57.rmeta
2025-11-09T20:09:17.3145251Z Removing target/debug/deps/libserde-a3217f5e798b0a0e.rmeta
2025-11-09T20:09:17.3146735Z Removing target/debug/deps/libserde_derive-e749fa70367a8df4.so
2025-11-09T20:09:17.3148572Z Removing target/debug/deps/libserde_derive-f7022334ed5675a3.so
2025-11-09T20:09:17.3150216Z Removing target/debug/deps/libserde_json-4b2f7e519a4c7e92.rmeta
2025-11-09T20:09:17.3151979Z Removing target/debug/deps/libserde_json-b75336d497f01a50.rlib
2025-11-09T20:09:17.3153484Z Removing target/debug/deps/libserde_json-b75336d497f01a50.rmeta
2025-11-09T20:09:17.3155446Z Removing target/debug/deps/libserde_urlencoded-36b5f7aa51dec2d6.rlib
2025-11-09T20:09:17.3157121Z Removing target/debug/deps/libserde_urlencoded-36b5f7aa51dec2d6.rmeta
2025-11-09T20:09:17.3158660Z Removing target/debug/deps/libsha2-a6f830be70788546.rmeta
2025-11-09T20:09:17.3160007Z Removing target/debug/deps/libsha2-f1ee2b7c028150d8.rlib
2025-11-09T20:09:17.3161408Z Removing target/debug/deps/libsha2-f1ee2b7c028150d8.rmeta
2025-11-09T20:09:17.3162803Z Removing target/debug/deps/libsha2_asm-5fc243991633aa35.rmeta
2025-11-09T20:09:17.3164944Z Removing target/debug/deps/libsha2_asm-db02cef9726600b0.rlib
2025-11-09T20:09:17.3166415Z Removing target/debug/deps/libsha2_asm-db02cef9726600b0.rmeta
2025-11-09T20:09:17.3167834Z Removing target/debug/deps/libshlex-83c7e0da01d13271.rlib
2025-11-09T20:09:17.3169218Z Removing target/debug/deps/libshlex-83c7e0da01d13271.rmeta
2025-11-09T20:09:17.3170587Z Removing target/debug/deps/libslab-3f53b5c5532ac7a8.rlib
2025-11-09T20:09:17.3171925Z Removing target/debug/deps/libslab-3f53b5c5532ac7a8.rmeta
2025-11-09T20:09:17.3173584Z Removing target/debug/deps/libsmallvec-8995de69024cacd0.rlib
2025-11-09T20:09:17.3175318Z Removing target/debug/deps/libsmallvec-8995de69024cacd0.rmeta
2025-11-09T20:09:17.3176767Z Removing target/debug/deps/libsocket2-af83260fbd731ddc.rlib
2025-11-09T20:09:17.3178194Z Removing target/debug/deps/libsocket2-af83260fbd731ddc.rmeta
2025-11-09T20:09:17.3179605Z Removing target/debug/deps/libsocket2-ce2370ef04b1c292.rlib
2025-11-09T20:09:17.3181046Z Removing target/debug/deps/libsocket2-ce2370ef04b1c292.rmeta
2025-11-09T20:09:17.3182585Z Removing target/debug/deps/libstable_deref_trait-3d6a1750f55786e6.rlib
2025-11-09T20:09:17.3184817Z Removing target/debug/deps/libstable_deref_trait-3d6a1750f55786e6.rmeta
2025-11-09T20:09:17.3186615Z Removing target/debug/deps/libsyn-34d04d1461fb490a.rlib
2025-11-09T20:09:17.3187943Z Removing target/debug/deps/libsyn-34d04d1461fb490a.rmeta
2025-11-09T20:09:17.3189257Z Removing target/debug/deps/libsyn-aca17214a42be380.rlib
2025-11-09T20:09:17.3190579Z Removing target/debug/deps/libsyn-aca17214a42be380.rmeta
2025-11-09T20:09:17.3191893Z Removing target/debug/deps/libsyn-db513f8ec2c70902.rlib
2025-11-09T20:09:17.3193198Z Removing target/debug/deps/libsyn-db513f8ec2c70902.rmeta
2025-11-09T20:09:17.3194902Z Removing target/debug/deps/libsync_wrapper-011d66a29022fa57.rlib
2025-11-09T20:09:17.3196479Z Removing target/debug/deps/libsync_wrapper-011d66a29022fa57.rmeta
2025-11-09T20:09:17.3199281Z Removing target/debug/deps/libsynstructure-5e32a687d3c1544f.rlib
2025-11-09T20:09:17.3200866Z Removing target/debug/deps/libsynstructure-5e32a687d3c1544f.rmeta
2025-11-09T20:09:17.3202388Z Removing target/debug/deps/libtempfile-9dd7ea7255645a6d.rlib
2025-11-09T20:09:17.3203847Z Removing target/debug/deps/libtempfile-9dd7ea7255645a6d.rmeta
2025-11-09T20:09:17.3205702Z Removing target/debug/deps/libthiserror-33d8d4720d5b26de.rlib
2025-11-09T20:09:17.3207218Z Removing target/debug/deps/libthiserror-33d8d4720d5b26de.rmeta
2025-11-09T20:09:17.3210362Z Removing target/debug/deps/libthiserror-7a6e0ed1eb395f20.rmeta
2025-11-09T20:09:17.3211886Z Removing target/debug/deps/libthiserror_impl-74aca0240a9ecf0d.so
2025-11-09T20:09:17.3213414Z Removing target/debug/deps/libthiserror_impl-ae242962b985a660.so
2025-11-09T20:09:17.3215140Z Removing target/debug/deps/libtinystr-d3b19922b34c6b5f.rlib
2025-11-09T20:09:17.3216577Z Removing target/debug/deps/libtinystr-d3b19922b34c6b5f.rmeta
2025-11-09T20:09:17.3218276Z Removing target/debug/deps/libtinytemplate-8f3fd706f9b14a51.rlib
2025-11-09T20:09:17.3219887Z Removing target/debug/deps/libtinytemplate-8f3fd706f9b14a51.rmeta
2025-11-09T20:09:17.3221373Z Removing target/debug/deps/libtokio-87840121dbcc34d6.rlib
2025-11-09T20:09:17.3222736Z Removing target/debug/deps/libtokio-87840121dbcc34d6.rmeta
2025-11-09T20:09:17.3224225Z Removing target/debug/deps/libtokio_macros-2752d99a3d96bedd.so
2025-11-09T20:09:17.3227157Z Removing target/debug/deps/libtokio_util-f8c6b36c18753d70.rlib
2025-11-09T20:09:17.3229814Z Removing target/debug/deps/libtokio_util-f8c6b36c18753d70.rmeta
2025-11-09T20:09:17.3232595Z Removing target/debug/deps/libtoml_datetime-93eba6e9ca7547bc.rlib
2025-11-09T20:09:17.3235711Z Removing target/debug/deps/libtoml_datetime-93eba6e9ca7547bc.rmeta
2025-11-09T20:09:17.3238534Z Removing target/debug/deps/libtoml_edit-769c1e6e8df88079.rlib
2025-11-09T20:09:17.3241261Z Removing target/debug/deps/libtoml_edit-769c1e6e8df88079.rmeta
2025-11-09T20:09:17.3244048Z Removing target/debug/deps/libtower_service-863bcdc79d53a78b.rlib
2025-11-09T20:09:17.3326174Z Removing target/debug/deps/libtower_service-863bcdc79d53a78b.rmeta
2025-11-09T20:09:17.3327797Z Removing target/debug/deps/libtracing-45bd8448a06fd778.rlib
2025-11-09T20:09:17.3329221Z Removing target/debug/deps/libtracing-45bd8448a06fd778.rmeta
2025-11-09T20:09:17.3330681Z Removing target/debug/deps/libtracing_core-efd5a647688ed0e7.rlib
2025-11-09T20:09:17.3332188Z Removing target/debug/deps/libtracing_core-efd5a647688ed0e7.rmeta
2025-11-09T20:09:17.3333890Z Removing target/debug/deps/libtry_lock-0a9dba077bc589b2.rlib
2025-11-09T20:09:17.3335663Z Removing target/debug/deps/libtry_lock-0a9dba077bc589b2.rmeta
2025-11-09T20:09:17.3337086Z Removing target/debug/deps/libtypenum-015e0db2d7fddc8a.rlib
2025-11-09T20:09:17.3339408Z Removing target/debug/deps/libtypenum-015e0db2d7fddc8a.rmeta
2025-11-09T20:09:17.3340839Z Removing target/debug/deps/libtypenum-95c161620aaca3ae.rmeta
2025-11-09T20:09:17.3342524Z Removing target/debug/deps/libunarray-a3a566f6e348ba30.rlib
2025-11-09T20:09:17.3345299Z Removing target/debug/deps/libunarray-a3a566f6e348ba30.rmeta
2025-11-09T20:09:17.3346858Z Removing target/debug/deps/libunicode_ident-796da7d7beff3c43.rlib
2025-11-09T20:09:17.3348402Z Removing target/debug/deps/libunicode_ident-796da7d7beff3c43.rmeta
2025-11-09T20:09:17.3349825Z Removing target/debug/deps/liburl-5c968cb4d8c3dd35.rlib
2025-11-09T20:09:17.3351120Z Removing target/debug/deps/liburl-5c968cb4d8c3dd35.rmeta
2025-11-09T20:09:17.3352480Z Removing target/debug/deps/libutf8_iter-25f6afe9a4463498.rlib
2025-11-09T20:09:17.3353912Z Removing target/debug/deps/libutf8_iter-25f6afe9a4463498.rmeta
2025-11-09T20:09:17.3355829Z Removing target/debug/deps/libversion_check-a216429c4cbdde93.rlib
2025-11-09T20:09:17.3357373Z Removing target/debug/deps/libversion_check-a216429c4cbdde93.rmeta
2025-11-09T20:09:17.3358895Z Removing target/debug/deps/libwait_timeout-4dae2813bb096b7d.rlib
2025-11-09T20:09:17.3360397Z Removing target/debug/deps/libwait_timeout-4dae2813bb096b7d.rmeta
2025-11-09T20:09:17.3361868Z Removing target/debug/deps/libwalkdir-61d89ec0cab3a80b.rlib
2025-11-09T20:09:17.3363375Z Removing target/debug/deps/libwalkdir-61d89ec0cab3a80b.rmeta
2025-11-09T20:09:17.3364887Z Removing target/debug/deps/libwant-ed71f0675c882a6c.rlib
2025-11-09T20:09:17.3366213Z Removing target/debug/deps/libwant-ed71f0675c882a6c.rmeta
2025-11-09T20:09:17.3367558Z Removing target/debug/deps/libwinnow-c3069a2d8d8dfc76.rlib
2025-11-09T20:09:17.3368921Z Removing target/debug/deps/libwinnow-c3069a2d8d8dfc76.rmeta
2025-11-09T20:09:17.3370349Z Removing target/debug/deps/libwriteable-3371d4204352a54a.rlib
2025-11-09T20:09:17.3371795Z Removing target/debug/deps/libwriteable-3371d4204352a54a.rmeta
2025-11-09T20:09:17.3373172Z Removing target/debug/deps/libyoke-8853c473f3035d81.rlib
2025-11-09T20:09:17.3375250Z Removing target/debug/deps/libyoke-8853c473f3035d81.rmeta
2025-11-09T20:09:17.3376637Z Removing target/debug/deps/libyoke_derive-06b29befb72e1620.so
2025-11-09T20:09:17.3378312Z Removing target/debug/deps/libzerocopy-b498f825c400ed66.rlib
2025-11-09T20:09:17.3379737Z Removing target/debug/deps/libzerocopy-b498f825c400ed66.rmeta
2025-11-09T20:09:17.3381217Z Removing target/debug/deps/libzerocopy_derive-9d99d41eb05d0a6d.so
2025-11-09T20:09:17.3382681Z Removing target/debug/deps/libzerofrom-1bfef26325f52b1d.rlib
2025-11-09T20:09:17.3384102Z Removing target/debug/deps/libzerofrom-1bfef26325f52b1d.rmeta
2025-11-09T20:09:17.3386155Z Removing target/debug/deps/libzerofrom_derive-f24f75456298c6e7.so
2025-11-09T20:09:17.3387631Z Removing target/debug/deps/libzerotrie-51758b64cb4153fc.rlib
2025-11-09T20:09:17.3389051Z Removing target/debug/deps/libzerotrie-51758b64cb4153fc.rmeta
2025-11-09T20:09:17.3390457Z Removing target/debug/deps/libzerovec-7d5972dc6f34f025.rlib
2025-11-09T20:09:17.3391854Z Removing target/debug/deps/libzerovec-7d5972dc6f34f025.rmeta
2025-11-09T20:09:17.3393295Z Removing target/debug/deps/libzerovec_derive-de60b80a4650ecc3.so
2025-11-09T20:09:17.3395159Z Removing target/debug/deps/linux_raw_sys-bb87369efe12a535.d
2025-11-09T20:09:17.3396484Z Removing target/debug/deps/litemap-25eb7b5ae4df2615.d
2025-11-09T20:09:17.3397679Z Removing target/debug/deps/log-7936ee94095ef39c.d
2025-11-09T20:09:17.3398861Z Removing target/debug/deps/memchr-5d4e0d6bc9bda00f.d
2025-11-09T20:09:17.3400034Z Removing target/debug/deps/mime-10033b098b888fed.d
2025-11-09T20:09:17.3401607Z Removing target/debug/deps/miniz_oxide-d9ad3627380b17c2.d
2025-11-09T20:09:17.3402846Z Removing target/debug/deps/mio-de964bf95b3057fb.d
2025-11-09T20:09:17.3404256Z Removing target/debug/deps/num_traits-b506934bb740cbf6.d
2025-11-09T20:09:17.3405964Z Removing target/debug/deps/object-5829cb2233c0b513.d
2025-11-09T20:09:17.3407215Z Removing target/debug/deps/once_cell-140027e2059e248c.d
2025-11-09T20:09:17.3409092Z Removing target/debug/deps/oorandom-2c0384e18d716be6.d
2025-11-09T20:09:17.3411346Z Removing target/debug/deps/percent_encoding-d4c02626543d40b3.d
2025-11-09T20:09:17.3413102Z Removing target/debug/deps/pin_project_lite-8304a63f5944e937.d
2025-11-09T20:09:17.3415376Z Removing target/debug/deps/pin_utils-4afe9bfe4113f5ad.d
2025-11-09T20:09:17.3417403Z Removing target/debug/deps/plotters-bae18d6894739156.d
2025-11-09T20:09:17.3418766Z Removing target/debug/deps/plotters_backend-6c59dc1580532443.d
2025-11-09T20:09:17.3420967Z Removing target/debug/deps/plotters_svg-1e338b432e7f1ba6.d
2025-11-09T20:09:17.3422318Z Removing target/debug/deps/potential_utf-594a8beb8964bbdf.d
2025-11-09T20:09:17.3423663Z Removing target/debug/deps/ppv_lite86-f31b72c16d3ab29d.d
2025-11-09T20:09:17.3425368Z Removing target/debug/deps/pretty_hex-3b643e86f56f4855.d
2025-11-09T20:09:17.3426673Z Removing target/debug/deps/proc_macro2-013e91bf61085fba.d
2025-11-09T20:09:17.3428048Z Removing target/debug/deps/proc_macro_crate-288ba2d6f9cde8b2.d
2025-11-09T20:09:17.3431097Z Removing target/debug/deps/proptest-fe5de64ab58eee66.d
2025-11-09T20:09:17.3432789Z Removing target/debug/deps/quick_error-5431cbc53e6855e5.d
2025-11-09T20:09:17.3434138Z Removing target/debug/deps/quote-1fd57a8d49f3e414.d
2025-11-09T20:09:17.3435443Z Removing target/debug/deps/rand-fc4e73356887d916.d
2025-11-09T20:09:17.3436689Z Removing target/debug/deps/rand_chacha-e20e83dc90b265db.d
2025-11-09T20:09:17.3437978Z Removing target/debug/deps/rand_core-c368d6b1d0f2f67a.d
2025-11-09T20:09:17.3439291Z Removing target/debug/deps/rand_xorshift-30dbcff9e0cf9f0e.d
2025-11-09T20:09:17.3440647Z Removing target/debug/deps/rand_xoshiro-fb20a66967968e23.d
2025-11-09T20:09:17.3444137Z Removing target/debug/deps/rayon-fcfccdaccb2c1c8f.d
2025-11-09T20:09:17.3446993Z Removing target/debug/deps/rayon_core-8233f837b2b82aa9.d
2025-11-09T20:09:17.3448464Z Removing target/debug/deps/regex-7316801095448dcb.d
2025-11-09T20:09:17.3450270Z Removing target/debug/deps/regex_automata-560db73d82089022.d
2025-11-09T20:09:17.3452086Z Removing target/debug/deps/regex_syntax-fe8a530891fa5af3.d
2025-11-09T20:09:17.3455212Z Removing target/debug/deps/reqwest-f1349d583e399c32.d
2025-11-09T20:09:17.3456961Z Removing target/debug/deps/ripemd-c4385cbf09230132.d
2025-11-09T20:09:17.3458168Z Removing target/debug/deps/ripemd-f61d2a11e38c01dd.d
2025-11-09T20:09:17.3459480Z Removing target/debug/deps/rustc_demangle-8dab3eb1c1115427.d
2025-11-09T20:09:17.3460788Z Removing target/debug/deps/rustix-9d1c1196c042be37.d
2025-11-09T20:09:17.3462026Z Removing target/debug/deps/rusty_fork-408f526f41d594bd.d
2025-11-09T20:09:17.3464893Z Removing target/debug/deps/ryu-1d74fbb8396b52fe.d
2025-11-09T20:09:17.3466044Z Removing target/debug/deps/ryu-27d616b1525b0bd5.d
2025-11-09T20:09:17.3467251Z Removing target/debug/deps/same_file-885ba4335dbafcd5.d
2025-11-09T20:09:17.3468508Z Removing target/debug/deps/secp256k1-3552d18711f5218e.d
2025-11-09T20:09:17.3470125Z Removing target/debug/deps/secp256k1-a7db9034d9c45ea0.d
2025-11-09T20:09:17.3471444Z Removing target/debug/deps/secp256k1_sys-18fc324a2f93c70b.d
2025-11-09T20:09:17.3474842Z Removing target/debug/deps/secp256k1_sys-6cd32742aabed926.d
2025-11-09T20:09:17.3476126Z Removing target/debug/deps/serde-4eca9d9f7a929b57.d
2025-11-09T20:09:17.3477300Z Removing target/debug/deps/serde-a3217f5e798b0a0e.d
2025-11-09T20:09:17.3478547Z Removing target/debug/deps/serde_derive-e749fa70367a8df4.d
2025-11-09T20:09:17.3479890Z Removing target/debug/deps/serde_derive-f7022334ed5675a3.d
2025-11-09T20:09:17.3481205Z Removing target/debug/deps/serde_json-4b2f7e519a4c7e92.d
2025-11-09T20:09:17.3483378Z Removing target/debug/deps/serde_json-b75336d497f01a50.d
2025-11-09T20:09:17.3484871Z Removing target/debug/deps/serde_urlencoded-36b5f7aa51dec2d6.d
2025-11-09T20:09:17.3486359Z Removing target/debug/deps/sha2-a6f830be70788546.d
2025-11-09T20:09:17.3487547Z Removing target/debug/deps/sha2-f1ee2b7c028150d8.d
2025-11-09T20:09:17.3488780Z Removing target/debug/deps/sha2_asm-5fc243991633aa35.d
2025-11-09T20:09:17.3491942Z Removing target/debug/deps/sha2_asm-db02cef9726600b0.d
2025-11-09T20:09:17.3493134Z Removing target/debug/deps/shlex-83c7e0da01d13271.d
2025-11-09T20:09:17.3495245Z Removing target/debug/deps/slab-3f53b5c5532ac7a8.d
2025-11-09T20:09:17.3497185Z Removing target/debug/deps/smallvec-8995de69024cacd0.d
2025-11-09T20:09:17.3499004Z Removing target/debug/deps/socket2-af83260fbd731ddc.d
2025-11-09T20:09:17.3501929Z Removing target/debug/deps/socket2-ce2370ef04b1c292.d
2025-11-09T20:09:17.3504665Z Removing target/debug/deps/stable_deref_trait-3d6a1750f55786e6.d
2025-11-09T20:09:17.3576746Z Removing target/debug/deps/syn-34d04d1461fb490a.d
2025-11-09T20:09:17.3579148Z Removing target/debug/deps/syn-aca17214a42be380.d
2025-11-09T20:09:17.3581230Z Removing target/debug/deps/syn-db513f8ec2c70902.d
2025-11-09T20:09:17.3584004Z Removing target/debug/deps/sync_wrapper-011d66a29022fa57.d
2025-11-09T20:09:17.3586636Z Removing target/debug/deps/synstructure-5e32a687d3c1544f.d
2025-11-09T20:09:17.3590337Z Removing target/debug/deps/tempfile-9dd7ea7255645a6d.d
2025-11-09T20:09:17.3592542Z Removing target/debug/deps/thiserror-33d8d4720d5b26de.d
2025-11-09T20:09:17.3594931Z Removing target/debug/deps/thiserror-7a6e0ed1eb395f20.d
2025-11-09T20:09:17.3597368Z Removing target/debug/deps/thiserror_impl-74aca0240a9ecf0d.d
2025-11-09T20:09:17.3599784Z Removing target/debug/deps/thiserror_impl-ae242962b985a660.d
2025-11-09T20:09:17.3602104Z Removing target/debug/deps/tinystr-d3b19922b34c6b5f.d
2025-11-09T20:09:17.3604633Z Removing target/debug/deps/tinytemplate-8f3fd706f9b14a51.d
2025-11-09T20:09:17.3608909Z Removing target/debug/deps/tokio-87840121dbcc34d6.d
2025-11-09T20:09:17.3611161Z Removing target/debug/deps/tokio_macros-2752d99a3d96bedd.d
2025-11-09T20:09:17.3613604Z Removing target/debug/deps/tokio_util-f8c6b36c18753d70.d
2025-11-09T20:09:17.3616155Z Removing target/debug/deps/toml_datetime-93eba6e9ca7547bc.d
2025-11-09T20:09:17.3618445Z Removing target/debug/deps/toml_edit-769c1e6e8df88079.d
2025-11-09T20:09:17.3621555Z Removing target/debug/deps/tower_service-863bcdc79d53a78b.d
2025-11-09T20:09:17.3624482Z Removing target/debug/deps/tracing-45bd8448a06fd778.d
2025-11-09T20:09:17.3627042Z Removing target/debug/deps/tracing_core-efd5a647688ed0e7.d
2025-11-09T20:09:17.3629655Z Removing target/debug/deps/try_lock-0a9dba077bc589b2.d
2025-11-09T20:09:17.3631874Z Removing target/debug/deps/typenum-015e0db2d7fddc8a.d
2025-11-09T20:09:17.3634055Z Removing target/debug/deps/typenum-95c161620aaca3ae.d
2025-11-09T20:09:17.3636365Z Removing target/debug/deps/unarray-a3a566f6e348ba30.d
2025-11-09T20:09:17.3638702Z Removing target/debug/deps/unicode_ident-796da7d7beff3c43.d
2025-11-09T20:09:17.3640954Z Removing target/debug/deps/url-5c968cb4d8c3dd35.d
2025-11-09T20:09:17.3643068Z Removing target/debug/deps/utf8_iter-25f6afe9a4463498.d
2025-11-09T20:09:17.3645357Z Removing target/debug/deps/version_check-a216429c4cbdde93.d
2025-11-09T20:09:17.3647905Z Removing target/debug/deps/wait_timeout-4dae2813bb096b7d.d
2025-11-09T20:09:17.3650266Z Removing target/debug/deps/walkdir-61d89ec0cab3a80b.d
2025-11-09T20:09:17.3652374Z Removing target/debug/deps/want-ed71f0675c882a6c.d
2025-11-09T20:09:17.3654680Z Removing target/debug/deps/winnow-c3069a2d8d8dfc76.d
2025-11-09T20:09:17.3656104Z Removing target/debug/deps/writeable-3371d4204352a54a.d
2025-11-09T20:09:17.3657391Z Removing target/debug/deps/yoke-8853c473f3035d81.d
2025-11-09T20:09:17.3658649Z Removing target/debug/deps/yoke_derive-06b29befb72e1620.d
2025-11-09T20:09:17.3661040Z Removing target/debug/deps/zerocopy-b498f825c400ed66.d
2025-11-09T20:09:17.3662420Z Removing target/debug/deps/zerocopy_derive-9d99d41eb05d0a6d.d
2025-11-09T20:09:17.3664819Z Removing target/debug/deps/zerofrom-1bfef26325f52b1d.d
2025-11-09T20:09:17.3666944Z Removing target/debug/deps/zerofrom_derive-f24f75456298c6e7.d
2025-11-09T20:09:17.3669338Z Removing target/debug/deps/zerotrie-51758b64cb4153fc.d
2025-11-09T20:09:17.3670623Z Removing target/debug/deps/zerovec-7d5972dc6f34f025.d
2025-11-09T20:09:17.3671938Z Removing target/debug/deps/zerovec_derive-de60b80a4650ecc3.d
2025-11-09T20:09:17.3673126Z Removing target/debug/examples/
2025-11-09T20:09:17.3674022Z Removing target/debug/incremental/
2025-11-09T20:09:17.3675210Z Removing target/doc/
2025-11-09T20:09:17.3675979Z Removing target/tmp/
2025-11-09T20:09:17.3680836Z [command]/usr/bin/git reset --hard HEAD
2025-11-09T20:09:17.3681950Z HEAD is now at c28a36e fix: Resolve all compiler warnings
2025-11-09T20:09:17.3684726Z ##[endgroup]
2025-11-09T20:09:17.3686023Z ##[group]Disabling automatic garbage collection
2025-11-09T20:09:17.3687116Z [command]/usr/bin/git config --local gc.auto 0
2025-11-09T20:09:17.3702012Z ##[endgroup]
2025-11-09T20:09:17.3703209Z ##[group]Setting up auth
2025-11-09T20:09:17.3708849Z [command]/usr/bin/git config --local --name-only --get-regexp core\.sshCommand
2025-11-09T20:09:17.3743430Z [command]/usr/bin/git submodule foreach --recursive sh -c "git config --local --name-only --get-regexp 'core\.sshCommand' && git config --local --unset-all 'core.sshCommand' || :"
2025-11-09T20:09:17.4020044Z [command]/usr/bin/git config --local --name-only --get-regexp http\.https\:\/\/github\.com\/\.extraheader
2025-11-09T20:09:17.4053981Z [command]/usr/bin/git submodule foreach --recursive sh -c "git config --local --name-only --get-regexp 'http\.https\:\/\/github\.com\/\.extraheader' && git config --local --unset-all 'http.https://github.com/.extraheader' || :"
2025-11-09T20:09:17.4321758Z [command]/usr/bin/git config --local http.https://github.com/.extraheader AUTHORIZATION: basic ***
2025-11-09T20:09:17.4363745Z ##[endgroup]
2025-11-09T20:09:17.4365741Z ##[group]Fetching the repository
2025-11-09T20:09:17.4373662Z [command]/usr/bin/git -c protocol.version=2 fetch --no-tags --prune --no-recurse-submodules --depth=1 origin +c28a36e7b60be4e32a38f72b272322cd66a3f71d:refs/remotes/origin/main
2025-11-09T20:09:17.6425721Z ##[endgroup]
2025-11-09T20:09:17.6427104Z ##[group]Determining the checkout info
2025-11-09T20:09:17.6429041Z ##[endgroup]
2025-11-09T20:09:17.6432500Z [command]/usr/bin/git sparse-checkout disable
2025-11-09T20:09:17.6498316Z [command]/usr/bin/git config --local --unset-all extensions.worktreeConfig
2025-11-09T20:09:17.6531364Z ##[group]Checking out the ref
2025-11-09T20:09:17.6535362Z [command]/usr/bin/git checkout --progress --force -B main refs/remotes/origin/main
2025-11-09T20:09:17.6618403Z Switched to a new branch 'main'
2025-11-09T20:09:17.6622155Z branch 'main' set up to track 'origin/main'.
2025-11-09T20:09:17.6631318Z ##[endgroup]
2025-11-09T20:09:17.6676914Z [command]/usr/bin/git log -1 --format=%H
2025-11-09T20:09:17.6702847Z c28a36e7b60be4e32a38f72b272322cd66a3f71d
2025-11-09T20:09:17.7153949Z ##[group]Run dtolnay/rust-toolchain@master
2025-11-09T20:09:17.7155141Z with:
2025-11-09T20:09:17.7155814Z   toolchain: 1.88.0
2025-11-09T20:09:17.7156512Z env:
2025-11-09T20:09:17.7157191Z   CARGO_TERM_COLOR: always
2025-11-09T20:09:17.7157981Z ##[endgroup]
2025-11-09T20:09:17.7294789Z ##[group]Run : parse toolchain version
2025-11-09T20:09:17.7295895Z [36;1m: parse toolchain version[0m
2025-11-09T20:09:17.7296855Z [36;1mif [[ -z $toolchain ]]; then[0m
2025-11-09T20:09:17.7298497Z [36;1m  # GitHub does not enforce `required: true` inputs itself. https://github.com/actions/runner/issues/1070[0m
2025-11-09T20:09:17.7300289Z [36;1m  echo "'toolchain' is a required input" >&2[0m
2025-11-09T20:09:17.7301302Z [36;1m  exit 1[0m
2025-11-09T20:09:17.7302395Z [36;1melif [[ $toolchain =~ ^stable' '[0-9]+' '(year|month|week|day)s?' 'ago$ ]]; then[0m
2025-11-09T20:09:17.7303745Z [36;1m  if [[ Linux == macOS ]]; then[0m
2025-11-09T20:09:17.7305569Z [36;1m    echo "toolchain=1.$((($(date -v-$(sed 's/stable \([0-9]*\) \(.\).*/\1\2/' <<< $toolchain) +%s)/60/60/24-16569)/7/6))" >> $GITHUB_OUTPUT[0m
2025-11-09T20:09:17.7307187Z [36;1m  else[0m
2025-11-09T20:09:17.7308488Z [36;1m    echo "toolchain=1.$((($(date --date "${toolchain#stable }" +%s)/60/60/24-16569)/7/6))" >> $GITHUB_OUTPUT[0m
2025-11-09T20:09:17.7309988Z [36;1m  fi[0m
2025-11-09T20:09:17.7310984Z [36;1melif [[ $toolchain =~ ^stable' 'minus' '[0-9]+' 'releases?$ ]]; then[0m
2025-11-09T20:09:17.7312717Z [36;1m  echo "toolchain=1.$((($(date +%s)/60/60/24-16569)/7/6-${toolchain//[^0-9]/}))" >> $GITHUB_OUTPUT[0m
2025-11-09T20:09:17.7314603Z [36;1melif [[ $toolchain =~ ^1\.[0-9]+$ ]]; then[0m
2025-11-09T20:09:17.7316284Z [36;1m  echo "toolchain=1.$((i=${toolchain#1.}, c=($(date +%s)/60/60/24-16569)/7/6, i+9*i*(10*i<=c)+90*i*(100*i<=c)))" >> $GITHUB_OUTPUT[0m
2025-11-09T20:09:17.7318204Z [36;1melse[0m
2025-11-09T20:09:17.7319527Z [36;1m  echo "toolchain=$toolchain" >> $GITHUB_OUTPUT[0m
2025-11-09T20:09:17.7320580Z [36;1mfi[0m
2025-11-09T20:09:17.7349217Z shell: /usr/bin/bash --noprofile --norc -e -o pipefail {0}
2025-11-09T20:09:17.7350348Z env:
2025-11-09T20:09:17.7351027Z   CARGO_TERM_COLOR: always
2025-11-09T20:09:17.7351834Z   toolchain: 1.88.0
2025-11-09T20:09:17.7352561Z ##[endgroup]
2025-11-09T20:09:17.7502174Z ##[group]Run : construct rustup command line
2025-11-09T20:09:17.7503274Z [36;1m: construct rustup command line[0m
2025-11-09T20:09:17.7504890Z [36;1mecho "targets=$(for t in ${targets//,/ }; do echo -n ' --target' $t; done)" >> $GITHUB_OUTPUT[0m
2025-11-09T20:09:17.7506943Z [36;1mecho "components=$(for c in ${components//,/ }; do echo -n ' --component' $c; done)" >> $GITHUB_OUTPUT[0m
2025-11-09T20:09:17.7508529Z [36;1mecho "downgrade=" >> $GITHUB_OUTPUT[0m
2025-11-09T20:09:17.7537449Z shell: /usr/bin/bash --noprofile --norc -e -o pipefail {0}
2025-11-09T20:09:17.7538565Z env:
2025-11-09T20:09:17.7539234Z   CARGO_TERM_COLOR: always
2025-11-09T20:09:17.7540024Z   targets: 
2025-11-09T20:09:17.7540709Z   components: 
2025-11-09T20:09:17.7541395Z ##[endgroup]
2025-11-09T20:09:17.7674922Z ##[group]Run : set $CARGO_HOME
2025-11-09T20:09:17.7676206Z [36;1m: set $CARGO_HOME[0m
2025-11-09T20:09:17.7677479Z [36;1mecho CARGO_HOME=${CARGO_HOME:-"$HOME/.cargo"} >> $GITHUB_ENV[0m
2025-11-09T20:09:17.7707223Z shell: /usr/bin/bash --noprofile --norc -e -o pipefail {0}
2025-11-09T20:09:17.7708349Z env:
2025-11-09T20:09:17.7709052Z   CARGO_TERM_COLOR: always
2025-11-09T20:09:17.7709920Z ##[endgroup]
2025-11-09T20:09:17.7829342Z ##[group]Run : install rustup if needed
2025-11-09T20:09:17.7830723Z [36;1m: install rustup if needed[0m
2025-11-09T20:09:17.7831757Z [36;1mif ! command -v rustup &>/dev/null; then[0m
2025-11-09T20:09:17.7834111Z [36;1m  curl --proto '=https' --tlsv1.2 --retry 10 --retry-connrefused --location --silent --show-error --fail https://sh.rustup.rs | sh -s -- --default-toolchain none -y[0m
2025-11-09T20:09:17.7836820Z [36;1m  echo "$CARGO_HOME/bin" >> $GITHUB_PATH[0m
2025-11-09T20:09:17.7838071Z [36;1mfi[0m
2025-11-09T20:09:17.7866548Z shell: /usr/bin/bash --noprofile --norc -e -o pipefail {0}
2025-11-09T20:09:17.7867693Z env:
2025-11-09T20:09:17.7868384Z   CARGO_TERM_COLOR: always
2025-11-09T20:09:17.7869243Z   CARGO_HOME: /home/jswift/.cargo
2025-11-09T20:09:17.7870126Z ##[endgroup]
2025-11-09T20:09:17.8937884Z info: downloading installer
2025-11-09T20:09:18.1276625Z warn: It looks like you have an existing rustup settings file at:
2025-11-09T20:09:18.1281612Z warn: /home/jswift/.rustup/settings.toml
2025-11-09T20:09:18.1283890Z warn: Rustup will install the default toolchain as specified in the settings file,
2025-11-09T20:09:18.1287384Z warn: instead of the one inferred from the default host triple.
2025-11-09T20:09:18.1564526Z info: profile set to 'default'
2025-11-09T20:09:18.1566291Z info: default host triple is x86_64-unknown-linux-gnu
2025-11-09T20:09:18.1568960Z info: skipping toolchain installation
2025-11-09T20:09:18.1571472Z 
2025-11-09T20:09:18.1571551Z 
2025-11-09T20:09:18.1572240Z Rust is installed now. Great!
2025-11-09T20:09:18.1572905Z 
2025-11-09T20:09:18.1573464Z To get started you may need to restart your current shell.
2025-11-09T20:09:18.1575250Z This would reload your PATH environment variable to include
2025-11-09T20:09:18.1576630Z Cargo's bin directory ($HOME/.cargo/bin).
2025-11-09T20:09:18.1577284Z 
2025-11-09T20:09:18.1577723Z To configure your current shell, you need to source
2025-11-09T20:09:18.1578837Z the corresponding env file under $HOME/.cargo.
2025-11-09T20:09:18.1579520Z 
2025-11-09T20:09:18.1580171Z This is usually done by running one of the following (note the leading DOT):
2025-11-09T20:09:18.1581623Z . "$HOME/.cargo/env"            # For sh/bash/zsh/ash/dash/pdksh
2025-11-09T20:09:18.1582784Z source "$HOME/.cargo/env.fish"  # For fish
2025-11-09T20:09:18.1583848Z source $"($nu.home-path)/.cargo/env.nu"  # For nushell
2025-11-09T20:09:18.1730933Z ##[group]Run rustup toolchain install 1.88.0 --profile minimal --no-self-update
2025-11-09T20:09:18.1732912Z [36;1mrustup toolchain install 1.88.0 --profile minimal --no-self-update[0m
2025-11-09T20:09:18.1770418Z shell: /usr/bin/bash --noprofile --norc -e -o pipefail {0}
2025-11-09T20:09:18.1771514Z env:
2025-11-09T20:09:18.1772152Z   CARGO_TERM_COLOR: always
2025-11-09T20:09:18.1772979Z   CARGO_HOME: /home/jswift/.cargo
2025-11-09T20:09:18.1773800Z ##[endgroup]
2025-11-09T20:09:18.2687434Z info: syncing channel updates for '1.88.0-x86_64-unknown-linux-gnu'
2025-11-09T20:09:18.3247759Z 
2025-11-09T20:09:18.3409705Z   1.88.0-x86_64-unknown-linux-gnu unchanged - rustc 1.88.0 (6b00bc388 2025-06-23)
2025-11-09T20:09:18.3411339Z 
2025-11-09T20:09:18.3521066Z ##[group]Run rustup default 1.88.0
2025-11-09T20:09:18.3522711Z [36;1mrustup default 1.88.0[0m
2025-11-09T20:09:18.3573874Z shell: /usr/bin/bash --noprofile --norc -e -o pipefail {0}
2025-11-09T20:09:18.3576018Z env:
2025-11-09T20:09:18.3577109Z   CARGO_TERM_COLOR: always
2025-11-09T20:09:18.3578517Z   CARGO_HOME: /home/jswift/.cargo
2025-11-09T20:09:18.3581474Z ##[endgroup]
2025-11-09T20:09:18.3756099Z info: using existing install for '1.88.0-x86_64-unknown-linux-gnu'
2025-11-09T20:09:18.4136753Z info: default toolchain set to '1.88.0-x86_64-unknown-linux-gnu'
2025-11-09T20:09:18.4138497Z 
2025-11-09T20:09:18.4260015Z   1.88.0-x86_64-unknown-linux-gnu unchanged - rustc 1.88.0 (6b00bc388 2025-06-23)
2025-11-09T20:09:18.4266158Z info: note that the toolchain '1.88.0-x86_64-unknown-linux-gnu' is currently in use (overridden by '/home/jswift/actions-runner-org2/_work/bllvm-consensus/bllvm-consensus/rust-toolchain.toml')
2025-11-09T20:09:18.4270795Z 
2025-11-09T20:09:18.4347980Z ##[group]Run : create cachekey
2025-11-09T20:09:18.4348861Z [36;1m: create cachekey[0m
2025-11-09T20:09:18.4350401Z [36;1mDATE=$(rustc +1.88.0 --version --verbose | sed -ne 's/^commit-date: \(20[0-9][0-9]\)-\([01][0-9]\)-\([0-3][0-9]\)$/\1\2\3/p')[0m
2025-11-09T20:09:18.4352335Z [36;1mHASH=$(rustc +1.88.0 --version --verbose | sed -ne 's/^commit-hash: //p')[0m
2025-11-09T20:09:18.4354127Z [36;1mecho "cachekey=$(echo $DATE$HASH | head -c12)" >> $GITHUB_OUTPUT[0m
2025-11-09T20:09:18.4387332Z shell: /usr/bin/bash --noprofile --norc -e -o pipefail {0}
2025-11-09T20:09:18.4388388Z env:
2025-11-09T20:09:18.4389022Z   CARGO_TERM_COLOR: always
2025-11-09T20:09:18.4389823Z   CARGO_HOME: /home/jswift/.cargo
2025-11-09T20:09:18.4390632Z ##[endgroup]
2025-11-09T20:09:18.4916347Z ##[group]Run : disable incremental compilation
2025-11-09T20:09:18.4917421Z [36;1m: disable incremental compilation[0m
2025-11-09T20:09:18.4918477Z [36;1mif [ -z "${CARGO_INCREMENTAL+set}" ]; then[0m
2025-11-09T20:09:18.4919572Z [36;1m  echo CARGO_INCREMENTAL=0 >> $GITHUB_ENV[0m
2025-11-09T20:09:18.4920509Z [36;1mfi[0m
2025-11-09T20:09:18.4956878Z shell: /usr/bin/bash --noprofile --norc -e -o pipefail {0}
2025-11-09T20:09:18.4957955Z env:
2025-11-09T20:09:18.4958575Z   CARGO_TERM_COLOR: always
2025-11-09T20:09:18.4959380Z   CARGO_HOME: /home/jswift/.cargo
2025-11-09T20:09:18.4960187Z ##[endgroup]
2025-11-09T20:09:18.5084059Z ##[group]Run : enable colors in Cargo output
2025-11-09T20:09:18.5085368Z [36;1m: enable colors in Cargo output[0m
2025-11-09T20:09:18.5086388Z [36;1mif [ -z "${CARGO_TERM_COLOR+set}" ]; then[0m
2025-11-09T20:09:18.5087495Z [36;1m  echo CARGO_TERM_COLOR=always >> $GITHUB_ENV[0m
2025-11-09T20:09:18.5088478Z [36;1mfi[0m
2025-11-09T20:09:18.5121325Z shell: /usr/bin/bash --noprofile --norc -e -o pipefail {0}
2025-11-09T20:09:18.5123586Z env:
2025-11-09T20:09:18.5124225Z   CARGO_TERM_COLOR: always
2025-11-09T20:09:18.5125543Z   CARGO_HOME: /home/jswift/.cargo
2025-11-09T20:09:18.5126452Z   CARGO_INCREMENTAL: 0
2025-11-09T20:09:18.5127348Z ##[endgroup]
2025-11-09T20:09:18.5256766Z ##[group]Run : enable Cargo sparse registry
2025-11-09T20:09:18.5257776Z [36;1m: enable Cargo sparse registry[0m
2025-11-09T20:09:18.5258953Z [36;1m# implemented in 1.66, stabilized in 1.68, made default in 1.70[0m
2025-11-09T20:09:18.5261403Z [36;1mif [ -z "${CARGO_REGISTRIES_CRATES_IO_PROTOCOL+set}" -o -f "/home/jswift/actions-runner-org2/_work/_temp"/.implicit_cargo_registries_crates_io_protocol ]; then[0m
2025-11-09T20:09:18.5263969Z [36;1m  if rustc +1.88.0 --version --verbose | grep -q '^release: 1\.6[89]\.'; then[0m
2025-11-09T20:09:18.5266314Z [36;1m    touch "/home/jswift/actions-runner-org2/_work/_temp"/.implicit_cargo_registries_crates_io_protocol || true[0m
2025-11-09T20:09:18.5268310Z [36;1m    echo CARGO_REGISTRIES_CRATES_IO_PROTOCOL=sparse >> $GITHUB_ENV[0m
2025-11-09T20:09:18.5271892Z [36;1m  elif rustc +1.88.0 --version --verbose | grep -q '^release: 1\.6[67]\.'; then[0m
2025-11-09T20:09:18.5273984Z [36;1m    touch "/home/jswift/actions-runner-org2/_work/_temp"/.implicit_cargo_registries_crates_io_protocol || true[0m
2025-11-09T20:09:18.5276148Z [36;1m    echo CARGO_REGISTRIES_CRATES_IO_PROTOCOL=git >> $GITHUB_ENV[0m
2025-11-09T20:09:18.5277278Z [36;1m  fi[0m
2025-11-09T20:09:18.5277897Z [36;1mfi[0m
2025-11-09T20:09:18.5315465Z shell: /usr/bin/bash --noprofile --norc -e -o pipefail {0}
2025-11-09T20:09:18.5316531Z env:
2025-11-09T20:09:18.5317139Z   CARGO_TERM_COLOR: always
2025-11-09T20:09:18.5317954Z   CARGO_HOME: /home/jswift/.cargo
2025-11-09T20:09:18.5319038Z   CARGO_INCREMENTAL: 0
2025-11-09T20:09:18.5319761Z ##[endgroup]
2025-11-09T20:09:18.5870400Z ##[group]Run : work around spurious network errors in curl 8.0
2025-11-09T20:09:18.5871707Z [36;1m: work around spurious network errors in curl 8.0[0m
2025-11-09T20:09:18.5873513Z [36;1m# https://rust-lang.zulipchat.com/#narrow/stream/246057-t-cargo/topic/timeout.20investigation[0m
2025-11-09T20:09:18.5876966Z [36;1mif rustc +1.88.0 --version --verbose | grep -q '^release: 1\.7[01]\.'; then[0m
2025-11-09T20:09:18.5879300Z [36;1m  echo CARGO_HTTP_MULTIPLEXING=false >> $GITHUB_ENV[0m
2025-11-09T20:09:18.5880977Z [36;1mfi[0m
2025-11-09T20:09:18.5925048Z shell: /usr/bin/bash --noprofile --norc -e -o pipefail {0}
2025-11-09T20:09:18.5926696Z env:
2025-11-09T20:09:18.5927326Z   CARGO_TERM_COLOR: always
2025-11-09T20:09:18.5928392Z   CARGO_HOME: /home/jswift/.cargo
2025-11-09T20:09:18.5929240Z   CARGO_INCREMENTAL: 0
2025-11-09T20:09:18.5929943Z ##[endgroup]
2025-11-09T20:09:18.6317993Z ##[group]Run rustc +1.88.0 --version --verbose
2025-11-09T20:09:18.6319733Z [36;1mrustc +1.88.0 --version --verbose[0m
2025-11-09T20:09:18.6365382Z shell: /usr/bin/bash --noprofile --norc -e -o pipefail {0}
2025-11-09T20:09:18.6367534Z env:
2025-11-09T20:09:18.6368592Z   CARGO_TERM_COLOR: always
2025-11-09T20:09:18.6369974Z   CARGO_HOME: /home/jswift/.cargo
2025-11-09T20:09:18.6371397Z   CARGO_INCREMENTAL: 0
2025-11-09T20:09:18.6372627Z ##[endgroup]
2025-11-09T20:09:18.6677577Z rustc 1.88.0 (6b00bc388 2025-06-23)
2025-11-09T20:09:18.6679213Z binary: rustc
2025-11-09T20:09:18.6679803Z commit-hash: 6b00bc3880198600130e1cf62b8f8a93494488cc
2025-11-09T20:09:18.6681068Z commit-date: 2025-06-23
2025-11-09T20:09:18.6681597Z host: x86_64-unknown-linux-gnu
2025-11-09T20:09:18.6682170Z release: 1.88.0
2025-11-09T20:09:18.6685272Z LLVM version: 20.1.5
2025-11-09T20:09:18.9222359Z ##[group]Run actions/cache@v3
2025-11-09T20:09:18.9222746Z with:
2025-11-09T20:09:18.9223019Z   path: ~/.cargo/registry
2025-11-09T20:09:18.9223581Z   key: Linux-cargo-registry-18e22b9087ea3936f6fb608612539f2a5f8a364e25dcf24a4dfbe30fa4fd3c9e
2025-11-09T20:09:18.9224175Z   enableCrossOsArchive: false
2025-11-09T20:09:18.9224998Z   fail-on-cache-miss: false
2025-11-09T20:09:18.9225320Z   lookup-only: false
2025-11-09T20:09:18.9225608Z env:
2025-11-09T20:09:18.9225870Z   CARGO_TERM_COLOR: always
2025-11-09T20:09:18.9226205Z   CARGO_HOME: /home/jswift/.cargo
2025-11-09T20:09:18.9226564Z   CARGO_INCREMENTAL: 0
2025-11-09T20:09:18.9226847Z ##[endgroup]
2025-11-09T20:09:19.2361384Z Cache hit for: Linux-cargo-registry-18e22b9087ea3936f6fb608612539f2a5f8a364e25dcf24a4dfbe30fa4fd3c9e
2025-11-09T20:09:20.3683144Z Received 125829120 of 838783448 (15.0%), 119.9 MBs/sec
2025-11-09T20:09:21.3689461Z Received 268435456 of 838783448 (32.0%), 127.9 MBs/sec
2025-11-09T20:09:22.3693988Z Received 436207616 of 838783448 (52.0%), 138.6 MBs/sec
2025-11-09T20:09:23.3696125Z Received 603979776 of 838783448 (72.0%), 143.9 MBs/sec
2025-11-09T20:09:24.3755746Z Received 767557632 of 838783448 (91.5%), 146.3 MBs/sec
2025-11-09T20:09:24.9171688Z Received 838783448 of 838783448 (100.0%), 144.2 MBs/sec
2025-11-09T20:09:24.9176755Z Cache Size: ~800 MB (838783448 B)
2025-11-09T20:09:24.9382625Z [command]/usr/bin/tar -xf /home/jswift/actions-runner-org2/_work/_temp/04a39ee4-786e-4b72-b6f9-bfcca6ab3eca/cache.tzst -P -C /home/jswift/actions-runner-org2/_work/bllvm-consensus/bllvm-consensus --use-compress-program unzstd
2025-11-09T20:09:33.3715980Z Cache restored successfully
2025-11-09T20:09:33.5895607Z Cache restored from key: Linux-cargo-registry-18e22b9087ea3936f6fb608612539f2a5f8a364e25dcf24a4dfbe30fa4fd3c9e
2025-11-09T20:09:33.9061955Z ##[group]Run actions/cache@v3
2025-11-09T20:09:33.9062313Z with:
2025-11-09T20:09:33.9062565Z   path: ~/.cargo/git
2025-11-09T20:09:33.9063116Z   key: Linux-cargo-index-18e22b9087ea3936f6fb608612539f2a5f8a364e25dcf24a4dfbe30fa4fd3c9e
2025-11-09T20:09:33.9065392Z   enableCrossOsArchive: false
2025-11-09T20:09:33.9065792Z   fail-on-cache-miss: false
2025-11-09T20:09:33.9066103Z   lookup-only: false
2025-11-09T20:09:33.9066363Z env:
2025-11-09T20:09:33.9066600Z   CARGO_TERM_COLOR: always
2025-11-09T20:09:33.9066922Z   CARGO_HOME: /home/jswift/.cargo
2025-11-09T20:09:33.9067239Z   CARGO_INCREMENTAL: 0
2025-11-09T20:09:33.9067510Z ##[endgroup]
2025-11-09T20:09:34.2338899Z Cache not found for input keys: Linux-cargo-index-18e22b9087ea3936f6fb608612539f2a5f8a364e25dcf24a4dfbe30fa4fd3c9e
2025-11-09T20:09:34.5142877Z ##[group]Run actions/cache@v3
2025-11-09T20:09:34.5143392Z with:
2025-11-09T20:09:34.5143715Z   path: target
2025-11-09T20:09:34.5144717Z   key: Linux-cargo-build-target-18e22b9087ea3936f6fb608612539f2a5f8a364e25dcf24a4dfbe30fa4fd3c9e
2025-11-09T20:09:34.5145643Z   enableCrossOsArchive: false
2025-11-09T20:09:34.5146096Z   fail-on-cache-miss: false
2025-11-09T20:09:34.5146539Z   lookup-only: false
2025-11-09T20:09:34.5146919Z env:
2025-11-09T20:09:34.5147239Z   CARGO_TERM_COLOR: always
2025-11-09T20:09:34.5147653Z   CARGO_HOME: /home/jswift/.cargo
2025-11-09T20:09:34.5148522Z   CARGO_INCREMENTAL: 0
2025-11-09T20:09:34.5148907Z ##[endgroup]
2025-11-09T20:09:34.8129926Z Cache hit for: Linux-cargo-build-target-18e22b9087ea3936f6fb608612539f2a5f8a364e25dcf24a4dfbe30fa4fd3c9e
2025-11-09T20:09:35.6204811Z Received 33940857 of 33940857 (100.0%), 52.4 MBs/sec
2025-11-09T20:09:35.6207055Z Cache Size: ~32 MB (33940857 B)
2025-11-09T20:09:35.6245179Z [command]/usr/bin/tar -xf /home/jswift/actions-runner-org2/_work/_temp/b629f89d-1873-4d0a-84e7-db7fada1f740/cache.tzst -P -C /home/jswift/actions-runner-org2/_work/bllvm-consensus/bllvm-consensus --use-compress-program unzstd
2025-11-09T20:09:35.9305103Z Cache restored successfully
2025-11-09T20:09:35.9493075Z Cache restored from key: Linux-cargo-build-target-18e22b9087ea3936f6fb608612539f2a5f8a364e25dcf24a4dfbe30fa4fd3c9e
2025-11-09T20:09:35.9649006Z ##[group]Run cargo doc --no-deps
2025-11-09T20:09:35.9649335Z [36;1mcargo doc --no-deps[0m
2025-11-09T20:09:35.9678124Z shell: /usr/bin/bash -e {0}
2025-11-09T20:09:35.9678384Z env:
2025-11-09T20:09:35.9678588Z   CARGO_TERM_COLOR: always
2025-11-09T20:09:35.9678919Z   CARGO_HOME: /home/jswift/.cargo
2025-11-09T20:09:35.9679253Z   CARGO_INCREMENTAL: 0
2025-11-09T20:09:35.9679476Z ##[endgroup]
2025-11-09T20:09:36.1183216Z [1m[32m Documenting[0m bllvm-consensus v0.1.0 (/home/jswift/actions-runner-org2/_work/bllvm-consensus/bllvm-consensus)
2025-11-09T20:09:36.2482962Z [0m[1m[38;5;9merror[E0432][0m[0m[1m: unresolved import `crate::crypto`[0m
2025-11-09T20:09:36.2484930Z [0m   [0m[0m[1m[38;5;12m--> [0m[0msrc/block.rs:905:16[0m
2025-11-09T20:09:36.2485555Z [0m    [0m[0m[1m[38;5;12m|[0m
2025-11-09T20:09:36.2486473Z [0m[1m[38;5;12m905[0m[0m [0m[0m[1m[38;5;12m|[0m[0m [0m[0m    use crate::crypto::OptimizedSha256;[0m
2025-11-09T20:09:36.2487749Z [0m    [0m[0m[1m[38;5;12m|[0m[0m                [0m[0m[1m[38;5;9m^^^^^^[0m[0m [0m[0m[1m[38;5;9mcould not find `crypto` in the crate root[0m
2025-11-09T20:09:36.2488196Z 
2025-11-09T20:09:36.2488849Z [0m[1m[38;5;9merror[E0432][0m[0m[1m: unresolved import `crate::crypto`[0m
2025-11-09T20:09:36.2489443Z [0m   [0m[0m[1m[38;5;12m--> [0m[0msrc/mining.rs:448:16[0m
2025-11-09T20:09:36.2489892Z [0m    [0m[0m[1m[38;5;12m|[0m
2025-11-09T20:09:36.2490516Z [0m[1m[38;5;12m448[0m[0m [0m[0m[1m[38;5;12m|[0m[0m [0m[0m    use crate::crypto::OptimizedSha256;[0m
2025-11-09T20:09:36.2491323Z [0m    [0m[0m[1m[38;5;12m|[0m[0m                [0m[0m[1m[38;5;9m^^^^^^[0m[0m [0m[0m[1m[38;5;9mcould not find `crypto` in the crate root[0m
2025-11-09T20:09:36.2491726Z 
2025-11-09T20:09:36.3190313Z [0m[1mFor more information about this error, try `rustc --explain E0432`.[0m
2025-11-09T20:09:36.3276176Z [1m[31merror[0m[1m:[0m could not document `bllvm-consensus`
2025-11-09T20:09:36.3397158Z ##[error]Process completed with exit code 101.
2025-11-09T20:09:36.3498055Z Post job cleanup.
2025-11-09T20:09:36.4661983Z [command]/usr/bin/git version
2025-11-09T20:09:36.4712168Z git version 2.43.0
2025-11-09T20:09:36.4762386Z Copying '/home/jswift/.gitconfig' to '/home/jswift/actions-runner-org2/_work/_temp/bf1b400f-6067-4837-8949-b143d454ff32/.gitconfig'
2025-11-09T20:09:36.4777886Z Temporarily overriding HOME='/home/jswift/actions-runner-org2/_work/_temp/bf1b400f-6067-4837-8949-b143d454ff32' before making global git config changes
2025-11-09T20:09:36.4781116Z Adding repository directory to the temporary git global config as a safe directory
2025-11-09T20:09:36.4786176Z [command]/usr/bin/git config --global --add safe.directory /home/jswift/actions-runner-org2/_work/bllvm-consensus/bllvm-consensus
2025-11-09T20:09:36.4830792Z [command]/usr/bin/git config --local --name-only --get-regexp core\.sshCommand
2025-11-09T20:09:36.4880722Z [command]/usr/bin/git submodule foreach --recursive sh -c "git config --local --name-only --get-regexp 'core\.sshCommand' && git config --local --unset-all 'core.sshCommand' || :"
2025-11-09T20:09:36.5155253Z [command]/usr/bin/git config --local --name-only --get-regexp http\.https\:\/\/github\.com\/\.extraheader
2025-11-09T20:09:36.5180451Z http.https://github.com/.extraheader
2025-11-09T20:09:36.5194597Z [command]/usr/bin/git config --local --unset-all http.https://github.com/.extraheader
2025-11-09T20:09:36.5240806Z [command]/usr/bin/git submodule foreach --recursive sh -c "git config --local --name-only --get-regexp 'http\.https\:\/\/github\.com\/\.extraheader' && git config --local --unset-all 'http.https://github.com/.extraheader' || :"
2025-11-09T20:09:36.5754020Z A job completed hook has been configured by the self-hosted runner administrator
2025-11-09T20:09:36.5793629Z ##[group]Run '/home/jswift/actions-runner-org2/cleanup-hooks/job-completed.sh'
2025-11-09T20:09:36.5824084Z shell: /usr/bin/bash --noprofile --norc -e -o pipefail {0}
2025-11-09T20:09:36.5825299Z ##[endgroup]
2025-11-09T20:09:36.5895876Z Job completed: Sun Nov  9 08:09:36 PM UTC 2025
2025-11-09T20:09:36.5930915Z Available disk space: 11G
2025-11-09T20:09:36.5931380Z Cleaning up after job completion...
2025-11-09T20:09:36.6811856Z Cleanup completed. Available disk space: 11G
2025-11-09T20:09:36.6867548Z Cleaning up orphan processes
