2025-11-10T00:03:43.7342490Z Current runner version: '2.329.0'
2025-11-10T00:03:43.7351634Z Runner name: 'linode-runner-02'
2025-11-10T00:03:43.7353378Z Runner group name: 'default'
2025-11-10T00:03:43.7354264Z Machine name: 'localhost'
2025-11-10T00:03:43.7359624Z ##[group]GITHUB_TOKEN Permissions
2025-11-10T00:03:43.7362024Z Contents: read
2025-11-10T00:03:43.7362695Z Metadata: read
2025-11-10T00:03:43.7363232Z Packages: read
2025-11-10T00:03:43.7363881Z ##[endgroup]
2025-11-10T00:03:43.7366232Z Secret source: Actions
2025-11-10T00:03:43.7367010Z Prepare workflow directory
2025-11-10T00:03:43.8116706Z Prepare all required actions
2025-11-10T00:03:43.8186577Z Getting action download info
2025-11-10T00:03:44.1570975Z Download action repository 'actions/checkout@v4' (SHA:08eba0b27e820071cde6df949e0beb9ba4906955)
2025-11-10T00:03:44.5556787Z Download action repository 'dtolnay/rust-toolchain@master' (SHA:6d653acede28d24f02e3cd41383119e8b1b35921)
2025-11-10T00:03:44.8361685Z Download action repository 'actions/cache@v3' (SHA:6f8efc29b200d32929f49075959781ed54ec270c)
2025-11-10T00:03:45.5146101Z Complete job name: Clippy
2025-11-10T00:03:45.5842215Z A job started hook has been configured by the self-hosted runner administrator
2025-11-10T00:03:45.6079912Z ##[group]Run '/home/jswift/actions-runner-org2/cleanup-hooks/job-started.sh'
2025-11-10T00:03:45.6172438Z shell: /usr/bin/bash --noprofile --norc -e -o pipefail {0}
2025-11-10T00:03:45.6176855Z ##[endgroup]
2025-11-10T00:03:45.6464525Z Job started: Mon Nov 10 12:03:45 AM UTC 2025
2025-11-10T00:03:45.6481721Z Available disk space: 9.0G
2025-11-10T00:03:45.6522643Z WARNING: Disk usage is 82% - performing user-level cleanup
2025-11-10T00:03:45.6527006Z Cleaning old work directories (user-level cleanup)...
2025-11-10T00:03:45.7845890Z User-level cleanup completed. Disk usage: 82%
2025-11-10T00:03:45.8217562Z ##[group]Run actions/checkout@v4
2025-11-10T00:03:45.8218616Z with:
2025-11-10T00:03:45.8219450Z   repository: BTCDecoded/bllvm-consensus
2025-11-10T00:03:45.8220768Z   token: ***
2025-11-10T00:03:45.8221569Z   ssh-strict: true
2025-11-10T00:03:45.8222379Z   ssh-user: git
2025-11-10T00:03:45.8223174Z   persist-credentials: true
2025-11-10T00:03:45.8226279Z   clean: true
2025-11-10T00:03:45.8227285Z   sparse-checkout-cone-mode: true
2025-11-10T00:03:45.8228279Z   fetch-depth: 1
2025-11-10T00:03:45.8229063Z   fetch-tags: false
2025-11-10T00:03:45.8229863Z   show-progress: true
2025-11-10T00:03:45.8230664Z   lfs: false
2025-11-10T00:03:45.8231398Z   submodules: false
2025-11-10T00:03:45.8232202Z   set-safe-directory: true
2025-11-10T00:03:45.8233042Z env:
2025-11-10T00:03:45.8233756Z   CARGO_TERM_COLOR: always
2025-11-10T00:03:45.8234738Z ##[endgroup]
2025-11-10T00:03:45.9688311Z Syncing repository: BTCDecoded/bllvm-consensus
2025-11-10T00:03:45.9692947Z ##[group]Getting Git version info
2025-11-10T00:03:45.9696375Z Working directory is '/home/jswift/actions-runner-org2/_work/bllvm-consensus/bllvm-consensus'
2025-11-10T00:03:45.9700634Z [command]/usr/bin/git version
2025-11-10T00:03:45.9703764Z git version 2.43.0
2025-11-10T00:03:45.9737480Z ##[endgroup]
2025-11-10T00:03:45.9754095Z Copying '/home/jswift/.gitconfig' to '/home/jswift/actions-runner-org2/_work/_temp/af1e4db8-76d3-43a3-947c-434a00a5c320/.gitconfig'
2025-11-10T00:03:45.9769404Z Temporarily overriding HOME='/home/jswift/actions-runner-org2/_work/_temp/af1e4db8-76d3-43a3-947c-434a00a5c320' before making global git config changes
2025-11-10T00:03:45.9774980Z Adding repository directory to the temporary git global config as a safe directory
2025-11-10T00:03:45.9787608Z [command]/usr/bin/git config --global --add safe.directory /home/jswift/actions-runner-org2/_work/bllvm-consensus/bllvm-consensus
2025-11-10T00:03:45.9830420Z [command]/usr/bin/git config --local --get remote.origin.url
2025-11-10T00:03:45.9854634Z https://github.com/BTCDecoded/bllvm-consensus
2025-11-10T00:03:45.9875734Z ##[group]Removing previously created refs, to avoid conflicts
2025-11-10T00:03:45.9880052Z [command]/usr/bin/git rev-parse --symbolic-full-name --verify --quiet HEAD
2025-11-10T00:03:45.9907909Z refs/heads/main
2025-11-10T00:03:45.9925366Z [command]/usr/bin/git checkout --detach
2025-11-10T00:03:45.9977597Z ##[error]fatal: You are on a branch yet to be born
2025-11-10T00:03:46.0010742Z ##[warning]Unable to prepare the existing repository. The repository will be recreated instead.
2025-11-10T00:03:46.0018291Z Deleting the contents of '/home/jswift/actions-runner-org2/_work/bllvm-consensus/bllvm-consensus'
2025-11-10T00:03:46.1865717Z ##[group]Initializing the repository
2025-11-10T00:03:46.1868968Z [command]/usr/bin/git init /home/jswift/actions-runner-org2/_work/bllvm-consensus/bllvm-consensus
2025-11-10T00:03:46.1972395Z Initialized empty Git repository in /home/jswift/actions-runner-org2/_work/bllvm-consensus/bllvm-consensus/.git/
2025-11-10T00:03:46.1985545Z [command]/usr/bin/git remote add origin https://github.com/BTCDecoded/bllvm-consensus
2025-11-10T00:03:46.2031761Z ##[endgroup]
2025-11-10T00:03:46.2036379Z ##[group]Disabling automatic garbage collection
2025-11-10T00:03:46.2039026Z [command]/usr/bin/git config --local gc.auto 0
2025-11-10T00:03:46.2071179Z ##[endgroup]
2025-11-10T00:03:46.2072783Z ##[group]Setting up auth
2025-11-10T00:03:46.2079878Z [command]/usr/bin/git config --local --name-only --get-regexp core\.sshCommand
2025-11-10T00:03:46.2119555Z [command]/usr/bin/git submodule foreach --recursive sh -c "git config --local --name-only --get-regexp 'core\.sshCommand' && git config --local --unset-all 'core.sshCommand' || :"
2025-11-10T00:03:46.2403488Z [command]/usr/bin/git config --local --name-only --get-regexp http\.https\:\/\/github\.com\/\.extraheader
2025-11-10T00:03:46.2449168Z [command]/usr/bin/git submodule foreach --recursive sh -c "git config --local --name-only --get-regexp 'http\.https\:\/\/github\.com\/\.extraheader' && git config --local --unset-all 'http.https://github.com/.extraheader' || :"
2025-11-10T00:03:46.2774194Z [command]/usr/bin/git config --local http.https://github.com/.extraheader AUTHORIZATION: basic ***
2025-11-10T00:03:46.2833564Z ##[endgroup]
2025-11-10T00:03:46.2836015Z ##[group]Fetching the repository
2025-11-10T00:03:46.2845306Z [command]/usr/bin/git -c protocol.version=2 fetch --no-tags --prune --no-recurse-submodules --depth=1 origin +f1ff38664dd5deaaa46fc9d342df1d4aa6559aca:refs/remotes/origin/main
2025-11-10T00:03:51.0133411Z From https://github.com/BTCDecoded/bllvm-consensus
2025-11-10T00:03:51.0134811Z  * [new ref]         f1ff38664dd5deaaa46fc9d342df1d4aa6559aca -> origin/main
2025-11-10T00:03:51.0173894Z ##[endgroup]
2025-11-10T00:03:51.0178169Z ##[group]Determining the checkout info
2025-11-10T00:03:51.0179121Z ##[endgroup]
2025-11-10T00:03:51.0179708Z [command]/usr/bin/git sparse-checkout disable
2025-11-10T00:03:51.0228367Z [command]/usr/bin/git config --local --unset-all extensions.worktreeConfig
2025-11-10T00:03:51.0268357Z ##[group]Checking out the ref
2025-11-10T00:03:51.0270723Z [command]/usr/bin/git checkout --progress --force -B main refs/remotes/origin/main
2025-11-10T00:03:52.0737063Z Updating files:  67% (793/1180)
2025-11-10T00:03:52.0980009Z Updating files:  68% (803/1180)
2025-11-10T00:03:52.2222486Z Updating files:  69% (815/1180)
2025-11-10T00:03:52.6063619Z Updating files:  70% (826/1180)
2025-11-10T00:03:52.6992630Z Updating files:  71% (838/1180)
2025-11-10T00:03:52.7754611Z Updating files:  72% (850/1180)
2025-11-10T00:03:53.0210653Z Updating files:  73% (862/1180)
2025-11-10T00:03:53.0799134Z Updating files:  74% (874/1180)
2025-11-10T00:03:53.3218265Z Updating files:  74% (875/1180)
2025-11-10T00:03:53.3226488Z Updating files:  75% (885/1180)
2025-11-10T00:03:53.3241055Z Updating files:  76% (897/1180)
2025-11-10T00:03:53.3267517Z Updating files:  77% (909/1180)
2025-11-10T00:03:53.3286124Z Updating files:  78% (921/1180)
2025-11-10T00:03:53.3295260Z Updating files:  79% (933/1180)
2025-11-10T00:03:53.3301178Z Updating files:  80% (944/1180)
2025-11-10T00:03:53.3308790Z Updating files:  81% (956/1180)
2025-11-10T00:03:53.3314545Z Updating files:  82% (968/1180)
2025-11-10T00:03:53.3321648Z Updating files:  83% (980/1180)
2025-11-10T00:03:53.3329136Z Updating files:  84% (992/1180)
2025-11-10T00:03:53.3680924Z Updating files:  85% (1003/1180)
2025-11-10T00:03:53.3992925Z Updating files:  86% (1015/1180)
2025-11-10T00:03:53.4240096Z Updating files:  87% (1027/1180)
2025-11-10T00:03:53.4678180Z Updating files:  88% (1039/1180)
2025-11-10T00:03:53.4860275Z Updating files:  89% (1051/1180)
2025-11-10T00:03:53.4868878Z Updating files:  90% (1062/1180)
2025-11-10T00:03:53.4878516Z Updating files:  91% (1074/1180)
2025-11-10T00:03:53.4887677Z Updating files:  92% (1086/1180)
2025-11-10T00:03:53.4895367Z Updating files:  93% (1098/1180)
2025-11-10T00:03:53.4907103Z Updating files:  94% (1110/1180)
2025-11-10T00:03:53.4916441Z Updating files:  95% (1121/1180)
2025-11-10T00:03:53.4929336Z Updating files:  96% (1133/1180)
2025-11-10T00:03:53.4935128Z Updating files:  97% (1145/1180)
2025-11-10T00:03:53.4942028Z Updating files:  98% (1157/1180)
2025-11-10T00:03:53.4952048Z Updating files:  99% (1169/1180)
2025-11-10T00:03:53.4952864Z Updating files: 100% (1180/1180)
2025-11-10T00:03:53.4953335Z Updating files: 100% (1180/1180), done.
2025-11-10T00:03:53.4981366Z Reset branch 'main'
2025-11-10T00:03:53.4983980Z branch 'main' set up to track 'origin/main'.
2025-11-10T00:03:53.5150428Z ##[endgroup]
2025-11-10T00:03:53.5212349Z [command]/usr/bin/git log -1 --format=%H
2025-11-10T00:03:53.5248695Z f1ff38664dd5deaaa46fc9d342df1d4aa6559aca
2025-11-10T00:03:53.5595911Z ##[group]Run dtolnay/rust-toolchain@master
2025-11-10T00:03:53.5596198Z with:
2025-11-10T00:03:53.5596377Z   toolchain: 1.88.0
2025-11-10T00:03:53.5596563Z   components: clippy
2025-11-10T00:03:53.5596750Z env:
2025-11-10T00:03:53.5596907Z   CARGO_TERM_COLOR: always
2025-11-10T00:03:53.5597115Z ##[endgroup]
2025-11-10T00:03:53.5711430Z ##[group]Run : parse toolchain version
2025-11-10T00:03:53.5711775Z [36;1m: parse toolchain version[0m
2025-11-10T00:03:53.5712049Z [36;1mif [[ -z $toolchain ]]; then[0m
2025-11-10T00:03:53.5712544Z [36;1m  # GitHub does not enforce `required: true` inputs itself. https://github.com/actions/runner/issues/1070[0m
2025-11-10T00:03:53.5713091Z [36;1m  echo "'toolchain' is a required input" >&2[0m
2025-11-10T00:03:53.5713380Z [36;1m  exit 1[0m
2025-11-10T00:03:53.5713694Z [36;1melif [[ $toolchain =~ ^stable' '[0-9]+' '(year|month|week|day)s?' 'ago$ ]]; then[0m
2025-11-10T00:03:53.5714087Z [36;1m  if [[ Linux == macOS ]]; then[0m
2025-11-10T00:03:53.5715010Z [36;1m    echo "toolchain=1.$((($(date -v-$(sed 's/stable \([0-9]*\) \(.\).*/\1\2/' <<< $toolchain) +%s)/60/60/24-16569)/7/6))" >> $GITHUB_OUTPUT[0m
2025-11-10T00:03:53.5715522Z [36;1m  else[0m
2025-11-10T00:03:53.5715903Z [36;1m    echo "toolchain=1.$((($(date --date "${toolchain#stable }" +%s)/60/60/24-16569)/7/6))" >> $GITHUB_OUTPUT[0m
2025-11-10T00:03:53.5716333Z [36;1m  fi[0m
2025-11-10T00:03:53.5716608Z [36;1melif [[ $toolchain =~ ^stable' 'minus' '[0-9]+' 'releases?$ ]]; then[0m
2025-11-10T00:03:53.5717115Z [36;1m  echo "toolchain=1.$((($(date +%s)/60/60/24-16569)/7/6-${toolchain//[^0-9]/}))" >> $GITHUB_OUTPUT[0m
2025-11-10T00:03:53.5717547Z [36;1melif [[ $toolchain =~ ^1\.[0-9]+$ ]]; then[0m
2025-11-10T00:03:53.5718031Z [36;1m  echo "toolchain=1.$((i=${toolchain#1.}, c=($(date +%s)/60/60/24-16569)/7/6, i+9*i*(10*i<=c)+90*i*(100*i<=c)))" >> $GITHUB_OUTPUT[0m
2025-11-10T00:03:53.5718484Z [36;1melse[0m
2025-11-10T00:03:53.5718849Z [36;1m  echo "toolchain=$toolchain" >> $GITHUB_OUTPUT[0m
2025-11-10T00:03:53.5719140Z [36;1mfi[0m
2025-11-10T00:03:53.5755333Z shell: /usr/bin/bash --noprofile --norc -e -o pipefail {0}
2025-11-10T00:03:53.5755653Z env:
2025-11-10T00:03:53.5755839Z   CARGO_TERM_COLOR: always
2025-11-10T00:03:53.5756051Z   toolchain: 1.88.0
2025-11-10T00:03:53.5756238Z ##[endgroup]
2025-11-10T00:03:53.5883744Z ##[group]Run : construct rustup command line
2025-11-10T00:03:53.5884061Z [36;1m: construct rustup command line[0m
2025-11-10T00:03:53.5884718Z [36;1mecho "targets=$(for t in ${targets//,/ }; do echo -n ' --target' $t; done)" >> $GITHUB_OUTPUT[0m
2025-11-10T00:03:53.5885519Z [36;1mecho "components=$(for c in ${components//,/ }; do echo -n ' --component' $c; done)" >> $GITHUB_OUTPUT[0m
2025-11-10T00:03:53.5887700Z [36;1mecho "downgrade=" >> $GITHUB_OUTPUT[0m
2025-11-10T00:03:53.5919088Z shell: /usr/bin/bash --noprofile --norc -e -o pipefail {0}
2025-11-10T00:03:53.5919428Z env:
2025-11-10T00:03:53.5919609Z   CARGO_TERM_COLOR: always
2025-11-10T00:03:53.5919838Z   targets: 
2025-11-10T00:03:53.5920016Z   components: clippy
2025-11-10T00:03:53.5920218Z ##[endgroup]
2025-11-10T00:03:53.6009822Z ##[group]Run : set $CARGO_HOME
2025-11-10T00:03:53.6010099Z [36;1m: set $CARGO_HOME[0m
2025-11-10T00:03:53.6010434Z [36;1mecho CARGO_HOME=${CARGO_HOME:-"$HOME/.cargo"} >> $GITHUB_ENV[0m
2025-11-10T00:03:53.6041603Z shell: /usr/bin/bash --noprofile --norc -e -o pipefail {0}
2025-11-10T00:03:53.6041932Z env:
2025-11-10T00:03:53.6042118Z   CARGO_TERM_COLOR: always
2025-11-10T00:03:53.6042340Z ##[endgroup]
2025-11-10T00:03:53.6127319Z ##[group]Run : install rustup if needed
2025-11-10T00:03:53.6127650Z [36;1m: install rustup if needed[0m
2025-11-10T00:03:53.6127946Z [36;1mif ! command -v rustup &>/dev/null; then[0m
2025-11-10T00:03:53.6128721Z [36;1m  curl --proto '=https' --tlsv1.2 --retry 10 --retry-connrefused --location --silent --show-error --fail https://sh.rustup.rs | sh -s -- --default-toolchain none -y[0m
2025-11-10T00:03:53.6129701Z [36;1m  echo "$CARGO_HOME/bin" >> $GITHUB_PATH[0m
2025-11-10T00:03:53.6129990Z [36;1mfi[0m
2025-11-10T00:03:53.6157822Z shell: /usr/bin/bash --noprofile --norc -e -o pipefail {0}
2025-11-10T00:03:53.6158153Z env:
2025-11-10T00:03:53.6158333Z   CARGO_TERM_COLOR: always
2025-11-10T00:03:53.6158565Z   CARGO_HOME: /home/jswift/.cargo
2025-11-10T00:03:53.6158794Z ##[endgroup]
2025-11-10T00:03:53.7286635Z info: downloading installer
2025-11-10T00:03:54.2360677Z warn: It looks like you have an existing rustup settings file at:
2025-11-10T00:03:54.2362847Z warn: /home/jswift/.rustup/settings.toml
2025-11-10T00:03:54.2363538Z warn: Rustup will install the default toolchain as specified in the settings file,
2025-11-10T00:03:54.2364291Z warn: instead of the one inferred from the default host triple.
2025-11-10T00:03:54.2640370Z info: profile set to 'default'
2025-11-10T00:03:54.2641216Z info: default host triple is x86_64-unknown-linux-gnu
2025-11-10T00:03:54.2642013Z info: skipping toolchain installation
2025-11-10T00:03:54.2642328Z 
2025-11-10T00:03:54.2642492Z 
2025-11-10T00:03:54.2643068Z Rust is installed now. Great!
2025-11-10T00:03:54.2643471Z 
2025-11-10T00:03:54.2643822Z To get started you may need to restart your current shell.
2025-11-10T00:03:54.2644853Z This would reload your PATH environment variable to include
2025-11-10T00:03:54.2645728Z Cargo's bin directory ($HOME/.cargo/bin).
2025-11-10T00:03:54.2646217Z 
2025-11-10T00:03:54.2646660Z To configure your current shell, you need to source
2025-11-10T00:03:54.2647631Z the corresponding env file under $HOME/.cargo.
2025-11-10T00:03:54.2648198Z 
2025-11-10T00:03:54.2648764Z This is usually done by running one of the following (note the leading DOT):
2025-11-10T00:03:54.2649479Z . "$HOME/.cargo/env"            # For sh/bash/zsh/ash/dash/pdksh
2025-11-10T00:03:54.2650000Z source "$HOME/.cargo/env.fish"  # For fish
2025-11-10T00:03:54.2650488Z source $"($nu.home-path)/.cargo/env.nu"  # For nushell
2025-11-10T00:03:54.2798727Z ##[group]Run rustup toolchain install 1.88.0 --component clippy --profile minimal --no-self-update
2025-11-10T00:03:54.2799366Z [36;1mrustup toolchain install 1.88.0 --component clippy --profile minimal --no-self-update[0m
2025-11-10T00:03:54.2839483Z shell: /usr/bin/bash --noprofile --norc -e -o pipefail {0}
2025-11-10T00:03:54.2839863Z env:
2025-11-10T00:03:54.2840108Z   CARGO_TERM_COLOR: always
2025-11-10T00:03:54.2840398Z   CARGO_HOME: /home/jswift/.cargo
2025-11-10T00:03:54.2840703Z ##[endgroup]
2025-11-10T00:03:54.3741907Z info: syncing channel updates for '1.88.0-x86_64-unknown-linux-gnu'
2025-11-10T00:03:54.4651454Z info: latest update on 2025-06-26, rust version 1.88.0 (6b00bc388 2025-06-23)
2025-11-10T00:03:54.5215432Z info: component 'clippy' for target 'x86_64-unknown-linux-gnu' is up to date
2025-11-10T00:03:54.5250392Z 
2025-11-10T00:03:54.5376899Z   1.88.0-x86_64-unknown-linux-gnu unchanged - rustc 1.88.0 (6b00bc388 2025-06-23)
2025-11-10T00:03:54.5377289Z 
2025-11-10T00:03:54.5439170Z ##[group]Run rustup default 1.88.0
2025-11-10T00:03:54.5439487Z [36;1mrustup default 1.88.0[0m
2025-11-10T00:03:54.5467125Z shell: /usr/bin/bash --noprofile --norc -e -o pipefail {0}
2025-11-10T00:03:54.5467519Z env:
2025-11-10T00:03:54.5467716Z   CARGO_TERM_COLOR: always
2025-11-10T00:03:54.5467960Z   CARGO_HOME: /home/jswift/.cargo
2025-11-10T00:03:54.5468223Z ##[endgroup]
2025-11-10T00:03:54.5593237Z info: using existing install for '1.88.0-x86_64-unknown-linux-gnu'
2025-11-10T00:03:54.6010463Z info: default toolchain set to '1.88.0-x86_64-unknown-linux-gnu'
2025-11-10T00:03:54.6011044Z 
2025-11-10T00:03:54.6140263Z   1.88.0-x86_64-unknown-linux-gnu unchanged - rustc 1.88.0 (6b00bc388 2025-06-23)
2025-11-10T00:03:54.6141033Z 
2025-11-10T00:03:54.6142284Z info: note that the toolchain '1.88.0-x86_64-unknown-linux-gnu' is currently in use (overridden by '/home/jswift/actions-runner-org2/_work/bllvm-consensus/bllvm-consensus/rust-toolchain.toml')
2025-11-10T00:03:54.6200855Z ##[group]Run : create cachekey
2025-11-10T00:03:54.6201344Z [36;1m: create cachekey[0m
2025-11-10T00:03:54.6203764Z [36;1mDATE=$(rustc +1.88.0 --version --verbose | sed -ne 's/^commit-date: \(20[0-9][0-9]\)-\([01][0-9]\)-\([0-3][0-9]\)$/\1\2\3/p')[0m
2025-11-10T00:03:54.6204668Z [36;1mHASH=$(rustc +1.88.0 --version --verbose | sed -ne 's/^commit-hash: //p')[0m
2025-11-10T00:03:54.6205209Z [36;1mecho "cachekey=$(echo $DATE$HASH | head -c12)" >> $GITHUB_OUTPUT[0m
2025-11-10T00:03:54.6234655Z shell: /usr/bin/bash --noprofile --norc -e -o pipefail {0}
2025-11-10T00:03:54.6235000Z env:
2025-11-10T00:03:54.6235196Z   CARGO_TERM_COLOR: always
2025-11-10T00:03:54.6235464Z   CARGO_HOME: /home/jswift/.cargo
2025-11-10T00:03:54.6235704Z ##[endgroup]
2025-11-10T00:03:54.6862089Z ##[group]Run : disable incremental compilation
2025-11-10T00:03:54.6862456Z [36;1m: disable incremental compilation[0m
2025-11-10T00:03:54.6862784Z [36;1mif [ -z "${CARGO_INCREMENTAL+set}" ]; then[0m
2025-11-10T00:03:54.6863127Z [36;1m  echo CARGO_INCREMENTAL=0 >> $GITHUB_ENV[0m
2025-11-10T00:03:54.6863424Z [36;1mfi[0m
2025-11-10T00:03:54.6898389Z shell: /usr/bin/bash --noprofile --norc -e -o pipefail {0}
2025-11-10T00:03:54.6898738Z env:
2025-11-10T00:03:54.6898926Z   CARGO_TERM_COLOR: always
2025-11-10T00:03:54.6899172Z   CARGO_HOME: /home/jswift/.cargo
2025-11-10T00:03:54.6899422Z ##[endgroup]
2025-11-10T00:03:54.6969625Z ##[group]Run : enable colors in Cargo output
2025-11-10T00:03:54.6969934Z [36;1m: enable colors in Cargo output[0m
2025-11-10T00:03:54.6970230Z [36;1mif [ -z "${CARGO_TERM_COLOR+set}" ]; then[0m
2025-11-10T00:03:54.6970535Z [36;1m  echo CARGO_TERM_COLOR=always >> $GITHUB_ENV[0m
2025-11-10T00:03:54.6970808Z [36;1mfi[0m
2025-11-10T00:03:54.6997428Z shell: /usr/bin/bash --noprofile --norc -e -o pipefail {0}
2025-11-10T00:03:54.6997753Z env:
2025-11-10T00:03:54.6997929Z   CARGO_TERM_COLOR: always
2025-11-10T00:03:54.6998166Z   CARGO_HOME: /home/jswift/.cargo
2025-11-10T00:03:54.6998413Z   CARGO_INCREMENTAL: 0
2025-11-10T00:03:54.6998609Z ##[endgroup]
2025-11-10T00:03:54.7068726Z ##[group]Run : enable Cargo sparse registry
2025-11-10T00:03:54.7069068Z [36;1m: enable Cargo sparse registry[0m
2025-11-10T00:03:54.7069449Z [36;1m# implemented in 1.66, stabilized in 1.68, made default in 1.70[0m
2025-11-10T00:03:54.7070283Z [36;1mif [ -z "${CARGO_REGISTRIES_CRATES_IO_PROTOCOL+set}" -o -f "/home/jswift/actions-runner-org2/_work/_temp"/.implicit_cargo_registries_crates_io_protocol ]; then[0m
2025-11-10T00:03:54.7071082Z [36;1m  if rustc +1.88.0 --version --verbose | grep -q '^release: 1\.6[89]\.'; then[0m
2025-11-10T00:03:54.7071675Z [36;1m    touch "/home/jswift/actions-runner-org2/_work/_temp"/.implicit_cargo_registries_crates_io_protocol || true[0m
2025-11-10T00:03:54.7072454Z [36;1m    echo CARGO_REGISTRIES_CRATES_IO_PROTOCOL=sparse >> $GITHUB_ENV[0m
2025-11-10T00:03:54.7072915Z [36;1m  elif rustc +1.88.0 --version --verbose | grep -q '^release: 1\.6[67]\.'; then[0m
2025-11-10T00:03:54.7073517Z [36;1m    touch "/home/jswift/actions-runner-org2/_work/_temp"/.implicit_cargo_registries_crates_io_protocol || true[0m
2025-11-10T00:03:54.7074090Z [36;1m    echo CARGO_REGISTRIES_CRATES_IO_PROTOCOL=git >> $GITHUB_ENV[0m
2025-11-10T00:03:54.7074568Z [36;1m  fi[0m
2025-11-10T00:03:54.7074741Z [36;1mfi[0m
2025-11-10T00:03:54.7101683Z shell: /usr/bin/bash --noprofile --norc -e -o pipefail {0}
2025-11-10T00:03:54.7102009Z env:
2025-11-10T00:03:54.7102180Z   CARGO_TERM_COLOR: always
2025-11-10T00:03:54.7102403Z   CARGO_HOME: /home/jswift/.cargo
2025-11-10T00:03:54.7102625Z   CARGO_INCREMENTAL: 0
2025-11-10T00:03:54.7102814Z ##[endgroup]
2025-11-10T00:03:54.7619710Z ##[group]Run : work around spurious network errors in curl 8.0
2025-11-10T00:03:54.7620201Z [36;1m: work around spurious network errors in curl 8.0[0m
2025-11-10T00:03:54.7620793Z [36;1m# https://rust-lang.zulipchat.com/#narrow/stream/246057-t-cargo/topic/timeout.20investigation[0m
2025-11-10T00:03:54.7621406Z [36;1mif rustc +1.88.0 --version --verbose | grep -q '^release: 1\.7[01]\.'; then[0m
2025-11-10T00:03:54.7621993Z [36;1m  echo CARGO_HTTP_MULTIPLEXING=false >> $GITHUB_ENV[0m
2025-11-10T00:03:54.7622298Z [36;1mfi[0m
2025-11-10T00:03:54.7651859Z shell: /usr/bin/bash --noprofile --norc -e -o pipefail {0}
2025-11-10T00:03:54.7652196Z env:
2025-11-10T00:03:54.7652381Z   CARGO_TERM_COLOR: always
2025-11-10T00:03:54.7652610Z   CARGO_HOME: /home/jswift/.cargo
2025-11-10T00:03:54.7652854Z   CARGO_INCREMENTAL: 0
2025-11-10T00:03:54.7653047Z ##[endgroup]
2025-11-10T00:03:54.7943770Z ##[group]Run rustc +1.88.0 --version --verbose
2025-11-10T00:03:54.7944124Z [36;1mrustc +1.88.0 --version --verbose[0m
2025-11-10T00:03:54.7971356Z shell: /usr/bin/bash --noprofile --norc -e -o pipefail {0}
2025-11-10T00:03:54.7971700Z env:
2025-11-10T00:03:54.7971898Z   CARGO_TERM_COLOR: always
2025-11-10T00:03:54.7972153Z   CARGO_HOME: /home/jswift/.cargo
2025-11-10T00:03:54.7972427Z   CARGO_INCREMENTAL: 0
2025-11-10T00:03:54.7972754Z ##[endgroup]
2025-11-10T00:03:54.8202543Z rustc 1.88.0 (6b00bc388 2025-06-23)
2025-11-10T00:03:54.8202998Z binary: rustc
2025-11-10T00:03:54.8203365Z commit-hash: 6b00bc3880198600130e1cf62b8f8a93494488cc
2025-11-10T00:03:54.8204530Z commit-date: 2025-06-23
2025-11-10T00:03:54.8205007Z host: x86_64-unknown-linux-gnu
2025-11-10T00:03:54.8205361Z release: 1.88.0
2025-11-10T00:03:54.8205645Z LLVM version: 20.1.5
2025-11-10T00:03:55.0790922Z ##[group]Run actions/cache@v3
2025-11-10T00:03:55.0791178Z with:
2025-11-10T00:03:55.0791369Z   path: ~/.cargo/registry
2025-11-10T00:03:55.0792373Z   key: Linux-cargo-registry-be20cb763b1c2a23d480f273acac121679c301efe5e74593667a8cb6ea1cc014
2025-11-10T00:03:55.0792860Z   enableCrossOsArchive: false
2025-11-10T00:03:55.0793114Z   fail-on-cache-miss: false
2025-11-10T00:03:55.0793321Z   lookup-only: false
2025-11-10T00:03:55.0793500Z env:
2025-11-10T00:03:55.0793658Z   CARGO_TERM_COLOR: always
2025-11-10T00:03:55.0793876Z   CARGO_HOME: /home/jswift/.cargo
2025-11-10T00:03:55.0794107Z   CARGO_INCREMENTAL: 0
2025-11-10T00:03:55.0794886Z ##[endgroup]
2025-11-10T00:03:55.3897461Z Cache hit for: Linux-cargo-registry-be20cb763b1c2a23d480f273acac121679c301efe5e74593667a8cb6ea1cc014
2025-11-10T00:03:56.5210574Z Received 125829120 of 838847341 (15.0%), 119.9 MBs/sec
2025-11-10T00:03:57.5249996Z Received 268435456 of 838847341 (32.0%), 127.7 MBs/sec
2025-11-10T00:03:58.5253350Z Received 452984832 of 838847341 (54.0%), 143.7 MBs/sec
2025-11-10T00:03:59.5268334Z Received 650117120 of 838847341 (77.5%), 154.7 MBs/sec
2025-11-10T00:04:00.5279428Z Received 805306368 of 838847341 (96.0%), 153.4 MBs/sec
2025-11-10T00:04:00.7038012Z Received 838847341 of 838847341 (100.0%), 154.3 MBs/sec
2025-11-10T00:04:00.7041718Z Cache Size: ~800 MB (838847341 B)
2025-11-10T00:04:00.7094842Z [command]/usr/bin/tar -xf /home/jswift/actions-runner-org2/_work/_temp/82520b07-e5ae-4f10-85fc-5af3b568acaf/cache.tzst -P -C /home/jswift/actions-runner-org2/_work/bllvm-consensus/bllvm-consensus --use-compress-program unzstd
2025-11-10T00:04:08.9462182Z Cache restored successfully
2025-11-10T00:04:09.1520102Z Cache restored from key: Linux-cargo-registry-be20cb763b1c2a23d480f273acac121679c301efe5e74593667a8cb6ea1cc014
2025-11-10T00:04:09.4173177Z ##[group]Run actions/cache@v3
2025-11-10T00:04:09.4173444Z with:
2025-11-10T00:04:09.4173627Z   path: ~/.cargo/git
2025-11-10T00:04:09.4174035Z   key: Linux-cargo-index-be20cb763b1c2a23d480f273acac121679c301efe5e74593667a8cb6ea1cc014
2025-11-10T00:04:09.4175012Z   enableCrossOsArchive: false
2025-11-10T00:04:09.4175431Z   fail-on-cache-miss: false
2025-11-10T00:04:09.4175674Z   lookup-only: false
2025-11-10T00:04:09.4175871Z env:
2025-11-10T00:04:09.4176045Z   CARGO_TERM_COLOR: always
2025-11-10T00:04:09.4176292Z   CARGO_HOME: /home/jswift/.cargo
2025-11-10T00:04:09.4176526Z   CARGO_INCREMENTAL: 0
2025-11-10T00:04:09.4176725Z ##[endgroup]
2025-11-10T00:04:09.7449417Z Cache not found for input keys: Linux-cargo-index-be20cb763b1c2a23d480f273acac121679c301efe5e74593667a8cb6ea1cc014
2025-11-10T00:04:10.0046552Z ##[group]Run actions/cache@v3
2025-11-10T00:04:10.0046821Z with:
2025-11-10T00:04:10.0047009Z   path: target
2025-11-10T00:04:10.0047457Z   key: Linux-cargo-build-target-be20cb763b1c2a23d480f273acac121679c301efe5e74593667a8cb6ea1cc014
2025-11-10T00:04:10.0047983Z   enableCrossOsArchive: false
2025-11-10T00:04:10.0048237Z   fail-on-cache-miss: false
2025-11-10T00:04:10.0048468Z   lookup-only: false
2025-11-10T00:04:10.0048659Z env:
2025-11-10T00:04:10.0048836Z   CARGO_TERM_COLOR: always
2025-11-10T00:04:10.0049070Z   CARGO_HOME: /home/jswift/.cargo
2025-11-10T00:04:10.0049312Z   CARGO_INCREMENTAL: 0
2025-11-10T00:04:10.0049514Z ##[endgroup]
2025-11-10T00:04:10.3229797Z Cache hit for: Linux-cargo-build-target-be20cb763b1c2a23d480f273acac121679c301efe5e74593667a8cb6ea1cc014
2025-11-10T00:04:11.0877970Z Received 34004884 of 34004884 (100.0%), 61.1 MBs/sec
2025-11-10T00:04:11.0878844Z Cache Size: ~32 MB (34004884 B)
2025-11-10T00:04:11.0912183Z [command]/usr/bin/tar -xf /home/jswift/actions-runner-org2/_work/_temp/e5f7765f-7562-4078-b58a-e05c64784d45/cache.tzst -P -C /home/jswift/actions-runner-org2/_work/bllvm-consensus/bllvm-consensus --use-compress-program unzstd
2025-11-10T00:04:11.3974026Z Cache restored successfully
2025-11-10T00:04:11.4174703Z Cache restored from key: Linux-cargo-build-target-be20cb763b1c2a23d480f273acac121679c301efe5e74593667a8cb6ea1cc014
2025-11-10T00:04:11.4374847Z ##[group]Run cargo clippy -- -D warnings
2025-11-10T00:04:11.4375217Z [36;1mcargo clippy -- -D warnings[0m
2025-11-10T00:04:11.4410879Z shell: /usr/bin/bash -e {0}
2025-11-10T00:04:11.4411149Z env:
2025-11-10T00:04:11.4411354Z   CARGO_TERM_COLOR: always
2025-11-10T00:04:11.4411618Z   CARGO_HOME: /home/jswift/.cargo
2025-11-10T00:04:11.4412190Z   CARGO_INCREMENTAL: 0
2025-11-10T00:04:11.4412427Z ##[endgroup]
2025-11-10T00:04:11.7366125Z [1m[32m    Checking[0m bllvm-consensus v0.1.0 (/home/jswift/actions-runner-org2/_work/bllvm-consensus/bllvm-consensus)
2025-11-10T00:04:12.6579854Z [0m[1m[38;5;9merror[0m[0m[1m: variables can be used directly in the `format!` string[0m
2025-11-10T00:04:12.6580728Z [0m   [0m[0m[1m[38;5;12m--> [0m[0msrc/transaction.rs:109:55[0m
2025-11-10T00:04:12.6581734Z [0m    [0m[0m[1m[38;5;12m|[0m
2025-11-10T00:04:12.6590911Z [0m[1m[38;5;12m109[0m[0m [0m[0m[1m[38;5;12m|[0m[0m   [0m[0m                ConsensusError::TransactionValidation(format!([0m
2025-11-10T00:04:12.6591832Z [0m    [0m[0m[1m[38;5;12m|[0m[0m [0m[0m[1m[38;5;9m _______________________________________________________^[0m
2025-11-10T00:04:12.6592762Z [0m[1m[38;5;12m110[0m[0m [0m[0m[1m[38;5;12m|[0m[0m [0m[0m[1m[38;5;9m|[0m[0m [0m[0m                    "Output value sum overflow at index {}",[0m
2025-11-10T00:04:12.6593836Z [0m[1m[38;5;12m111[0m[0m [0m[0m[1m[38;5;12m|[0m[0m [0m[0m[1m[38;5;9m|[0m[0m [0m[0m                    i[0m
2025-11-10T00:04:12.6595011Z [0m[1m[38;5;12m112[0m[0m [0m[0m[1m[38;5;12m|[0m[0m [0m[0m[1m[38;5;9m|[0m[0m [0m[0m                ))[0m
2025-11-10T00:04:12.6596089Z [0m    [0m[0m[1m[38;5;12m|[0m[0m [0m[0m[1m[38;5;9m|_________________^[0m
2025-11-10T00:04:12.6596816Z [0m    [0m[0m[1m[38;5;12m|[0m
2025-11-10T00:04:12.6597861Z [0m    [0m[0m[1m[38;5;12m= [0m[0m[1mhelp[0m[0m: for further information visit https://rust-lang.github.io/rust-clippy/master/index.html#uninlined_format_args[0m
2025-11-10T00:04:12.6599098Z [0m    [0m[0m[1m[38;5;12m= [0m[0m[1mnote[0m[0m: `-D clippy::uninlined-format-args` implied by `-D warnings`[0m
2025-11-10T00:04:12.6600078Z [0m    [0m[0m[1m[38;5;12m= [0m[0m[1mhelp[0m[0m: to override `-D warnings` add `#[allow(clippy::uninlined_format_args)]`[0m
2025-11-10T00:04:12.6600560Z 
2025-11-10T00:04:12.6600932Z [0m[1m[38;5;9merror[0m[0m[1m: variables can be used directly in the `format!` string[0m
2025-11-10T00:04:12.6601565Z [0m   [0m[0m[1m[38;5;12m--> [0m[0msrc/transaction.rs:118:45[0m
2025-11-10T00:04:12.6602085Z [0m    [0m[0m[1m[38;5;12m|[0m
2025-11-10T00:04:12.6603067Z [0m[1m[38;5;12m118[0m[0m [0m[0m[1m[38;5;12m|[0m[0m   [0m[0m        return Ok(ValidationResult::Invalid(format!([0m
2025-11-10T00:04:12.6604078Z [0m    [0m[0m[1m[38;5;12m|[0m[0m [0m[0m[1m[38;5;9m _____________________________________________^[0m
2025-11-10T00:04:12.6605152Z [0m[1m[38;5;12m119[0m[0m [0m[0m[1m[38;5;12m|[0m[0m [0m[0m[1m[38;5;9m|[0m[0m [0m[0m            "Total output value {} exceeds maximum money supply",[0m
2025-11-10T00:04:12.6605867Z [0m[1m[38;5;12m120[0m[0m [0m[0m[1m[38;5;12m|[0m[0m [0m[0m[1m[38;5;9m|[0m[0m [0m[0m            total_output_value[0m
2025-11-10T00:04:12.6606470Z [0m[1m[38;5;12m121[0m[0m [0m[0m[1m[38;5;12m|[0m[0m [0m[0m[1m[38;5;9m|[0m[0m [0m[0m        )));[0m
2025-11-10T00:04:12.6606949Z [0m    [0m[0m[1m[38;5;12m|[0m[0m [0m[0m[1m[38;5;9m|_________^[0m
2025-11-10T00:04:12.6607293Z [0m    [0m[0m[1m[38;5;12m|[0m
2025-11-10T00:04:12.6608031Z [0m    [0m[0m[1m[38;5;12m= [0m[0m[1mhelp[0m[0m: for further information visit https://rust-lang.github.io/rust-clippy/master/index.html#uninlined_format_args[0m
2025-11-10T00:04:12.6608835Z 
2025-11-10T00:04:12.6609355Z [0m[1m[38;5;9merror[0m[0m[1m: variables can be used directly in the `format!` string[0m
2025-11-10T00:04:12.6610524Z [0m   [0m[0m[1m[38;5;12m--> [0m[0msrc/transaction.rs:143:45[0m
2025-11-10T00:04:12.6610916Z [0m    [0m[0m[1m[38;5;12m|[0m
2025-11-10T00:04:12.6611503Z [0m[1m[38;5;12m143[0m[0m [0m[0m[1m[38;5;12m|[0m[0m   [0m[0m        return Ok(ValidationResult::Invalid(format!([0m
2025-11-10T00:04:12.6612072Z [0m    [0m[0m[1m[38;5;12m|[0m[0m [0m[0m[1m[38;5;9m _____________________________________________^[0m
2025-11-10T00:04:12.6614707Z [0m[1m[38;5;12m144[0m[0m [0m[0m[1m[38;5;12m|[0m[0m [0m[0m[1m[38;5;9m|[0m[0m [0m[0m            "Transaction too large: {} bytes",[0m
2025-11-10T00:04:12.6615501Z [0m[1m[38;5;12m145[0m[0m [0m[0m[1m[38;5;12m|[0m[0m [0m[0m[1m[38;5;9m|[0m[0m [0m[0m            tx_size[0m
2025-11-10T00:04:12.6616059Z [0m[1m[38;5;12m146[0m[0m [0m[0m[1m[38;5;12m|[0m[0m [0m[0m[1m[38;5;9m|[0m[0m [0m[0m        )));[0m
2025-11-10T00:04:12.6616522Z [0m    [0m[0m[1m[38;5;12m|[0m[0m [0m[0m[1m[38;5;9m|_________^[0m
2025-11-10T00:04:12.6616864Z [0m    [0m[0m[1m[38;5;12m|[0m
2025-11-10T00:04:12.6617594Z [0m    [0m[0m[1m[38;5;12m= [0m[0m[1mhelp[0m[0m: for further information visit https://rust-lang.github.io/rust-clippy/master/index.html#uninlined_format_args[0m
2025-11-10T00:04:12.6618093Z 
2025-11-10T00:04:12.6618402Z [0m[1m[38;5;9merror[0m[0m[1m: variables can be used directly in the `format!` string[0m
2025-11-10T00:04:12.6619092Z [0m   [0m[0m[1m[38;5;12m--> [0m[0msrc/transaction.rs:156:49[0m
2025-11-10T00:04:12.6619429Z [0m    [0m[0m[1m[38;5;12m|[0m
2025-11-10T00:04:12.6619982Z [0m[1m[38;5;12m156[0m[0m [0m[0m[1m[38;5;12m|[0m[0m   [0m[0m            return Ok(ValidationResult::Invalid(format!([0m
2025-11-10T00:04:12.6620557Z [0m    [0m[0m[1m[38;5;12m|[0m[0m [0m[0m[1m[38;5;9m _________________________________________________^[0m
2025-11-10T00:04:12.6621176Z [0m[1m[38;5;12m157[0m[0m [0m[0m[1m[38;5;12m|[0m[0m [0m[0m[1m[38;5;9m|[0m[0m [0m[0m                "Duplicate input prevout at index {}",[0m
2025-11-10T00:04:12.6621782Z [0m[1m[38;5;12m158[0m[0m [0m[0m[1m[38;5;12m|[0m[0m [0m[0m[1m[38;5;9m|[0m[0m [0m[0m                i[0m
2025-11-10T00:04:12.6622331Z [0m[1m[38;5;12m159[0m[0m [0m[0m[1m[38;5;12m|[0m[0m [0m[0m[1m[38;5;9m|[0m[0m [0m[0m            )));[0m
2025-11-10T00:04:12.6622806Z [0m    [0m[0m[1m[38;5;12m|[0m[0m [0m[0m[1m[38;5;9m|_____________^[0m
2025-11-10T00:04:12.6623142Z [0m    [0m[0m[1m[38;5;12m|[0m
2025-11-10T00:04:12.6623854Z [0m    [0m[0m[1m[38;5;12m= [0m[0m[1mhelp[0m[0m: for further information visit https://rust-lang.github.io/rust-clippy/master/index.html#uninlined_format_args[0m
2025-11-10T00:04:12.6626640Z 
2025-11-10T00:04:12.6626964Z [0m[1m[38;5;9merror[0m[0m[1m: variables can be used directly in the `format!` string[0m
2025-11-10T00:04:12.6627466Z [0m   [0m[0m[1m[38;5;12m--> [0m[0msrc/transaction.rs:168:49[0m
2025-11-10T00:04:12.6627814Z [0m    [0m[0m[1m[38;5;12m|[0m
2025-11-10T00:04:12.6628378Z [0m[1m[38;5;12m168[0m[0m [0m[0m[1m[38;5;12m|[0m[0m   [0m[0m            return Ok(ValidationResult::Invalid(format!([0m
2025-11-10T00:04:12.6628946Z [0m    [0m[0m[1m[38;5;12m|[0m[0m [0m[0m[1m[38;5;9m _________________________________________________^[0m
2025-11-10T00:04:12.6629650Z [0m[1m[38;5;12m169[0m[0m [0m[0m[1m[38;5;12m|[0m[0m [0m[0m[1m[38;5;9m|[0m[0m [0m[0m                "Coinbase scriptSig length {} must be between 2 and 100 bytes",[0m
2025-11-10T00:04:12.6630332Z [0m[1m[38;5;12m170[0m[0m [0m[0m[1m[38;5;12m|[0m[0m [0m[0m[1m[38;5;9m|[0m[0m [0m[0m                script_sig_len[0m
2025-11-10T00:04:12.6630903Z [0m[1m[38;5;12m171[0m[0m [0m[0m[1m[38;5;12m|[0m[0m [0m[0m[1m[38;5;9m|[0m[0m [0m[0m            )));[0m
2025-11-10T00:04:12.6631372Z [0m    [0m[0m[1m[38;5;12m|[0m[0m [0m[0m[1m[38;5;9m|_____________^[0m
2025-11-10T00:04:12.6631960Z [0m    [0m[0m[1m[38;5;12m|[0m
2025-11-10T00:04:12.6632692Z [0m    [0m[0m[1m[38;5;12m= [0m[0m[1mhelp[0m[0m: for further information visit https://rust-lang.github.io/rust-clippy/master/index.html#uninlined_format_args[0m
2025-11-10T00:04:12.6633182Z 
2025-11-10T00:04:12.6642554Z [0m[1m[38;5;9merror[0m[0m[1m: variables can be used directly in the `format!` string[0m
2025-11-10T00:04:12.6643262Z [0m   [0m[0m[1m[38;5;12m--> [0m[0msrc/transaction.rs:233:55[0m
2025-11-10T00:04:12.6643644Z [0m    [0m[0m[1m[38;5;12m|[0m
2025-11-10T00:04:12.6644255Z [0m[1m[38;5;12m233[0m[0m [0m[0m[1m[38;5;12m|[0m[0m   [0m[0m                ConsensusError::TransactionValidation(format!([0m
2025-11-10T00:04:12.6645060Z [0m    [0m[0m[1m[38;5;12m|[0m[0m [0m[0m[1m[38;5;9m _______________________________________________________^[0m
2025-11-10T00:04:12.6645718Z [0m[1m[38;5;12m234[0m[0m [0m[0m[1m[38;5;12m|[0m[0m [0m[0m[1m[38;5;9m|[0m[0m [0m[0m                    "Input value overflow at input {}",[0m
2025-11-10T00:04:12.6646327Z [0m[1m[38;5;12m235[0m[0m [0m[0m[1m[38;5;12m|[0m[0m [0m[0m[1m[38;5;9m|[0m[0m [0m[0m                    i[0m
2025-11-10T00:04:12.6646893Z [0m[1m[38;5;12m236[0m[0m [0m[0m[1m[38;5;12m|[0m[0m [0m[0m[1m[38;5;9m|[0m[0m [0m[0m                ))[0m
2025-11-10T00:04:12.6647673Z [0m    [0m[0m[1m[38;5;12m|[0m[0m [0m[0m[1m[38;5;9m|_________________^[0m
2025-11-10T00:04:12.6648069Z [0m    [0m[0m[1m[38;5;12m|[0m
2025-11-10T00:04:12.6648812Z [0m    [0m[0m[1m[38;5;12m= [0m[0m[1mhelp[0m[0m: for further information visit https://rust-lang.github.io/rust-clippy/master/index.html#uninlined_format_args[0m
2025-11-10T00:04:12.6649303Z 
2025-11-10T00:04:12.6660323Z [0m[1m[38;5;9merror[0m[0m[1m: variables can be used directly in the `format!` string[0m
2025-11-10T00:04:12.6660907Z [0m   [0m[0m[1m[38;5;12m--> [0m[0msrc/transaction.rs:260:39[0m
2025-11-10T00:04:12.6661290Z [0m    [0m[0m[1m[38;5;12m|[0m
2025-11-10T00:04:12.6661852Z [0m[1m[38;5;12m260[0m[0m [0m[0m[1m[38;5;12m|[0m[0m   [0m[0m            ValidationResult::Invalid(format!([0m
2025-11-10T00:04:12.6662415Z [0m    [0m[0m[1m[38;5;12m|[0m[0m [0m[0m[1m[38;5;9m _______________________________________^[0m
2025-11-10T00:04:12.6663087Z [0m[1m[38;5;12m261[0m[0m [0m[0m[1m[38;5;12m|[0m[0m [0m[0m[1m[38;5;9m|[0m[0m [0m[0m                "Total output value {} exceeds maximum money supply",[0m
2025-11-10T00:04:12.6663798Z [0m[1m[38;5;12m262[0m[0m [0m[0m[1m[38;5;12m|[0m[0m [0m[0m[1m[38;5;9m|[0m[0m [0m[0m                total_output_value[0m
2025-11-10T00:04:12.6664702Z [0m[1m[38;5;12m263[0m[0m [0m[0m[1m[38;5;12m|[0m[0m [0m[0m[1m[38;5;9m|[0m[0m [0m[0m            )),[0m
2025-11-10T00:04:12.6665333Z [0m    [0m[0m[1m[38;5;12m|[0m[0m [0m[0m[1m[38;5;9m|_____________^[0m
2025-11-10T00:04:12.6665682Z [0m    [0m[0m[1m[38;5;12m|[0m
2025-11-10T00:04:12.6666418Z [0m    [0m[0m[1m[38;5;12m= [0m[0m[1mhelp[0m[0m: for further information visit https://rust-lang.github.io/rust-clippy/master/index.html#uninlined_format_args[0m
2025-11-10T00:04:12.6668886Z 
2025-11-10T00:04:12.7627134Z [0m[1m[38;5;9merror[0m[0m[1m: variables can be used directly in the `format!` string[0m
2025-11-10T00:04:12.7628154Z [0m   [0m[0m[1m[38;5;12m--> [0m[0msrc/block.rs:567:59[0m
2025-11-10T00:04:12.7628790Z [0m    [0m[0m[1m[38;5;12m|[0m
2025-11-10T00:04:12.7629992Z [0m[1m[38;5;12m567[0m[0m [0m[0m[1m[38;5;12m|[0m[0m   [0m[0m[1m[38;5;12m...[0m[0m                   ValidationResult::Invalid(format!([0m
2025-11-10T00:04:12.7631037Z [0m    [0m[0m[1m[38;5;12m|[0m[0m [0m[0m[1m[38;5;9m _________________________________________________^[0m
2025-11-10T00:04:12.7632582Z [0m[1m[38;5;12m568[0m[0m [0m[0m[1m[38;5;12m|[0m[0m [0m[0m[1m[38;5;9m|[0m[0m [0m[0m[1m[38;5;12m...[0m[0m                       "Invalid script at transaction {}, input {}",[0m
2025-11-10T00:04:12.7633853Z [0m[1m[38;5;12m569[0m[0m [0m[0m[1m[38;5;12m|[0m[0m [0m[0m[1m[38;5;9m|[0m[0m [0m[0m[1m[38;5;12m...[0m[0m                       i, j[0m
2025-11-10T00:04:12.7635247Z [0m[1m[38;5;12m570[0m[0m [0m[0m[1m[38;5;12m|[0m[0m [0m[0m[1m[38;5;9m|[0m[0m [0m[0m[1m[38;5;12m...[0m[0m                   )),[0m
2025-11-10T00:04:12.7636203Z [0m    [0m[0m[1m[38;5;12m|[0m[0m [0m[0m[1m[38;5;9m|_______________________^[0m
2025-11-10T00:04:12.7636837Z [0m    [0m[0m[1m[38;5;12m|[0m
2025-11-10T00:04:12.7638114Z [0m    [0m[0m[1m[38;5;12m= [0m[0m[1mhelp[0m[0m: for further information visit https://rust-lang.github.io/rust-clippy/master/index.html#uninlined_format_args[0m
2025-11-10T00:04:12.7639028Z 
2025-11-10T00:04:12.7654536Z [0m[1m[38;5;9merror[0m[0m[1m: variables can be used directly in the `format!` string[0m
2025-11-10T00:04:12.7655475Z [0m   [0m[0m[1m[38;5;12m--> [0m[0msrc/block.rs:622:43[0m
2025-11-10T00:04:12.7656099Z [0m    [0m[0m[1m[38;5;12m|[0m
2025-11-10T00:04:12.7657102Z [0m[1m[38;5;12m622[0m[0m [0m[0m[1m[38;5;12m|[0m[0m   [0m[0m                ValidationResult::Invalid(format!([0m
2025-11-10T00:04:12.7658085Z [0m    [0m[0m[1m[38;5;12m|[0m[0m [0m[0m[1m[38;5;9m ___________________________________________^[0m
2025-11-10T00:04:12.7659574Z [0m[1m[38;5;12m623[0m[0m [0m[0m[1m[38;5;12m|[0m[0m [0m[0m[1m[38;5;9m|[0m[0m [0m[0m                    "Coinbase output {} exceeds maximum money supply",[0m
2025-11-10T00:04:12.7660752Z [0m[1m[38;5;12m624[0m[0m [0m[0m[1m[38;5;12m|[0m[0m [0m[0m[1m[38;5;9m|[0m[0m [0m[0m                    coinbase_output[0m
2025-11-10T00:04:12.7661782Z [0m[1m[38;5;12m625[0m[0m [0m[0m[1m[38;5;12m|[0m[0m [0m[0m[1m[38;5;9m|[0m[0m [0m[0m                )),[0m
2025-11-10T00:04:12.7662683Z [0m    [0m[0m[1m[38;5;12m|[0m[0m [0m[0m[1m[38;5;9m|_________________^[0m
2025-11-10T00:04:12.7663325Z [0m    [0m[0m[1m[38;5;12m|[0m
2025-11-10T00:04:12.7664763Z [0m    [0m[0m[1m[38;5;12m= [0m[0m[1mhelp[0m[0m: for further information visit https://rust-lang.github.io/rust-clippy/master/index.html#uninlined_format_args[0m
2025-11-10T00:04:12.7665675Z 
2025-11-10T00:04:12.7666203Z [0m[1m[38;5;9merror[0m[0m[1m: variables can be used directly in the `format!` string[0m
2025-11-10T00:04:12.7668999Z [0m   [0m[0m[1m[38;5;12m--> [0m[0msrc/block.rs:637:43[0m
2025-11-10T00:04:12.7669588Z [0m    [0m[0m[1m[38;5;12m|[0m
2025-11-10T00:04:12.7670556Z [0m[1m[38;5;12m637[0m[0m [0m[0m[1m[38;5;12m|[0m[0m   [0m[0m                ValidationResult::Invalid(format!([0m
2025-11-10T00:04:12.7671512Z [0m    [0m[0m[1m[38;5;12m|[0m[0m [0m[0m[1m[38;5;9m ___________________________________________^[0m
2025-11-10T00:04:12.7672637Z [0m[1m[38;5;12m638[0m[0m [0m[0m[1m[38;5;12m|[0m[0m [0m[0m[1m[38;5;9m|[0m[0m [0m[0m                    "Coinbase output {} exceeds fees {} + subsidy {}",[0m
2025-11-10T00:04:12.7673868Z [0m[1m[38;5;12m639[0m[0m [0m[0m[1m[38;5;12m|[0m[0m [0m[0m[1m[38;5;9m|[0m[0m [0m[0m                    coinbase_output, total_fees, subsidy[0m
2025-11-10T00:04:12.7675142Z [0m[1m[38;5;12m640[0m[0m [0m[0m[1m[38;5;12m|[0m[0m [0m[0m[1m[38;5;9m|[0m[0m [0m[0m                )),[0m
2025-11-10T00:04:12.7676006Z [0m    [0m[0m[1m[38;5;12m|[0m[0m [0m[0m[1m[38;5;9m|_________________^[0m
2025-11-10T00:04:12.7678477Z [0m    [0m[0m[1m[38;5;12m|[0m
2025-11-10T00:04:12.7679714Z [0m    [0m[0m[1m[38;5;12m= [0m[0m[1mhelp[0m[0m: for further information visit https://rust-lang.github.io/rust-clippy/master/index.html#uninlined_format_args[0m
2025-11-10T00:04:12.7680620Z 
2025-11-10T00:04:12.7695439Z [0m[1m[38;5;9merror[0m[0m[1m: variables can be used directly in the `format!` string[0m
2025-11-10T00:04:12.7696323Z [0m   [0m[0m[1m[38;5;12m--> [0m[0msrc/block.rs:687:39[0m
2025-11-10T00:04:12.7697239Z [0m    [0m[0m[1m[38;5;12m|[0m
2025-11-10T00:04:12.7698247Z [0m[1m[38;5;12m687[0m[0m [0m[0m[1m[38;5;12m|[0m[0m   [0m[0m            ValidationResult::Invalid(format!([0m
2025-11-10T00:04:12.7699207Z [0m    [0m[0m[1m[38;5;12m|[0m[0m [0m[0m[1m[38;5;9m _______________________________________^[0m
2025-11-10T00:04:12.7700265Z [0m[1m[38;5;12m688[0m[0m [0m[0m[1m[38;5;12m|[0m[0m [0m[0m[1m[38;5;9m|[0m[0m [0m[0m                "Block sigop cost {} exceeds maximum {}",[0m
2025-11-10T00:04:12.7701452Z [0m[1m[38;5;12m689[0m[0m [0m[0m[1m[38;5;12m|[0m[0m [0m[0m[1m[38;5;9m|[0m[0m [0m[0m                total_sigop_cost, MAX_BLOCK_SIGOPS_COST[0m
2025-11-10T00:04:12.7702503Z [0m[1m[38;5;12m690[0m[0m [0m[0m[1m[38;5;12m|[0m[0m [0m[0m[1m[38;5;9m|[0m[0m [0m[0m            )),[0m
2025-11-10T00:04:12.7718506Z [0m    [0m[0m[1m[38;5;12m|[0m[0m [0m[0m[1m[38;5;9m|_____________^[0m
2025-11-10T00:04:12.7719155Z [0m    [0m[0m[1m[38;5;12m|[0m
2025-11-10T00:04:12.7720396Z [0m    [0m[0m[1m[38;5;12m= [0m[0m[1mhelp[0m[0m: for further information visit https://rust-lang.github.io/rust-clippy/master/index.html#uninlined_format_args[0m
2025-11-10T00:04:12.7721284Z 
2025-11-10T00:04:12.7839962Z [0m[1m[38;5;9merror[0m[0m[1m: the loop variable `i` is used to index `words`[0m
2025-11-10T00:04:12.7841538Z [0m   [0m[0m[1m[38;5;12m--> [0m[0msrc/crypto/sha256_avx2.rs:191:14[0m
2025-11-10T00:04:12.7842344Z [0m    [0m[0m[1m[38;5;12m|[0m
2025-11-10T00:04:12.7843226Z [0m[1m[38;5;12m191[0m[0m [0m[0m[1m[38;5;12m|[0m[0m [0m[0m    for i in 0..8 {[0m
2025-11-10T00:04:12.7844123Z [0m    [0m[0m[1m[38;5;12m|[0m[0m              [0m[0m[1m[38;5;9m^^^^[0m
2025-11-10T00:04:12.7844952Z [0m    [0m[0m[1m[38;5;12m|[0m
2025-11-10T00:04:12.7848111Z [0m    [0m[0m[1m[38;5;12m= [0m[0m[1mhelp[0m[0m: for further information visit https://rust-lang.github.io/rust-clippy/master/index.html#needless_range_loop[0m
2025-11-10T00:04:12.7849434Z [0m    [0m[0m[1m[38;5;12m= [0m[0m[1mnote[0m[0m: `-D clippy::needless-range-loop` implied by `-D warnings`[0m
2025-11-10T00:04:12.7850497Z [0m    [0m[0m[1m[38;5;12m= [0m[0m[1mhelp[0m[0m: to override `-D warnings` add `#[allow(clippy::needless_range_loop)]`[0m
2025-11-10T00:04:12.7851330Z [0m[1m[38;5;14mhelp[0m[0m: consider using an iterator and enumerate()[0m
2025-11-10T00:04:12.7851903Z [0m    [0m[0m[1m[38;5;12m|[0m
2025-11-10T00:04:12.7852637Z [0m[1m[38;5;12m191[0m[0m [0m[0m[38;5;9m- [0m[0m    for [0m[0m[38;5;9mi[0m[0m in [0m[0m[38;5;9m0..8[0m[0m {[0m
2025-11-10T00:04:12.7853360Z [0m[1m[38;5;12m191[0m[0m [0m[0m[38;5;10m+ [0m[0m    for [0m[0m[38;5;10m(i, <item>)[0m[0m in [0m[0m[38;5;10mwords.iter_mut().enumerate()[0m[0m {[0m
2025-11-10T00:04:12.7853888Z [0m    [0m[0m[1m[38;5;12m|[0m
2025-11-10T00:04:12.7854066Z 
2025-11-10T00:04:12.8022088Z [0m[1m[38;5;9merror[0m[0m[1m: variables can be used directly in the `format!` string[0m
2025-11-10T00:04:12.8023305Z [0m   [0m[0m[1m[38;5;12m--> [0m[0msrc/crypto/sha256_avx2.rs:287:9[0m
2025-11-10T00:04:12.8024104Z [0m    [0m[0m[1m[38;5;12m|[0m
2025-11-10T00:04:12.8027941Z [0m[1m[38;5;12m287[0m[0m [0m[0m[1m[38;5;12m|[0m[0m [0m[0m        println!("DEBUG Transform 1 initial state: a=0x{:08x} (expected 0x6a09e667), h=0x{:08x} (expected 0x5be0cd19)", a_init, h_init);[0m
2025-11-10T00:04:12.8029202Z [0m    [0m[0m[1m[38;5;12m|[0m[0m         [0m[0m[1m[38;5;9m^^^^^^^^^^^^^^^^^^^^^^^^^^^^^^^^^^^^^^^^^^^^^^^^^^^^^^^^^^^^^^^^^^^^^^^^^^^^^^^^^^^^^^^^^^^^^^^^^^^^^^^^^^^^^^^^^^^^^^^^^^^^^^^[0m
2025-11-10T00:04:12.8029768Z [0m    [0m[0m[1m[38;5;12m|[0m
2025-11-10T00:04:12.8030981Z [0m    [0m[0m[1m[38;5;12m= [0m[0m[1mhelp[0m[0m: for further information visit https://rust-lang.github.io/rust-clippy/master/index.html#uninlined_format_args[0m
2025-11-10T00:04:12.8032900Z [0m[1m[38;5;14mhelp[0m[0m: change this to[0m
2025-11-10T00:04:12.8033661Z [0m    [0m[0m[1m[38;5;12m|[0m
2025-11-10T00:04:12.8036851Z [0m[1m[38;5;12m287[0m[0m [0m[0m[38;5;9m- [0m[0m        println!("DEBUG Transform 1 initial state: a=0x{:08x} (expected 0x6a09e667), h=0x{:08x} (expected 0x5be0cd19)"[0m[0m[38;5;9m, a_init, h_init[0m[0m);[0m
2025-11-10T00:04:12.8038722Z [0m[1m[38;5;12m287[0m[0m [0m[0m[38;5;10m+ [0m[0m        println!("DEBUG Transform 1 initial state: a=0x{[0m[0m[38;5;10ma_init[0m[0m:08x} (expected 0x6a09e667), h=0x{[0m[0m[38;5;10mh_init[0m[0m:08x} (expected 0x5be0cd19)");[0m
2025-11-10T00:04:12.8039731Z [0m    [0m[0m[1m[38;5;12m|[0m
2025-11-10T00:04:12.8039964Z 
2025-11-10T00:04:12.8040422Z [0m[1m[38;5;9merror[0m[0m[1m: variables can be used directly in the `format!` string[0m
2025-11-10T00:04:12.8041301Z [0m   [0m[0m[1m[38;5;12m--> [0m[0msrc/crypto/sha256_avx2.rs:315:9[0m
2025-11-10T00:04:12.8041778Z [0m    [0m[0m[1m[38;5;12m|[0m
2025-11-10T00:04:12.8042420Z [0m[1m[38;5;12m315[0m[0m [0m[0m[1m[38;5;12m|[0m[0m [0m[0m        println!("DEBUG: w0 after read8 and shuffle: index 0 = 0x{:08x}, index 7 = 0x{:08x}", w0_val, w0_val_7);[0m
2025-11-10T00:04:12.8043159Z [0m    [0m[0m[1m[38;5;12m|[0m[0m         [0m[0m[1m[38;5;9m^^^^^^^^^^^^^^^^^^^^^^^^^^^^^^^^^^^^^^^^^^^^^^^^^^^^^^^^^^^^^^^^^^^^^^^^^^^^^^^^^^^^^^^^^^^^^^^^^^^^^^^[0m
2025-11-10T00:04:12.8043753Z [0m    [0m[0m[1m[38;5;12m|[0m
2025-11-10T00:04:12.8044721Z [0m    [0m[0m[1m[38;5;12m= [0m[0m[1mhelp[0m[0m: for further information visit https://rust-lang.github.io/rust-clippy/master/index.html#uninlined_format_args[0m
2025-11-10T00:04:12.8045428Z [0m[1m[38;5;14mhelp[0m[0m: change this to[0m
2025-11-10T00:04:12.8045748Z [0m    [0m[0m[1m[38;5;12m|[0m
2025-11-10T00:04:12.8046429Z [0m[1m[38;5;12m315[0m[0m [0m[0m[38;5;9m- [0m[0m        println!("DEBUG: w0 after read8 and shuffle: index 0 = 0x{:08x}, index 7 = 0x{:08x}"[0m[0m[38;5;9m, w0_val, w0_val_7[0m[0m);[0m
2025-11-10T00:04:12.8047881Z [0m[1m[38;5;12m315[0m[0m [0m[0m[38;5;10m+ [0m[0m        println!("DEBUG: w0 after read8 and shuffle: index 0 = 0x{[0m[0m[38;5;10mw0_val[0m[0m:08x}, index 7 = 0x{[0m[0m[38;5;10mw0_val_7[0m[0m:08x}");[0m
2025-11-10T00:04:12.8048975Z [0m    [0m[0m[1m[38;5;12m|[0m
2025-11-10T00:04:12.8049275Z 
2025-11-10T00:04:12.8049639Z [0m[1m[38;5;9merror[0m[0m[1m: variables can be used directly in the `format!` string[0m
2025-11-10T00:04:12.8050144Z [0m   [0m[0m[1m[38;5;12m--> [0m[0msrc/crypto/sha256_avx2.rs:325:9[0m
2025-11-10T00:04:12.8050491Z [0m    [0m[0m[1m[38;5;12m|[0m
2025-11-10T00:04:12.8051075Z [0m[1m[38;5;12m325[0m[0m [0m[0m[1m[38;5;12m|[0m[0m [0m[0m        println!("DEBUG After round 0: a=0x{:08x}, h=0x{:08x}", a_after_round0, h_after_round0);[0m
2025-11-10T00:04:12.8051763Z [0m    [0m[0m[1m[38;5;12m|[0m[0m         [0m[0m[1m[38;5;9m^^^^^^^^^^^^^^^^^^^^^^^^^^^^^^^^^^^^^^^^^^^^^^^^^^^^^^^^^^^^^^^^^^^^^^^^^^^^^^^^^^^^^^^[0m
2025-11-10T00:04:12.8052134Z [0m    [0m[0m[1m[38;5;12m|[0m
2025-11-10T00:04:12.8052812Z [0m    [0m[0m[1m[38;5;12m= [0m[0m[1mhelp[0m[0m: for further information visit https://rust-lang.github.io/rust-clippy/master/index.html#uninlined_format_args[0m
2025-11-10T00:04:12.8053441Z [0m[1m[38;5;14mhelp[0m[0m: change this to[0m
2025-11-10T00:04:12.8053742Z [0m    [0m[0m[1m[38;5;12m|[0m
2025-11-10T00:04:12.8056224Z [0m[1m[38;5;12m325[0m[0m [0m[0m[38;5;9m- [0m[0m        println!("DEBUG After round 0: a=0x{:08x}, h=0x{:08x}"[0m[0m[38;5;9m, a_after_round0, h_after_round0[0m[0m);[0m
2025-11-10T00:04:12.8057164Z [0m[1m[38;5;12m325[0m[0m [0m[0m[38;5;10m+ [0m[0m        println!("DEBUG After round 0: a=0x{[0m[0m[38;5;10ma_after_round0[0m[0m:08x}, h=0x{[0m[0m[38;5;10mh_after_round0[0m[0m:08x}");[0m
2025-11-10T00:04:12.8057727Z [0m    [0m[0m[1m[38;5;12m|[0m
2025-11-10T00:04:12.8057884Z 
2025-11-10T00:04:12.8066805Z [0m[1m[38;5;9merror[0m[0m[1m: variables can be used directly in the `format!` string[0m
2025-11-10T00:04:12.8067428Z [0m   [0m[0m[1m[38;5;12m--> [0m[0msrc/crypto/sha256_avx2.rs:333:9[0m
2025-11-10T00:04:12.8068057Z [0m    [0m[0m[1m[38;5;12m|[0m
2025-11-10T00:04:12.8069286Z [0m[1m[38;5;12m333[0m[0m [0m[0m[1m[38;5;12m|[0m[0m [0m[0m        println!("DEBUG After round 1: a=0x{:08x}, h=0x{:08x}", a_after_round1, h_after_round1);[0m
2025-11-10T00:04:12.8069983Z [0m    [0m[0m[1m[38;5;12m|[0m[0m         [0m[0m[1m[38;5;9m^^^^^^^^^^^^^^^^^^^^^^^^^^^^^^^^^^^^^^^^^^^^^^^^^^^^^^^^^^^^^^^^^^^^^^^^^^^^^^^^^^^^^^^[0m
2025-11-10T00:04:12.8070357Z [0m    [0m[0m[1m[38;5;12m|[0m
2025-11-10T00:04:12.8071050Z [0m    [0m[0m[1m[38;5;12m= [0m[0m[1mhelp[0m[0m: for further information visit https://rust-lang.github.io/rust-clippy/master/index.html#uninlined_format_args[0m
2025-11-10T00:04:12.8071707Z [0m[1m[38;5;14mhelp[0m[0m: change this to[0m
2025-11-10T00:04:12.8072028Z [0m    [0m[0m[1m[38;5;12m|[0m
2025-11-10T00:04:12.8072625Z [0m[1m[38;5;12m333[0m[0m [0m[0m[38;5;9m- [0m[0m        println!("DEBUG After round 1: a=0x{:08x}, h=0x{:08x}"[0m[0m[38;5;9m, a_after_round1, h_after_round1[0m[0m);[0m
2025-11-10T00:04:12.8073519Z [0m[1m[38;5;12m333[0m[0m [0m[0m[38;5;10m+ [0m[0m        println!("DEBUG After round 1: a=0x{[0m[0m[38;5;10ma_after_round1[0m[0m:08x}, h=0x{[0m[0m[38;5;10mh_after_round1[0m[0m:08x}");[0m
2025-11-10T00:04:12.8074237Z [0m    [0m[0m[1m[38;5;12m|[0m
2025-11-10T00:04:12.8074542Z 
2025-11-10T00:04:12.8106547Z [0m[1m[38;5;9merror[0m[0m[1m: variables can be used directly in the `format!` string[0m
2025-11-10T00:04:12.8107537Z [0m   [0m[0m[1m[38;5;12m--> [0m[0msrc/crypto/sha256_avx2.rs:352:9[0m
2025-11-10T00:04:12.8107986Z [0m    [0m[0m[1m[38;5;12m|[0m
2025-11-10T00:04:12.8108807Z [0m[1m[38;5;12m352[0m[0m [0m[0m[1m[38;5;12m|[0m[0m [0m[0m        println!("DEBUG After round 7: a=0x{:08x}, b=0x{:08x}, h=0x{:08x}", a_after_round7, b_after_round7, h_after_round7);[0m
2025-11-10T00:04:12.8109711Z [0m    [0m[0m[1m[38;5;12m|[0m[0m         [0m[0m[1m[38;5;9m^^^^^^^^^^^^^^^^^^^^^^^^^^^^^^^^^^^^^^^^^^^^^^^^^^^^^^^^^^^^^^^^^^^^^^^^^^^^^^^^^^^^^^^^^^^^^^^^^^^^^^^^^^^^^^^^^^^[0m
2025-11-10T00:04:12.8110179Z [0m    [0m[0m[1m[38;5;12m|[0m
2025-11-10T00:04:12.8111059Z [0m    [0m[0m[1m[38;5;12m= [0m[0m[1mhelp[0m[0m: for further information visit https://rust-lang.github.io/rust-clippy/master/index.html#uninlined_format_args[0m
2025-11-10T00:04:12.8111745Z [0m[1m[38;5;14mhelp[0m[0m: change this to[0m
2025-11-10T00:04:12.8112056Z [0m    [0m[0m[1m[38;5;12m|[0m
2025-11-10T00:04:12.8112730Z [0m[1m[38;5;12m352[0m[0m [0m[0m[38;5;9m- [0m[0m        println!("DEBUG After round 7: a=0x{:08x}, b=0x{:08x}, h=0x{:08x}"[0m[0m[38;5;9m, a_after_round7, b_after_round7, h_after_round7[0m[0m);[0m
2025-11-10T00:04:12.8113806Z [0m[1m[38;5;12m352[0m[0m [0m[0m[38;5;10m+ [0m[0m        println!("DEBUG After round 7: a=0x{[0m[0m[38;5;10ma_after_round7[0m[0m:08x}, b=0x{[0m[0m[38;5;10mb_after_round7[0m[0m:08x}, h=0x{[0m[0m[38;5;10mh_after_round7[0m[0m:08x}");[0m
2025-11-10T00:04:12.8114711Z [0m    [0m[0m[1m[38;5;12m|[0m
2025-11-10T00:04:12.8114886Z 
2025-11-10T00:04:12.8163673Z [0m[1m[38;5;9merror[0m[0m[1m: variables can be used directly in the `format!` string[0m
2025-11-10T00:04:12.8164589Z [0m   [0m[0m[1m[38;5;12m--> [0m[0msrc/crypto/sha256_avx2.rs:374:9[0m
2025-11-10T00:04:12.8165165Z [0m    [0m[0m[1m[38;5;12m|[0m
2025-11-10T00:04:12.8167357Z [0m[1m[38;5;12m374[0m[0m [0m[0m[1m[38;5;12m|[0m[0m [0m[0m        println!("DEBUG After round 15: a=0x{:08x}, h=0x{:08x}", a_after_round15, h_after_round15);[0m
2025-11-10T00:04:12.8168198Z [0m    [0m[0m[1m[38;5;12m|[0m[0m         [0m[0m[1m[38;5;9m^^^^^^^^^^^^^^^^^^^^^^^^^^^^^^^^^^^^^^^^^^^^^^^^^^^^^^^^^^^^^^^^^^^^^^^^^^^^^^^^^^^^^^^^^^[0m
2025-11-10T00:04:12.8168887Z [0m    [0m[0m[1m[38;5;12m|[0m
2025-11-10T00:04:12.8169800Z [0m    [0m[0m[1m[38;5;12m= [0m[0m[1mhelp[0m[0m: for further information visit https://rust-lang.github.io/rust-clippy/master/index.html#uninlined_format_args[0m
2025-11-10T00:04:12.8170617Z [0m[1m[38;5;14mhelp[0m[0m: change this to[0m
2025-11-10T00:04:12.8171000Z [0m    [0m[0m[1m[38;5;12m|[0m
2025-11-10T00:04:12.8172060Z [0m[1m[38;5;12m374[0m[0m [0m[0m[38;5;9m- [0m[0m        println!("DEBUG After round 15: a=0x{:08x}, h=0x{:08x}"[0m[0m[38;5;9m, a_after_round15, h_after_round15[0m[0m);[0m
2025-11-10T00:04:12.8173905Z [0m[1m[38;5;12m374[0m[0m [0m[0m[38;5;10m+ [0m[0m        println!("DEBUG After round 15: a=0x{[0m[0m[38;5;10ma_after_round15[0m[0m:08x}, h=0x{[0m[0m[38;5;10mh_after_round15[0m[0m:08x}");[0m
2025-11-10T00:04:12.8175066Z [0m    [0m[0m[1m[38;5;12m|[0m
2025-11-10T00:04:12.8177090Z 
2025-11-10T00:04:12.8177471Z [0m[1m[38;5;9merror[0m[0m[1m: variables can be used directly in the `format!` string[0m
2025-11-10T00:04:12.8178069Z [0m   [0m[0m[1m[38;5;12m--> [0m[0msrc/crypto/sha256_avx2.rs:385:9[0m
2025-11-10T00:04:12.8178474Z [0m    [0m[0m[1m[38;5;12m|[0m
2025-11-10T00:04:12.8179274Z [0m[1m[38;5;12m385[0m[0m [0m[0m[1m[38;5;12m|[0m[0m [0m[0m        println!("DEBUG Round 16 before inc4: w0=0x{:08x}, w14=0x{:08x}, w9=0x{:08x}, w1=0x{:08x}", w0_before, w14_val, w9_val, w1_val);[0m
2025-11-10T00:04:12.8180368Z [0m    [0m[0m[1m[38;5;12m|[0m[0m         [0m[0m[1m[38;5;9m^^^^^^^^^^^^^^^^^^^^^^^^^^^^^^^^^^^^^^^^^^^^^^^^^^^^^^^^^^^^^^^^^^^^^^^^^^^^^^^^^^^^^^^^^^^^^^^^^^^^^^^^^^^^^^^^^^^^^^^^^^^^^^^[0m
2025-11-10T00:04:12.8180824Z [0m    [0m[0m[1m[38;5;12m|[0m
2025-11-10T00:04:12.8181846Z [0m    [0m[0m[1m[38;5;12m= [0m[0m[1mhelp[0m[0m: for further information visit https://rust-lang.github.io/rust-clippy/master/index.html#uninlined_format_args[0m
2025-11-10T00:04:12.8182613Z [0m[1m[38;5;14mhelp[0m[0m: change this to[0m
2025-11-10T00:04:12.8182937Z [0m    [0m[0m[1m[38;5;12m|[0m
2025-11-10T00:04:12.8184067Z [0m[1m[38;5;12m385[0m[0m [0m[0m[38;5;9m- [0m[0m        println!("DEBUG Round 16 before inc4: w0=0x{:08x}, w14=0x{:08x}, w9=0x{:08x}, w1=0x{:08x}"[0m[0m[38;5;9m, w0_before, w14_val, w9_val, w1_val[0m[0m);[0m
2025-11-10T00:04:12.8185749Z [0m[1m[38;5;12m385[0m[0m [0m[0m[38;5;10m+ [0m[0m        println!("DEBUG Round 16 before inc4: w0=0x{[0m[0m[38;5;10mw0_before[0m[0m:08x}, w14=0x{[0m[0m[38;5;10mw14_val[0m[0m:08x}, w9=0x{[0m[0m[38;5;10mw9_val[0m[0m:08x}, w1=0x{[0m[0m[38;5;10mw1_val[0m[0m:08x}");[0m
2025-11-10T00:04:12.8186499Z [0m    [0m[0m[1m[38;5;12m|[0m
2025-11-10T00:04:12.8186681Z 
2025-11-10T00:04:12.8188818Z [0m[1m[38;5;9merror[0m[0m[1m: variables can be used directly in the `format!` string[0m
2025-11-10T00:04:12.8189321Z [0m   [0m[0m[1m[38;5;12m--> [0m[0msrc/crypto/sha256_avx2.rs:391:9[0m
2025-11-10T00:04:12.8189663Z [0m    [0m[0m[1m[38;5;12m|[0m
2025-11-10T00:04:12.8190204Z [0m[1m[38;5;12m391[0m[0m [0m[0m[1m[38;5;12m|[0m[0m [0m[0m        println!("DEBUG After inc4 w0 (round 16): w0=0x{:08x}", w0_after_inc);[0m
2025-11-10T00:04:12.8190827Z [0m    [0m[0m[1m[38;5;12m|[0m[0m         [0m[0m[1m[38;5;9m^^^^^^^^^^^^^^^^^^^^^^^^^^^^^^^^^^^^^^^^^^^^^^^^^^^^^^^^^^^^^^^^^^^^^[0m
2025-11-10T00:04:12.8191203Z [0m    [0m[0m[1m[38;5;12m|[0m
2025-11-10T00:04:12.8191891Z [0m    [0m[0m[1m[38;5;12m= [0m[0m[1mhelp[0m[0m: for further information visit https://rust-lang.github.io/rust-clippy/master/index.html#uninlined_format_args[0m
2025-11-10T00:04:12.8192545Z [0m[1m[38;5;14mhelp[0m[0m: change this to[0m
2025-11-10T00:04:12.8192856Z [0m    [0m[0m[1m[38;5;12m|[0m
2025-11-10T00:04:12.8193422Z [0m[1m[38;5;12m391[0m[0m [0m[0m[38;5;9m- [0m[0m        println!("DEBUG After inc4 w0 (round 16): w0=0x{:08x}"[0m[0m[38;5;9m, w0_after_inc[0m[0m);[0m
2025-11-10T00:04:12.8194622Z [0m[1m[38;5;12m391[0m[0m [0m[0m[38;5;10m+ [0m[0m        println!("DEBUG After inc4 w0 (round 16): w0=0x{[0m[0m[38;5;10mw0_after_inc[0m[0m:08x}");[0m
2025-11-10T00:04:12.8195194Z [0m    [0m[0m[1m[38;5;12m|[0m
2025-11-10T00:04:12.8195361Z 
2025-11-10T00:04:12.8206893Z [0m[1m[38;5;9merror[0m[0m[1m: variables can be used directly in the `format!` string[0m
2025-11-10T00:04:12.8207488Z [0m   [0m[0m[1m[38;5;12m--> [0m[0msrc/crypto/sha256_avx2.rs:404:9[0m
2025-11-10T00:04:12.8207859Z [0m    [0m[0m[1m[38;5;12m|[0m
2025-11-10T00:04:12.8208554Z [0m[1m[38;5;12m404[0m[0m [0m[0m[1m[38;5;12m|[0m[0m [0m[0m[1m[38;5;9m/[0m[0m [0m[0m        println!("DEBUG After round 16: a=0x{:08x} b=0x{:08x} c=0x{:08x} d=0x{:08x} e=0x{:08x} f=0x{:08x} g=0x{:08x} h=0x{:08x}", [0m
2025-11-10T00:04:12.8209430Z [0m[1m[38;5;12m405[0m[0m [0m[0m[1m[38;5;12m|[0m[0m [0m[0m[1m[38;5;9m|[0m[0m [0m[0m                 a_after_round16, b_after_round16, c_after_round16, d_after_round16,[0m
2025-11-10T00:04:12.8210235Z [0m[1m[38;5;12m406[0m[0m [0m[0m[1m[38;5;12m|[0m[0m [0m[0m[1m[38;5;9m|[0m[0m [0m[0m                 e_after_round16, f_after_round16, g_after_round16, h_after_round16);[0m
2025-11-10T00:04:12.8210921Z [0m    [0m[0m[1m[38;5;12m|[0m[0m [0m[0m[1m[38;5;9m|____________________________________________________________________________________^[0m
2025-11-10T00:04:12.8211541Z [0m    [0m[0m[1m[38;5;12m|[0m
2025-11-10T00:04:12.8212242Z [0m    [0m[0m[1m[38;5;12m= [0m[0m[1mhelp[0m[0m: for further information visit https://rust-lang.github.io/rust-clippy/master/index.html#uninlined_format_args[0m
2025-11-10T00:04:12.8212959Z 
2025-11-10T00:04:12.8232998Z [0m[1m[38;5;9merror[0m[0m[1m: variables can be used directly in the `format!` string[0m
2025-11-10T00:04:12.8233687Z [0m   [0m[0m[1m[38;5;12m--> [0m[0msrc/crypto/sha256_avx2.rs:415:9[0m
2025-11-10T00:04:12.8234130Z [0m    [0m[0m[1m[38;5;12m|[0m
2025-11-10T00:04:12.8235210Z [0m[1m[38;5;12m415[0m[0m [0m[0m[1m[38;5;12m|[0m[0m [0m[0m        println!("DEBUG After round 18: a=0x{:08x}", a_after_round18);[0m
2025-11-10T00:04:12.8235948Z [0m    [0m[0m[1m[38;5;12m|[0m[0m         [0m[0m[1m[38;5;9m^^^^^^^^^^^^^^^^^^^^^^^^^^^^^^^^^^^^^^^^^^^^^^^^^^^^^^^^^^^^^[0m
2025-11-10T00:04:12.8236400Z [0m    [0m[0m[1m[38;5;12m|[0m
2025-11-10T00:04:12.8237276Z [0m    [0m[0m[1m[38;5;12m= [0m[0m[1mhelp[0m[0m: for further information visit https://rust-lang.github.io/rust-clippy/master/index.html#uninlined_format_args[0m
2025-11-10T00:04:12.8238104Z [0m[1m[38;5;14mhelp[0m[0m: change this to[0m
2025-11-10T00:04:12.8238485Z [0m    [0m[0m[1m[38;5;12m|[0m
2025-11-10T00:04:12.8239176Z [0m[1m[38;5;12m415[0m[0m [0m[0m[38;5;9m- [0m[0m        println!("DEBUG After round 18: a=0x{:08x}"[0m[0m[38;5;9m, a_after_round18[0m[0m);[0m
2025-11-10T00:04:12.8240106Z [0m[1m[38;5;12m415[0m[0m [0m[0m[38;5;10m+ [0m[0m        println!("DEBUG After round 18: a=0x{[0m[0m[38;5;10ma_after_round18[0m[0m:08x}");[0m
2025-11-10T00:04:12.8240683Z [0m    [0m[0m[1m[38;5;12m|[0m
2025-11-10T00:04:12.8240888Z 
2025-11-10T00:04:12.8249166Z [0m[1m[38;5;9merror[0m[0m[1m: variables can be used directly in the `format!` string[0m
2025-11-10T00:04:12.8249768Z [0m   [0m[0m[1m[38;5;12m--> [0m[0msrc/crypto/sha256_avx2.rs:424:9[0m
2025-11-10T00:04:12.8250167Z [0m    [0m[0m[1m[38;5;12m|[0m
2025-11-10T00:04:12.8250743Z [0m[1m[38;5;12m424[0m[0m [0m[0m[1m[38;5;12m|[0m[0m [0m[0m        println!("DEBUG After round 20: a=0x{:08x}", a_after_round20);[0m
2025-11-10T00:04:12.8251416Z [0m    [0m[0m[1m[38;5;12m|[0m[0m         [0m[0m[1m[38;5;9m^^^^^^^^^^^^^^^^^^^^^^^^^^^^^^^^^^^^^^^^^^^^^^^^^^^^^^^^^^^^^[0m
2025-11-10T00:04:12.8251820Z [0m    [0m[0m[1m[38;5;12m|[0m
2025-11-10T00:04:12.8252589Z [0m    [0m[0m[1m[38;5;12m= [0m[0m[1mhelp[0m[0m: for further information visit https://rust-lang.github.io/rust-clippy/master/index.html#uninlined_format_args[0m
2025-11-10T00:04:12.8253506Z [0m[1m[38;5;14mhelp[0m[0m: change this to[0m
2025-11-10T00:04:12.8253858Z [0m    [0m[0m[1m[38;5;12m|[0m
2025-11-10T00:04:12.8254742Z [0m[1m[38;5;12m424[0m[0m [0m[0m[38;5;9m- [0m[0m        println!("DEBUG After round 20: a=0x{:08x}"[0m[0m[38;5;9m, a_after_round20[0m[0m);[0m
2025-11-10T00:04:12.8257369Z [0m[1m[38;5;12m424[0m[0m [0m[0m[38;5;10m+ [0m[0m        println!("DEBUG After round 20: a=0x{[0m[0m[38;5;10ma_after_round20[0m[0m:08x}");[0m
2025-11-10T00:04:12.8258540Z [0m    [0m[0m[1m[38;5;12m|[0m
2025-11-10T00:04:12.8258762Z 
2025-11-10T00:04:12.8321067Z [0m[1m[38;5;9merror[0m[0m[1m: variables can be used directly in the `format!` string[0m
2025-11-10T00:04:12.8321790Z [0m   [0m[0m[1m[38;5;12m--> [0m[0msrc/crypto/sha256_avx2.rs:449:9[0m
2025-11-10T00:04:12.8322231Z [0m    [0m[0m[1m[38;5;12m|[0m
2025-11-10T00:04:12.8322885Z [0m[1m[38;5;12m449[0m[0m [0m[0m[1m[38;5;12m|[0m[0m [0m[0m        println!("DEBUG After round 30: a=0x{:08x}", a_after_round30);[0m
2025-11-10T00:04:12.8323602Z [0m    [0m[0m[1m[38;5;12m|[0m[0m         [0m[0m[1m[38;5;9m^^^^^^^^^^^^^^^^^^^^^^^^^^^^^^^^^^^^^^^^^^^^^^^^^^^^^^^^^^^^^[0m
2025-11-10T00:04:12.8324045Z [0m    [0m[0m[1m[38;5;12m|[0m
2025-11-10T00:04:12.8326677Z [0m    [0m[0m[1m[38;5;12m= [0m[0m[1mhelp[0m[0m: for further information visit https://rust-lang.github.io/rust-clippy/master/index.html#uninlined_format_args[0m
2025-11-10T00:04:12.8327766Z [0m[1m[38;5;14mhelp[0m[0m: change this to[0m
2025-11-10T00:04:12.8328199Z [0m    [0m[0m[1m[38;5;12m|[0m
2025-11-10T00:04:12.8328874Z [0m[1m[38;5;12m449[0m[0m [0m[0m[38;5;9m- [0m[0m        println!("DEBUG After round 30: a=0x{:08x}"[0m[0m[38;5;9m, a_after_round30[0m[0m);[0m
2025-11-10T00:04:12.8329778Z [0m[1m[38;5;12m449[0m[0m [0m[0m[38;5;10m+ [0m[0m        println!("DEBUG After round 30: a=0x{[0m[0m[38;5;10ma_after_round30[0m[0m:08x}");[0m
2025-11-10T00:04:12.8330390Z [0m    [0m[0m[1m[38;5;12m|[0m
2025-11-10T00:04:12.8330582Z 
2025-11-10T00:04:12.8334230Z [0m[1m[38;5;9merror[0m[0m[1m: variables can be used directly in the `format!` string[0m
2025-11-10T00:04:12.8336876Z [0m   [0m[0m[1m[38;5;12m--> [0m[0msrc/crypto/sha256_avx2.rs:462:9[0m
2025-11-10T00:04:12.8337340Z [0m    [0m[0m[1m[38;5;12m|[0m
2025-11-10T00:04:12.8338322Z [0m[1m[38;5;12m462[0m[0m [0m[0m[1m[38;5;12m|[0m[0m [0m[0m[1m[38;5;9m/[0m[0m [0m[0m        println!("DEBUG Before round 31: a=0x{:08x} b=0x{:08x} c=0x{:08x} d=0x{:08x} e=0x{:08x} f=0x{:08x} g=0x{:08x} h=0x{:08x}", [0m
2025-11-10T00:04:12.8339650Z [0m[1m[38;5;12m463[0m[0m [0m[0m[1m[38;5;12m|[0m[0m [0m[0m[1m[38;5;9m|[0m[0m [0m[0m                 a_before_round31, b_before_round31, c_before_round31, d_before_round31,[0m
2025-11-10T00:04:12.8340747Z [0m[1m[38;5;12m464[0m[0m [0m[0m[1m[38;5;12m|[0m[0m [0m[0m[1m[38;5;9m|[0m[0m [0m[0m                 e_before_round31, f_before_round31, g_before_round31, h_before_round31);[0m
2025-11-10T00:04:12.8341691Z [0m    [0m[0m[1m[38;5;12m|[0m[0m [0m[0m[1m[38;5;9m|________________________________________________________________________________________^[0m
2025-11-10T00:04:12.8342243Z [0m    [0m[0m[1m[38;5;12m|[0m
2025-11-10T00:04:12.8343037Z [0m    [0m[0m[1m[38;5;12m= [0m[0m[1mhelp[0m[0m: for further information visit https://rust-lang.github.io/rust-clippy/master/index.html#uninlined_format_args[0m
2025-11-10T00:04:12.8343627Z 
2025-11-10T00:04:12.8354140Z [0m[1m[38;5;9merror[0m[0m[1m: variables can be used directly in the `format!` string[0m
2025-11-10T00:04:12.8355082Z [0m   [0m[0m[1m[38;5;12m--> [0m[0msrc/crypto/sha256_avx2.rs:471:9[0m
2025-11-10T00:04:12.8355498Z [0m    [0m[0m[1m[38;5;12m|[0m
2025-11-10T00:04:12.8356469Z [0m[1m[38;5;12m471[0m[0m [0m[0m[1m[38;5;12m|[0m[0m [0m[0m        println!("DEBUG w15 before inc4: 0x{:08x}, w13: 0x{:08x}, w8: 0x{:08x}, w0: 0x{:08x}", w15_before, w13_val, w8_val, w0_val);[0m
2025-11-10T00:04:12.8357407Z [0m    [0m[0m[1m[38;5;12m|[0m[0m         [0m[0m[1m[38;5;9m^^^^^^^^^^^^^^^^^^^^^^^^^^^^^^^^^^^^^^^^^^^^^^^^^^^^^^^^^^^^^^^^^^^^^^^^^^^^^^^^^^^^^^^^^^^^^^^^^^^^^^^^^^^^^^^^^^^^^^^^^^^[0m
2025-11-10T00:04:12.8357872Z [0m    [0m[0m[1m[38;5;12m|[0m
2025-11-10T00:04:12.8358734Z [0m    [0m[0m[1m[38;5;12m= [0m[0m[1mhelp[0m[0m: for further information visit https://rust-lang.github.io/rust-clippy/master/index.html#uninlined_format_args[0m
2025-11-10T00:04:12.8359520Z [0m[1m[38;5;14mhelp[0m[0m: change this to[0m
2025-11-10T00:04:12.8360033Z [0m    [0m[0m[1m[38;5;12m|[0m
2025-11-10T00:04:12.8361338Z [0m[1m[38;5;12m471[0m[0m [0m[0m[38;5;9m- [0m[0m        println!("DEBUG w15 before inc4: 0x{:08x}, w13: 0x{:08x}, w8: 0x{:08x}, w0: 0x{:08x}"[0m[0m[38;5;9m, w15_before, w13_val, w8_val, w0_val[0m[0m);[0m
2025-11-10T00:04:12.8362927Z [0m[1m[38;5;12m471[0m[0m [0m[0m[38;5;10m+ [0m[0m        println!("DEBUG w15 before inc4: 0x{[0m[0m[38;5;10mw15_before[0m[0m:08x}, w13: 0x{[0m[0m[38;5;10mw13_val[0m[0m:08x}, w8: 0x{[0m[0m[38;5;10mw8_val[0m[0m:08x}, w0: 0x{[0m[0m[38;5;10mw0_val[0m[0m:08x}");[0m
2025-11-10T00:04:12.8363792Z [0m    [0m[0m[1m[38;5;12m|[0m
2025-11-10T00:04:12.8363995Z 
2025-11-10T00:04:12.8364755Z [0m[1m[38;5;9merror[0m[0m[1m: variables can be used directly in the `format!` string[0m
2025-11-10T00:04:12.8365377Z [0m   [0m[0m[1m[38;5;12m--> [0m[0msrc/crypto/sha256_avx2.rs:472:9[0m
2025-11-10T00:04:12.8365785Z [0m    [0m[0m[1m[38;5;12m|[0m
2025-11-10T00:04:12.8366394Z [0m[1m[38;5;12m472[0m[0m [0m[0m[1m[38;5;12m|[0m[0m [0m[0m        println!("DEBUG w11: 0x{:08x}, w6: 0x{:08x}", w11_val, w6_val);[0m
2025-11-10T00:04:12.8369612Z [0m    [0m[0m[1m[38;5;12m|[0m[0m         [0m[0m[1m[38;5;9m^^^^^^^^^^^^^^^^^^^^^^^^^^^^^^^^^^^^^^^^^^^^^^^^^^^^^^^^^^^^^^[0m
2025-11-10T00:04:12.8370358Z [0m    [0m[0m[1m[38;5;12m|[0m
2025-11-10T00:04:12.8371459Z [0m    [0m[0m[1m[38;5;12m= [0m[0m[1mhelp[0m[0m: for further information visit https://rust-lang.github.io/rust-clippy/master/index.html#uninlined_format_args[0m
2025-11-10T00:04:12.8372256Z [0m[1m[38;5;14mhelp[0m[0m: change this to[0m
2025-11-10T00:04:12.8372625Z [0m    [0m[0m[1m[38;5;12m|[0m
2025-11-10T00:04:12.8373283Z [0m[1m[38;5;12m472[0m[0m [0m[0m[38;5;9m- [0m[0m        println!("DEBUG w11: 0x{:08x}, w6: 0x{:08x}"[0m[0m[38;5;9m, w11_val, w6_val[0m[0m);[0m
2025-11-10T00:04:12.8374231Z [0m[1m[38;5;12m472[0m[0m [0m[0m[38;5;10m+ [0m[0m        println!("DEBUG w11: 0x{[0m[0m[38;5;10mw11_val[0m[0m:08x}, w6: 0x{[0m[0m[38;5;10mw6_val[0m[0m:08x}");[0m
2025-11-10T00:04:12.8375059Z [0m    [0m[0m[1m[38;5;12m|[0m
2025-11-10T00:04:12.8375226Z 
2025-11-10T00:04:12.8375526Z [0m[1m[38;5;9merror[0m[0m[1m: variables can be used directly in the `format!` string[0m
2025-11-10T00:04:12.8376029Z [0m   [0m[0m[1m[38;5;12m--> [0m[0msrc/crypto/sha256_avx2.rs:475:9[0m
2025-11-10T00:04:12.8376361Z [0m    [0m[0m[1m[38;5;12m|[0m
2025-11-10T00:04:12.8378692Z [0m[1m[38;5;12m475[0m[0m [0m[0m[1m[38;5;12m|[0m[0m [0m[0m        println!("DEBUG sigma1_small(w13): 0x{:08x}, sigma0_small(w0): 0x{:08x}", sigma1_w13, sigma0_w0);[0m
2025-11-10T00:04:12.8379394Z [0m    [0m[0m[1m[38;5;12m|[0m[0m         [0m[0m[1m[38;5;9m^^^^^^^^^^^^^^^^^^^^^^^^^^^^^^^^^^^^^^^^^^^^^^^^^^^^^^^^^^^^^^^^^^^^^^^^^^^^^^^^^^^^^^^^^^^^^^^^[0m
2025-11-10T00:04:12.8379939Z [0m    [0m[0m[1m[38;5;12m|[0m
2025-11-10T00:04:12.8380948Z [0m    [0m[0m[1m[38;5;12m= [0m[0m[1mhelp[0m[0m: for further information visit https://rust-lang.github.io/rust-clippy/master/index.html#uninlined_format_args[0m
2025-11-10T00:04:12.8382190Z [0m[1m[38;5;14mhelp[0m[0m: change this to[0m
2025-11-10T00:04:12.8382505Z [0m    [0m[0m[1m[38;5;12m|[0m
2025-11-10T00:04:12.8383309Z [0m[1m[38;5;12m475[0m[0m [0m[0m[38;5;9m- [0m[0m        println!("DEBUG sigma1_small(w13): 0x{:08x}, sigma0_small(w0): 0x{:08x}"[0m[0m[38;5;9m, sigma1_w13, sigma0_w0[0m[0m);[0m
2025-11-10T00:04:12.8384433Z [0m[1m[38;5;12m475[0m[0m [0m[0m[38;5;10m+ [0m[0m        println!("DEBUG sigma1_small(w13): 0x{[0m[0m[38;5;10msigma1_w13[0m[0m:08x}, sigma0_small(w0): 0x{[0m[0m[38;5;10msigma0_w0[0m[0m:08x}");[0m
2025-11-10T00:04:12.8385481Z [0m    [0m[0m[1m[38;5;12m|[0m
2025-11-10T00:04:12.8385778Z 
2025-11-10T00:04:12.8386234Z [0m[1m[38;5;9merror[0m[0m[1m: variables can be used directly in the `format!` string[0m
2025-11-10T00:04:12.8386802Z [0m   [0m[0m[1m[38;5;12m--> [0m[0msrc/crypto/sha256_avx2.rs:481:9[0m
2025-11-10T00:04:12.8387864Z [0m    [0m[0m[1m[38;5;12m|[0m
2025-11-10T00:04:12.8388383Z [0m[1m[38;5;12m481[0m[0m [0m[0m[1m[38;5;12m|[0m[0m [0m[0m        println!("DEBUG w15 after inc4: 0x{:08x}", w15_after);[0m
2025-11-10T00:04:12.8388956Z [0m    [0m[0m[1m[38;5;12m|[0m[0m         [0m[0m[1m[38;5;9m^^^^^^^^^^^^^^^^^^^^^^^^^^^^^^^^^^^^^^^^^^^^^^^^^^^^^[0m
2025-11-10T00:04:12.8389324Z [0m    [0m[0m[1m[38;5;12m|[0m
2025-11-10T00:04:12.8390008Z [0m    [0m[0m[1m[38;5;12m= [0m[0m[1mhelp[0m[0m: for further information visit https://rust-lang.github.io/rust-clippy/master/index.html#uninlined_format_args[0m
2025-11-10T00:04:12.8390837Z [0m[1m[38;5;14mhelp[0m[0m: change this to[0m
2025-11-10T00:04:12.8391144Z [0m    [0m[0m[1m[38;5;12m|[0m
2025-11-10T00:04:12.8391658Z [0m[1m[38;5;12m481[0m[0m [0m[0m[38;5;9m- [0m[0m        println!("DEBUG w15 after inc4: 0x{:08x}"[0m[0m[38;5;9m, w15_after[0m[0m);[0m
2025-11-10T00:04:12.8392360Z [0m[1m[38;5;12m481[0m[0m [0m[0m[38;5;10m+ [0m[0m        println!("DEBUG w15 after inc4: 0x{[0m[0m[38;5;10mw15_after[0m[0m:08x}");[0m
2025-11-10T00:04:12.8392834Z [0m    [0m[0m[1m[38;5;12m|[0m
2025-11-10T00:04:12.8392987Z 
2025-11-10T00:04:12.8393288Z [0m[1m[38;5;9merror[0m[0m[1m: variables can be used directly in the `format!` string[0m
2025-11-10T00:04:12.8393795Z [0m   [0m[0m[1m[38;5;12m--> [0m[0msrc/crypto/sha256_avx2.rs:483:9[0m
2025-11-10T00:04:12.8394137Z [0m    [0m[0m[1m[38;5;12m|[0m
2025-11-10T00:04:12.8394734Z [0m[1m[38;5;12m483[0m[0m [0m[0m[1m[38;5;12m|[0m[0m [0m[0m        println!("DEBUG K_ARRAY.0[31] = 0x{:08x}", k31);[0m
2025-11-10T00:04:12.8395268Z [0m    [0m[0m[1m[38;5;12m|[0m[0m         [0m[0m[1m[38;5;9m^^^^^^^^^^^^^^^^^^^^^^^^^^^^^^^^^^^^^^^^^^^^^^^[0m
2025-11-10T00:04:12.8395613Z [0m    [0m[0m[1m[38;5;12m|[0m
2025-11-10T00:04:12.8396277Z [0m    [0m[0m[1m[38;5;12m= [0m[0m[1mhelp[0m[0m: for further information visit https://rust-lang.github.io/rust-clippy/master/index.html#uninlined_format_args[0m
2025-11-10T00:04:12.8396903Z [0m[1m[38;5;14mhelp[0m[0m: change this to[0m
2025-11-10T00:04:12.8397205Z [0m    [0m[0m[1m[38;5;12m|[0m
2025-11-10T00:04:12.8397709Z [0m[1m[38;5;12m483[0m[0m [0m[0m[38;5;9m- [0m[0m        println!("DEBUG K_ARRAY.0[31] = 0x{:08x}"[0m[0m[38;5;9m, k31[0m[0m);[0m
2025-11-10T00:04:12.8398365Z [0m[1m[38;5;12m483[0m[0m [0m[0m[38;5;10m+ [0m[0m        println!("DEBUG K_ARRAY.0[31] = 0x{[0m[0m[38;5;10mk31[0m[0m:08x}");[0m
2025-11-10T00:04:12.8398789Z [0m    [0m[0m[1m[38;5;12m|[0m
2025-11-10T00:04:12.8398946Z 
2025-11-10T00:04:12.8401912Z [0m[1m[38;5;9merror[0m[0m[1m: variables can be used directly in the `format!` string[0m
2025-11-10T00:04:12.8402470Z [0m   [0m[0m[1m[38;5;12m--> [0m[0msrc/crypto/sha256_avx2.rs:496:9[0m
2025-11-10T00:04:12.8402847Z [0m    [0m[0m[1m[38;5;12m|[0m
2025-11-10T00:04:12.8403544Z [0m[1m[38;5;12m496[0m[0m [0m[0m[1m[38;5;12m|[0m[0m [0m[0m[1m[38;5;9m/[0m[0m [0m[0m        println!("DEBUG After round 31: a=0x{:08x} b=0x{:08x} c=0x{:08x} d=0x{:08x} e=0x{:08x} f=0x{:08x} g=0x{:08x} h=0x{:08x}", [0m
2025-11-10T00:04:12.8406699Z [0m[1m[38;5;12m497[0m[0m [0m[0m[1m[38;5;12m|[0m[0m [0m[0m[1m[38;5;9m|[0m[0m [0m[0m                 a_after_round31, b_after_round31, c_after_round31, d_after_round31,[0m
2025-11-10T00:04:12.8407534Z [0m[1m[38;5;12m498[0m[0m [0m[0m[1m[38;5;12m|[0m[0m [0m[0m[1m[38;5;9m|[0m[0m [0m[0m                 e_after_round31, f_after_round31, g_after_round31, h_after_round31);[0m
2025-11-10T00:04:12.8408221Z [0m    [0m[0m[1m[38;5;12m|[0m[0m [0m[0m[1m[38;5;9m|____________________________________________________________________________________^[0m
2025-11-10T00:04:12.8408637Z [0m    [0m[0m[1m[38;5;12m|[0m
2025-11-10T00:04:12.8409393Z [0m    [0m[0m[1m[38;5;12m= [0m[0m[1mhelp[0m[0m: for further information visit https://rust-lang.github.io/rust-clippy/master/index.html#uninlined_format_args[0m
2025-11-10T00:04:12.8409885Z 
2025-11-10T00:04:12.8613995Z [0m[1m[38;5;9merror[0m[0m[1m: variables can be used directly in the `format!` string[0m
2025-11-10T00:04:12.8615336Z [0m   [0m[0m[1m[38;5;12m--> [0m[0msrc/crypto/sha256_avx2.rs:574:9[0m
2025-11-10T00:04:12.8616131Z [0m    [0m[0m[1m[38;5;12m|[0m
2025-11-10T00:04:12.8617695Z [0m[1m[38;5;12m574[0m[0m [0m[0m[1m[38;5;12m|[0m[0m [0m[0m[1m[38;5;9m/[0m[0m [0m[0m        println!("DEBUG After round 63: a=0x{:08x} b=0x{:08x} c=0x{:08x} d=0x{:08x} e=0x{:08x} f=0x{:08x} g=0x{:08x} h=0x{:08x}", [0m
2025-11-10T00:04:12.8619701Z [0m[1m[38;5;12m575[0m[0m [0m[0m[1m[38;5;12m|[0m[0m [0m[0m[1m[38;5;9m|[0m[0m [0m[0m            a_after_round63, b_after_round63, c_after_round63, d_after_round63,[0m
2025-11-10T00:04:12.8622448Z [0m[1m[38;5;12m576[0m[0m [0m[0m[1m[38;5;12m|[0m[0m [0m[0m[1m[38;5;9m|[0m[0m [0m[0m            e_after_round63, f_after_round63, g_after_round63, h_after_round63);[0m
2025-11-10T00:04:12.8623686Z [0m    [0m[0m[1m[38;5;12m|[0m[0m [0m[0m[1m[38;5;9m|_______________________________________________________________________________^[0m
2025-11-10T00:04:12.8624564Z [0m    [0m[0m[1m[38;5;12m|[0m
2025-11-10T00:04:12.8625801Z [0m    [0m[0m[1m[38;5;12m= [0m[0m[1mhelp[0m[0m: for further information visit https://rust-lang.github.io/rust-clippy/master/index.html#uninlined_format_args[0m
2025-11-10T00:04:12.8626675Z 
2025-11-10T00:04:12.8638424Z [0m[1m[38;5;9merror[0m[0m[1m: variables can be used directly in the `format!` string[0m
2025-11-10T00:04:12.8639362Z [0m   [0m[0m[1m[38;5;12m--> [0m[0msrc/crypto/sha256_avx2.rs:589:9[0m
2025-11-10T00:04:12.8639982Z [0m    [0m[0m[1m[38;5;12m|[0m
2025-11-10T00:04:12.8641718Z [0m[1m[38;5;12m589[0m[0m [0m[0m[1m[38;5;12m|[0m[0m [0m[0m        println!("DEBUG Transform 1 before adding initial hash: a=0x{:08x}, h=0x{:08x}", a_before, h_before);[0m
2025-11-10T00:04:12.8643051Z [0m    [0m[0m[1m[38;5;12m|[0m[0m         [0m[0m[1m[38;5;9m^^^^^^^^^^^^^^^^^^^^^^^^^^^^^^^^^^^^^^^^^^^^^^^^^^^^^^^^^^^^^^^^^^^^^^^^^^^^^^^^^^^^^^^^^^^^^^^^^^^^[0m
2025-11-10T00:04:12.8643747Z [0m    [0m[0m[1m[38;5;12m|[0m
2025-11-10T00:04:12.8645886Z [0m    [0m[0m[1m[38;5;12m= [0m[0m[1mhelp[0m[0m: for further information visit https://rust-lang.github.io/rust-clippy/master/index.html#uninlined_format_args[0m
2025-11-10T00:04:12.8647061Z [0m[1m[38;5;14mhelp[0m[0m: change this to[0m
2025-11-10T00:04:12.8647616Z [0m    [0m[0m[1m[38;5;12m|[0m
2025-11-10T00:04:12.8649034Z [0m[1m[38;5;12m589[0m[0m [0m[0m[38;5;9m- [0m[0m        println!("DEBUG Transform 1 before adding initial hash: a=0x{:08x}, h=0x{:08x}"[0m[0m[38;5;9m, a_before, h_before[0m[0m);[0m
2025-11-10T00:04:12.8650905Z [0m[1m[38;5;12m589[0m[0m [0m[0m[38;5;10m+ [0m[0m        println!("DEBUG Transform 1 before adding initial hash: a=0x{[0m[0m[38;5;10ma_before[0m[0m:08x}, h=0x{[0m[0m[38;5;10mh_before[0m[0m:08x}");[0m
2025-11-10T00:04:12.8652137Z [0m    [0m[0m[1m[38;5;12m|[0m
2025-11-10T00:04:12.8652416Z 
2025-11-10T00:04:12.8656437Z [0m[1m[38;5;9merror[0m[0m[1m: variables can be used directly in the `format!` string[0m
2025-11-10T00:04:12.8657957Z [0m   [0m[0m[1m[38;5;12m--> [0m[0msrc/crypto/sha256_avx2.rs:604:9[0m
2025-11-10T00:04:12.8658704Z [0m    [0m[0m[1m[38;5;12m|[0m
2025-11-10T00:04:12.8659966Z [0m[1m[38;5;12m604[0m[0m [0m[0m[1m[38;5;12m|[0m[0m [0m[0m        println!("DEBUG Transform 1 after adding initial hash: a=0x{:08x}, h=0x{:08x}", a_after, h_after);[0m
2025-11-10T00:04:12.8661402Z [0m    [0m[0m[1m[38;5;12m|[0m[0m         [0m[0m[1m[38;5;9m^^^^^^^^^^^^^^^^^^^^^^^^^^^^^^^^^^^^^^^^^^^^^^^^^^^^^^^^^^^^^^^^^^^^^^^^^^^^^^^^^^^^^^^^^^^^^^^^^[0m
2025-11-10T00:04:12.8662139Z [0m    [0m[0m[1m[38;5;12m|[0m
2025-11-10T00:04:12.8663446Z [0m    [0m[0m[1m[38;5;12m= [0m[0m[1mhelp[0m[0m: for further information visit https://rust-lang.github.io/rust-clippy/master/index.html#uninlined_format_args[0m
2025-11-10T00:04:12.8666704Z [0m[1m[38;5;14mhelp[0m[0m: change this to[0m
2025-11-10T00:04:12.8667299Z [0m    [0m[0m[1m[38;5;12m|[0m
2025-11-10T00:04:12.8668582Z [0m[1m[38;5;12m604[0m[0m [0m[0m[38;5;9m- [0m[0m        println!("DEBUG Transform 1 after adding initial hash: a=0x{:08x}, h=0x{:08x}"[0m[0m[38;5;9m, a_after, h_after[0m[0m);[0m
2025-11-10T00:04:12.8670497Z [0m[1m[38;5;12m604[0m[0m [0m[0m[38;5;10m+ [0m[0m        println!("DEBUG Transform 1 after adding initial hash: a=0x{[0m[0m[38;5;10ma_after[0m[0m:08x}, h=0x{[0m[0m[38;5;10mh_after[0m[0m:08x}");[0m
2025-11-10T00:04:12.8672046Z [0m    [0m[0m[1m[38;5;12m|[0m
2025-11-10T00:04:12.8672354Z 
2025-11-10T00:04:12.8672905Z [0m[1m[38;5;9merror[0m[0m[1m: variables can be used directly in the `format!` string[0m
2025-11-10T00:04:12.8673843Z [0m   [0m[0m[1m[38;5;12m--> [0m[0msrc/crypto/sha256_avx2.rs:613:9[0m
2025-11-10T00:04:12.8676538Z [0m    [0m[0m[1m[38;5;12m|[0m
2025-11-10T00:04:12.8677711Z [0m[1m[38;5;12m613[0m[0m [0m[0m[1m[38;5;12m|[0m[0m [0m[0m        println!("DEBUG Transform 2 starting state: a=0x{:08x}, b=0x{:08x}", a_before_t2, b_before_t2);[0m
2025-11-10T00:04:12.8679046Z [0m    [0m[0m[1m[38;5;12m|[0m[0m         [0m[0m[1m[38;5;9m^^^^^^^^^^^^^^^^^^^^^^^^^^^^^^^^^^^^^^^^^^^^^^^^^^^^^^^^^^^^^^^^^^^^^^^^^^^^^^^^^^^^^^^^^^^^^^[0m
2025-11-10T00:04:12.8679772Z [0m    [0m[0m[1m[38;5;12m|[0m
2025-11-10T00:04:12.8681081Z [0m    [0m[0m[1m[38;5;12m= [0m[0m[1mhelp[0m[0m: for further information visit https://rust-lang.github.io/rust-clippy/master/index.html#uninlined_format_args[0m
2025-11-10T00:04:12.8682569Z [0m[1m[38;5;14mhelp[0m[0m: change this to[0m
2025-11-10T00:04:12.8683163Z [0m    [0m[0m[1m[38;5;12m|[0m
2025-11-10T00:04:12.8686836Z [0m[1m[38;5;12m613[0m[0m [0m[0m[38;5;9m- [0m[0m        println!("DEBUG Transform 2 starting state: a=0x{:08x}, b=0x{:08x}"[0m[0m[38;5;9m, a_before_t2, b_before_t2[0m[0m);[0m
2025-11-10T00:04:12.8688821Z [0m[1m[38;5;12m613[0m[0m [0m[0m[38;5;10m+ [0m[0m        println!("DEBUG Transform 2 starting state: a=0x{[0m[0m[38;5;10ma_before_t2[0m[0m:08x}, b=0x{[0m[0m[38;5;10mb_before_t2[0m[0m:08x}");[0m
2025-11-10T00:04:12.8689987Z [0m    [0m[0m[1m[38;5;12m|[0m
2025-11-10T00:04:12.8690274Z 
2025-11-10T00:04:12.8973080Z [0m[1m[38;5;9merror[0m[0m[1m: variables can be used directly in the `format!` string[0m
2025-11-10T00:04:12.8976310Z [0m   [0m[0m[1m[38;5;12m--> [0m[0msrc/crypto/sha256_avx2.rs:700:9[0m
2025-11-10T00:04:12.8977207Z [0m    [0m[0m[1m[38;5;12m|[0m
2025-11-10T00:04:12.8978504Z [0m[1m[38;5;12m700[0m[0m [0m[0m[1m[38;5;12m|[0m[0m [0m[0m[1m[38;5;12m...[0m[0m   println!("DEBUG Before combining: t0=0x{:08x}, t1=0x{:08x}, Transform2_a=0x{:08x}, Transform2_b=0x{:08x}", t0_val, t1_val, a_t2_val, b_t2_val);[0m
2025-11-10T00:04:12.8979805Z [0m    [0m[0m[1m[38;5;12m|[0m[0m       [0m[0m[1m[38;5;9m^^^^^^^^^^^^^^^^^^^^^^^^^^^^^^^^^^^^^^^^^^^^^^^^^^^^^^^^^^^^^^^^^^^^^^^^^^^^^^^^^^^^^^^^^^^^^^^^^^^^^^^^^^^^^^^^^^^^^^^^^^^^^^^^^^^^^^^^^^^^^^[0m
2025-11-10T00:04:12.8980373Z [0m    [0m[0m[1m[38;5;12m|[0m
2025-11-10T00:04:12.8981881Z [0m    [0m[0m[1m[38;5;12m= [0m[0m[1mhelp[0m[0m: for further information visit https://rust-lang.github.io/rust-clippy/master/index.html#uninlined_format_args[0m
2025-11-10T00:04:12.8982854Z [0m[1m[38;5;14mhelp[0m[0m: change this to[0m
2025-11-10T00:04:12.8983295Z [0m    [0m[0m[1m[38;5;12m|[0m
2025-11-10T00:04:12.8984636Z [0m[1m[38;5;12m700[0m[0m [0m[0m[38;5;9m- [0m[0m        println!("DEBUG Before combining: t0=0x{:08x}, t1=0x{:08x}, Transform2_a=0x{:08x}, Transform2_b=0x{:08x}"[0m[0m[38;5;9m, t0_val, t1_val, a_t2_val, b_t2_val[0m[0m);[0m
2025-11-10T00:04:12.8987086Z [0m[1m[38;5;12m700[0m[0m [0m[0m[38;5;10m+ [0m[0m        println!("DEBUG Before combining: t0=0x{[0m[0m[38;5;10mt0_val[0m[0m:08x}, t1=0x{[0m[0m[38;5;10mt1_val[0m[0m:08x}, Transform2_a=0x{[0m[0m[38;5;10ma_t2_val[0m[0m:08x}, Transform2_b=0x{[0m[0m[38;5;10mb_t2_val[0m[0m:08x}");[0m
2025-11-10T00:04:12.8988768Z [0m    [0m[0m[1m[38;5;12m|[0m
2025-11-10T00:04:12.8989005Z 
2025-11-10T00:04:12.8989418Z [0m[1m[38;5;9merror[0m[0m[1m: variables can be used directly in the `format!` string[0m
2025-11-10T00:04:12.8990127Z [0m   [0m[0m[1m[38;5;12m--> [0m[0msrc/crypto/sha256_avx2.rs:714:9[0m
2025-11-10T00:04:12.8990613Z [0m    [0m[0m[1m[38;5;12m|[0m
2025-11-10T00:04:12.8991560Z [0m[1m[38;5;12m714[0m[0m [0m[0m[1m[38;5;12m|[0m[0m [0m[0m        println!("DEBUG After combining Transform 1 and 2: w0=0x{:08x}, w1=0x{:08x}", w0_combined, w1_combined);[0m
2025-11-10T00:04:12.8992508Z [0m    [0m[0m[1m[38;5;12m|[0m[0m         [0m[0m[1m[38;5;9m^^^^^^^^^^^^^^^^^^^^^^^^^^^^^^^^^^^^^^^^^^^^^^^^^^^^^^^^^^^^^^^^^^^^^^^^^^^^^^^^^^^^^^^^^^^^^^^^^^^^^^^[0m
2025-11-10T00:04:12.8992888Z [0m    [0m[0m[1m[38;5;12m|[0m
2025-11-10T00:04:12.8993574Z [0m    [0m[0m[1m[38;5;12m= [0m[0m[1mhelp[0m[0m: for further information visit https://rust-lang.github.io/rust-clippy/master/index.html#uninlined_format_args[0m
2025-11-10T00:04:12.8994232Z [0m[1m[38;5;14mhelp[0m[0m: change this to[0m
2025-11-10T00:04:12.8994739Z [0m    [0m[0m[1m[38;5;12m|[0m
2025-11-10T00:04:12.8995636Z [0m[1m[38;5;12m714[0m[0m [0m[0m[38;5;9m- [0m[0m        println!("DEBUG After combining Transform 1 and 2: w0=0x{:08x}, w1=0x{:08x}"[0m[0m[38;5;9m, w0_combined, w1_combined[0m[0m);[0m
2025-11-10T00:04:12.8996707Z [0m[1m[38;5;12m714[0m[0m [0m[0m[38;5;10m+ [0m[0m        println!("DEBUG After combining Transform 1 and 2: w0=0x{[0m[0m[38;5;10mw0_combined[0m[0m:08x}, w1=0x{[0m[0m[38;5;10mw1_combined[0m[0m:08x}");[0m
2025-11-10T00:04:12.8997348Z [0m    [0m[0m[1m[38;5;12m|[0m
2025-11-10T00:04:12.8997510Z 
2025-11-10T00:04:12.9001452Z [0m[1m[38;5;9merror[0m[0m[1m: variables can be used directly in the `format!` string[0m
2025-11-10T00:04:12.9002031Z [0m   [0m[0m[1m[38;5;12m--> [0m[0msrc/crypto/sha256_avx2.rs:733:9[0m
2025-11-10T00:04:12.9002388Z [0m    [0m[0m[1m[38;5;12m|[0m
2025-11-10T00:04:12.9002963Z [0m[1m[38;5;12m733[0m[0m [0m[0m[1m[38;5;12m|[0m[0m [0m[0m        println!("DEBUG Transform 3 input w0=0x{:08x}, w1=0x{:08x}", w0_t3, w1_t3);[0m
2025-11-10T00:04:12.9003602Z [0m    [0m[0m[1m[38;5;12m|[0m[0m         [0m[0m[1m[38;5;9m^^^^^^^^^^^^^^^^^^^^^^^^^^^^^^^^^^^^^^^^^^^^^^^^^^^^^^^^^^^^^^^^^^^^^^^^^^[0m
2025-11-10T00:04:12.9003972Z [0m    [0m[0m[1m[38;5;12m|[0m
2025-11-10T00:04:12.9006649Z [0m    [0m[0m[1m[38;5;12m= [0m[0m[1mhelp[0m[0m: for further information visit https://rust-lang.github.io/rust-clippy/master/index.html#uninlined_format_args[0m
2025-11-10T00:04:12.9007295Z [0m[1m[38;5;14mhelp[0m[0m: change this to[0m
2025-11-10T00:04:12.9007600Z [0m    [0m[0m[1m[38;5;12m|[0m
2025-11-10T00:04:12.9008197Z [0m[1m[38;5;12m733[0m[0m [0m[0m[38;5;9m- [0m[0m        println!("DEBUG Transform 3 input w0=0x{:08x}, w1=0x{:08x}"[0m[0m[38;5;9m, w0_t3, w1_t3[0m[0m);[0m
2025-11-10T00:04:12.9009241Z [0m[1m[38;5;12m733[0m[0m [0m[0m[38;5;10m+ [0m[0m        println!("DEBUG Transform 3 input w0=0x{[0m[0m[38;5;10mw0_t3[0m[0m:08x}, w1=0x{[0m[0m[38;5;10mw1_t3[0m[0m:08x}");[0m
2025-11-10T00:04:12.9009795Z [0m    [0m[0m[1m[38;5;12m|[0m
2025-11-10T00:04:12.9009950Z 
2025-11-10T00:04:12.9016636Z [0m[1m[38;5;9merror[0m[0m[1m: variables can be used directly in the `format!` string[0m
2025-11-10T00:04:12.9017212Z [0m   [0m[0m[1m[38;5;12m--> [0m[0msrc/crypto/sha256_avx2.rs:740:9[0m
2025-11-10T00:04:12.9017563Z [0m    [0m[0m[1m[38;5;12m|[0m
2025-11-10T00:04:12.9018325Z [0m[1m[38;5;12m740[0m[0m [0m[0m[1m[38;5;12m|[0m[0m [0m[0m[1m[38;5;12m...[0m[0m   println!("DEBUG Transform 3 after round 0: a=0x{:08x} (old), h=0x{:08x} (new a for next round)", a_after_t3_round0, h_after_t3_round0);[0m
2025-11-10T00:04:12.9019147Z [0m    [0m[0m[1m[38;5;12m|[0m[0m       [0m[0m[1m[38;5;9m^^^^^^^^^^^^^^^^^^^^^^^^^^^^^^^^^^^^^^^^^^^^^^^^^^^^^^^^^^^^^^^^^^^^^^^^^^^^^^^^^^^^^^^^^^^^^^^^^^^^^^^^^^^^^^^^^^^^^^^^^^^^^^^^^^^^^^[0m
2025-11-10T00:04:12.9019534Z [0m    [0m[0m[1m[38;5;12m|[0m
2025-11-10T00:04:12.9020219Z [0m    [0m[0m[1m[38;5;12m= [0m[0m[1mhelp[0m[0m: for further information visit https://rust-lang.github.io/rust-clippy/master/index.html#uninlined_format_args[0m
2025-11-10T00:04:12.9020864Z [0m[1m[38;5;14mhelp[0m[0m: change this to[0m
2025-11-10T00:04:12.9021365Z [0m    [0m[0m[1m[38;5;12m|[0m
2025-11-10T00:04:12.9022118Z [0m[1m[38;5;12m740[0m[0m [0m[0m[38;5;9m- [0m[0m        println!("DEBUG Transform 3 after round 0: a=0x{:08x} (old), h=0x{:08x} (new a for next round)"[0m[0m[38;5;9m, a_after_t3_round0, h_after_t3_round0[0m[0m);[0m
2025-11-10T00:04:12.9023255Z [0m[1m[38;5;12m740[0m[0m [0m[0m[38;5;10m+ [0m[0m        println!("DEBUG Transform 3 after round 0: a=0x{[0m[0m[38;5;10ma_after_t3_round0[0m[0m:08x} (old), h=0x{[0m[0m[38;5;10mh_after_t3_round0[0m[0m:08x} (new a for next round)");[0m
2025-11-10T00:04:12.9023915Z [0m    [0m[0m[1m[38;5;12m|[0m
2025-11-10T00:04:12.9024070Z 
2025-11-10T00:04:12.9059872Z [0m[1m[38;5;9merror[0m[0m[1m: variables can be used directly in the `format!` string[0m
2025-11-10T00:04:12.9060914Z [0m   [0m[0m[1m[38;5;12m--> [0m[0msrc/crypto/sha256_avx2.rs:753:9[0m
2025-11-10T00:04:12.9061590Z [0m    [0m[0m[1m[38;5;12m|[0m
2025-11-10T00:04:12.9062738Z [0m[1m[38;5;12m753[0m[0m [0m[0m[1m[38;5;12m|[0m[0m [0m[0m        println!("DEBUG Transform 3 after round 7: h (new a)=0x{:08x}", h_after_t3_round7);[0m
2025-11-10T00:04:12.9064106Z [0m    [0m[0m[1m[38;5;12m|[0m[0m         [0m[0m[1m[38;5;9m^^^^^^^^^^^^^^^^^^^^^^^^^^^^^^^^^^^^^^^^^^^^^^^^^^^^^^^^^^^^^^^^^^^^^^^^^^^^^^^^^^[0m
2025-11-10T00:04:12.9065080Z [0m    [0m[0m[1m[38;5;12m|[0m
2025-11-10T00:04:12.9066425Z [0m    [0m[0m[1m[38;5;12m= [0m[0m[1mhelp[0m[0m: for further information visit https://rust-lang.github.io/rust-clippy/master/index.html#uninlined_format_args[0m
2025-11-10T00:04:12.9067712Z [0m[1m[38;5;14mhelp[0m[0m: change this to[0m
2025-11-10T00:04:12.9068322Z [0m    [0m[0m[1m[38;5;12m|[0m
2025-11-10T00:04:12.9069524Z [0m[1m[38;5;12m753[0m[0m [0m[0m[38;5;9m- [0m[0m        println!("DEBUG Transform 3 after round 7: h (new a)=0x{:08x}"[0m[0m[38;5;9m, h_after_t3_round7[0m[0m);[0m
2025-11-10T00:04:12.9071249Z [0m[1m[38;5;12m753[0m[0m [0m[0m[38;5;10m+ [0m[0m        println!("DEBUG Transform 3 after round 7: h (new a)=0x{[0m[0m[38;5;10mh_after_t3_round7[0m[0m:08x}");[0m
2025-11-10T00:04:12.9085788Z [0m    [0m[0m[1m[38;5;12m|[0m
2025-11-10T00:04:12.9086103Z 
2025-11-10T00:04:12.9113646Z [0m[1m[38;5;9merror[0m[0m[1m: variables can be used directly in the `format!` string[0m
2025-11-10T00:04:12.9116639Z [0m   [0m[0m[1m[38;5;12m--> [0m[0msrc/crypto/sha256_avx2.rs:781:9[0m
2025-11-10T00:04:12.9117278Z [0m    [0m[0m[1m[38;5;12m|[0m
2025-11-10T00:04:12.9118856Z [0m[1m[38;5;12m781[0m[0m [0m[0m[1m[38;5;12m|[0m[0m [0m[0m[1m[38;5;12m...[0m[0m   println!("DEBUG Transform 3 after round 15: a=0x{:08x}, b=0x{:08x}, c=0x{:08x}, d=0x{:08x}", a_after_15, b_after_15, c_after_15, d_after_15);[0m
2025-11-10T00:04:12.9120375Z [0m    [0m[0m[1m[38;5;12m|[0m[0m       [0m[0m[1m[38;5;9m^^^^^^^^^^^^^^^^^^^^^^^^^^^^^^^^^^^^^^^^^^^^^^^^^^^^^^^^^^^^^^^^^^^^^^^^^^^^^^^^^^^^^^^^^^^^^^^^^^^^^^^^^^^^^^^^^^^^^^^^^^^^^^^^^^^^^^^^^^^^[0m
2025-11-10T00:04:12.9121066Z [0m    [0m[0m[1m[38;5;12m|[0m
2025-11-10T00:04:12.9122766Z [0m    [0m[0m[1m[38;5;12m= [0m[0m[1mhelp[0m[0m: for further information visit https://rust-lang.github.io/rust-clippy/master/index.html#uninlined_format_args[0m
2025-11-10T00:04:12.9123940Z [0m[1m[38;5;14mhelp[0m[0m: change this to[0m
2025-11-10T00:04:12.9126399Z [0m    [0m[0m[1m[38;5;12m|[0m
2025-11-10T00:04:12.9127723Z [0m[1m[38;5;12m781[0m[0m [0m[0m[38;5;9m- [0m[0m        println!("DEBUG Transform 3 after round 15: a=0x{:08x}, b=0x{:08x}, c=0x{:08x}, d=0x{:08x}"[0m[0m[38;5;9m, a_after_15, b_after_15, c_after_15, d_after_15[0m[0m);[0m
2025-11-10T00:04:12.9129923Z [0m[1m[38;5;12m781[0m[0m [0m[0m[38;5;10m+ [0m[0m        println!("DEBUG Transform 3 after round 15: a=0x{[0m[0m[38;5;10ma_after_15[0m[0m:08x}, b=0x{[0m[0m[38;5;10mb_after_15[0m[0m:08x}, c=0x{[0m[0m[38;5;10mc_after_15[0m[0m:08x}, d=0x{[0m[0m[38;5;10md_after_15[0m[0m:08x}");[0m
2025-11-10T00:04:12.9131462Z [0m    [0m[0m[1m[38;5;12m|[0m
2025-11-10T00:04:12.9131739Z 
2025-11-10T00:04:12.9132255Z [0m[1m[38;5;9merror[0m[0m[1m: variables can be used directly in the `format!` string[0m
2025-11-10T00:04:12.9133117Z [0m   [0m[0m[1m[38;5;12m--> [0m[0msrc/crypto/sha256_avx2.rs:782:9[0m
2025-11-10T00:04:12.9133706Z [0m    [0m[0m[1m[38;5;12m|[0m
2025-11-10T00:04:12.9137279Z [0m[1m[38;5;12m782[0m[0m [0m[0m[1m[38;5;12m|[0m[0m [0m[0m        println!("  e=0x{:08x}, f=0x{:08x}, g=0x{:08x}, h=0x{:08x}", e_after_15, f_after_15, g_after_15, h_after_15);[0m
2025-11-10T00:04:12.9138555Z [0m    [0m[0m[1m[38;5;12m|[0m[0m         [0m[0m[1m[38;5;9m^^^^^^^^^^^^^^^^^^^^^^^^^^^^^^^^^^^^^^^^^^^^^^^^^^^^^^^^^^^^^^^^^^^^^^^^^^^^^^^^^^^^^^^^^^^^^^^^^^^^^^^^^^^^[0m
2025-11-10T00:04:12.9139236Z [0m    [0m[0m[1m[38;5;12m|[0m
2025-11-10T00:04:12.9140461Z [0m    [0m[0m[1m[38;5;12m= [0m[0m[1mhelp[0m[0m: for further information visit https://rust-lang.github.io/rust-clippy/master/index.html#uninlined_format_args[0m
2025-11-10T00:04:12.9141634Z [0m[1m[38;5;14mhelp[0m[0m: change this to[0m
2025-11-10T00:04:12.9142186Z [0m    [0m[0m[1m[38;5;12m|[0m
2025-11-10T00:04:12.9143789Z [0m[1m[38;5;12m782[0m[0m [0m[0m[38;5;9m- [0m[0m        println!("  e=0x{:08x}, f=0x{:08x}, g=0x{:08x}, h=0x{:08x}"[0m[0m[38;5;9m, e_after_15, f_after_15, g_after_15, h_after_15[0m[0m);[0m
2025-11-10T00:04:12.9147662Z [0m[1m[38;5;12m782[0m[0m [0m[0m[38;5;10m+ [0m[0m        println!("  e=0x{[0m[0m[38;5;10me_after_15[0m[0m:08x}, f=0x{[0m[0m[38;5;10mf_after_15[0m[0m:08x}, g=0x{[0m[0m[38;5;10mg_after_15[0m[0m:08x}, h=0x{[0m[0m[38;5;10mh_after_15[0m[0m:08x}");[0m
2025-11-10T00:04:12.9149285Z [0m    [0m[0m[1m[38;5;12m|[0m
2025-11-10T00:04:12.9149585Z 
2025-11-10T00:04:12.9150169Z [0m[1m[38;5;9merror[0m[0m[1m: variables can be used directly in the `format!` string[0m
2025-11-10T00:04:12.9151038Z [0m   [0m[0m[1m[38;5;12m--> [0m[0msrc/crypto/sha256_avx2.rs:798:9[0m
2025-11-10T00:04:12.9151656Z [0m    [0m[0m[1m[38;5;12m|[0m
2025-11-10T00:04:12.9153042Z [0m[1m[38;5;12m798[0m[0m [0m[0m[1m[38;5;12m|[0m[0m [0m[0m[1m[38;5;12m...[0m[0m   println!("DEBUG Transform 3 before round 16: a=0x{:08x}, b=0x{:08x}, c=0x{:08x}, d=0x{:08x}", a_before_16, b_before_16, c_before_16, d_before_16);[0m
2025-11-10T00:04:12.9156677Z [0m    [0m[0m[1m[38;5;12m|[0m[0m       [0m[0m[1m[38;5;9m^^^^^^^^^^^^^^^^^^^^^^^^^^^^^^^^^^^^^^^^^^^^^^^^^^^^^^^^^^^^^^^^^^^^^^^^^^^^^^^^^^^^^^^^^^^^^^^^^^^^^^^^^^^^^^^^^^^^^^^^^^^^^^^^^^^^^^^^^^^^^^^^^[0m
2025-11-10T00:04:12.9157686Z [0m    [0m[0m[1m[38;5;12m|[0m
2025-11-10T00:04:12.9158933Z [0m    [0m[0m[1m[38;5;12m= [0m[0m[1mhelp[0m[0m: for further information visit https://rust-lang.github.io/rust-clippy/master/index.html#uninlined_format_args[0m
2025-11-10T00:04:12.9160102Z [0m[1m[38;5;14mhelp[0m[0m: change this to[0m
2025-11-10T00:04:12.9160662Z [0m    [0m[0m[1m[38;5;12m|[0m
2025-11-10T00:04:12.9162032Z [0m[1m[38;5;12m798[0m[0m [0m[0m[38;5;9m- [0m[0m        println!("DEBUG Transform 3 before round 16: a=0x{:08x}, b=0x{:08x}, c=0x{:08x}, d=0x{:08x}"[0m[0m[38;5;9m, a_before_16, b_before_16, c_before_16, d_before_16[0m[0m);[0m
2025-11-10T00:04:12.9166326Z [0m[1m[38;5;12m798[0m[0m [0m[0m[38;5;10m+ [0m[0m        println!("DEBUG Transform 3 before round 16: a=0x{[0m[0m[38;5;10ma_before_16[0m[0m:08x}, b=0x{[0m[0m[38;5;10mb_before_16[0m[0m:08x}, c=0x{[0m[0m[38;5;10mc_before_16[0m[0m:08x}, d=0x{[0m[0m[38;5;10md_before_16[0m[0m:08x}");[0m
2025-11-10T00:04:12.9167667Z [0m    [0m[0m[1m[38;5;12m|[0m
2025-11-10T00:04:12.9167954Z 
2025-11-10T00:04:12.9168455Z [0m[1m[38;5;9merror[0m[0m[1m: variables can be used directly in the `format!` string[0m
2025-11-10T00:04:12.9169314Z [0m   [0m[0m[1m[38;5;12m--> [0m[0msrc/crypto/sha256_avx2.rs:799:9[0m
2025-11-10T00:04:12.9169905Z [0m    [0m[0m[1m[38;5;12m|[0m
2025-11-10T00:04:12.9171229Z [0m[1m[38;5;12m799[0m[0m [0m[0m[1m[38;5;12m|[0m[0m [0m[0m        println!("  e=0x{:08x}, f=0x{:08x}, g=0x{:08x}, h=0x{:08x}", e_before_16, f_before_16, g_before_16, h_before_16);[0m
2025-11-10T00:04:12.9172581Z [0m    [0m[0m[1m[38;5;12m|[0m[0m         [0m[0m[1m[38;5;9m^^^^^^^^^^^^^^^^^^^^^^^^^^^^^^^^^^^^^^^^^^^^^^^^^^^^^^^^^^^^^^^^^^^^^^^^^^^^^^^^^^^^^^^^^^^^^^^^^^^^^^^^^^^^^^^^[0m
2025-11-10T00:04:12.9173268Z [0m    [0m[0m[1m[38;5;12m|[0m
2025-11-10T00:04:12.9174483Z [0m    [0m[0m[1m[38;5;12m= [0m[0m[1mhelp[0m[0m: for further information visit https://rust-lang.github.io/rust-clippy/master/index.html#uninlined_format_args[0m
2025-11-10T00:04:12.9175662Z [0m[1m[38;5;14mhelp[0m[0m: change this to[0m
2025-11-10T00:04:12.9176347Z [0m    [0m[0m[1m[38;5;12m|[0m
2025-11-10T00:04:12.9177486Z [0m[1m[38;5;12m799[0m[0m [0m[0m[38;5;9m- [0m[0m        println!("  e=0x{:08x}, f=0x{:08x}, g=0x{:08x}, h=0x{:08x}"[0m[0m[38;5;9m, e_before_16, f_before_16, g_before_16, h_before_16[0m[0m);[0m
2025-11-10T00:04:12.9179354Z [0m[1m[38;5;12m799[0m[0m [0m[0m[38;5;10m+ [0m[0m        println!("  e=0x{[0m[0m[38;5;10me_before_16[0m[0m:08x}, f=0x{[0m[0m[38;5;10mf_before_16[0m[0m:08x}, g=0x{[0m[0m[38;5;10mg_before_16[0m[0m:08x}, h=0x{[0m[0m[38;5;10mh_before_16[0m[0m:08x}");[0m
2025-11-10T00:04:12.9180480Z [0m    [0m[0m[1m[38;5;12m|[0m
2025-11-10T00:04:12.9180766Z 
2025-11-10T00:04:12.9181291Z [0m[1m[38;5;9merror[0m[0m[1m: variables can be used directly in the `format!` string[0m
2025-11-10T00:04:12.9182411Z [0m   [0m[0m[1m[38;5;12m--> [0m[0msrc/crypto/sha256_avx2.rs:803:9[0m
2025-11-10T00:04:12.9183011Z [0m    [0m[0m[1m[38;5;12m|[0m
2025-11-10T00:04:12.9184188Z [0m[1m[38;5;12m803[0m[0m [0m[0m[1m[38;5;12m|[0m[0m [0m[0m        println!("DEBUG Transform 3 round 16 before inc: w0=0x{:08x}, w1=0x{:08x}", w0_before_t3_round16, w1_before_t3_round16);[0m
2025-11-10T00:04:12.9186249Z [0m    [0m[0m[1m[38;5;12m|[0m[0m         [0m[0m[1m[38;5;9m^^^^^^^^^^^^^^^^^^^^^^^^^^^^^^^^^^^^^^^^^^^^^^^^^^^^^^^^^^^^^^^^^^^^^^^^^^^^^^^^^^^^^^^^^^^^^^^^^^^^^^^^^^^^^^^^^^^^^^^[0m
2025-11-10T00:04:12.9186948Z [0m    [0m[0m[1m[38;5;12m|[0m
2025-11-10T00:04:12.9188186Z [0m    [0m[0m[1m[38;5;12m= [0m[0m[1mhelp[0m[0m: for further information visit https://rust-lang.github.io/rust-clippy/master/index.html#uninlined_format_args[0m
2025-11-10T00:04:12.9189329Z [0m[1m[38;5;14mhelp[0m[0m: change this to[0m
2025-11-10T00:04:12.9189861Z [0m    [0m[0m[1m[38;5;12m|[0m
2025-11-10T00:04:12.9191775Z [0m[1m[38;5;12m803[0m[0m [0m[0m[38;5;9m- [0m[0m        println!("DEBUG Transform 3 round 16 before inc: w0=0x{:08x}, w1=0x{:08x}"[0m[0m[38;5;9m, w0_before_t3_round16, w1_before_t3_round16[0m[0m);[0m
2025-11-10T00:04:12.9193784Z [0m[1m[38;5;12m803[0m[0m [0m[0m[38;5;10m+ [0m[0m        println!("DEBUG Transform 3 round 16 before inc: w0=0x{[0m[0m[38;5;10mw0_before_t3_round16[0m[0m:08x}, w1=0x{[0m[0m[38;5;10mw1_before_t3_round16[0m[0m:08x}");[0m
2025-11-10T00:04:12.9195145Z [0m    [0m[0m[1m[38;5;12m|[0m
2025-11-10T00:04:12.9195437Z 
2025-11-10T00:04:12.9195957Z [0m[1m[38;5;9merror[0m[0m[1m: variables can be used directly in the `format!` string[0m
2025-11-10T00:04:12.9197394Z [0m   [0m[0m[1m[38;5;12m--> [0m[0msrc/crypto/sha256_avx2.rs:814:9[0m
2025-11-10T00:04:12.9197994Z [0m    [0m[0m[1m[38;5;12m|[0m
2025-11-10T00:04:12.9199392Z [0m[1m[38;5;12m814[0m[0m [0m[0m[1m[38;5;12m|[0m[0m [0m[0m[1m[38;5;12m...[0m[0m   println!("DEBUG Transform 3 round 16: d before = 0x{:08x} (expected 0x3c3a4027), w0=0x{:08x}, w1=0x{:08x}", d_before_16, w0_before, w1_before);[0m
2025-11-10T00:04:12.9200937Z [0m    [0m[0m[1m[38;5;12m|[0m[0m       [0m[0m[1m[38;5;9m^^^^^^^^^^^^^^^^^^^^^^^^^^^^^^^^^^^^^^^^^^^^^^^^^^^^^^^^^^^^^^^^^^^^^^^^^^^^^^^^^^^^^^^^^^^^^^^^^^^^^^^^^^^^^^^^^^^^^^^^^^^^^^^^^^^^^^^^^^^^^^[0m
2025-11-10T00:04:12.9201889Z [0m    [0m[0m[1m[38;5;12m|[0m
2025-11-10T00:04:12.9203961Z [0m    [0m[0m[1m[38;5;12m= [0m[0m[1mhelp[0m[0m: for further information visit https://rust-lang.github.io/rust-clippy/master/index.html#uninlined_format_args[0m
2025-11-10T00:04:12.9205368Z [0m[1m[38;5;14mhelp[0m[0m: change this to[0m
2025-11-10T00:04:12.9205925Z [0m    [0m[0m[1m[38;5;12m|[0m
2025-11-10T00:04:12.9207311Z [0m[1m[38;5;12m814[0m[0m [0m[0m[38;5;9m- [0m[0m        println!("DEBUG Transform 3 round 16: d before = 0x{:08x} (expected 0x3c3a4027), w0=0x{:08x}, w1=0x{:08x}"[0m[0m[38;5;9m, d_before_16, w0_before, w1_before[0m[0m);[0m
2025-11-10T00:04:12.9209610Z [0m[1m[38;5;12m814[0m[0m [0m[0m[38;5;10m+ [0m[0m        println!("DEBUG Transform 3 round 16: d before = 0x{[0m[0m[38;5;10md_before_16[0m[0m:08x} (expected 0x3c3a4027), w0=0x{[0m[0m[38;5;10mw0_before[0m[0m:08x}, w1=0x{[0m[0m[38;5;10mw1_before[0m[0m:08x}");[0m
2025-11-10T00:04:12.9210945Z [0m    [0m[0m[1m[38;5;12m|[0m
2025-11-10T00:04:12.9211241Z 
2025-11-10T00:04:12.9211749Z [0m[1m[38;5;9merror[0m[0m[1m: variables can be used directly in the `format!` string[0m
2025-11-10T00:04:12.9212613Z [0m   [0m[0m[1m[38;5;12m--> [0m[0msrc/crypto/sha256_avx2.rs:821:9[0m
2025-11-10T00:04:12.9213208Z [0m    [0m[0m[1m[38;5;12m|[0m
2025-11-10T00:04:12.9214192Z [0m[1m[38;5;12m821[0m[0m [0m[0m[1m[38;5;12m|[0m[0m [0m[0m        println!("DEBUG T3 R16 before: w0=0x{:08x} w1=0x{:08x}", w0_before, w1_before);[0m
2025-11-10T00:04:12.9215623Z [0m    [0m[0m[1m[38;5;12m|[0m[0m         [0m[0m[1m[38;5;9m^^^^^^^^^^^^^^^^^^^^^^^^^^^^^^^^^^^^^^^^^^^^^^^^^^^^^^^^^^^^^^^^^^^^^^^^^^^^^^[0m
2025-11-10T00:04:12.9216310Z [0m    [0m[0m[1m[38;5;12m|[0m
2025-11-10T00:04:12.9218048Z [0m    [0m[0m[1m[38;5;12m= [0m[0m[1mhelp[0m[0m: for further information visit https://rust-lang.github.io/rust-clippy/master/index.html#uninlined_format_args[0m
2025-11-10T00:04:12.9219278Z [0m[1m[38;5;14mhelp[0m[0m: change this to[0m
2025-11-10T00:04:12.9219824Z [0m    [0m[0m[1m[38;5;12m|[0m
2025-11-10T00:04:12.9220851Z [0m[1m[38;5;12m821[0m[0m [0m[0m[38;5;9m- [0m[0m        println!("DEBUG T3 R16 before: w0=0x{:08x} w1=0x{:08x}"[0m[0m[38;5;9m, w0_before, w1_before[0m[0m);[0m
2025-11-10T00:04:12.9222394Z [0m[1m[38;5;12m821[0m[0m [0m[0m[38;5;10m+ [0m[0m        println!("DEBUG T3 R16 before: w0=0x{[0m[0m[38;5;10mw0_before[0m[0m:08x} w1=0x{[0m[0m[38;5;10mw1_before[0m[0m:08x}");[0m
2025-11-10T00:04:12.9223377Z [0m    [0m[0m[1m[38;5;12m|[0m
2025-11-10T00:04:12.9223662Z 
2025-11-10T00:04:12.9224574Z [0m[1m[38;5;9merror[0m[0m[1m: variables can be used directly in the `format!` string[0m
2025-11-10T00:04:12.9225503Z [0m   [0m[0m[1m[38;5;12m--> [0m[0msrc/crypto/sha256_avx2.rs:827:9[0m
2025-11-10T00:04:12.9226110Z [0m    [0m[0m[1m[38;5;12m|[0m
2025-11-10T00:04:12.9226982Z [0m[1m[38;5;12m827[0m[0m [0m[0m[1m[38;5;12m|[0m[0m [0m[0m        println!("DEBUG T3 R16 after inc: w0=0x{:08x}", w0_after);[0m
2025-11-10T00:04:12.9228016Z [0m    [0m[0m[1m[38;5;12m|[0m[0m         [0m[0m[1m[38;5;9m^^^^^^^^^^^^^^^^^^^^^^^^^^^^^^^^^^^^^^^^^^^^^^^^^^^^^^^^^[0m
2025-11-10T00:04:12.9228657Z [0m    [0m[0m[1m[38;5;12m|[0m
2025-11-10T00:04:12.9229885Z [0m    [0m[0m[1m[38;5;12m= [0m[0m[1mhelp[0m[0m: for further information visit https://rust-lang.github.io/rust-clippy/master/index.html#uninlined_format_args[0m
2025-11-10T00:04:12.9231054Z [0m[1m[38;5;14mhelp[0m[0m: change this to[0m
2025-11-10T00:04:12.9231601Z [0m    [0m[0m[1m[38;5;12m|[0m
2025-11-10T00:04:12.9232552Z [0m[1m[38;5;12m827[0m[0m [0m[0m[38;5;9m- [0m[0m        println!("DEBUG T3 R16 after inc: w0=0x{:08x}"[0m[0m[38;5;9m, w0_after[0m[0m);[0m
2025-11-10T00:04:12.9233839Z [0m[1m[38;5;12m827[0m[0m [0m[0m[38;5;10m+ [0m[0m        println!("DEBUG T3 R16 after inc: w0=0x{[0m[0m[38;5;10mw0_after[0m[0m:08x}");[0m
2025-11-10T00:04:12.9237173Z [0m    [0m[0m[1m[38;5;12m|[0m
2025-11-10T00:04:12.9237470Z 
2025-11-10T00:04:12.9237990Z [0m[1m[38;5;9merror[0m[0m[1m: variables can be used directly in the `format!` string[0m
2025-11-10T00:04:12.9238857Z [0m   [0m[0m[1m[38;5;12m--> [0m[0msrc/crypto/sha256_avx2.rs:833:9[0m
2025-11-10T00:04:12.9239435Z [0m    [0m[0m[1m[38;5;12m|[0m
2025-11-10T00:04:12.9240310Z [0m[1m[38;5;12m833[0m[0m [0m[0m[1m[38;5;12m|[0m[0m [0m[0m        println!("DEBUG T3 R16 after round: a=0x{:08x}", a_after);[0m
2025-11-10T00:04:12.9241333Z [0m    [0m[0m[1m[38;5;12m|[0m[0m         [0m[0m[1m[38;5;9m^^^^^^^^^^^^^^^^^^^^^^^^^^^^^^^^^^^^^^^^^^^^^^^^^^^^^^^^^[0m
2025-11-10T00:04:12.9241971Z [0m    [0m[0m[1m[38;5;12m|[0m
2025-11-10T00:04:12.9243186Z [0m    [0m[0m[1m[38;5;12m= [0m[0m[1mhelp[0m[0m: for further information visit https://rust-lang.github.io/rust-clippy/master/index.html#uninlined_format_args[0m
2025-11-10T00:04:12.9246389Z [0m[1m[38;5;14mhelp[0m[0m: change this to[0m
2025-11-10T00:04:12.9246963Z [0m    [0m[0m[1m[38;5;12m|[0m
2025-11-10T00:04:12.9247909Z [0m[1m[38;5;12m833[0m[0m [0m[0m[38;5;9m- [0m[0m        println!("DEBUG T3 R16 after round: a=0x{:08x}"[0m[0m[38;5;9m, a_after[0m[0m);[0m
2025-11-10T00:04:12.9249195Z [0m[1m[38;5;12m833[0m[0m [0m[0m[38;5;10m+ [0m[0m        println!("DEBUG T3 R16 after round: a=0x{[0m[0m[38;5;10ma_after[0m[0m:08x}");[0m
2025-11-10T00:04:12.9250032Z [0m    [0m[0m[1m[38;5;12m|[0m
2025-11-10T00:04:12.9250303Z 
2025-11-10T00:04:12.9250785Z [0m[1m[38;5;9merror[0m[0m[1m: variables can be used directly in the `format!` string[0m
2025-11-10T00:04:12.9251653Z [0m   [0m[0m[1m[38;5;12m--> [0m[0msrc/crypto/sha256_avx2.rs:840:9[0m
2025-11-10T00:04:12.9252238Z [0m    [0m[0m[1m[38;5;12m|[0m
2025-11-10T00:04:12.9253081Z [0m[1m[38;5;12m840[0m[0m [0m[0m[1m[38;5;12m|[0m[0m [0m[0m        println!("DEBUG T3 R17 after: g=0x{:08x}", g_after);[0m
2025-11-10T00:04:12.9254084Z [0m    [0m[0m[1m[38;5;12m|[0m[0m         [0m[0m[1m[38;5;9m^^^^^^^^^^^^^^^^^^^^^^^^^^^^^^^^^^^^^^^^^^^^^^^^^^^[0m
2025-11-10T00:04:12.9254729Z [0m    [0m[0m[1m[38;5;12m|[0m
2025-11-10T00:04:12.9255925Z [0m    [0m[0m[1m[38;5;12m= [0m[0m[1mhelp[0m[0m: for further information visit https://rust-lang.github.io/rust-clippy/master/index.html#uninlined_format_args[0m
2025-11-10T00:04:12.9258794Z [0m[1m[38;5;14mhelp[0m[0m: change this to[0m
2025-11-10T00:04:12.9259332Z [0m    [0m[0m[1m[38;5;12m|[0m
2025-11-10T00:04:12.9260480Z [0m[1m[38;5;12m840[0m[0m [0m[0m[38;5;9m- [0m[0m        println!("DEBUG T3 R17 after: g=0x{:08x}"[0m[0m[38;5;9m, g_after[0m[0m);[0m
2025-11-10T00:04:12.9261767Z [0m[1m[38;5;12m840[0m[0m [0m[0m[38;5;10m+ [0m[0m        println!("DEBUG T3 R17 after: g=0x{[0m[0m[38;5;10mg_after[0m[0m:08x}");[0m
2025-11-10T00:04:12.9262579Z [0m    [0m[0m[1m[38;5;12m|[0m
2025-11-10T00:04:12.9262852Z 
2025-11-10T00:04:12.9334823Z [0m[1m[38;5;9merror[0m[0m[1m: variables can be used directly in the `format!` string[0m
2025-11-10T00:04:12.9335777Z [0m   [0m[0m[1m[38;5;12m--> [0m[0msrc/crypto/sha256_avx2.rs:875:9[0m
2025-11-10T00:04:12.9336416Z [0m    [0m[0m[1m[38;5;12m|[0m
2025-11-10T00:04:12.9337304Z [0m[1m[38;5;12m875[0m[0m [0m[0m[1m[38;5;12m|[0m[0m [0m[0m        println!("DEBUG T3 R32 before: a=0x{:08x}", a_before_32);[0m
2025-11-10T00:04:12.9338338Z [0m    [0m[0m[1m[38;5;12m|[0m[0m         [0m[0m[1m[38;5;9m^^^^^^^^^^^^^^^^^^^^^^^^^^^^^^^^^^^^^^^^^^^^^^^^^^^^^^^^[0m
2025-11-10T00:04:12.9338990Z [0m    [0m[0m[1m[38;5;12m|[0m
2025-11-10T00:04:12.9340225Z [0m    [0m[0m[1m[38;5;12m= [0m[0m[1mhelp[0m[0m: for further information visit https://rust-lang.github.io/rust-clippy/master/index.html#uninlined_format_args[0m
2025-11-10T00:04:12.9341369Z [0m[1m[38;5;14mhelp[0m[0m: change this to[0m
2025-11-10T00:04:12.9341910Z [0m    [0m[0m[1m[38;5;12m|[0m
2025-11-10T00:04:12.9343218Z [0m[1m[38;5;12m875[0m[0m [0m[0m[38;5;9m- [0m[0m        println!("DEBUG T3 R32 before: a=0x{:08x}"[0m[0m[38;5;9m, a_before_32[0m[0m);[0m
2025-11-10T00:04:12.9344791Z [0m[1m[38;5;12m875[0m[0m [0m[0m[38;5;10m+ [0m[0m        println!("DEBUG T3 R32 before: a=0x{[0m[0m[38;5;10ma_before_32[0m[0m:08x}");[0m
2025-11-10T00:04:12.9345671Z [0m    [0m[0m[1m[38;5;12m|[0m
2025-11-10T00:04:12.9345965Z 
2025-11-10T00:04:12.9347149Z [0m[1m[38;5;9merror[0m[0m[1m: variables can be used directly in the `format!` string[0m
2025-11-10T00:04:12.9349841Z [0m   [0m[0m[1m[38;5;12m--> [0m[0msrc/crypto/sha256_avx2.rs:882:9[0m
2025-11-10T00:04:12.9350460Z [0m    [0m[0m[1m[38;5;12m|[0m
2025-11-10T00:04:12.9351332Z [0m[1m[38;5;12m882[0m[0m [0m[0m[1m[38;5;12m|[0m[0m [0m[0m        println!("DEBUG T3 R32 after: a=0x{:08x}", a_after_32);[0m
2025-11-10T00:04:12.9352335Z [0m    [0m[0m[1m[38;5;12m|[0m[0m         [0m[0m[1m[38;5;9m^^^^^^^^^^^^^^^^^^^^^^^^^^^^^^^^^^^^^^^^^^^^^^^^^^^^^^[0m
2025-11-10T00:04:12.9352994Z [0m    [0m[0m[1m[38;5;12m|[0m
2025-11-10T00:04:12.9354211Z [0m    [0m[0m[1m[38;5;12m= [0m[0m[1mhelp[0m[0m: for further information visit https://rust-lang.github.io/rust-clippy/master/index.html#uninlined_format_args[0m
2025-11-10T00:04:12.9357430Z [0m[1m[38;5;14mhelp[0m[0m: change this to[0m
2025-11-10T00:04:12.9357994Z [0m    [0m[0m[1m[38;5;12m|[0m
2025-11-10T00:04:12.9358920Z [0m[1m[38;5;12m882[0m[0m [0m[0m[38;5;9m- [0m[0m        println!("DEBUG T3 R32 after: a=0x{:08x}"[0m[0m[38;5;9m, a_after_32[0m[0m);[0m
2025-11-10T00:04:12.9360170Z [0m[1m[38;5;12m882[0m[0m [0m[0m[38;5;10m+ [0m[0m        println!("DEBUG T3 R32 after: a=0x{[0m[0m[38;5;10ma_after_32[0m[0m:08x}");[0m
2025-11-10T00:04:12.9360988Z [0m    [0m[0m[1m[38;5;12m|[0m
2025-11-10T00:04:12.9361260Z 
2025-11-10T00:04:12.9410708Z [0m[1m[38;5;9merror[0m[0m[1m: variables can be used directly in the `format!` string[0m
2025-11-10T00:04:12.9411649Z [0m   [0m[0m[1m[38;5;12m--> [0m[0msrc/crypto/sha256_avx2.rs:904:9[0m
2025-11-10T00:04:12.9412258Z [0m    [0m[0m[1m[38;5;12m|[0m
2025-11-10T00:04:12.9413236Z [0m[1m[38;5;12m904[0m[0m [0m[0m[1m[38;5;12m|[0m[0m [0m[0m        println!("DEBUG T3 R40 after: a=0x{:08x}, h=0x{:08x}", a_after_40, h_after_40);[0m
2025-11-10T00:04:12.9414607Z [0m    [0m[0m[1m[38;5;12m|[0m[0m         [0m[0m[1m[38;5;9m^^^^^^^^^^^^^^^^^^^^^^^^^^^^^^^^^^^^^^^^^^^^^^^^^^^^^^^^^^^^^^^^^^^^^^^^^^^^^^[0m
2025-11-10T00:04:12.9415300Z [0m    [0m[0m[1m[38;5;12m|[0m
2025-11-10T00:04:12.9418098Z [0m    [0m[0m[1m[38;5;12m= [0m[0m[1mhelp[0m[0m: for further information visit https://rust-lang.github.io/rust-clippy/master/index.html#uninlined_format_args[0m
2025-11-10T00:04:12.9419283Z [0m[1m[38;5;14mhelp[0m[0m: change this to[0m
2025-11-10T00:04:12.9419835Z [0m    [0m[0m[1m[38;5;12m|[0m
2025-11-10T00:04:12.9420860Z [0m[1m[38;5;12m904[0m[0m [0m[0m[38;5;9m- [0m[0m        println!("DEBUG T3 R40 after: a=0x{:08x}, h=0x{:08x}"[0m[0m[38;5;9m, a_after_40, h_after_40[0m[0m);[0m
2025-11-10T00:04:12.9422370Z [0m[1m[38;5;12m904[0m[0m [0m[0m[38;5;10m+ [0m[0m        println!("DEBUG T3 R40 after: a=0x{[0m[0m[38;5;10ma_after_40[0m[0m:08x}, h=0x{[0m[0m[38;5;10mh_after_40[0m[0m:08x}");[0m
2025-11-10T00:04:12.9423335Z [0m    [0m[0m[1m[38;5;12m|[0m
2025-11-10T00:04:12.9423621Z 
2025-11-10T00:04:12.9476889Z [0m[1m[38;5;9merror[0m[0m[1m: variables can be used directly in the `format!` string[0m
2025-11-10T00:04:12.9477967Z [0m   [0m[0m[1m[38;5;12m--> [0m[0msrc/crypto/sha256_avx2.rs:925:9[0m
2025-11-10T00:04:12.9478500Z [0m    [0m[0m[1m[38;5;12m|[0m
2025-11-10T00:04:12.9479250Z [0m[1m[38;5;12m925[0m[0m [0m[0m[1m[38;5;12m|[0m[0m [0m[0m        println!("DEBUG T3 R48 after: a=0x{:08x}", a_after_48);[0m
2025-11-10T00:04:12.9480098Z [0m    [0m[0m[1m[38;5;12m|[0m[0m         [0m[0m[1m[38;5;9m^^^^^^^^^^^^^^^^^^^^^^^^^^^^^^^^^^^^^^^^^^^^^^^^^^^^^^[0m
2025-11-10T00:04:12.9480815Z [0m    [0m[0m[1m[38;5;12m|[0m
2025-11-10T00:04:12.9482079Z [0m    [0m[0m[1m[38;5;12m= [0m[0m[1mhelp[0m[0m: for further information visit https://rust-lang.github.io/rust-clippy/master/index.html#uninlined_format_args[0m
2025-11-10T00:04:12.9483027Z [0m[1m[38;5;14mhelp[0m[0m: change this to[0m
2025-11-10T00:04:12.9483466Z [0m    [0m[0m[1m[38;5;12m|[0m
2025-11-10T00:04:12.9484225Z [0m[1m[38;5;12m925[0m[0m [0m[0m[38;5;9m- [0m[0m        println!("DEBUG T3 R48 after: a=0x{:08x}"[0m[0m[38;5;9m, a_after_48[0m[0m);[0m
2025-11-10T00:04:12.9485477Z [0m[1m[38;5;12m925[0m[0m [0m[0m[38;5;10m+ [0m[0m        println!("DEBUG T3 R48 after: a=0x{[0m[0m[38;5;10ma_after_48[0m[0m:08x}");[0m
2025-11-10T00:04:12.9486170Z [0m    [0m[0m[1m[38;5;12m|[0m
2025-11-10T00:04:12.9486397Z 
2025-11-10T00:04:12.9530246Z [0m[1m[38;5;9merror[0m[0m[1m: variables can be used directly in the `format!` string[0m
2025-11-10T00:04:12.9531316Z [0m   [0m[0m[1m[38;5;12m--> [0m[0msrc/crypto/sha256_avx2.rs:946:9[0m
2025-11-10T00:04:12.9531817Z [0m    [0m[0m[1m[38;5;12m|[0m
2025-11-10T00:04:12.9532539Z [0m[1m[38;5;12m946[0m[0m [0m[0m[1m[38;5;12m|[0m[0m [0m[0m        println!("DEBUG T3 R56 after: a=0x{:08x}", a_after_56);[0m
2025-11-10T00:04:12.9533367Z [0m    [0m[0m[1m[38;5;12m|[0m[0m         [0m[0m[1m[38;5;9m^^^^^^^^^^^^^^^^^^^^^^^^^^^^^^^^^^^^^^^^^^^^^^^^^^^^^^[0m
2025-11-10T00:04:12.9533894Z [0m    [0m[0m[1m[38;5;12m|[0m
2025-11-10T00:04:12.9535126Z [0m    [0m[0m[1m[38;5;12m= [0m[0m[1mhelp[0m[0m: for further information visit https://rust-lang.github.io/rust-clippy/master/index.html#uninlined_format_args[0m
2025-11-10T00:04:12.9536066Z [0m[1m[38;5;14mhelp[0m[0m: change this to[0m
2025-11-10T00:04:12.9536501Z [0m    [0m[0m[1m[38;5;12m|[0m
2025-11-10T00:04:12.9538362Z [0m[1m[38;5;12m946[0m[0m [0m[0m[38;5;9m- [0m[0m        println!("DEBUG T3 R56 after: a=0x{:08x}"[0m[0m[38;5;9m, a_after_56[0m[0m);[0m
2025-11-10T00:04:12.9539374Z [0m[1m[38;5;12m946[0m[0m [0m[0m[38;5;10m+ [0m[0m        println!("DEBUG T3 R56 after: a=0x{[0m[0m[38;5;10ma_after_56[0m[0m:08x}");[0m
2025-11-10T00:04:12.9540020Z [0m    [0m[0m[1m[38;5;12m|[0m
2025-11-10T00:04:12.9540248Z 
2025-11-10T00:04:12.9588742Z [0m[1m[38;5;9merror[0m[0m[1m: variables can be used directly in the `format!` string[0m
2025-11-10T00:04:12.9589881Z [0m   [0m[0m[1m[38;5;12m--> [0m[0msrc/crypto/sha256_avx2.rs:979:9[0m
2025-11-10T00:04:12.9590421Z [0m    [0m[0m[1m[38;5;12m|[0m
2025-11-10T00:04:12.9591780Z [0m[1m[38;5;12m979[0m[0m [0m[0m[1m[38;5;12m|[0m[0m [0m[0m[1m[38;5;12m...[0m[0m   println!("DEBUG Transform 3 after round 63: a=0x{:08x}, b=0x{:08x}, c=0x{:08x}, d=0x{:08x}", a_before_final, b_before_final, c_before_final, d_before_final);[0m
2025-11-10T00:04:12.9592981Z [0m    [0m[0m[1m[38;5;12m|[0m[0m       [0m[0m[1m[38;5;9m^^^^^^^^^^^^^^^^^^^^^^^^^^^^^^^^^^^^^^^^^^^^^^^^^^^^^^^^^^^^^^^^^^^^^^^^^^^^^^^^^^^^^^^^^^^^^^^^^^^^^^^^^^^^^^^^^^^^^^^^^^^^^^^^^^^^^^^^^^^^^^^^^^^^^^^^^^^^[0m
2025-11-10T00:04:12.9593503Z [0m    [0m[0m[1m[38;5;12m|[0m
2025-11-10T00:04:12.9594620Z [0m    [0m[0m[1m[38;5;12m= [0m[0m[1mhelp[0m[0m: for further information visit https://rust-lang.github.io/rust-clippy/master/index.html#uninlined_format_args[0m
2025-11-10T00:04:12.9597003Z [0m[1m[38;5;14mhelp[0m[0m: change this to[0m
2025-11-10T00:04:12.9597576Z [0m    [0m[0m[1m[38;5;12m|[0m
2025-11-10T00:04:12.9599490Z [0m[1m[38;5;12m979[0m[0m [0m[0m[38;5;9m- [0m[0m        println!("DEBUG Transform 3 after round 63: a=0x{:08x}, b=0x{:08x}, c=0x{:08x}, d=0x{:08x}"[0m[0m[38;5;9m, a_before_final, b_before_final, c_before_final, d_before_final[0m[0m);[0m
2025-11-10T00:04:12.9601948Z [0m[1m[38;5;12m979[0m[0m [0m[0m[38;5;10m+ [0m[0m        println!("DEBUG Transform 3 after round 63: a=0x{[0m[0m[38;5;10ma_before_final[0m[0m:08x}, b=0x{[0m[0m[38;5;10mb_before_final[0m[0m:08x}, c=0x{[0m[0m[38;5;10mc_before_final[0m[0m:08x}, d=0x{[0m[0m[38;5;10md_before_final[0m[0m:08x}");[0m
2025-11-10T00:04:12.9603044Z [0m    [0m[0m[1m[38;5;12m|[0m
2025-11-10T00:04:12.9603216Z 
2025-11-10T00:04:12.9603509Z [0m[1m[38;5;9merror[0m[0m[1m: variables can be used directly in the `format!` string[0m
2025-11-10T00:04:12.9604100Z [0m   [0m[0m[1m[38;5;12m--> [0m[0msrc/crypto/sha256_avx2.rs:980:9[0m
2025-11-10T00:04:12.9606561Z [0m    [0m[0m[1m[38;5;12m|[0m
2025-11-10T00:04:12.9607517Z [0m[1m[38;5;12m980[0m[0m [0m[0m[1m[38;5;12m|[0m[0m [0m[0m        println!("  e=0x{:08x}, f=0x{:08x}, g=0x{:08x}, h=0x{:08x}", e_before_final, f_before_final, g_before_final, h_before_final);[0m
2025-11-10T00:04:12.9608290Z [0m    [0m[0m[1m[38;5;12m|[0m[0m         [0m[0m[1m[38;5;9m^^^^^^^^^^^^^^^^^^^^^^^^^^^^^^^^^^^^^^^^^^^^^^^^^^^^^^^^^^^^^^^^^^^^^^^^^^^^^^^^^^^^^^^^^^^^^^^^^^^^^^^^^^^^^^^^^^^^^^^^^^^^[0m
2025-11-10T00:04:12.9608675Z [0m    [0m[0m[1m[38;5;12m|[0m
2025-11-10T00:04:12.9609365Z [0m    [0m[0m[1m[38;5;12m= [0m[0m[1mhelp[0m[0m: for further information visit https://rust-lang.github.io/rust-clippy/master/index.html#uninlined_format_args[0m
2025-11-10T00:04:12.9610021Z [0m[1m[38;5;14mhelp[0m[0m: change this to[0m
2025-11-10T00:04:12.9610340Z [0m    [0m[0m[1m[38;5;12m|[0m
2025-11-10T00:04:12.9611024Z [0m[1m[38;5;12m980[0m[0m [0m[0m[38;5;9m- [0m[0m        println!("  e=0x{:08x}, f=0x{:08x}, g=0x{:08x}, h=0x{:08x}"[0m[0m[38;5;9m, e_before_final, f_before_final, g_before_final, h_before_final[0m[0m);[0m
2025-11-10T00:04:12.9612353Z [0m[1m[38;5;12m980[0m[0m [0m[0m[38;5;10m+ [0m[0m        println!("  e=0x{[0m[0m[38;5;10me_before_final[0m[0m:08x}, f=0x{[0m[0m[38;5;10mf_before_final[0m[0m:08x}, g=0x{[0m[0m[38;5;10mg_before_final[0m[0m:08x}, h=0x{[0m[0m[38;5;10mh_before_final[0m[0m:08x}");[0m
2025-11-10T00:04:12.9613583Z [0m    [0m[0m[1m[38;5;12m|[0m
2025-11-10T00:04:12.9613805Z 
2025-11-10T00:04:12.9614100Z [0m[1m[38;5;9merror[0m[0m[1m: variables can be used directly in the `format!` string[0m
2025-11-10T00:04:12.9614775Z [0m   [0m[0m[1m[38;5;12m--> [0m[0msrc/crypto/sha256_avx2.rs:981:9[0m
2025-11-10T00:04:12.9617125Z [0m    [0m[0m[1m[38;5;12m|[0m
2025-11-10T00:04:12.9618235Z [0m[1m[38;5;12m981[0m[0m [0m[0m[1m[38;5;12m|[0m[0m [0m[0m        println!("DEBUG Transform 3 before adding initial hash: a=0x{:08x} (expected 0x78ec3678)", a_before_final);[0m
2025-11-10T00:04:12.9619243Z [0m    [0m[0m[1m[38;5;12m|[0m[0m         [0m[0m[1m[38;5;9m^^^^^^^^^^^^^^^^^^^^^^^^^^^^^^^^^^^^^^^^^^^^^^^^^^^^^^^^^^^^^^^^^^^^^^^^^^^^^^^^^^^^^^^^^^^^^^^^^^^^^^^^^^[0m
2025-11-10T00:04:12.9619636Z [0m    [0m[0m[1m[38;5;12m|[0m
2025-11-10T00:04:12.9620327Z [0m    [0m[0m[1m[38;5;12m= [0m[0m[1mhelp[0m[0m: for further information visit https://rust-lang.github.io/rust-clippy/master/index.html#uninlined_format_args[0m
2025-11-10T00:04:12.9620970Z [0m[1m[38;5;14mhelp[0m[0m: change this to[0m
2025-11-10T00:04:12.9621278Z [0m    [0m[0m[1m[38;5;12m|[0m
2025-11-10T00:04:12.9621988Z [0m[1m[38;5;12m981[0m[0m [0m[0m[38;5;9m- [0m[0m        println!("DEBUG Transform 3 before adding initial hash: a=0x{:08x} (expected 0x78ec3678)"[0m[0m[38;5;9m, a_before_final[0m[0m);[0m
2025-11-10T00:04:12.9623015Z [0m[1m[38;5;12m981[0m[0m [0m[0m[38;5;10m+ [0m[0m        println!("DEBUG Transform 3 before adding initial hash: a=0x{[0m[0m[38;5;10ma_before_final[0m[0m:08x} (expected 0x78ec3678)");[0m
2025-11-10T00:04:12.9623618Z [0m    [0m[0m[1m[38;5;12m|[0m
2025-11-10T00:04:12.9623769Z 
2025-11-10T00:04:12.9624042Z [0m[1m[38;5;9merror[0m[0m[1m: variables can be used directly in the `format!` string[0m
2025-11-10T00:04:12.9624873Z [0m   [0m[0m[1m[38;5;12m--> [0m[0msrc/crypto/sha256_avx2.rs:988:9[0m
2025-11-10T00:04:12.9625233Z [0m    [0m[0m[1m[38;5;12m|[0m
2025-11-10T00:04:12.9625991Z [0m[1m[38;5;12m988[0m[0m [0m[0m[1m[38;5;12m|[0m[0m [0m[0m        println!("DEBUG Transform 3 final a (after adding initial): 0x{:08x}", a_final_val);[0m
2025-11-10T00:04:12.9628466Z [0m    [0m[0m[1m[38;5;12m|[0m[0m         [0m[0m[1m[38;5;9m^^^^^^^^^^^^^^^^^^^^^^^^^^^^^^^^^^^^^^^^^^^^^^^^^^^^^^^^^^^^^^^^^^^^^^^^^^^^^^^^^^^[0m
2025-11-10T00:04:12.9628827Z [0m    [0m[0m[1m[38;5;12m|[0m
2025-11-10T00:04:12.9629492Z [0m    [0m[0m[1m[38;5;12m= [0m[0m[1mhelp[0m[0m: for further information visit https://rust-lang.github.io/rust-clippy/master/index.html#uninlined_format_args[0m
2025-11-10T00:04:12.9630127Z [0m[1m[38;5;14mhelp[0m[0m: change this to[0m
2025-11-10T00:04:12.9630431Z [0m    [0m[0m[1m[38;5;12m|[0m
2025-11-10T00:04:12.9631062Z [0m[1m[38;5;12m988[0m[0m [0m[0m[38;5;9m- [0m[0m        println!("DEBUG Transform 3 final a (after adding initial): 0x{:08x}"[0m[0m[38;5;9m, a_final_val[0m[0m);[0m
2025-11-10T00:04:12.9631952Z [0m[1m[38;5;12m988[0m[0m [0m[0m[38;5;10m+ [0m[0m        println!("DEBUG Transform 3 final a (after adding initial): 0x{[0m[0m[38;5;10ma_final_val[0m[0m:08x}");[0m
2025-11-10T00:04:12.9632490Z [0m    [0m[0m[1m[38;5;12m|[0m
2025-11-10T00:04:12.9632645Z 
2025-11-10T00:04:12.9685700Z [0m[1m[38;5;9merror[0m[0m[1m: manually reimplementing `div_ceil`[0m
2025-11-10T00:04:12.9686699Z [0m  [0m[0m[1m[38;5;12m--> [0m[0msrc/crypto/sha_ni.rs:73:41[0m
2025-11-10T00:04:12.9687206Z [0m   [0m[0m[1m[38;5;12m|[0m
2025-11-10T00:04:12.9688070Z [0m[1m[38;5;12m73[0m[0m [0m[0m[1m[38;5;12m|[0m[0m [0m[0m    let mut padded = Vec::with_capacity(((data.len() + 9 + 63) / 64) * 64);[0m
2025-11-10T00:04:12.9689053Z [0m   [0m[0m[1m[38;5;12m|[0m[0m                                         [0m[0m[1m[38;5;9m^^^^^^^^^^^^^^^^^^^^^^^^^^^^[0m[0m [0m[0m[1m[38;5;9mhelp: consider using `.div_ceil()`: `(data.len() + 9).div_ceil(64)`[0m
2025-11-10T00:04:12.9689654Z [0m   [0m[0m[1m[38;5;12m|[0m
2025-11-10T00:04:12.9690488Z [0m   [0m[0m[1m[38;5;12m= [0m[0m[1mhelp[0m[0m: for further information visit https://rust-lang.github.io/rust-clippy/master/index.html#manual_div_ceil[0m
2025-11-10T00:04:12.9691476Z [0m   [0m[0m[1m[38;5;12m= [0m[0m[1mnote[0m[0m: `-D clippy::manual-div-ceil` implied by `-D warnings`[0m
2025-11-10T00:04:12.9692181Z [0m   [0m[0m[1m[38;5;12m= [0m[0m[1mhelp[0m[0m: to override `-D warnings` add `#[allow(clippy::manual_div_ceil)]`[0m
2025-11-10T00:04:12.9692536Z 
2025-11-10T00:04:13.0058513Z [0m[1m[38;5;9merror[0m[0m[1m: variables can be used directly in the `format!` string[0m
2025-11-10T00:04:13.0059824Z [0m   [0m[0m[1m[38;5;12m--> [0m[0msrc/mempool.rs:143:59[0m
2025-11-10T00:04:13.0060503Z [0m    [0m[0m[1m[38;5;12m|[0m
2025-11-10T00:04:13.0061646Z [0m[1m[38;5;12m143[0m[0m [0m[0m[1m[38;5;12m|[0m[0m   [0m[0m                        return Ok(MempoolResult::Rejected(format!([0m
2025-11-10T00:04:13.0062793Z [0m    [0m[0m[1m[38;5;12m|[0m[0m [0m[0m[1m[38;5;9m ___________________________________________________________^[0m
2025-11-10T00:04:13.0063940Z [0m[1m[38;5;12m144[0m[0m [0m[0m[1m[38;5;12m|[0m[0m [0m[0m[1m[38;5;9m|[0m[0m [0m[0m                            "Invalid script at input {}",[0m
2025-11-10T00:04:13.0065322Z [0m[1m[38;5;12m145[0m[0m [0m[0m[1m[38;5;12m|[0m[0m [0m[0m[1m[38;5;9m|[0m[0m [0m[0m                            i[0m
2025-11-10T00:04:13.0066375Z [0m[1m[38;5;12m146[0m[0m [0m[0m[1m[38;5;12m|[0m[0m [0m[0m[1m[38;5;9m|[0m[0m [0m[0m                        )));[0m
2025-11-10T00:04:13.0067298Z [0m    [0m[0m[1m[38;5;12m|[0m[0m [0m[0m[1m[38;5;9m|_________________________^[0m
2025-11-10T00:04:13.0067929Z [0m    [0m[0m[1m[38;5;12m|[0m
2025-11-10T00:04:13.0069196Z [0m    [0m[0m[1m[38;5;12m= [0m[0m[1mhelp[0m[0m: for further information visit https://rust-lang.github.io/rust-clippy/master/index.html#uninlined_format_args[0m
2025-11-10T00:04:13.0070443Z 
2025-11-10T00:04:13.0426363Z [0m[1m[38;5;9merror[0m[0m[1m: variables can be used directly in the `format!` string[0m
2025-11-10T00:04:13.0427303Z [0m   [0m[0m[1m[38;5;12m--> [0m[0msrc/pow.rs:506:55[0m
2025-11-10T00:04:13.0427927Z [0m    [0m[0m[1m[38;5;12m|[0m
2025-11-10T00:04:13.0429069Z [0m[1m[38;5;12m506[0m[0m [0m[0m[1m[38;5;12m|[0m[0m   [0m[0m        return Err(ConsensusError::InvalidProofOfWork(format!([0m
2025-11-10T00:04:13.0430196Z [0m    [0m[0m[1m[38;5;12m|[0m[0m [0m[0m[1m[38;5;9m _______________________________________________________^[0m
2025-11-10T00:04:13.0431424Z [0m[1m[38;5;12m507[0m[0m [0m[0m[1m[38;5;12m|[0m[0m [0m[0m[1m[38;5;9m|[0m[0m [0m[0m            "Target too large: exponent {} exceeds maximum 29",[0m
2025-11-10T00:04:13.0432584Z [0m[1m[38;5;12m508[0m[0m [0m[0m[1m[38;5;12m|[0m[0m [0m[0m[1m[38;5;9m|[0m[0m [0m[0m            n_size_final[0m
2025-11-10T00:04:13.0433587Z [0m[1m[38;5;12m509[0m[0m [0m[0m[1m[38;5;12m|[0m[0m [0m[0m[1m[38;5;9m|[0m[0m [0m[0m        )));[0m
2025-11-10T00:04:13.0436540Z [0m    [0m[0m[1m[38;5;12m|[0m[0m [0m[0m[1m[38;5;9m|_________^[0m
2025-11-10T00:04:13.0437175Z [0m    [0m[0m[1m[38;5;12m|[0m
2025-11-10T00:04:13.0438399Z [0m    [0m[0m[1m[38;5;12m= [0m[0m[1mhelp[0m[0m: for further information visit https://rust-lang.github.io/rust-clippy/master/index.html#uninlined_format_args[0m
2025-11-10T00:04:13.0439276Z 
2025-11-10T00:04:13.1094067Z [0m[1m[38;5;9merror[0m[0m[1m: variables can be used directly in the `format!` string[0m
2025-11-10T00:04:13.1095195Z [0m   [0m[0m[1m[38;5;12m--> [0m[0msrc/network.rs:301:43[0m
2025-11-10T00:04:13.1097427Z [0m    [0m[0m[1m[38;5;12m|[0m
2025-11-10T00:04:13.1098352Z [0m[1m[38;5;12m301[0m[0m [0m[0m[1m[38;5;12m|[0m[0m   [0m[0m        return Ok(NetworkResponse::Reject(format!([0m
2025-11-10T00:04:13.1099146Z [0m    [0m[0m[1m[38;5;12m|[0m[0m [0m[0m[1m[38;5;9m ___________________________________________^[0m
2025-11-10T00:04:13.1099960Z [0m[1m[38;5;12m302[0m[0m [0m[0m[1m[38;5;12m|[0m[0m [0m[0m[1m[38;5;9m|[0m[0m [0m[0m            "Invalid transaction: {}",[0m
2025-11-10T00:04:13.1100767Z [0m[1m[38;5;12m303[0m[0m [0m[0m[1m[38;5;12m|[0m[0m [0m[0m[1m[38;5;9m|[0m[0m [0m[0m            e[0m
2025-11-10T00:04:13.1101517Z [0m[1m[38;5;12m304[0m[0m [0m[0m[1m[38;5;12m|[0m[0m [0m[0m[1m[38;5;9m|[0m[0m [0m[0m        )));[0m
2025-11-10T00:04:13.1102153Z [0m    [0m[0m[1m[38;5;12m|[0m[0m [0m[0m[1m[38;5;9m|_________^[0m
2025-11-10T00:04:13.1102854Z [0m    [0m[0m[1m[38;5;12m|[0m
2025-11-10T00:04:13.1103871Z [0m    [0m[0m[1m[38;5;12m= [0m[0m[1mhelp[0m[0m: for further information visit https://rust-lang.github.io/rust-clippy/master/index.html#uninlined_format_args[0m
2025-11-10T00:04:13.1106775Z 
2025-11-10T00:04:13.1232686Z [0m[1m[38;5;9merror[0m[0m[1m: variables can be used directly in the `format!` string[0m
2025-11-10T00:04:13.1233499Z [0m   [0m[0m[1m[38;5;12m--> [0m[0msrc/reorganization.rs:113:17[0m
2025-11-10T00:04:13.1234013Z [0m    [0m[0m[1m[38;5;12m|[0m
2025-11-10T00:04:13.1235032Z [0m[1m[38;5;12m113[0m[0m [0m[0m[1m[38;5;12m|[0m[0m [0m[0m[1m[38;5;9m/[0m[0m [0m[0m                format!([0m
2025-11-10T00:04:13.1236047Z [0m[1m[38;5;12m114[0m[0m [0m[0m[1m[38;5;12m|[0m[0m [0m[0m[1m[38;5;9m|[0m[0m [0m[0m                    "Invalid block at height {} during reorganization",[0m
2025-11-10T00:04:13.1237243Z [0m[1m[38;5;12m115[0m[0m [0m[0m[1m[38;5;12m|[0m[0m [0m[0m[1m[38;5;9m|[0m[0m [0m[0m                    new_height[0m
2025-11-10T00:04:13.1238622Z [0m[1m[38;5;12m116[0m[0m [0m[0m[1m[38;5;12m|[0m[0m [0m[0m[1m[38;5;9m|[0m[0m [0m[0m                ),[0m
2025-11-10T00:04:13.1239710Z [0m    [0m[0m[1m[38;5;12m|[0m[0m [0m[0m[1m[38;5;9m|_________________^[0m
2025-11-10T00:04:13.1240617Z [0m    [0m[0m[1m[38;5;12m|[0m
2025-11-10T00:04:13.1241737Z [0m    [0m[0m[1m[38;5;12m= [0m[0m[1mhelp[0m[0m: for further information visit https://rust-lang.github.io/rust-clippy/master/index.html#uninlined_format_args[0m
2025-11-10T00:04:13.1242472Z 
2025-11-10T00:04:13.2435685Z [1m[31merror[0m[1m:[0m could not compile `bllvm-consensus` (lib) due to 64 previous errors
2025-11-10T00:04:13.2557756Z ##[error]Process completed with exit code 101.
2025-11-10T00:04:13.2648963Z Post job cleanup.
2025-11-10T00:04:13.3867657Z [command]/usr/bin/git version
2025-11-10T00:04:13.3914988Z git version 2.43.0
2025-11-10T00:04:13.3968973Z Copying '/home/jswift/.gitconfig' to '/home/jswift/actions-runner-org2/_work/_temp/f57a9b2b-6633-4e56-9343-b435cf3e54ed/.gitconfig'
2025-11-10T00:04:13.3983984Z Temporarily overriding HOME='/home/jswift/actions-runner-org2/_work/_temp/f57a9b2b-6633-4e56-9343-b435cf3e54ed' before making global git config changes
2025-11-10T00:04:13.3985695Z Adding repository directory to the temporary git global config as a safe directory
2025-11-10T00:04:13.3990497Z [command]/usr/bin/git config --global --add safe.directory /home/jswift/actions-runner-org2/_work/bllvm-consensus/bllvm-consensus
2025-11-10T00:04:13.4036473Z [command]/usr/bin/git config --local --name-only --get-regexp core\.sshCommand
2025-11-10T00:04:13.4076330Z [command]/usr/bin/git submodule foreach --recursive sh -c "git config --local --name-only --get-regexp 'core\.sshCommand' && git config --local --unset-all 'core.sshCommand' || :"
2025-11-10T00:04:13.4362188Z [command]/usr/bin/git config --local --name-only --get-regexp http\.https\:\/\/github\.com\/\.extraheader
2025-11-10T00:04:13.4389957Z http.https://github.com/.extraheader
2025-11-10T00:04:13.4407752Z [command]/usr/bin/git config --local --unset-all http.https://github.com/.extraheader
2025-11-10T00:04:13.4450310Z [command]/usr/bin/git submodule foreach --recursive sh -c "git config --local --name-only --get-regexp 'http\.https\:\/\/github\.com\/\.extraheader' && git config --local --unset-all 'http.https://github.com/.extraheader' || :"
2025-11-10T00:04:13.4867228Z A job completed hook has been configured by the self-hosted runner administrator
2025-11-10T00:04:13.4905074Z ##[group]Run '/home/jswift/actions-runner-org2/cleanup-hooks/job-completed.sh'
2025-11-10T00:04:13.4937037Z shell: /usr/bin/bash --noprofile --norc -e -o pipefail {0}
2025-11-10T00:04:13.4937611Z ##[endgroup]
2025-11-10T00:04:13.5008748Z Job completed: Mon Nov 10 12:04:13 AM UTC 2025
2025-11-10T00:04:13.5040608Z Available disk space: 9.1G
2025-11-10T00:04:13.5040940Z Cleaning up after job completion...
2025-11-10T00:04:13.6146878Z Cleanup completed. Available disk space: 9.1G
2025-11-10T00:04:13.6199530Z Cleaning up orphan processes
