2025-11-09T23:49:54.2685293Z Current runner version: '2.329.0'
2025-11-09T23:49:54.2693692Z Runner name: 'linode-runner-02'
2025-11-09T23:49:54.2694762Z Runner group name: 'default'
2025-11-09T23:49:54.2695638Z Machine name: 'localhost'
2025-11-09T23:49:54.2698719Z ##[group]GITHUB_TOKEN Permissions
2025-11-09T23:49:54.2701097Z Contents: read
2025-11-09T23:49:54.2701828Z Metadata: read
2025-11-09T23:49:54.2702371Z Packages: read
2025-11-09T23:49:54.2703054Z ##[endgroup]
2025-11-09T23:49:54.2707792Z Secret source: Actions
2025-11-09T23:49:54.2709010Z Prepare workflow directory
2025-11-09T23:49:54.3545459Z Prepare all required actions
2025-11-09T23:49:54.3592711Z Getting action download info
2025-11-09T23:49:54.6690633Z Download action repository 'actions/checkout@v4' (SHA:08eba0b27e820071cde6df949e0beb9ba4906955)
2025-11-09T23:49:55.0252594Z Download action repository 'dtolnay/rust-toolchain@master' (SHA:6d653acede28d24f02e3cd41383119e8b1b35921)
2025-11-09T23:49:55.3798348Z Download action repository 'actions/cache@v3' (SHA:6f8efc29b200d32929f49075959781ed54ec270c)
2025-11-09T23:49:56.0392949Z Complete job name: Documentation
2025-11-09T23:49:56.1096466Z A job started hook has been configured by the self-hosted runner administrator
2025-11-09T23:49:56.1302888Z ##[group]Run '/home/jswift/actions-runner-org2/cleanup-hooks/job-started.sh'
2025-11-09T23:49:56.1338064Z shell: /usr/bin/bash --noprofile --norc -e -o pipefail {0}
2025-11-09T23:49:56.1339674Z ##[endgroup]
2025-11-09T23:49:56.1543164Z Job started: Sun Nov  9 11:49:56 PM UTC 2025
2025-11-09T23:49:56.1563021Z Available disk space: 7.4G
2025-11-09T23:49:56.1599072Z WARNING: Disk usage is 85% - performing user-level cleanup
2025-11-09T23:49:56.1601051Z Cleaning old work directories (user-level cleanup)...
2025-11-09T23:49:56.2901134Z User-level cleanup completed. Disk usage: 85%
2025-11-09T23:49:56.3256514Z ##[group]Run actions/checkout@v4
2025-11-09T23:49:56.3257968Z with:
2025-11-09T23:49:56.3259378Z   repository: BTCDecoded/bllvm-consensus
2025-11-09T23:49:56.3261509Z   token: ***
2025-11-09T23:49:56.3262865Z   ssh-strict: true
2025-11-09T23:49:56.3266119Z   ssh-user: git
2025-11-09T23:49:56.3267553Z   persist-credentials: true
2025-11-09T23:49:56.3269123Z   clean: true
2025-11-09T23:49:56.3270592Z   sparse-checkout-cone-mode: true
2025-11-09T23:49:56.3271719Z   fetch-depth: 1
2025-11-09T23:49:56.3273439Z   fetch-tags: false
2025-11-09T23:49:56.3276843Z   show-progress: true
2025-11-09T23:49:56.3277734Z   lfs: false
2025-11-09T23:49:56.3278525Z   submodules: false
2025-11-09T23:49:56.3279384Z   set-safe-directory: true
2025-11-09T23:49:56.3280602Z env:
2025-11-09T23:49:56.3281379Z   CARGO_TERM_COLOR: always
2025-11-09T23:49:56.3282348Z ##[endgroup]
2025-11-09T23:49:56.4783982Z Syncing repository: BTCDecoded/bllvm-consensus
2025-11-09T23:49:56.4788911Z ##[group]Getting Git version info
2025-11-09T23:49:56.4792055Z Working directory is '/home/jswift/actions-runner-org2/_work/bllvm-consensus/bllvm-consensus'
2025-11-09T23:49:56.4796490Z [command]/usr/bin/git version
2025-11-09T23:49:56.4799193Z git version 2.43.0
2025-11-09T23:49:56.4835303Z ##[endgroup]
2025-11-09T23:49:56.4850969Z Copying '/home/jswift/.gitconfig' to '/home/jswift/actions-runner-org2/_work/_temp/8ec94868-9e63-49b1-83be-29a5810391de/.gitconfig'
2025-11-09T23:49:56.4868282Z Temporarily overriding HOME='/home/jswift/actions-runner-org2/_work/_temp/8ec94868-9e63-49b1-83be-29a5810391de' before making global git config changes
2025-11-09T23:49:56.4874050Z Adding repository directory to the temporary git global config as a safe directory
2025-11-09T23:49:56.4887411Z [command]/usr/bin/git config --global --add safe.directory /home/jswift/actions-runner-org2/_work/bllvm-consensus/bllvm-consensus
2025-11-09T23:49:56.4935114Z [command]/usr/bin/git config --local --get remote.origin.url
2025-11-09T23:49:56.4961297Z https://github.com/BTCDecoded/bllvm-consensus
2025-11-09T23:49:56.4981084Z ##[group]Removing previously created refs, to avoid conflicts
2025-11-09T23:49:56.4984634Z [command]/usr/bin/git rev-parse --symbolic-full-name --verify --quiet HEAD
2025-11-09T23:49:56.5010375Z refs/heads/main
2025-11-09T23:49:56.5022856Z [command]/usr/bin/git checkout --detach
2025-11-09T23:49:57.5643758Z M	target/.rustc_info.json
2025-11-09T23:49:57.5644975Z D	target/debug/.fingerprint/bitcoin_hashes-35bd5aff3b20c562/dep-lib-bitcoin_hashes
2025-11-09T23:49:57.5646256Z D	target/debug/.fingerprint/bitcoin_hashes-35bd5aff3b20c562/invoked.timestamp
2025-11-09T23:49:57.5647350Z D	target/debug/.fingerprint/bitcoin_hashes-35bd5aff3b20c562/lib-bitcoin_hashes
2025-11-09T23:49:57.5648113Z D	target/debug/.fingerprint/bitcoin_hashes-35bd5aff3b20c562/lib-bitcoin_hashes.json
2025-11-09T23:49:57.5648854Z D	target/debug/.fingerprint/bitcoin_hashes-bf175f8f2767a863/dep-lib-bitcoin_hashes
2025-11-09T23:49:57.5649628Z D	target/debug/.fingerprint/bitcoin_hashes-bf175f8f2767a863/invoked.timestamp
2025-11-09T23:49:57.5650325Z D	target/debug/.fingerprint/bitcoin_hashes-bf175f8f2767a863/lib-bitcoin_hashes
2025-11-09T23:49:57.5651017Z D	target/debug/.fingerprint/bitcoin_hashes-bf175f8f2767a863/lib-bitcoin_hashes.json
2025-11-09T23:49:57.5651641Z D	target/debug/.fingerprint/cc-bbea12d4a376216d/dep-lib-cc
2025-11-09T23:49:57.5652172Z D	target/debug/.fingerprint/cc-bbea12d4a376216d/invoked.timestamp
2025-11-09T23:49:57.5653166Z D	target/debug/.fingerprint/cc-bbea12d4a376216d/lib-cc
2025-11-09T23:49:57.5655669Z D	target/debug/.fingerprint/cc-bbea12d4a376216d/lib-cc.json
2025-11-09T23:49:57.5656187Z D	target/debug/.fingerprint/cfg-if-8c106a0aa6df78e9/dep-lib-cfg_if
2025-11-09T23:49:57.5656791Z D	target/debug/.fingerprint/cfg-if-8c106a0aa6df78e9/invoked.timestamp
2025-11-09T23:49:57.5657303Z D	target/debug/.fingerprint/cfg-if-8c106a0aa6df78e9/lib-cfg_if
2025-11-09T23:49:57.5657769Z D	target/debug/.fingerprint/cfg-if-8c106a0aa6df78e9/lib-cfg_if.json
2025-11-09T23:49:57.5658616Z D	target/debug/.fingerprint/cfg-if-b84f1857553d0875/dep-lib-cfg_if
2025-11-09T23:49:57.5659181Z D	target/debug/.fingerprint/cfg-if-b84f1857553d0875/invoked.timestamp
2025-11-09T23:49:57.5659677Z D	target/debug/.fingerprint/cfg-if-b84f1857553d0875/lib-cfg_if
2025-11-09T23:49:57.5660158Z D	target/debug/.fingerprint/cfg-if-b84f1857553d0875/lib-cfg_if.json
2025-11-09T23:49:57.5660709Z D	target/debug/.fingerprint/find-msvc-tools-fd36e75de8c7093b/dep-lib-find_msvc_tools
2025-11-09T23:49:57.5661313Z D	target/debug/.fingerprint/find-msvc-tools-fd36e75de8c7093b/invoked.timestamp
2025-11-09T23:49:57.5661958Z D	target/debug/.fingerprint/find-msvc-tools-fd36e75de8c7093b/lib-find_msvc_tools
2025-11-09T23:49:57.5662588Z D	target/debug/.fingerprint/find-msvc-tools-fd36e75de8c7093b/lib-find_msvc_tools.json
2025-11-09T23:49:57.5663255Z D	target/debug/.fingerprint/proc-macro2-0529b140448dee9d/build-script-build-script-build
2025-11-09T23:49:57.5663973Z D	target/debug/.fingerprint/proc-macro2-0529b140448dee9d/build-script-build-script-build.json
2025-11-09T23:49:57.5665139Z D	target/debug/.fingerprint/proc-macro2-0529b140448dee9d/dep-build-script-build-script-build
2025-11-09T23:49:57.5665856Z D	target/debug/.fingerprint/proc-macro2-0529b140448dee9d/invoked.timestamp
2025-11-09T23:49:57.5669373Z D	target/debug/.fingerprint/proc-macro2-8b59c7c7276862a6/dep-lib-proc_macro2
2025-11-09T23:49:57.5670446Z D	target/debug/.fingerprint/proc-macro2-8b59c7c7276862a6/invoked.timestamp
2025-11-09T23:49:57.5671416Z D	target/debug/.fingerprint/proc-macro2-8b59c7c7276862a6/lib-proc_macro2
2025-11-09T23:49:57.5672382Z D	target/debug/.fingerprint/proc-macro2-8b59c7c7276862a6/lib-proc_macro2.json
2025-11-09T23:49:57.5673687Z D	target/debug/.fingerprint/proc-macro2-c4fca423565ace57/run-build-script-build-script-build
2025-11-09T23:49:57.5675259Z D	target/debug/.fingerprint/proc-macro2-c4fca423565ace57/run-build-script-build-script-build.json
2025-11-09T23:49:57.5676302Z D	target/debug/.fingerprint/quote-a5ceb766d3b7df68/dep-lib-quote
2025-11-09T23:49:57.5677230Z D	target/debug/.fingerprint/quote-a5ceb766d3b7df68/invoked.timestamp
2025-11-09T23:49:57.5678026Z D	target/debug/.fingerprint/quote-a5ceb766d3b7df68/lib-quote
2025-11-09T23:49:57.5678788Z D	target/debug/.fingerprint/quote-a5ceb766d3b7df68/lib-quote.json
2025-11-09T23:49:57.5679975Z D	target/debug/.fingerprint/shlex-9ec73c791a70e40d/dep-lib-shlex
2025-11-09T23:49:57.5680820Z D	target/debug/.fingerprint/shlex-9ec73c791a70e40d/invoked.timestamp
2025-11-09T23:49:57.5681575Z D	target/debug/.fingerprint/shlex-9ec73c791a70e40d/lib-shlex
2025-11-09T23:49:57.5682383Z D	target/debug/.fingerprint/shlex-9ec73c791a70e40d/lib-shlex.json
2025-11-09T23:49:57.5683217Z D	target/debug/.fingerprint/syn-7c9b60c023b73f30/dep-lib-syn
2025-11-09T23:49:57.5684048Z D	target/debug/.fingerprint/syn-7c9b60c023b73f30/invoked.timestamp
2025-11-09T23:49:57.5684971Z D	target/debug/.fingerprint/syn-7c9b60c023b73f30/lib-syn
2025-11-09T23:49:57.5685437Z D	target/debug/.fingerprint/syn-7c9b60c023b73f30/lib-syn.json
2025-11-09T23:49:57.5686107Z D	target/debug/.fingerprint/thiserror-15e664b5df9f4850/dep-lib-thiserror
2025-11-09T23:49:57.5686858Z D	target/debug/.fingerprint/thiserror-15e664b5df9f4850/invoked.timestamp
2025-11-09T23:49:57.5687694Z D	target/debug/.fingerprint/thiserror-15e664b5df9f4850/lib-thiserror
2025-11-09T23:49:57.5688252Z D	target/debug/.fingerprint/thiserror-15e664b5df9f4850/lib-thiserror.json
2025-11-09T23:49:57.5688773Z D	target/debug/.fingerprint/thiserror-316b7d80e34b4821/dep-lib-thiserror
2025-11-09T23:49:57.5689285Z D	target/debug/.fingerprint/thiserror-316b7d80e34b4821/invoked.timestamp
2025-11-09T23:49:57.5689791Z D	target/debug/.fingerprint/thiserror-316b7d80e34b4821/lib-thiserror
2025-11-09T23:49:57.5690310Z D	target/debug/.fingerprint/thiserror-316b7d80e34b4821/lib-thiserror.json
2025-11-09T23:49:57.5690903Z D	target/debug/.fingerprint/thiserror-6cadb049729033d9/build-script-build-script-build
2025-11-09T23:49:57.5692146Z D	target/debug/.fingerprint/thiserroHEAD is now at f1ff386 fix: Update test imports from consensus_proof to bllvm_consensus
2025-11-09T23:49:57.5692861Z r-6cadb049729033d9/build-script-build-script-build.json
2025-11-09T23:49:57.5693474Z D	target/debug/.fingerprint/thiserror-6cadb049729033d9/dep-build-script-build-script-build
2025-11-09T23:49:57.5694277Z D	target/debug/.fingerprint/thiserror-6cadb049729033d9/invoked.timestamp
2025-11-09T23:49:57.5695695Z D	target/debug/.fingerprint/thiserror-b336d6e8da9bee76/run-build-script-build-script-build
2025-11-09T23:49:57.5697019Z D	target/debug/.fingerprint/thiserror-b336d6e8da9bee76/run-build-script-build-script-build.json
2025-11-09T23:49:57.5698117Z D	target/debug/.fingerprint/thiserror-impl-10d48481f9b8882d/dep-lib-thiserror_impl
2025-11-09T23:49:57.5699230Z D	target/debug/.fingerprint/thiserror-impl-10d48481f9b8882d/invoked.timestamp
2025-11-09T23:49:57.5700298Z D	target/debug/.fingerprint/thiserror-impl-10d48481f9b8882d/lib-thiserror_impl
2025-11-09T23:49:57.5701456Z D	target/debug/.fingerprint/thiserror-impl-10d48481f9b8882d/lib-thiserror_impl.json
2025-11-09T23:49:57.5702619Z D	target/debug/.fingerprint/unicode-ident-c45196634c520476/dep-lib-unicode_ident
2025-11-09T23:49:57.5703694Z D	target/debug/.fingerprint/unicode-ident-c45196634c520476/invoked.timestamp
2025-11-09T23:49:57.5705527Z D	target/debug/.fingerprint/unicode-ident-c45196634c520476/lib-unicode_ident
2025-11-09T23:49:57.5706726Z D	target/debug/.fingerprint/unicode-ident-c45196634c520476/lib-unicode_ident.json
2025-11-09T23:49:57.5707786Z D	target/debug/build/proc-macro2-0529b140448dee9d/build-script-build
2025-11-09T23:49:57.5708863Z D	target/debug/build/proc-macro2-0529b140448dee9d/build_script_build-0529b140448dee9d
2025-11-09T23:49:57.5710018Z D	target/debug/build/proc-macro2-0529b140448dee9d/build_script_build-0529b140448dee9d.d
2025-11-09T23:49:57.5711109Z D	target/debug/build/proc-macro2-c4fca423565ace57/invoked.timestamp
2025-11-09T23:49:57.5711987Z D	target/debug/build/proc-macro2-c4fca423565ace57/output
2025-11-09T23:49:57.5712851Z D	target/debug/build/proc-macro2-c4fca423565ace57/root-output
2025-11-09T23:49:57.5713674Z D	target/debug/build/proc-macro2-c4fca423565ace57/stderr
2025-11-09T23:49:57.5714917Z D	target/debug/build/thiserror-6cadb049729033d9/build-script-build
2025-11-09T23:49:57.5716330Z D	target/debug/build/thiserror-6cadb049729033d9/build_script_build-6cadb049729033d9
2025-11-09T23:49:57.5717542Z D	target/debug/build/thiserror-6cadb049729033d9/build_script_build-6cadb049729033d9.d
2025-11-09T23:49:57.5718636Z D	target/debug/build/thiserror-b336d6e8da9bee76/invoked.timestamp
2025-11-09T23:49:57.5719537Z D	target/debug/build/thiserror-b336d6e8da9bee76/output
2025-11-09T23:49:57.5720355Z D	target/debug/build/thiserror-b336d6e8da9bee76/root-output
2025-11-09T23:49:57.5721154Z D	target/debug/build/thiserror-b336d6e8da9bee76/stderr
2025-11-09T23:49:57.5731680Z [command]/usr/bin/git branch --delete --force main
2025-11-09T23:49:57.5770339Z Deleted branch main (was f1ff386).
2025-11-09T23:49:57.5816104Z ##[endgroup]
2025-11-09T23:49:57.5819136Z [command]/usr/bin/git submodule status
2025-11-09T23:49:57.6105027Z ##[group]Cleaning the repository
2025-11-09T23:49:57.6111569Z [command]/usr/bin/git clean -ffdx
2025-11-09T23:49:57.6412298Z Removing target/.rustdoc_fingerprint.json
2025-11-09T23:49:57.6413628Z Removing target/debug/.fingerprint/addr2line-d5ebf1990a8a4e5f/
2025-11-09T23:49:57.6415321Z Removing target/debug/.fingerprint/adler2-af5b0e47f1b187b9/
2025-11-09T23:49:57.6416959Z Removing target/debug/.fingerprint/anes-a0919dfd93f50712/
2025-11-09T23:49:57.6417956Z Removing target/debug/.fingerprint/anstyle-c4f390893da93688/
2025-11-09T23:49:57.6418795Z Removing target/debug/.fingerprint/anyhow-059da4f0d7c55a8b/
2025-11-09T23:49:57.6419607Z Removing target/debug/.fingerprint/anyhow-95fc8231af5535f8/
2025-11-09T23:49:57.6420454Z Removing target/debug/.fingerprint/anyhow-9d430c1379eea21c/
2025-11-09T23:49:57.6421204Z Removing target/debug/.fingerprint/anyhow-e6cbf2b1ef9f5a17/
2025-11-09T23:49:57.6422080Z Removing target/debug/.fingerprint/autocfg-9280f9c2f723f569/
2025-11-09T23:49:57.6423177Z Removing target/debug/.fingerprint/backtrace-50a1387f50507b54/
2025-11-09T23:49:57.6423925Z Removing target/debug/.fingerprint/base64-a27c42143a7ea7b5/
2025-11-09T23:49:57.6424983Z Removing target/debug/.fingerprint/bincode-becc14c21199bb9c/
2025-11-09T23:49:57.6427394Z Removing target/debug/.fingerprint/bincode-f1324220296ae161/
2025-11-09T23:49:57.6428108Z Removing target/debug/.fingerprint/bit-set-46b4e6ac82f2d6c2/
2025-11-09T23:49:57.6428781Z Removing target/debug/.fingerprint/bit-vec-f5e51f12b3cb6dc0/
2025-11-09T23:49:57.6429608Z Removing target/debug/.fingerprint/bitcoin_hashes-afede1b96b464164/
2025-11-09T23:49:57.6430781Z Removing target/debug/.fingerprint/bitcoin_hashes-eaa237cf5b3503ad/
2025-11-09T23:49:57.6431480Z Removing target/debug/.fingerprint/bitflags-896e2bfd2a1fb9d6/
2025-11-09T23:49:57.6432462Z Removing target/debug/.fingerprint/bllvm-consensus-03c178ea49b5e33f/
2025-11-09T23:49:57.6433194Z Removing target/debug/.fingerprint/bllvm-consensus-07951ce7bc79a354/
2025-11-09T23:49:57.6433957Z Removing target/debug/.fingerprint/bllvm-consensus-0d8f15dd1080fc85/
2025-11-09T23:49:57.6435125Z Removing target/debug/.fingerprint/bllvm-consensus-0e38563dd38e912b/
2025-11-09T23:49:57.6502396Z Removing target/debug/.fingerprint/bllvm-consensus-107189dc35077b3a/
2025-11-09T23:49:57.6503263Z Removing target/debug/.fingerprint/bllvm-consensus-1c0c0f1d9f294905/
2025-11-09T23:49:57.6504149Z Removing target/debug/.fingerprint/bllvm-consensus-1cb97f9101c6b430/
2025-11-09T23:49:57.6505009Z Removing target/debug/.fingerprint/bllvm-consensus-35b87da7fd33256a/
2025-11-09T23:49:57.6505650Z Removing target/debug/.fingerprint/bllvm-consensus-38d87f68fd573e96/
2025-11-09T23:49:57.6506271Z Removing target/debug/.fingerprint/bllvm-consensus-4281047bd249c94a/
2025-11-09T23:49:57.6506888Z Removing target/debug/.fingerprint/bllvm-consensus-45c598deb2f166a5/
2025-11-09T23:49:57.6507511Z Removing target/debug/.fingerprint/bllvm-consensus-4769854aa97d04c4/
2025-11-09T23:49:57.6508174Z Removing target/debug/.fingerprint/bllvm-consensus-482a7fb1905cd20b/
2025-11-09T23:49:57.6508780Z Removing target/debug/.fingerprint/bllvm-consensus-488bb6d31439a8b3/
2025-11-09T23:49:57.6509389Z Removing target/debug/.fingerprint/bllvm-consensus-4cf6a1b9d2623d6b/
2025-11-09T23:49:57.6510258Z Removing target/debug/.fingerprint/bllvm-consensus-71a2478a1f4b1c7f/
2025-11-09T23:49:57.6510868Z Removing target/debug/.fingerprint/bllvm-consensus-770970a17a236ded/
2025-11-09T23:49:57.6511473Z Removing target/debug/.fingerprint/bllvm-consensus-82b943b84f771867/
2025-11-09T23:49:57.6512071Z Removing target/debug/.fingerprint/bllvm-consensus-93ee1310d6f594ae/
2025-11-09T23:49:57.6512662Z Removing target/debug/.fingerprint/bllvm-consensus-9809b76fea622d79/
2025-11-09T23:49:57.6513200Z Removing target/debug/.fingerprint/bllvm-consensus-b1795dea432e56e7/
2025-11-09T23:49:57.6513717Z Removing target/debug/.fingerprint/bllvm-consensus-b946a86fc6ffc686/
2025-11-09T23:49:57.6514238Z Removing target/debug/.fingerprint/bllvm-consensus-bbd73f236cf56ff5/
2025-11-09T23:49:57.6515362Z Removing target/debug/.fingerprint/bllvm-consensus-c6165610ce56201b/
2025-11-09T23:49:57.6515907Z Removing target/debug/.fingerprint/bllvm-consensus-d050a87a4e5aea67/
2025-11-09T23:49:57.6516427Z Removing target/debug/.fingerprint/bllvm-consensus-d675b2ce38731eb5/
2025-11-09T23:49:57.6516955Z Removing target/debug/.fingerprint/bllvm-consensus-db7129cdcf3be648/
2025-11-09T23:49:57.6517474Z Removing target/debug/.fingerprint/bllvm-consensus-f79a795aa50c0de6/
2025-11-09T23:49:57.6517987Z Removing target/debug/.fingerprint/bllvm-consensus-fa3407339f6cc364/
2025-11-09T23:49:57.6518502Z Removing target/debug/.fingerprint/block-buffer-237124e17683fddb/
2025-11-09T23:49:57.6519209Z Removing target/debug/.fingerprint/block-buffer-e24311a7f03c980c/
2025-11-09T23:49:57.6520040Z Removing target/debug/.fingerprint/bolero-61e4b405f0d99475/
2025-11-09T23:49:57.6520988Z Removing target/debug/.fingerprint/bolero-engine-7a6a62618e83236d/
2025-11-09T23:49:57.6522360Z Removing target/debug/.fingerprint/bolero-generator-derive-c68fbc97a38d0e7b/
2025-11-09T23:49:57.6523445Z Removing target/debug/.fingerprint/bolero-generator-f52625225236cff7/
2025-11-09T23:49:57.6524523Z Removing target/debug/.fingerprint/bytes-e9fddd1bd45d8900/
2025-11-09T23:49:57.6525327Z Removing target/debug/.fingerprint/cast-93991a378c062ce2/
2025-11-09T23:49:57.6525895Z Removing target/debug/.fingerprint/cc-7d5b8c3e1f4cbfcd/
2025-11-09T23:49:57.6526349Z Removing target/debug/.fingerprint/cfg-if-5efacd4c40f67578/
2025-11-09T23:49:57.6526812Z Removing target/debug/.fingerprint/cfg-if-fc0dab425a2b74c4/
2025-11-09T23:49:57.6527289Z Removing target/debug/.fingerprint/ciborium-b9b3c5892a813a85/
2025-11-09T23:49:57.6527781Z Removing target/debug/.fingerprint/ciborium-io-d4a5cc50b6903de8/
2025-11-09T23:49:57.6528271Z Removing target/debug/.fingerprint/ciborium-ll-b0ffa1280b2c5942/
2025-11-09T23:49:57.6528813Z Removing target/debug/.fingerprint/clap-fa471eea3106a856/
2025-11-09T23:49:57.6529297Z Removing target/debug/.fingerprint/clap_builder-672169a28e439221/
2025-11-09T23:49:57.6529783Z Removing target/debug/.fingerprint/clap_lex-b779c87941961e37/
2025-11-09T23:49:57.6530267Z Removing target/debug/.fingerprint/cpufeatures-0f8ee1944988dae8/
2025-11-09T23:49:57.6530763Z Removing target/debug/.fingerprint/cpufeatures-ee10eae80741e153/
2025-11-09T23:49:57.6531249Z Removing target/debug/.fingerprint/criterion-8b23062bf7628800/
2025-11-09T23:49:57.6531752Z Removing target/debug/.fingerprint/criterion-plot-497bb8be6444bd1f/
2025-11-09T23:49:57.6532282Z Removing target/debug/.fingerprint/crossbeam-deque-f0686b61841f828a/
2025-11-09T23:49:57.6532805Z Removing target/debug/.fingerprint/crossbeam-epoch-5d380abd02926c22/
2025-11-09T23:49:57.6533329Z Removing target/debug/.fingerprint/crossbeam-utils-2e7512e383e7552c/
2025-11-09T23:49:57.6533845Z Removing target/debug/.fingerprint/crossbeam-utils-7b9bd07d9fad49b5/
2025-11-09T23:49:57.6535336Z Removing target/debug/.fingerprint/crossbeam-utils-8107c299d7212acb/
2025-11-09T23:49:57.6535921Z Removing target/debug/.fingerprint/crypto-common-6e0ab91b6c6191f7/
2025-11-09T23:49:57.6536435Z Removing target/debug/.fingerprint/crypto-common-6f50393ddbff5a83/
2025-11-09T23:49:57.6536919Z Removing target/debug/.fingerprint/digest-316d27a2bf334994/
2025-11-09T23:49:57.6539426Z Removing target/debug/.fingerprint/digest-915fde4393040a15/
2025-11-09T23:49:57.6539950Z Removing target/debug/.fingerprint/displaydoc-20238dffa2ae8b0c/
2025-11-09T23:49:57.6540434Z Removing target/debug/.fingerprint/either-a1f9b2c1be6f01b6/
2025-11-09T23:49:57.6540903Z Removing target/debug/.fingerprint/encoding_rs-f1d4c2bbd5bde7a5/
2025-11-09T23:49:57.6541394Z Removing target/debug/.fingerprint/equivalent-fb6cc83cf281e9bc/
2025-11-09T23:49:57.6542252Z Removing target/debug/.fingerprint/fastrand-4c7d3317299366b7/
2025-11-09T23:49:57.6542784Z Removing target/debug/.fingerprint/find-msvc-tools-e0c11e7e4ca96379/
2025-11-09T23:49:57.6543325Z Removing target/debug/.fingerprint/fnv-293287ae6d18546d/
2025-11-09T23:49:57.6543826Z Removing target/debug/.fingerprint/form_urlencoded-dbca2961b0a03513/
2025-11-09T23:49:57.6544498Z Removing target/debug/.fingerprint/futures-channel-ce3244b321a732dd/
2025-11-09T23:49:57.6545359Z Removing target/debug/.fingerprint/futures-core-bc9dc0fd63aebce4/
2025-11-09T23:49:57.6545891Z Removing target/debug/.fingerprint/futures-sink-2dce04bb75870a40/
2025-11-09T23:49:57.6546385Z Removing target/debug/.fingerprint/futures-task-71d5acf17967c2d4/
2025-11-09T23:49:57.6549135Z Removing target/debug/.fingerprint/futures-util-ff1e012805509cb6/
2025-11-09T23:49:57.6549653Z Removing target/debug/.fingerprint/generic-array-036ebdaa4415d02c/
2025-11-09T23:49:57.6550161Z Removing target/debug/.fingerprint/generic-array-0e8a2772e7ae3a96/
2025-11-09T23:49:57.6550686Z Removing target/debug/.fingerprint/generic-array-218c5452e10dd155/
2025-11-09T23:49:57.6551192Z Removing target/debug/.fingerprint/generic-array-27e0812fe9f1c82e/
2025-11-09T23:49:57.6551807Z Removing target/debug/.fingerprint/getrandom-204a7ffda41f2c40/
2025-11-09T23:49:57.6552459Z Removing target/debug/.fingerprint/getrandom-8c953d0b2b49c2d2/
2025-11-09T23:49:57.6552968Z Removing target/debug/.fingerprint/getrandom-94f68988f0176c86/
2025-11-09T23:49:57.6553440Z Removing target/debug/.fingerprint/getrandom-aff71c4311e1d901/
2025-11-09T23:49:57.6553922Z Removing target/debug/.fingerprint/gimli-c6ce211822603f9c/
2025-11-09T23:49:57.6554605Z Removing target/debug/.fingerprint/h2-67b7373a3a98d2b1/
2025-11-09T23:49:57.6557311Z Removing target/debug/.fingerprint/half-b35a8b7b8184a652/
2025-11-09T23:49:57.6557795Z Removing target/debug/.fingerprint/hashbrown-58495ef904525875/
2025-11-09T23:49:57.6558282Z Removing target/debug/.fingerprint/hex-39f5f8bc1bd9aca4/
2025-11-09T23:49:57.6558717Z Removing target/debug/.fingerprint/hex-dcfe2cd018f6e5f0/
2025-11-09T23:49:57.6559154Z Removing target/debug/.fingerprint/http-af18e4ff9e3dfe38/
2025-11-09T23:49:57.6559637Z Removing target/debug/.fingerprint/http-body-8d5d3ab6f40ba57e/
2025-11-09T23:49:57.6560132Z Removing target/debug/.fingerprint/httparse-16b6048ff48827ab/
2025-11-09T23:49:57.6560612Z Removing target/debug/.fingerprint/httparse-af37b3e2ea59937d/
2025-11-09T23:49:57.6561079Z Removing target/debug/.fingerprint/httparse-cd2acd3122f2951e/
2025-11-09T23:49:57.6561551Z Removing target/debug/.fingerprint/httpdate-d5018c03204bd778/
2025-11-09T23:49:57.6561995Z Removing target/debug/.fingerprint/hyper-b60025547ec7088a/
2025-11-09T23:49:57.6562476Z Removing target/debug/.fingerprint/icu_collections-8d123128da8a58ae/
2025-11-09T23:49:57.6562988Z Removing target/debug/.fingerprint/icu_locale_core-14c42337931d9756/
2025-11-09T23:49:57.6563486Z Removing target/debug/.fingerprint/icu_normalizer-0602ce96235f2213/
2025-11-09T23:49:57.6564010Z Removing target/debug/.fingerprint/icu_normalizer_data-0521896a956c6a5a/
2025-11-09T23:49:57.6564907Z Removing target/debug/.fingerprint/icu_normalizer_data-05aa9f4127f1522c/
2025-11-09T23:49:57.6565474Z Removing target/debug/.fingerprint/icu_normalizer_data-7b70d1e6c13d434d/
2025-11-09T23:49:57.6566013Z Removing target/debug/.fingerprint/icu_properties-594bddf639bd9870/
2025-11-09T23:49:57.6566550Z Removing target/debug/.fingerprint/icu_properties_data-3eb416884774962c/
2025-11-09T23:49:57.6567091Z Removing target/debug/.fingerprint/icu_properties_data-753bf78d21f987f7/
2025-11-09T23:49:57.6567823Z Removing target/debug/.fingerprint/icu_properties_data-ec31945ff356bd2d/
2025-11-09T23:49:57.6568353Z Removing target/debug/.fingerprint/icu_provider-4e515be11ce49769/
2025-11-09T23:49:57.6568816Z Removing target/debug/.fingerprint/idna-8396801de7b90c02/
2025-11-09T23:49:57.6569284Z Removing target/debug/.fingerprint/idna_adapter-77a719ba56251a40/
2025-11-09T23:49:57.6621313Z Removing target/debug/.fingerprint/indexmap-ebd5508a6a5e9cdb/
2025-11-09T23:49:57.6622260Z Removing target/debug/.fingerprint/ipnet-f6c3440d7603f13d/
2025-11-09T23:49:57.6623102Z Removing target/debug/.fingerprint/is-terminal-dcd73c744b96c2bf/
2025-11-09T23:49:57.6623961Z Removing target/debug/.fingerprint/itertools-65e81afe9e445558/
2025-11-09T23:49:57.6624952Z Removing target/debug/.fingerprint/itoa-08c0ac77a7f9c5e1/
2025-11-09T23:49:57.6627158Z Removing target/debug/.fingerprint/itoa-b11a99c3fb91e0ba/
2025-11-09T23:49:57.6627670Z Removing target/debug/.fingerprint/lazy_static-a60c6f0d6f5b0a48/
2025-11-09T23:49:57.6628173Z Removing target/debug/.fingerprint/libc-0a40c070d57948ed/
2025-11-09T23:49:57.6628636Z Removing target/debug/.fingerprint/libc-0bbb25e1d8acad57/
2025-11-09T23:49:57.6629083Z Removing target/debug/.fingerprint/libc-babd76be9bd57097/
2025-11-09T23:49:57.6629517Z Removing target/debug/.fingerprint/libm-5566613c570f3f25/
2025-11-09T23:49:57.6629937Z Removing target/debug/.fingerprint/libm-9878322bd35959a3/
2025-11-09T23:49:57.6630371Z Removing target/debug/.fingerprint/libm-bea1df92f0410dc7/
2025-11-09T23:49:57.6630845Z Removing target/debug/.fingerprint/linux-raw-sys-bb87369efe12a535/
2025-11-09T23:49:57.6631331Z Removing target/debug/.fingerprint/litemap-25eb7b5ae4df2615/
2025-11-09T23:49:57.6632146Z Removing target/debug/.fingerprint/log-7936ee94095ef39c/
2025-11-09T23:49:57.6632628Z Removing target/debug/.fingerprint/memchr-5d4e0d6bc9bda00f/
2025-11-09T23:49:57.6633088Z Removing target/debug/.fingerprint/mime-10033b098b888fed/
2025-11-09T23:49:57.6633549Z Removing target/debug/.fingerprint/miniz_oxide-d9ad3627380b17c2/
2025-11-09T23:49:57.6634016Z Removing target/debug/.fingerprint/mio-de964bf95b3057fb/
2025-11-09T23:49:57.6634779Z Removing target/debug/.fingerprint/num-traits-5cf5aecfc8480859/
2025-11-09T23:49:57.6635316Z Removing target/debug/.fingerprint/num-traits-b506934bb740cbf6/
2025-11-09T23:49:57.6635805Z Removing target/debug/.fingerprint/num-traits-dcfaab6837dca6ca/
2025-11-09T23:49:57.6636275Z Removing target/debug/.fingerprint/object-5829cb2233c0b513/
2025-11-09T23:49:57.6636728Z Removing target/debug/.fingerprint/object-79e3009c3f235dd5/
2025-11-09T23:49:57.6637610Z Removing target/debug/.fingerprint/object-80086ec81049dfec/
2025-11-09T23:49:57.6638079Z Removing target/debug/.fingerprint/once_cell-140027e2059e248c/
2025-11-09T23:49:57.6638562Z Removing target/debug/.fingerprint/oorandom-2c0384e18d716be6/
2025-11-09T23:49:57.6639078Z Removing target/debug/.fingerprint/percent-encoding-d4c02626543d40b3/
2025-11-09T23:49:57.6639608Z Removing target/debug/.fingerprint/pin-project-lite-8304a63f5944e937/
2025-11-09T23:49:57.6640144Z Removing target/debug/.fingerprint/pin-utils-4afe9bfe4113f5ad/
2025-11-09T23:49:57.6640660Z Removing target/debug/.fingerprint/plotters-backend-6c59dc1580532443/
2025-11-09T23:49:57.6641152Z Removing target/debug/.fingerprint/plotters-bae18d6894739156/
2025-11-09T23:49:57.6641635Z Removing target/debug/.fingerprint/plotters-svg-1e338b432e7f1ba6/
2025-11-09T23:49:57.6642134Z Removing target/debug/.fingerprint/potential_utf-594a8beb8964bbdf/
2025-11-09T23:49:57.6642633Z Removing target/debug/.fingerprint/ppv-lite86-f31b72c16d3ab29d/
2025-11-09T23:49:57.6643291Z Removing target/debug/.fingerprint/pretty-hex-3b643e86f56f4855/
2025-11-09T23:49:57.6645835Z Removing target/debug/.fingerprint/proc-macro-crate-288ba2d6f9cde8b2/
2025-11-09T23:49:57.6646380Z Removing target/debug/.fingerprint/proc-macro2-013e91bf61085fba/
2025-11-09T23:49:57.6646865Z Removing target/debug/.fingerprint/proc-macro2-0c90074a995b0125/
2025-11-09T23:49:57.6647353Z Removing target/debug/.fingerprint/proc-macro2-a923716fdc1423c7/
2025-11-09T23:49:57.6648076Z Removing target/debug/.fingerprint/proptest-fe5de64ab58eee66/
2025-11-09T23:49:57.6648575Z Removing target/debug/.fingerprint/quick-error-5431cbc53e6855e5/
2025-11-09T23:49:57.6649049Z Removing target/debug/.fingerprint/quote-1fd57a8d49f3e414/
2025-11-09T23:49:57.6649500Z Removing target/debug/.fingerprint/rand-fc4e73356887d916/
2025-11-09T23:49:57.6649978Z Removing target/debug/.fingerprint/rand_chacha-e20e83dc90b265db/
2025-11-09T23:49:57.6650455Z Removing target/debug/.fingerprint/rand_core-c368d6b1d0f2f67a/
2025-11-09T23:49:57.6650951Z Removing target/debug/.fingerprint/rand_xorshift-30dbcff9e0cf9f0e/
2025-11-09T23:49:57.6651450Z Removing target/debug/.fingerprint/rand_xoshiro-fb20a66967968e23/
2025-11-09T23:49:57.6651950Z Removing target/debug/.fingerprint/rayon-core-03a79c366c595edc/
2025-11-09T23:49:57.6652430Z Removing target/debug/.fingerprint/rayon-core-8233f837b2b82aa9/
2025-11-09T23:49:57.6652908Z Removing target/debug/.fingerprint/rayon-core-8f7a8180a2a17a55/
2025-11-09T23:49:57.6653386Z Removing target/debug/.fingerprint/rayon-fcfccdaccb2c1c8f/
2025-11-09T23:49:57.6653833Z Removing target/debug/.fingerprint/regex-7316801095448dcb/
2025-11-09T23:49:57.6654468Z Removing target/debug/.fingerprint/regex-automata-560db73d82089022/
2025-11-09T23:49:57.6655117Z Removing target/debug/.fingerprint/regex-syntax-fe8a530891fa5af3/
2025-11-09T23:49:57.6655599Z Removing target/debug/.fingerprint/reqwest-f1349d583e399c32/
2025-11-09T23:49:57.6657943Z Removing target/debug/.fingerprint/ripemd-c4385cbf09230132/
2025-11-09T23:49:57.6658391Z Removing target/debug/.fingerprint/ripemd-f61d2a11e38c01dd/
2025-11-09T23:49:57.6658872Z Removing target/debug/.fingerprint/rustc-demangle-8dab3eb1c1115427/
2025-11-09T23:49:57.6659526Z Removing target/debug/.fingerprint/rustix-4c7e8a32787cbda3/
2025-11-09T23:49:57.6659984Z Removing target/debug/.fingerprint/rustix-9d1c1196c042be37/
2025-11-09T23:49:57.6660430Z Removing target/debug/.fingerprint/rustix-fe849c32e80f99c3/
2025-11-09T23:49:57.6661081Z Removing target/debug/.fingerprint/rusty-fork-408f526f41d594bd/
2025-11-09T23:49:57.6661540Z Removing target/debug/.fingerprint/ryu-1d74fbb8396b52fe/
2025-11-09T23:49:57.6662011Z Removing target/debug/.fingerprint/ryu-27d616b1525b0bd5/
2025-11-09T23:49:57.6728613Z Removing target/debug/.fingerprint/same-file-885ba4335dbafcd5/
2025-11-09T23:49:57.6729595Z Removing target/debug/.fingerprint/secp256k1-3552d18711f5218e/
2025-11-09T23:49:57.6730451Z Removing target/debug/.fingerprint/secp256k1-a7db9034d9c45ea0/
2025-11-09T23:49:57.6731325Z Removing target/debug/.fingerprint/secp256k1-sys-18fc324a2f93c70b/
2025-11-09T23:49:57.6732205Z Removing target/debug/.fingerprint/secp256k1-sys-6cd32742aabed926/
2025-11-09T23:49:57.6732858Z Removing target/debug/.fingerprint/secp256k1-sys-708e464d25e2f9a2/
2025-11-09T23:49:57.6733414Z Removing target/debug/.fingerprint/secp256k1-sys-cbc42ff488488692/
2025-11-09T23:49:57.6733940Z Removing target/debug/.fingerprint/serde-1f6df97ca8e777f3/
2025-11-09T23:49:57.6734674Z Removing target/debug/.fingerprint/serde-4eca9d9f7a929b57/
2025-11-09T23:49:57.6735175Z Removing target/debug/.fingerprint/serde-79bd1dc91f22d7e2/
2025-11-09T23:49:57.6735648Z Removing target/debug/.fingerprint/serde-8e0d7ee100c82f98/
2025-11-09T23:49:57.6736129Z Removing target/debug/.fingerprint/serde-a3217f5e798b0a0e/
2025-11-09T23:49:57.6736598Z Removing target/debug/.fingerprint/serde-bd8472bda08e6db8/
2025-11-09T23:49:57.6737090Z Removing target/debug/.fingerprint/serde_derive-e749fa70367a8df4/
2025-11-09T23:49:57.6737610Z Removing target/debug/.fingerprint/serde_derive-f7022334ed5675a3/
2025-11-09T23:49:57.6739620Z Removing target/debug/.fingerprint/serde_json-0dc48a5bcf535a0b/
2025-11-09T23:49:57.6740205Z Removing target/debug/.fingerprint/serde_json-4b2f7e519a4c7e92/
2025-11-09T23:49:57.6740708Z Removing target/debug/.fingerprint/serde_json-b75336d497f01a50/
2025-11-09T23:49:57.6741197Z Removing target/debug/.fingerprint/serde_json-f87e09600e685d33/
2025-11-09T23:49:57.6741955Z Removing target/debug/.fingerprint/serde_urlencoded-36b5f7aa51dec2d6/
2025-11-09T23:49:57.6742598Z Removing target/debug/.fingerprint/sha2-a6f830be70788546/
2025-11-09T23:49:57.6743087Z Removing target/debug/.fingerprint/sha2-asm-5fc243991633aa35/
2025-11-09T23:49:57.6743571Z Removing target/debug/.fingerprint/sha2-asm-b2e38aa444311777/
2025-11-09T23:49:57.6744057Z Removing target/debug/.fingerprint/sha2-asm-d08d40e52f733493/
2025-11-09T23:49:57.6744678Z Removing target/debug/.fingerprint/sha2-asm-db02cef9726600b0/
2025-11-09T23:49:57.6745148Z Removing target/debug/.fingerprint/sha2-f1ee2b7c028150d8/
2025-11-09T23:49:57.6747433Z Removing target/debug/.fingerprint/shlex-83c7e0da01d13271/
2025-11-09T23:49:57.6747879Z Removing target/debug/.fingerprint/slab-3f53b5c5532ac7a8/
2025-11-09T23:49:57.6748347Z Removing target/debug/.fingerprint/smallvec-8995de69024cacd0/
2025-11-09T23:49:57.6748805Z Removing target/debug/.fingerprint/socket2-af83260fbd731ddc/
2025-11-09T23:49:57.6749263Z Removing target/debug/.fingerprint/socket2-ce2370ef04b1c292/
2025-11-09T23:49:57.6749914Z Removing target/debug/.fingerprint/stable_deref_trait-3d6a1750f55786e6/
2025-11-09T23:49:57.6750422Z Removing target/debug/.fingerprint/syn-1194b09556b5fe4b/
2025-11-09T23:49:57.6750851Z Removing target/debug/.fingerprint/syn-34d04d1461fb490a/
2025-11-09T23:49:57.6751270Z Removing target/debug/.fingerprint/syn-aca17214a42be380/
2025-11-09T23:49:57.6751699Z Removing target/debug/.fingerprint/syn-d514d08d86c32935/
2025-11-09T23:49:57.6752118Z Removing target/debug/.fingerprint/syn-db513f8ec2c70902/
2025-11-09T23:49:57.6752582Z Removing target/debug/.fingerprint/sync_wrapper-011d66a29022fa57/
2025-11-09T23:49:57.6753088Z Removing target/debug/.fingerprint/synstructure-5e32a687d3c1544f/
2025-11-09T23:49:57.6753724Z Removing target/debug/.fingerprint/tempfile-9dd7ea7255645a6d/
2025-11-09T23:49:57.6754224Z Removing target/debug/.fingerprint/thiserror-0ab41f997ece6c55/
2025-11-09T23:49:57.6755136Z Removing target/debug/.fingerprint/thiserror-33d8d4720d5b26de/
2025-11-09T23:49:57.6755679Z Removing target/debug/.fingerprint/thiserror-5c7e835cbcf3ecb5/
2025-11-09T23:49:57.6756178Z Removing target/debug/.fingerprint/thiserror-7a6e0ed1eb395f20/
2025-11-09T23:49:57.6756685Z Removing target/debug/.fingerprint/thiserror-impl-74aca0240a9ecf0d/
2025-11-09T23:49:57.6757213Z Removing target/debug/.fingerprint/thiserror-impl-ae242962b985a660/
2025-11-09T23:49:57.6757699Z Removing target/debug/.fingerprint/tinystr-d3b19922b34c6b5f/
2025-11-09T23:49:57.6758198Z Removing target/debug/.fingerprint/tinytemplate-8f3fd706f9b14a51/
2025-11-09T23:49:57.6758670Z Removing target/debug/.fingerprint/tokio-87840121dbcc34d6/
2025-11-09T23:49:57.6761025Z Removing target/debug/.fingerprint/tokio-macros-2752d99a3d96bedd/
2025-11-09T23:49:57.6761520Z Removing target/debug/.fingerprint/tokio-util-f8c6b36c18753d70/
2025-11-09T23:49:57.6762164Z Removing target/debug/.fingerprint/toml_datetime-93eba6e9ca7547bc/
2025-11-09T23:49:57.6762673Z Removing target/debug/.fingerprint/toml_edit-769c1e6e8df88079/
2025-11-09T23:49:57.6763163Z Removing target/debug/.fingerprint/tower-service-863bcdc79d53a78b/
2025-11-09T23:49:57.6763639Z Removing target/debug/.fingerprint/tracing-45bd8448a06fd778/
2025-11-09T23:49:57.6764111Z Removing target/debug/.fingerprint/tracing-core-efd5a647688ed0e7/
2025-11-09T23:49:57.6764749Z Removing target/debug/.fingerprint/try-lock-0a9dba077bc589b2/
2025-11-09T23:49:57.6765218Z Removing target/debug/.fingerprint/typenum-015e0db2d7fddc8a/
2025-11-09T23:49:57.6765677Z Removing target/debug/.fingerprint/typenum-911c3e43dcb6b56a/
2025-11-09T23:49:57.6766124Z Removing target/debug/.fingerprint/typenum-93ec83b436bf1eae/
2025-11-09T23:49:57.6766569Z Removing target/debug/.fingerprint/typenum-95c161620aaca3ae/
2025-11-09T23:49:57.6767023Z Removing target/debug/.fingerprint/unarray-a3a566f6e348ba30/
2025-11-09T23:49:57.6767497Z Removing target/debug/.fingerprint/unicode-ident-796da7d7beff3c43/
2025-11-09T23:49:57.6767963Z Removing target/debug/.fingerprint/url-5c968cb4d8c3dd35/
2025-11-09T23:49:57.6768593Z Removing target/debug/.fingerprint/utf8_iter-25f6afe9a4463498/
2025-11-09T23:49:57.6769077Z Removing target/debug/.fingerprint/version_check-a216429c4cbdde93/
2025-11-09T23:49:57.6950870Z Removing target/debug/.fingerprint/wait-timeout-4dae2813bb096b7d/
2025-11-09T23:49:57.6952108Z Removing target/debug/.fingerprint/walkdir-61d89ec0cab3a80b/
2025-11-09T23:49:57.6953141Z Removing target/debug/.fingerprint/want-ed71f0675c882a6c/
2025-11-09T23:49:57.6956217Z Removing target/debug/.fingerprint/winnow-c3069a2d8d8dfc76/
2025-11-09T23:49:57.6957041Z Removing target/debug/.fingerprint/writeable-3371d4204352a54a/
2025-11-09T23:49:57.6957733Z Removing target/debug/.fingerprint/yoke-8853c473f3035d81/
2025-11-09T23:49:57.6958458Z Removing target/debug/.fingerprint/yoke-derive-06b29befb72e1620/
2025-11-09T23:49:57.6959203Z Removing target/debug/.fingerprint/zerocopy-5fabe0b83574e243/
2025-11-09T23:49:57.6959904Z Removing target/debug/.fingerprint/zerocopy-b498f825c400ed66/
2025-11-09T23:49:57.6960608Z Removing target/debug/.fingerprint/zerocopy-b6fca17bb70b5855/
2025-11-09T23:49:57.6961354Z Removing target/debug/.fingerprint/zerocopy-derive-9d99d41eb05d0a6d/
2025-11-09T23:49:57.6962096Z Removing target/debug/.fingerprint/zerofrom-1bfef26325f52b1d/
2025-11-09T23:49:57.6962771Z Removing target/debug/.fingerprint/zerofrom-derive-f24f75456298c6e7/
2025-11-09T23:49:57.6963328Z Removing target/debug/.fingerprint/zerotrie-51758b64cb4153fc/
2025-11-09T23:49:57.6963827Z Removing target/debug/.fingerprint/zerovec-7d5972dc6f34f025/
2025-11-09T23:49:57.6965245Z Removing target/debug/.fingerprint/zerovec-derive-de60b80a4650ecc3/
2025-11-09T23:49:57.6965786Z Removing target/debug/build/anyhow-9d430c1379eea21c/
2025-11-09T23:49:57.6966482Z Removing target/debug/build/anyhow-e6cbf2b1ef9f5a17/
2025-11-09T23:49:57.6966994Z Removing target/debug/build/crossbeam-utils-2e7512e383e7552c/
2025-11-09T23:49:57.6967535Z Removing target/debug/build/crossbeam-utils-7b9bd07d9fad49b5/
2025-11-09T23:49:57.6968042Z Removing target/debug/build/generic-array-036ebdaa4415d02c/
2025-11-09T23:49:57.6968597Z Removing target/debug/build/generic-array-27e0812fe9f1c82e/
2025-11-09T23:49:57.6969209Z Removing target/debug/build/getrandom-204a7ffda41f2c40/
2025-11-09T23:49:57.6969674Z Removing target/debug/build/getrandom-aff71c4311e1d901/
2025-11-09T23:49:57.6970129Z Removing target/debug/build/httparse-af37b3e2ea59937d/
2025-11-09T23:49:57.6970574Z Removing target/debug/build/httparse-cd2acd3122f2951e/
2025-11-09T23:49:57.6971066Z Removing target/debug/build/icu_normalizer_data-0521896a956c6a5a/
2025-11-09T23:49:57.6971587Z Removing target/debug/build/icu_normalizer_data-05aa9f4127f1522c/
2025-11-09T23:49:57.6972108Z Removing target/debug/build/icu_properties_data-753bf78d21f987f7/
2025-11-09T23:49:57.6972636Z Removing target/debug/build/icu_properties_data-ec31945ff356bd2d/
2025-11-09T23:49:57.6973073Z Removing target/debug/build/libc-0a40c070d57948ed/
2025-11-09T23:49:57.6973469Z Removing target/debug/build/libc-babd76be9bd57097/
2025-11-09T23:49:57.6973860Z Removing target/debug/build/libm-5566613c570f3f25/
2025-11-09T23:49:57.6974249Z Removing target/debug/build/libm-bea1df92f0410dc7/
2025-11-09T23:49:57.6974823Z Removing target/debug/build/num-traits-5cf5aecfc8480859/
2025-11-09T23:49:57.6975274Z Removing target/debug/build/num-traits-dcfaab6837dca6ca/
2025-11-09T23:49:57.6975697Z Removing target/debug/build/object-79e3009c3f235dd5/
2025-11-09T23:49:57.6976091Z Removing target/debug/build/object-80086ec81049dfec/
2025-11-09T23:49:57.6976516Z Removing target/debug/build/proc-macro2-0c90074a995b0125/
2025-11-09T23:49:57.6976962Z Removing target/debug/build/proc-macro2-a923716fdc1423c7/
2025-11-09T23:49:57.6977403Z Removing target/debug/build/rayon-core-03a79c366c595edc/
2025-11-09T23:49:57.6977833Z Removing target/debug/build/rayon-core-8f7a8180a2a17a55/
2025-11-09T23:49:57.6978254Z Removing target/debug/build/rustix-4c7e8a32787cbda3/
2025-11-09T23:49:57.6978665Z Removing target/debug/build/rustix-fe849c32e80f99c3/
2025-11-09T23:49:57.6979270Z Removing target/debug/build/secp256k1-sys-708e464d25e2f9a2/
2025-11-09T23:49:57.6979725Z Removing target/debug/build/secp256k1-sys-cbc42ff488488692/
2025-11-09T23:49:57.6980143Z Removing target/debug/build/serde-1f6df97ca8e777f3/
2025-11-09T23:49:57.6980538Z Removing target/debug/build/serde-79bd1dc91f22d7e2/
2025-11-09T23:49:57.6980926Z Removing target/debug/build/serde-8e0d7ee100c82f98/
2025-11-09T23:49:57.6981317Z Removing target/debug/build/serde-bd8472bda08e6db8/
2025-11-09T23:49:57.6981724Z Removing target/debug/build/serde_json-0dc48a5bcf535a0b/
2025-11-09T23:49:57.6982151Z Removing target/debug/build/serde_json-f87e09600e685d33/
2025-11-09T23:49:57.6982580Z Removing target/debug/build/sha2-asm-b2e38aa444311777/
2025-11-09T23:49:57.6982996Z Removing target/debug/build/sha2-asm-d08d40e52f733493/
2025-11-09T23:49:57.6983390Z Removing target/debug/build/syn-1194b09556b5fe4b/
2025-11-09T23:49:57.6983759Z Removing target/debug/build/syn-d514d08d86c32935/
2025-11-09T23:49:57.6984164Z Removing target/debug/build/thiserror-0ab41f997ece6c55/
2025-11-09T23:49:57.6984707Z Removing target/debug/build/thiserror-5c7e835cbcf3ecb5/
2025-11-09T23:49:57.6985129Z Removing target/debug/build/typenum-911c3e43dcb6b56a/
2025-11-09T23:49:57.6985539Z Removing target/debug/build/typenum-93ec83b436bf1eae/
2025-11-09T23:49:57.6985946Z Removing target/debug/build/zerocopy-5fabe0b83574e243/
2025-11-09T23:49:57.6986366Z Removing target/debug/build/zerocopy-b6fca17bb70b5855/
2025-11-09T23:49:57.6986777Z Removing target/debug/deps/addr2line-d5ebf1990a8a4e5f.d
2025-11-09T23:49:57.6987189Z Removing target/debug/deps/adler2-af5b0e47f1b187b9.d
2025-11-09T23:49:57.6987585Z Removing target/debug/deps/anes-a0919dfd93f50712.d
2025-11-09T23:49:57.6987999Z Removing target/debug/deps/anstyle-c4f390893da93688.d
2025-11-09T23:49:57.6988546Z Removing target/debug/deps/anyhow-059da4f0d7c55a8b.d
2025-11-09T23:49:57.6988952Z Removing target/debug/deps/anyhow-95fc8231af5535f8.d
2025-11-09T23:49:57.6989357Z Removing target/debug/deps/api_tests-488bb6d31439a8b3
2025-11-09T23:49:57.6989774Z Removing target/debug/deps/api_tests-488bb6d31439a8b3.d
2025-11-09T23:49:57.6990187Z Removing target/debug/deps/autocfg-9280f9c2f723f569.d
2025-11-09T23:49:57.7337229Z Removing target/debug/deps/backtrace-50a1387f50507b54.d
2025-11-09T23:49:57.7338386Z Removing target/debug/deps/base64-a27c42143a7ea7b5.d
2025-11-09T23:49:57.7339052Z Removing target/debug/deps/bincode-becc14c21199bb9c.d
2025-11-09T23:49:57.7339661Z Removing target/debug/deps/bincode-f1324220296ae161.d
2025-11-09T23:49:57.7340261Z Removing target/debug/deps/bit_set-46b4e6ac82f2d6c2.d
2025-11-09T23:49:57.7340858Z Removing target/debug/deps/bit_vec-f5e51f12b3cb6dc0.d
2025-11-09T23:49:57.7341504Z Removing target/debug/deps/bitcoin_hashes-afede1b96b464164.d
2025-11-09T23:49:57.7342259Z Removing target/debug/deps/bitcoin_hashes-eaa237cf5b3503ad.d
2025-11-09T23:49:57.7342913Z Removing target/debug/deps/bitflags-896e2bfd2a1fb9d6.d
2025-11-09T23:49:57.7343586Z Removing target/debug/deps/bllvm_consensus-482a7fb1905cd20b.d
2025-11-09T23:49:57.7344518Z Removing target/debug/deps/bllvm_consensus-b1795dea432e56e7
2025-11-09T23:49:57.7345289Z Removing target/debug/deps/bllvm_consensus-b1795dea432e56e7.d
2025-11-09T23:49:57.7345983Z Removing target/debug/deps/block_buffer-237124e17683fddb.d
2025-11-09T23:49:57.7346642Z Removing target/debug/deps/block_buffer-e24311a7f03c980c.d
2025-11-09T23:49:57.7347354Z Removing target/debug/deps/block_weight_edge_cases-770970a17a236ded
2025-11-09T23:49:57.7348126Z Removing target/debug/deps/block_weight_edge_cases-770970a17a236ded.d
2025-11-09T23:49:57.7348821Z Removing target/debug/deps/bolero-61e4b405f0d99475.d
2025-11-09T23:49:57.7349448Z Removing target/debug/deps/bolero_engine-7a6a62618e83236d.d
2025-11-09T23:49:57.7350157Z Removing target/debug/deps/bolero_generator-f52625225236cff7.d
2025-11-09T23:49:57.7350917Z Removing target/debug/deps/bolero_generator_derive-c68fbc97a38d0e7b.d
2025-11-09T23:49:57.7351600Z Removing target/debug/deps/bytes-e9fddd1bd45d8900.d
2025-11-09T23:49:57.7352751Z Removing target/debug/deps/cast-93991a378c062ce2.d
2025-11-09T23:49:57.7353269Z Removing target/debug/deps/cc-7d5b8c3e1f4cbfcd.d
2025-11-09T23:49:57.7353926Z Removing target/debug/deps/cfg_if-5efacd4c40f67578.d
2025-11-09T23:49:57.7354850Z Removing target/debug/deps/cfg_if-fc0dab425a2b74c4.d
2025-11-09T23:49:57.7355369Z Removing target/debug/deps/ciborium-b9b3c5892a813a85.d
2025-11-09T23:49:57.7355821Z Removing target/debug/deps/ciborium_io-d4a5cc50b6903de8.d
2025-11-09T23:49:57.7356276Z Removing target/debug/deps/ciborium_ll-b0ffa1280b2c5942.d
2025-11-09T23:49:57.7356700Z Removing target/debug/deps/clap-fa471eea3106a856.d
2025-11-09T23:49:57.7357131Z Removing target/debug/deps/clap_builder-672169a28e439221.d
2025-11-09T23:49:57.7357602Z Removing target/debug/deps/clap_lex-b779c87941961e37.d
2025-11-09T23:49:57.7358089Z Removing target/debug/deps/coinbase_maturity-35b87da7fd33256a
2025-11-09T23:49:57.7358583Z Removing target/debug/deps/coinbase_maturity-35b87da7fd33256a.d
2025-11-09T23:49:57.7359109Z Removing target/debug/deps/comprehensive_unit_tests-45c598deb2f166a5
2025-11-09T23:49:57.7359666Z Removing target/debug/deps/comprehensive_unit_tests-45c598deb2f166a5.d
2025-11-09T23:49:57.7360174Z Removing target/debug/deps/consensus_flags-1cb97f9101c6b430
2025-11-09T23:49:57.7360645Z Removing target/debug/deps/consensus_flags-1cb97f9101c6b430.d
2025-11-09T23:49:57.7361143Z Removing target/debug/deps/core_vector_extractor-03c178ea49b5e33f
2025-11-09T23:49:57.7361652Z Removing target/debug/deps/core_vector_extractor-03c178ea49b5e33f.d
2025-11-09T23:49:57.7362150Z Removing target/debug/deps/cpufeatures-0f8ee1944988dae8.d
2025-11-09T23:49:57.7362596Z Removing target/debug/deps/cpufeatures-ee10eae80741e153.d
2025-11-09T23:49:57.7363037Z Removing target/debug/deps/criterion-8b23062bf7628800.d
2025-11-09T23:49:57.7363658Z Removing target/debug/deps/criterion_plot-497bb8be6444bd1f.d
2025-11-09T23:49:57.7364165Z Removing target/debug/deps/cross_bip_property_tests-4769854aa97d04c4
2025-11-09T23:49:57.7365017Z Removing target/debug/deps/cross_bip_property_tests-4769854aa97d04c4.d
2025-11-09T23:49:57.7365549Z Removing target/debug/deps/crossbeam_deque-f0686b61841f828a.d
2025-11-09T23:49:57.7366027Z Removing target/debug/deps/crossbeam_epoch-5d380abd02926c22.d
2025-11-09T23:49:57.7366490Z Removing target/debug/deps/crossbeam_utils-8107c299d7212acb.d
2025-11-09T23:49:57.7366957Z Removing target/debug/deps/crypto_common-6e0ab91b6c6191f7.d
2025-11-09T23:49:57.7367406Z Removing target/debug/deps/crypto_common-6f50393ddbff5a83.d
2025-11-09T23:49:57.7367829Z Removing target/debug/deps/digest-316d27a2bf334994.d
2025-11-09T23:49:57.7368238Z Removing target/debug/deps/digest-915fde4393040a15.d
2025-11-09T23:49:57.7368655Z Removing target/debug/deps/displaydoc-20238dffa2ae8b0c.d
2025-11-09T23:49:57.7369098Z Removing target/debug/deps/either-a1f9b2c1be6f01b6.d
2025-11-09T23:49:57.7369525Z Removing target/debug/deps/encoding_rs-f1d4c2bbd5bde7a5.d
2025-11-09T23:49:57.7369974Z Removing target/debug/deps/equivalent-fb6cc83cf281e9bc.d
2025-11-09T23:49:57.7370431Z Removing target/debug/deps/error_path_tests-c6165610ce56201b
2025-11-09T23:49:57.7370891Z Removing target/debug/deps/error_path_tests-c6165610ce56201b.d
2025-11-09T23:49:57.7371340Z Removing target/debug/deps/fastrand-4c7d3317299366b7.d
2025-11-09T23:49:57.7371780Z Removing target/debug/deps/find_msvc_tools-e0c11e7e4ca96379.d
2025-11-09T23:49:57.7372386Z Removing target/debug/deps/fnv-293287ae6d18546d.d
2025-11-09T23:49:57.7372817Z Removing target/debug/deps/form_urlencoded-dbca2961b0a03513.d
2025-11-09T23:49:57.7373293Z Removing target/debug/deps/futures_channel-ce3244b321a732dd.d
2025-11-09T23:49:57.7373877Z Removing target/debug/deps/futures_core-bc9dc0fd63aebce4.d
2025-11-09T23:49:57.7374462Z Removing target/debug/deps/futures_sink-2dce04bb75870a40.d
2025-11-09T23:49:57.7374939Z Removing target/debug/deps/futures_task-71d5acf17967c2d4.d
2025-11-09T23:49:57.7375379Z Removing target/debug/deps/futures_util-ff1e012805509cb6.d
2025-11-09T23:49:57.7375819Z Removing target/debug/deps/generic_array-0e8a2772e7ae3a96.d
2025-11-09T23:49:57.7376449Z Removing target/debug/deps/generic_array-218c5452e10dd155.d
2025-11-09T23:49:57.7501726Z Removing target/debug/deps/getrandom-8c953d0b2b49c2d2.d
2025-11-09T23:49:57.7502666Z Removing target/debug/deps/getrandom-94f68988f0176c86.d
2025-11-09T23:49:57.7503258Z Removing target/debug/deps/gimli-c6ce211822603f9c.d
2025-11-09T23:49:57.7503742Z Removing target/debug/deps/h2-67b7373a3a98d2b1.d
2025-11-09T23:49:57.7504220Z Removing target/debug/deps/half-b35a8b7b8184a652.d
2025-11-09T23:49:57.7504864Z Removing target/debug/deps/hashbrown-58495ef904525875.d
2025-11-09T23:49:57.7505364Z Removing target/debug/deps/hex-39f5f8bc1bd9aca4.d
2025-11-09T23:49:57.7505846Z Removing target/debug/deps/hex-dcfe2cd018f6e5f0.d
2025-11-09T23:49:57.7506421Z Removing target/debug/deps/historical_consensus-38d87f68fd573e96
2025-11-09T23:49:57.7507055Z Removing target/debug/deps/historical_consensus-38d87f68fd573e96.d
2025-11-09T23:49:57.7507608Z Removing target/debug/deps/http-af18e4ff9e3dfe38.d
2025-11-09T23:49:57.7508115Z Removing target/debug/deps/http_body-8d5d3ab6f40ba57e.d
2025-11-09T23:49:57.7508620Z Removing target/debug/deps/httparse-16b6048ff48827ab.d
2025-11-09T23:49:57.7509127Z Removing target/debug/deps/httpdate-d5018c03204bd778.d
2025-11-09T23:49:57.7509631Z Removing target/debug/deps/hyper-b60025547ec7088a.d
2025-11-09T23:49:57.7522543Z Removing target/debug/deps/icu_collections-8d123128da8a58ae.d
2025-11-09T23:49:57.7523099Z Removing target/debug/deps/icu_locale_core-14c42337931d9756.d
2025-11-09T23:49:57.7523598Z Removing target/debug/deps/icu_normalizer-0602ce96235f2213.d
2025-11-09T23:49:57.7524111Z Removing target/debug/deps/icu_normalizer_data-7b70d1e6c13d434d.d
2025-11-09T23:49:57.7525050Z Removing target/debug/deps/icu_properties-594bddf639bd9870.d
2025-11-09T23:49:57.7525591Z Removing target/debug/deps/icu_properties_data-3eb416884774962c.d
2025-11-09T23:49:57.7526096Z Removing target/debug/deps/icu_provider-4e515be11ce49769.d
2025-11-09T23:49:57.7526555Z Removing target/debug/deps/idna-8396801de7b90c02.d
2025-11-09T23:49:57.7526995Z Removing target/debug/deps/idna_adapter-77a719ba56251a40.d
2025-11-09T23:49:57.7527448Z Removing target/debug/deps/indexmap-ebd5508a6a5e9cdb.d
2025-11-09T23:49:57.7527959Z Removing target/debug/deps/integration_opportunities-d675b2ce38731eb5
2025-11-09T23:49:57.7528522Z Removing target/debug/deps/integration_opportunities-d675b2ce38731eb5.d
2025-11-09T23:49:57.7529052Z Removing target/debug/deps/integration_tests-4281047bd249c94a
2025-11-09T23:49:57.7529536Z Removing target/debug/deps/integration_tests-4281047bd249c94a.d
2025-11-09T23:49:57.7529986Z Removing target/debug/deps/ipnet-f6c3440d7603f13d.d
2025-11-09T23:49:57.7530414Z Removing target/debug/deps/is_terminal-dcd73c744b96c2bf.d
2025-11-09T23:49:57.7530868Z Removing target/debug/deps/itertools-65e81afe9e445558.d
2025-11-09T23:49:57.7531284Z Removing target/debug/deps/itoa-08c0ac77a7f9c5e1.d
2025-11-09T23:49:57.7531675Z Removing target/debug/deps/itoa-b11a99c3fb91e0ba.d
2025-11-09T23:49:57.7532207Z Removing target/debug/deps/lazy_static-a60c6f0d6f5b0a48.d
2025-11-09T23:49:57.7532756Z Removing target/debug/deps/libaddr2line-d5ebf1990a8a4e5f.rlib
2025-11-09T23:49:57.7533255Z Removing target/debug/deps/libaddr2line-d5ebf1990a8a4e5f.rmeta
2025-11-09T23:49:57.7533722Z Removing target/debug/deps/libadler2-af5b0e47f1b187b9.rlib
2025-11-09T23:49:57.7534179Z Removing target/debug/deps/libadler2-af5b0e47f1b187b9.rmeta
2025-11-09T23:49:57.7534828Z Removing target/debug/deps/libanes-a0919dfd93f50712.rlib
2025-11-09T23:49:57.7535268Z Removing target/debug/deps/libanes-a0919dfd93f50712.rmeta
2025-11-09T23:49:57.7535715Z Removing target/debug/deps/libanstyle-c4f390893da93688.rlib
2025-11-09T23:49:57.7536172Z Removing target/debug/deps/libanstyle-c4f390893da93688.rmeta
2025-11-09T23:49:57.7536640Z Removing target/debug/deps/libanyhow-059da4f0d7c55a8b.rmeta
2025-11-09T23:49:57.7537090Z Removing target/debug/deps/libanyhow-95fc8231af5535f8.rlib
2025-11-09T23:49:57.7537544Z Removing target/debug/deps/libanyhow-95fc8231af5535f8.rmeta
2025-11-09T23:49:57.7538202Z Removing target/debug/deps/libautocfg-9280f9c2f723f569.rlib
2025-11-09T23:49:57.7538666Z Removing target/debug/deps/libautocfg-9280f9c2f723f569.rmeta
2025-11-09T23:49:57.7539145Z Removing target/debug/deps/libbacktrace-50a1387f50507b54.rlib
2025-11-09T23:49:57.7539626Z Removing target/debug/deps/libbacktrace-50a1387f50507b54.rmeta
2025-11-09T23:49:57.7540093Z Removing target/debug/deps/libbase64-a27c42143a7ea7b5.rlib
2025-11-09T23:49:57.7540539Z Removing target/debug/deps/libbase64-a27c42143a7ea7b5.rmeta
2025-11-09T23:49:57.7540993Z Removing target/debug/deps/libbincode-becc14c21199bb9c.rlib
2025-11-09T23:49:57.7541460Z Removing target/debug/deps/libbincode-becc14c21199bb9c.rmeta
2025-11-09T23:49:57.7541922Z Removing target/debug/deps/libbincode-f1324220296ae161.rmeta
2025-11-09T23:49:57.7542374Z Removing target/debug/deps/libbit_set-46b4e6ac82f2d6c2.rlib
2025-11-09T23:49:57.7542818Z Removing target/debug/deps/libbit_set-46b4e6ac82f2d6c2.rmeta
2025-11-09T23:49:57.7543270Z Removing target/debug/deps/libbit_vec-f5e51f12b3cb6dc0.rlib
2025-11-09T23:49:57.7543708Z Removing target/debug/deps/libbit_vec-f5e51f12b3cb6dc0.rmeta
2025-11-09T23:49:57.7544194Z Removing target/debug/deps/libbitcoin_hashes-afede1b96b464164.rlib
2025-11-09T23:49:57.7544848Z Removing target/debug/deps/libbitcoin_hashes-afede1b96b464164.rmeta
2025-11-09T23:49:57.7545354Z Removing target/debug/deps/libbitcoin_hashes-eaa237cf5b3503ad.rmeta
2025-11-09T23:49:57.7545845Z Removing target/debug/deps/libbitflags-896e2bfd2a1fb9d6.rlib
2025-11-09T23:49:57.7546322Z Removing target/debug/deps/libbitflags-896e2bfd2a1fb9d6.rmeta
2025-11-09T23:49:57.7546822Z Removing target/debug/deps/libbllvm_consensus-482a7fb1905cd20b.rlib
2025-11-09T23:49:57.7547482Z Removing target/debug/deps/libbllvm_consensus-482a7fb1905cd20b.rmeta
2025-11-09T23:49:57.7548006Z Removing target/debug/deps/libblock_buffer-237124e17683fddb.rmeta
2025-11-09T23:49:57.7548497Z Removing target/debug/deps/libblock_buffer-e24311a7f03c980c.rlib
2025-11-09T23:49:57.7548992Z Removing target/debug/deps/libblock_buffer-e24311a7f03c980c.rmeta
2025-11-09T23:49:57.7695053Z Removing target/debug/deps/libbolero-61e4b405f0d99475.rlib
2025-11-09T23:49:57.7695861Z Removing target/debug/deps/libbolero-61e4b405f0d99475.rmeta
2025-11-09T23:49:57.7696518Z Removing target/debug/deps/libbolero_engine-7a6a62618e83236d.rlib
2025-11-09T23:49:57.7697173Z Removing target/debug/deps/libbolero_engine-7a6a62618e83236d.rmeta
2025-11-09T23:49:57.7697836Z Removing target/debug/deps/libbolero_generator-f52625225236cff7.rlib
2025-11-09T23:49:57.7698497Z Removing target/debug/deps/libbolero_generator-f52625225236cff7.rmeta
2025-11-09T23:49:57.7699201Z Removing target/debug/deps/libbolero_generator_derive-c68fbc97a38d0e7b.so
2025-11-09T23:49:57.7699889Z Removing target/debug/deps/libbytes-e9fddd1bd45d8900.rlib
2025-11-09T23:49:57.7700471Z Removing target/debug/deps/libbytes-e9fddd1bd45d8900.rmeta
2025-11-09T23:49:57.7701015Z Removing target/debug/deps/libc-0bbb25e1d8acad57.d
2025-11-09T23:49:57.7701548Z Removing target/debug/deps/libcast-93991a378c062ce2.rlib
2025-11-09T23:49:57.7702255Z Removing target/debug/deps/libcast-93991a378c062ce2.rmeta
2025-11-09T23:49:57.7702743Z Removing target/debug/deps/libcc-7d5b8c3e1f4cbfcd.rlib
2025-11-09T23:49:57.7703196Z Removing target/debug/deps/libcc-7d5b8c3e1f4cbfcd.rmeta
2025-11-09T23:49:57.7703664Z Removing target/debug/deps/libcfg_if-5efacd4c40f67578.rlib
2025-11-09T23:49:57.7704126Z Removing target/debug/deps/libcfg_if-5efacd4c40f67578.rmeta
2025-11-09T23:49:57.7704889Z Removing target/debug/deps/libcfg_if-fc0dab425a2b74c4.rmeta
2025-11-09T23:49:57.7705386Z Removing target/debug/deps/libciborium-b9b3c5892a813a85.rlib
2025-11-09T23:49:57.7707764Z Removing target/debug/deps/libciborium-b9b3c5892a813a85.rmeta
2025-11-09T23:49:57.7708544Z Removing target/debug/deps/libciborium_io-d4a5cc50b6903de8.rlib
2025-11-09T23:49:57.7709077Z Removing target/debug/deps/libciborium_io-d4a5cc50b6903de8.rmeta
2025-11-09T23:49:57.7709585Z Removing target/debug/deps/libciborium_ll-b0ffa1280b2c5942.rlib
2025-11-09T23:49:57.7710349Z Removing target/debug/deps/libciborium_ll-b0ffa1280b2c5942.rmeta
2025-11-09T23:49:57.7710846Z Removing target/debug/deps/libclap-fa471eea3106a856.rlib
2025-11-09T23:49:57.7711302Z Removing target/debug/deps/libclap-fa471eea3106a856.rmeta
2025-11-09T23:49:57.7711895Z Removing target/debug/deps/libclap_builder-672169a28e439221.rlib
2025-11-09T23:49:57.7712438Z Removing target/debug/deps/libclap_builder-672169a28e439221.rmeta
2025-11-09T23:49:57.7712930Z Removing target/debug/deps/libclap_lex-b779c87941961e37.rlib
2025-11-09T23:49:57.7713388Z Removing target/debug/deps/libclap_lex-b779c87941961e37.rmeta
2025-11-09T23:49:57.7713875Z Removing target/debug/deps/libcpufeatures-0f8ee1944988dae8.rmeta
2025-11-09T23:49:57.7714532Z Removing target/debug/deps/libcpufeatures-ee10eae80741e153.rlib
2025-11-09T23:49:57.7715289Z Removing target/debug/deps/libcpufeatures-ee10eae80741e153.rmeta
2025-11-09T23:49:57.7715785Z Removing target/debug/deps/libcriterion-8b23062bf7628800.rlib
2025-11-09T23:49:57.7716266Z Removing target/debug/deps/libcriterion-8b23062bf7628800.rmeta
2025-11-09T23:49:57.7716771Z Removing target/debug/deps/libcriterion_plot-497bb8be6444bd1f.rlib
2025-11-09T23:49:57.7717293Z Removing target/debug/deps/libcriterion_plot-497bb8be6444bd1f.rmeta
2025-11-09T23:49:57.7717813Z Removing target/debug/deps/libcrossbeam_deque-f0686b61841f828a.rlib
2025-11-09T23:49:57.7718355Z Removing target/debug/deps/libcrossbeam_deque-f0686b61841f828a.rmeta
2025-11-09T23:49:57.7718877Z Removing target/debug/deps/libcrossbeam_epoch-5d380abd02926c22.rlib
2025-11-09T23:49:57.7719402Z Removing target/debug/deps/libcrossbeam_epoch-5d380abd02926c22.rmeta
2025-11-09T23:49:57.7719921Z Removing target/debug/deps/libcrossbeam_utils-8107c299d7212acb.rlib
2025-11-09T23:49:57.7720610Z Removing target/debug/deps/libcrossbeam_utils-8107c299d7212acb.rmeta
2025-11-09T23:49:57.7721150Z Removing target/debug/deps/libcrypto_common-6e0ab91b6c6191f7.rlib
2025-11-09T23:49:57.7721670Z Removing target/debug/deps/libcrypto_common-6e0ab91b6c6191f7.rmeta
2025-11-09T23:49:57.7722188Z Removing target/debug/deps/libcrypto_common-6f50393ddbff5a83.rmeta
2025-11-09T23:49:57.7722672Z Removing target/debug/deps/libdigest-316d27a2bf334994.rlib
2025-11-09T23:49:57.7723130Z Removing target/debug/deps/libdigest-316d27a2bf334994.rmeta
2025-11-09T23:49:57.7723571Z Removing target/debug/deps/libdigest-915fde4393040a15.rmeta
2025-11-09T23:49:57.7724174Z Removing target/debug/deps/libdisplaydoc-20238dffa2ae8b0c.so
2025-11-09T23:49:57.7725090Z Removing target/debug/deps/libeither-a1f9b2c1be6f01b6.rlib
2025-11-09T23:49:57.7727461Z Removing target/debug/deps/libeither-a1f9b2c1be6f01b6.rmeta
2025-11-09T23:49:57.7727942Z Removing target/debug/deps/libencoding_rs-f1d4c2bbd5bde7a5.rlib
2025-11-09T23:49:57.7728445Z Removing target/debug/deps/libencoding_rs-f1d4c2bbd5bde7a5.rmeta
2025-11-09T23:49:57.7728943Z Removing target/debug/deps/libequivalent-fb6cc83cf281e9bc.rlib
2025-11-09T23:49:57.7729429Z Removing target/debug/deps/libequivalent-fb6cc83cf281e9bc.rmeta
2025-11-09T23:49:57.7729913Z Removing target/debug/deps/libfastrand-4c7d3317299366b7.rlib
2025-11-09T23:49:57.7730379Z Removing target/debug/deps/libfastrand-4c7d3317299366b7.rmeta
2025-11-09T23:49:57.7730863Z Removing target/debug/deps/libfind_msvc_tools-e0c11e7e4ca96379.rlib
2025-11-09T23:49:57.7731380Z Removing target/debug/deps/libfind_msvc_tools-e0c11e7e4ca96379.rmeta
2025-11-09T23:49:57.7731845Z Removing target/debug/deps/libfnv-293287ae6d18546d.rlib
2025-11-09T23:49:57.7732269Z Removing target/debug/deps/libfnv-293287ae6d18546d.rmeta
2025-11-09T23:49:57.7732735Z Removing target/debug/deps/libform_urlencoded-dbca2961b0a03513.rlib
2025-11-09T23:49:57.7733257Z Removing target/debug/deps/libform_urlencoded-dbca2961b0a03513.rmeta
2025-11-09T23:49:57.7733778Z Removing target/debug/deps/libfutures_channel-ce3244b321a732dd.rlib
2025-11-09T23:49:57.7855614Z Removing target/debug/deps/libfutures_channel-ce3244b321a732dd.rmeta
2025-11-09T23:49:57.7856661Z Removing target/debug/deps/libfutures_core-bc9dc0fd63aebce4.rlib
2025-11-09T23:49:57.7857657Z Removing target/debug/deps/libfutures_core-bc9dc0fd63aebce4.rmeta
2025-11-09T23:49:57.7858354Z Removing target/debug/deps/libfutures_sink-2dce04bb75870a40.rlib
2025-11-09T23:49:57.7859035Z Removing target/debug/deps/libfutures_sink-2dce04bb75870a40.rmeta
2025-11-09T23:49:57.7859702Z Removing target/debug/deps/libfutures_task-71d5acf17967c2d4.rlib
2025-11-09T23:49:57.7860358Z Removing target/debug/deps/libfutures_task-71d5acf17967c2d4.rmeta
2025-11-09T23:49:57.7861003Z Removing target/debug/deps/libfutures_util-ff1e012805509cb6.rlib
2025-11-09T23:49:57.7861653Z Removing target/debug/deps/libfutures_util-ff1e012805509cb6.rmeta
2025-11-09T23:49:57.7862814Z Removing target/debug/deps/libgeneric_array-0e8a2772e7ae3a96.rmeta
2025-11-09T23:49:57.7863632Z Removing target/debug/deps/libgeneric_array-218c5452e10dd155.rlib
2025-11-09T23:49:57.7864609Z Removing target/debug/deps/libgeneric_array-218c5452e10dd155.rmeta
2025-11-09T23:49:57.7865349Z Removing target/debug/deps/libgetrandom-8c953d0b2b49c2d2.rlib
2025-11-09T23:49:57.7867654Z Removing target/debug/deps/libgetrandom-8c953d0b2b49c2d2.rmeta
2025-11-09T23:49:57.7868296Z Removing target/debug/deps/libgetrandom-94f68988f0176c86.rlib
2025-11-09T23:49:57.7868942Z Removing target/debug/deps/libgetrandom-94f68988f0176c86.rmeta
2025-11-09T23:49:57.7869562Z Removing target/debug/deps/libgimli-c6ce211822603f9c.rlib
2025-11-09T23:49:57.7870155Z Removing target/debug/deps/libgimli-c6ce211822603f9c.rmeta
2025-11-09T23:49:57.7870724Z Removing target/debug/deps/libh2-67b7373a3a98d2b1.rlib
2025-11-09T23:49:57.7871276Z Removing target/debug/deps/libh2-67b7373a3a98d2b1.rmeta
2025-11-09T23:49:57.7871839Z Removing target/debug/deps/libhalf-b35a8b7b8184a652.rlib
2025-11-09T23:49:57.7872600Z Removing target/debug/deps/libhalf-b35a8b7b8184a652.rmeta
2025-11-09T23:49:57.7873131Z Removing target/debug/deps/libhashbrown-58495ef904525875.rlib
2025-11-09T23:49:57.7873665Z Removing target/debug/deps/libhashbrown-58495ef904525875.rmeta
2025-11-09T23:49:57.7874179Z Removing target/debug/deps/libhex-39f5f8bc1bd9aca4.rmeta
2025-11-09T23:49:57.7874784Z Removing target/debug/deps/libhex-dcfe2cd018f6e5f0.rlib
2025-11-09T23:49:57.7875253Z Removing target/debug/deps/libhex-dcfe2cd018f6e5f0.rmeta
2025-11-09T23:49:57.7877510Z Removing target/debug/deps/libhttp-af18e4ff9e3dfe38.rlib
2025-11-09T23:49:57.7877985Z Removing target/debug/deps/libhttp-af18e4ff9e3dfe38.rmeta
2025-11-09T23:49:57.7878483Z Removing target/debug/deps/libhttp_body-8d5d3ab6f40ba57e.rlib
2025-11-09T23:49:57.7878986Z Removing target/debug/deps/libhttp_body-8d5d3ab6f40ba57e.rmeta
2025-11-09T23:49:57.7879584Z Removing target/debug/deps/libhttparse-16b6048ff48827ab.rlib
2025-11-09T23:49:57.7880131Z Removing target/debug/deps/libhttparse-16b6048ff48827ab.rmeta
2025-11-09T23:49:57.7880618Z Removing target/debug/deps/libhttpdate-d5018c03204bd778.rlib
2025-11-09T23:49:57.7881111Z Removing target/debug/deps/libhttpdate-d5018c03204bd778.rmeta
2025-11-09T23:49:57.7881592Z Removing target/debug/deps/libhyper-b60025547ec7088a.rlib
2025-11-09T23:49:57.7882071Z Removing target/debug/deps/libhyper-b60025547ec7088a.rmeta
2025-11-09T23:49:57.7882583Z Removing target/debug/deps/libicu_collections-8d123128da8a58ae.rlib
2025-11-09T23:49:57.7883121Z Removing target/debug/deps/libicu_collections-8d123128da8a58ae.rmeta
2025-11-09T23:49:57.7883643Z Removing target/debug/deps/libicu_locale_core-14c42337931d9756.rlib
2025-11-09T23:49:57.7884146Z Removing target/debug/deps/libicu_locale_core-14c42337931d9756.rmeta
2025-11-09T23:49:57.7885094Z Removing target/debug/deps/libicu_normalizer-0602ce96235f2213.rlib
2025-11-09T23:49:57.7885795Z Removing target/debug/deps/libicu_normalizer-0602ce96235f2213.rmeta
2025-11-09T23:49:57.7886357Z Removing target/debug/deps/libicu_normalizer_data-7b70d1e6c13d434d.rlib
2025-11-09T23:49:57.7886913Z Removing target/debug/deps/libicu_normalizer_data-7b70d1e6c13d434d.rmeta
2025-11-09T23:49:57.7887450Z Removing target/debug/deps/libicu_properties-594bddf639bd9870.rlib
2025-11-09T23:49:57.7888216Z Removing target/debug/deps/libicu_properties-594bddf639bd9870.rmeta
2025-11-09T23:49:57.7888753Z Removing target/debug/deps/libicu_properties_data-3eb416884774962c.rlib
2025-11-09T23:49:57.7889305Z Removing target/debug/deps/libicu_properties_data-3eb416884774962c.rmeta
2025-11-09T23:49:57.7889826Z Removing target/debug/deps/libicu_provider-4e515be11ce49769.rlib
2025-11-09T23:49:57.7890421Z Removing target/debug/deps/libicu_provider-4e515be11ce49769.rmeta
2025-11-09T23:49:57.7890903Z Removing target/debug/deps/libidna-8396801de7b90c02.rlib
2025-11-09T23:49:57.7891341Z Removing target/debug/deps/libidna-8396801de7b90c02.rmeta
2025-11-09T23:49:57.7891807Z Removing target/debug/deps/libidna_adapter-77a719ba56251a40.rlib
2025-11-09T23:49:57.7892303Z Removing target/debug/deps/libidna_adapter-77a719ba56251a40.rmeta
2025-11-09T23:49:57.7892783Z Removing target/debug/deps/libindexmap-ebd5508a6a5e9cdb.rlib
2025-11-09T23:49:57.7893249Z Removing target/debug/deps/libindexmap-ebd5508a6a5e9cdb.rmeta
2025-11-09T23:49:57.7893710Z Removing target/debug/deps/libipnet-f6c3440d7603f13d.rlib
2025-11-09T23:49:57.7894151Z Removing target/debug/deps/libipnet-f6c3440d7603f13d.rmeta
2025-11-09T23:49:57.7894759Z Removing target/debug/deps/libis_terminal-dcd73c744b96c2bf.rlib
2025-11-09T23:49:57.7895247Z Removing target/debug/deps/libis_terminal-dcd73c744b96c2bf.rmeta
2025-11-09T23:49:57.7895723Z Removing target/debug/deps/libitertools-65e81afe9e445558.rlib
2025-11-09T23:49:57.7896202Z Removing target/debug/deps/libitertools-65e81afe9e445558.rmeta
2025-11-09T23:49:57.7896652Z Removing target/debug/deps/libitoa-08c0ac77a7f9c5e1.rmeta
2025-11-09T23:49:57.7897081Z Removing target/debug/deps/libitoa-b11a99c3fb91e0ba.rlib
2025-11-09T23:49:57.8043629Z Removing target/debug/deps/libitoa-b11a99c3fb91e0ba.rmeta
2025-11-09T23:49:57.8045021Z Removing target/debug/deps/liblazy_static-a60c6f0d6f5b0a48.rlib
2025-11-09T23:49:57.8047928Z Removing target/debug/deps/liblazy_static-a60c6f0d6f5b0a48.rmeta
2025-11-09T23:49:57.8049062Z Removing target/debug/deps/liblibc-0bbb25e1d8acad57.rlib
2025-11-09T23:49:57.8050111Z Removing target/debug/deps/liblibc-0bbb25e1d8acad57.rmeta
2025-11-09T23:49:57.8051083Z Removing target/debug/deps/liblibm-9878322bd35959a3.rlib
2025-11-09T23:49:57.8052266Z Removing target/debug/deps/liblibm-9878322bd35959a3.rmeta
2025-11-09T23:49:57.8053261Z Removing target/debug/deps/liblinux_raw_sys-bb87369efe12a535.rlib
2025-11-09T23:49:57.8054173Z Removing target/debug/deps/liblinux_raw_sys-bb87369efe12a535.rmeta
2025-11-09T23:49:57.8055211Z Removing target/debug/deps/liblitemap-25eb7b5ae4df2615.rlib
2025-11-09T23:49:57.8057827Z Removing target/debug/deps/liblitemap-25eb7b5ae4df2615.rmeta
2025-11-09T23:49:57.8058667Z Removing target/debug/deps/liblog-7936ee94095ef39c.rlib
2025-11-09T23:49:57.8059520Z Removing target/debug/deps/liblog-7936ee94095ef39c.rmeta
2025-11-09T23:49:57.8060394Z Removing target/debug/deps/libm-9878322bd35959a3.d
2025-11-09T23:49:57.8061323Z Removing target/debug/deps/libmemchr-5d4e0d6bc9bda00f.rlib
2025-11-09T23:49:57.8062232Z Removing target/debug/deps/libmemchr-5d4e0d6bc9bda00f.rmeta
2025-11-09T23:49:57.8063049Z Removing target/debug/deps/libmime-10033b098b888fed.rlib
2025-11-09T23:49:57.8063595Z Removing target/debug/deps/libmime-10033b098b888fed.rmeta
2025-11-09T23:49:57.8064080Z Removing target/debug/deps/libminiz_oxide-d9ad3627380b17c2.rlib
2025-11-09T23:49:57.8064958Z Removing target/debug/deps/libminiz_oxide-d9ad3627380b17c2.rmeta
2025-11-09T23:49:57.8065453Z Removing target/debug/deps/libmio-de964bf95b3057fb.rlib
2025-11-09T23:49:57.8065901Z Removing target/debug/deps/libmio-de964bf95b3057fb.rmeta
2025-11-09T23:49:57.8066381Z Removing target/debug/deps/libnum_traits-b506934bb740cbf6.rlib
2025-11-09T23:49:57.8066885Z Removing target/debug/deps/libnum_traits-b506934bb740cbf6.rmeta
2025-11-09T23:49:57.8067367Z Removing target/debug/deps/libobject-5829cb2233c0b513.rlib
2025-11-09T23:49:57.8067816Z Removing target/debug/deps/libobject-5829cb2233c0b513.rmeta
2025-11-09T23:49:57.8068504Z Removing target/debug/deps/libonce_cell-140027e2059e248c.rlib
2025-11-09T23:49:57.8068974Z Removing target/debug/deps/libonce_cell-140027e2059e248c.rmeta
2025-11-09T23:49:57.8069449Z Removing target/debug/deps/liboorandom-2c0384e18d716be6.rlib
2025-11-09T23:49:57.8069927Z Removing target/debug/deps/liboorandom-2c0384e18d716be6.rmeta
2025-11-09T23:49:57.8070429Z Removing target/debug/deps/libpercent_encoding-d4c02626543d40b3.rlib
2025-11-09T23:49:57.8070967Z Removing target/debug/deps/libpercent_encoding-d4c02626543d40b3.rmeta
2025-11-09T23:49:57.8071494Z Removing target/debug/deps/libpin_project_lite-8304a63f5944e937.rlib
2025-11-09T23:49:57.8072017Z Removing target/debug/deps/libpin_project_lite-8304a63f5944e937.rmeta
2025-11-09T23:49:57.8072531Z Removing target/debug/deps/libpin_utils-4afe9bfe4113f5ad.rlib
2025-11-09T23:49:57.8073010Z Removing target/debug/deps/libpin_utils-4afe9bfe4113f5ad.rmeta
2025-11-09T23:49:57.8073480Z Removing target/debug/deps/libplotters-bae18d6894739156.rlib
2025-11-09T23:49:57.8073943Z Removing target/debug/deps/libplotters-bae18d6894739156.rmeta
2025-11-09T23:49:57.8074747Z Removing target/debug/deps/libplotters_backend-6c59dc1580532443.rlib
2025-11-09T23:49:57.8075337Z Removing target/debug/deps/libplotters_backend-6c59dc1580532443.rmeta
2025-11-09T23:49:57.8075847Z Removing target/debug/deps/libplotters_svg-1e338b432e7f1ba6.rlib
2025-11-09T23:49:57.8076337Z Removing target/debug/deps/libplotters_svg-1e338b432e7f1ba6.rmeta
2025-11-09T23:49:57.8076833Z Removing target/debug/deps/libpotential_utf-594a8beb8964bbdf.rlib
2025-11-09T23:49:57.8077337Z Removing target/debug/deps/libpotential_utf-594a8beb8964bbdf.rmeta
2025-11-09T23:49:57.8077828Z Removing target/debug/deps/libppv_lite86-f31b72c16d3ab29d.rlib
2025-11-09T23:49:57.8078457Z Removing target/debug/deps/libppv_lite86-f31b72c16d3ab29d.rmeta
2025-11-09T23:49:57.8078951Z Removing target/debug/deps/libpretty_hex-3b643e86f56f4855.rlib
2025-11-09T23:49:57.8079418Z Removing target/debug/deps/libpretty_hex-3b643e86f56f4855.rmeta
2025-11-09T23:49:57.8079896Z Removing target/debug/deps/libproc_macro2-013e91bf61085fba.rlib
2025-11-09T23:49:57.8080368Z Removing target/debug/deps/libproc_macro2-013e91bf61085fba.rmeta
2025-11-09T23:49:57.8080875Z Removing target/debug/deps/libproc_macro_crate-288ba2d6f9cde8b2.rlib
2025-11-09T23:49:57.8081392Z Removing target/debug/deps/libproc_macro_crate-288ba2d6f9cde8b2.rmeta
2025-11-09T23:49:57.8081892Z Removing target/debug/deps/libproptest-fe5de64ab58eee66.rlib
2025-11-09T23:49:57.8082360Z Removing target/debug/deps/libproptest-fe5de64ab58eee66.rmeta
2025-11-09T23:49:57.8082834Z Removing target/debug/deps/libquick_error-5431cbc53e6855e5.rlib
2025-11-09T23:49:57.8083314Z Removing target/debug/deps/libquick_error-5431cbc53e6855e5.rmeta
2025-11-09T23:49:57.8083781Z Removing target/debug/deps/libquote-1fd57a8d49f3e414.rlib
2025-11-09T23:49:57.8084228Z Removing target/debug/deps/libquote-1fd57a8d49f3e414.rmeta
2025-11-09T23:49:57.8084891Z Removing target/debug/deps/librand-fc4e73356887d916.rlib
2025-11-09T23:49:57.8085349Z Removing target/debug/deps/librand-fc4e73356887d916.rmeta
2025-11-09T23:49:57.8085806Z Removing target/debug/deps/librand_chacha-e20e83dc90b265db.rlib
2025-11-09T23:49:57.8086294Z Removing target/debug/deps/librand_chacha-e20e83dc90b265db.rmeta
2025-11-09T23:49:57.8086778Z Removing target/debug/deps/librand_core-c368d6b1d0f2f67a.rlib
2025-11-09T23:49:57.8087246Z Removing target/debug/deps/librand_core-c368d6b1d0f2f67a.rmeta
2025-11-09T23:49:57.8087741Z Removing target/debug/deps/librand_xorshift-30dbcff9e0cf9f0e.rlib
2025-11-09T23:49:57.8088245Z Removing target/debug/deps/librand_xorshift-30dbcff9e0cf9f0e.rmeta
2025-11-09T23:49:57.8370054Z Removing target/debug/deps/librand_xoshiro-fb20a66967968e23.rlib
2025-11-09T23:49:57.8370945Z Removing target/debug/deps/librand_xoshiro-fb20a66967968e23.rmeta
2025-11-09T23:49:57.8371722Z Removing target/debug/deps/librayon-fcfccdaccb2c1c8f.rlib
2025-11-09T23:49:57.8372516Z Removing target/debug/deps/librayon-fcfccdaccb2c1c8f.rmeta
2025-11-09T23:49:57.8373461Z Removing target/debug/deps/librayon_core-8233f837b2b82aa9.rlib
2025-11-09T23:49:57.8374170Z Removing target/debug/deps/librayon_core-8233f837b2b82aa9.rmeta
2025-11-09T23:49:57.8375106Z Removing target/debug/deps/libregex-7316801095448dcb.rlib
2025-11-09T23:49:57.8375765Z Removing target/debug/deps/libregex-7316801095448dcb.rmeta
2025-11-09T23:49:57.8376459Z Removing target/debug/deps/libregex_automata-560db73d82089022.rlib
2025-11-09T23:49:57.8377211Z Removing target/debug/deps/libregex_automata-560db73d82089022.rmeta
2025-11-09T23:49:57.8377955Z Removing target/debug/deps/libregex_syntax-fe8a530891fa5af3.rlib
2025-11-09T23:49:57.8378686Z Removing target/debug/deps/libregex_syntax-fe8a530891fa5af3.rmeta
2025-11-09T23:49:57.8379925Z Removing target/debug/deps/libreqwest-f1349d583e399c32.rlib
2025-11-09T23:49:57.8380747Z Removing target/debug/deps/libreqwest-f1349d583e399c32.rmeta
2025-11-09T23:49:57.8381431Z Removing target/debug/deps/libripemd-c4385cbf09230132.rlib
2025-11-09T23:49:57.8382455Z Removing target/debug/deps/libripemd-c4385cbf09230132.rmeta
2025-11-09T23:49:57.8383492Z Removing target/debug/deps/libripemd-f61d2a11e38c01dd.rmeta
2025-11-09T23:49:57.8386233Z Removing target/debug/deps/librustc_demangle-8dab3eb1c1115427.rlib
2025-11-09T23:49:57.8387294Z Removing target/debug/deps/librustc_demangle-8dab3eb1c1115427.rmeta
2025-11-09T23:49:57.8388384Z Removing target/debug/deps/librustix-9d1c1196c042be37.rlib
2025-11-09T23:49:57.8389622Z Removing target/debug/deps/librustix-9d1c1196c042be37.rmeta
2025-11-09T23:49:57.8390476Z Removing target/debug/deps/librusty_fork-408f526f41d594bd.rlib
2025-11-09T23:49:57.8391109Z Removing target/debug/deps/librusty_fork-408f526f41d594bd.rmeta
2025-11-09T23:49:57.8391700Z Removing target/debug/deps/libryu-1d74fbb8396b52fe.rmeta
2025-11-09T23:49:57.8392857Z Removing target/debug/deps/libryu-27d616b1525b0bd5.rlib
2025-11-09T23:49:57.8393455Z Removing target/debug/deps/libryu-27d616b1525b0bd5.rmeta
2025-11-09T23:49:57.8394011Z Removing target/debug/deps/libsame_file-885ba4335dbafcd5.rlib
2025-11-09T23:49:57.8398302Z Removing target/debug/deps/libsame_file-885ba4335dbafcd5.rmeta
2025-11-09T23:49:57.8398837Z Removing target/debug/deps/libsecp256k1-3552d18711f5218e.rlib
2025-11-09T23:49:57.8399338Z Removing target/debug/deps/libsecp256k1-3552d18711f5218e.rmeta
2025-11-09T23:49:57.8399837Z Removing target/debug/deps/libsecp256k1-a7db9034d9c45ea0.rmeta
2025-11-09T23:49:57.8400339Z Removing target/debug/deps/libsecp256k1_sys-18fc324a2f93c70b.rmeta
2025-11-09T23:49:57.8400851Z Removing target/debug/deps/libsecp256k1_sys-6cd32742aabed926.rlib
2025-11-09T23:49:57.8401358Z Removing target/debug/deps/libsecp256k1_sys-6cd32742aabed926.rmeta
2025-11-09T23:49:57.8401837Z Removing target/debug/deps/libserde-4eca9d9f7a929b57.rlib
2025-11-09T23:49:57.8402316Z Removing target/debug/deps/libserde-4eca9d9f7a929b57.rmeta
2025-11-09T23:49:57.8402769Z Removing target/debug/deps/libserde-a3217f5e798b0a0e.rmeta
2025-11-09T23:49:57.8403237Z Removing target/debug/deps/libserde_derive-e749fa70367a8df4.so
2025-11-09T23:49:57.8403733Z Removing target/debug/deps/libserde_derive-f7022334ed5675a3.so
2025-11-09T23:49:57.8404226Z Removing target/debug/deps/libserde_json-4b2f7e519a4c7e92.rmeta
2025-11-09T23:49:57.8404857Z Removing target/debug/deps/libserde_json-b75336d497f01a50.rlib
2025-11-09T23:49:57.8405339Z Removing target/debug/deps/libserde_json-b75336d497f01a50.rmeta
2025-11-09T23:49:57.8407679Z Removing target/debug/deps/libserde_urlencoded-36b5f7aa51dec2d6.rlib
2025-11-09T23:49:57.8408219Z Removing target/debug/deps/libserde_urlencoded-36b5f7aa51dec2d6.rmeta
2025-11-09T23:49:57.8408719Z Removing target/debug/deps/libsha2-a6f830be70788546.rmeta
2025-11-09T23:49:57.8409160Z Removing target/debug/deps/libsha2-f1ee2b7c028150d8.rlib
2025-11-09T23:49:57.8409617Z Removing target/debug/deps/libsha2-f1ee2b7c028150d8.rmeta
2025-11-09T23:49:57.8410076Z Removing target/debug/deps/libsha2_asm-5fc243991633aa35.rmeta
2025-11-09T23:49:57.8410534Z Removing target/debug/deps/libsha2_asm-db02cef9726600b0.rlib
2025-11-09T23:49:57.8411240Z Removing target/debug/deps/libsha2_asm-db02cef9726600b0.rmeta
2025-11-09T23:49:57.8412025Z Removing target/debug/deps/libshlex-83c7e0da01d13271.rlib
2025-11-09T23:49:57.8412506Z Removing target/debug/deps/libshlex-83c7e0da01d13271.rmeta
2025-11-09T23:49:57.8412953Z Removing target/debug/deps/libslab-3f53b5c5532ac7a8.rlib
2025-11-09T23:49:57.8413397Z Removing target/debug/deps/libslab-3f53b5c5532ac7a8.rmeta
2025-11-09T23:49:57.8413852Z Removing target/debug/deps/libsmallvec-8995de69024cacd0.rlib
2025-11-09T23:49:57.8414494Z Removing target/debug/deps/libsmallvec-8995de69024cacd0.rmeta
2025-11-09T23:49:57.8415312Z Removing target/debug/deps/libsocket2-af83260fbd731ddc.rlib
2025-11-09T23:49:57.8417610Z Removing target/debug/deps/libsocket2-af83260fbd731ddc.rmeta
2025-11-09T23:49:57.8418089Z Removing target/debug/deps/libsocket2-ce2370ef04b1c292.rlib
2025-11-09T23:49:57.8418537Z Removing target/debug/deps/libsocket2-ce2370ef04b1c292.rmeta
2025-11-09T23:49:57.8419031Z Removing target/debug/deps/libstable_deref_trait-3d6a1750f55786e6.rlib
2025-11-09T23:49:57.8419570Z Removing target/debug/deps/libstable_deref_trait-3d6a1750f55786e6.rmeta
2025-11-09T23:49:57.8420042Z Removing target/debug/deps/libsyn-34d04d1461fb490a.rlib
2025-11-09T23:49:57.8420469Z Removing target/debug/deps/libsyn-34d04d1461fb490a.rmeta
2025-11-09T23:49:57.8420886Z Removing target/debug/deps/libsyn-aca17214a42be380.rlib
2025-11-09T23:49:57.8421313Z Removing target/debug/deps/libsyn-aca17214a42be380.rmeta
2025-11-09T23:49:57.8602546Z Removing target/debug/deps/libsyn-db513f8ec2c70902.rlib
2025-11-09T23:49:57.8603684Z Removing target/debug/deps/libsyn-db513f8ec2c70902.rmeta
2025-11-09T23:49:57.8604787Z Removing target/debug/deps/libsync_wrapper-011d66a29022fa57.rlib
2025-11-09T23:49:57.8605894Z Removing target/debug/deps/libsync_wrapper-011d66a29022fa57.rmeta
2025-11-09T23:49:57.8606674Z Removing target/debug/deps/libsynstructure-5e32a687d3c1544f.rlib
2025-11-09T23:49:57.8607452Z Removing target/debug/deps/libsynstructure-5e32a687d3c1544f.rmeta
2025-11-09T23:49:57.8608193Z Removing target/debug/deps/libtempfile-9dd7ea7255645a6d.rlib
2025-11-09T23:49:57.8608897Z Removing target/debug/deps/libtempfile-9dd7ea7255645a6d.rmeta
2025-11-09T23:49:57.8609614Z Removing target/debug/deps/libthiserror-33d8d4720d5b26de.rlib
2025-11-09T23:49:57.8610339Z Removing target/debug/deps/libthiserror-33d8d4720d5b26de.rmeta
2025-11-09T23:49:57.8611715Z Removing target/debug/deps/libthiserror-7a6e0ed1eb395f20.rmeta
2025-11-09T23:49:57.8612534Z Removing target/debug/deps/libthiserror_impl-74aca0240a9ecf0d.so
2025-11-09T23:49:57.8613236Z Removing target/debug/deps/libthiserror_impl-ae242962b985a660.so
2025-11-09T23:49:57.8614129Z Removing target/debug/deps/libtinystr-d3b19922b34c6b5f.rlib
2025-11-09T23:49:57.8615248Z Removing target/debug/deps/libtinystr-d3b19922b34c6b5f.rmeta
2025-11-09T23:49:57.8615949Z Removing target/debug/deps/libtinytemplate-8f3fd706f9b14a51.rlib
2025-11-09T23:49:57.8616682Z Removing target/debug/deps/libtinytemplate-8f3fd706f9b14a51.rmeta
2025-11-09T23:49:57.8617370Z Removing target/debug/deps/libtokio-87840121dbcc34d6.rlib
2025-11-09T23:49:57.8618007Z Removing target/debug/deps/libtokio-87840121dbcc34d6.rmeta
2025-11-09T23:49:57.8618667Z Removing target/debug/deps/libtokio_macros-2752d99a3d96bedd.so
2025-11-09T23:49:57.8619342Z Removing target/debug/deps/libtokio_util-f8c6b36c18753d70.rlib
2025-11-09T23:49:57.8620019Z Removing target/debug/deps/libtokio_util-f8c6b36c18753d70.rmeta
2025-11-09T23:49:57.8620714Z Removing target/debug/deps/libtoml_datetime-93eba6e9ca7547bc.rlib
2025-11-09T23:49:57.8621439Z Removing target/debug/deps/libtoml_datetime-93eba6e9ca7547bc.rmeta
2025-11-09T23:49:57.8622133Z Removing target/debug/deps/libtoml_edit-769c1e6e8df88079.rlib
2025-11-09T23:49:57.8622746Z Removing target/debug/deps/libtoml_edit-769c1e6e8df88079.rmeta
2025-11-09T23:49:57.8623258Z Removing target/debug/deps/libtower_service-863bcdc79d53a78b.rlib
2025-11-09T23:49:57.8623783Z Removing target/debug/deps/libtower_service-863bcdc79d53a78b.rmeta
2025-11-09T23:49:57.8624758Z Removing target/debug/deps/libtracing-45bd8448a06fd778.rlib
2025-11-09T23:49:57.8625264Z Removing target/debug/deps/libtracing-45bd8448a06fd778.rmeta
2025-11-09T23:49:57.8625770Z Removing target/debug/deps/libtracing_core-efd5a647688ed0e7.rlib
2025-11-09T23:49:57.8628311Z Removing target/debug/deps/libtracing_core-efd5a647688ed0e7.rmeta
2025-11-09T23:49:57.8628815Z Removing target/debug/deps/libtry_lock-0a9dba077bc589b2.rlib
2025-11-09T23:49:57.8629308Z Removing target/debug/deps/libtry_lock-0a9dba077bc589b2.rmeta
2025-11-09T23:49:57.8629792Z Removing target/debug/deps/libtypenum-015e0db2d7fddc8a.rlib
2025-11-09T23:49:57.8630290Z Removing target/debug/deps/libtypenum-015e0db2d7fddc8a.rmeta
2025-11-09T23:49:57.8630776Z Removing target/debug/deps/libtypenum-95c161620aaca3ae.rmeta
2025-11-09T23:49:57.8631276Z Removing target/debug/deps/libunarray-a3a566f6e348ba30.rlib
2025-11-09T23:49:57.8631765Z Removing target/debug/deps/libunarray-a3a566f6e348ba30.rmeta
2025-11-09T23:49:57.8632576Z Removing target/debug/deps/libunicode_ident-796da7d7beff3c43.rlib
2025-11-09T23:49:57.8633133Z Removing target/debug/deps/libunicode_ident-796da7d7beff3c43.rmeta
2025-11-09T23:49:57.8633605Z Removing target/debug/deps/liburl-5c968cb4d8c3dd35.rlib
2025-11-09T23:49:57.8634039Z Removing target/debug/deps/liburl-5c968cb4d8c3dd35.rmeta
2025-11-09T23:49:57.8634640Z Removing target/debug/deps/libutf8_iter-25f6afe9a4463498.rlib
2025-11-09T23:49:57.8635120Z Removing target/debug/deps/libutf8_iter-25f6afe9a4463498.rmeta
2025-11-09T23:49:57.8635606Z Removing target/debug/deps/libversion_check-a216429c4cbdde93.rlib
2025-11-09T23:49:57.8636129Z Removing target/debug/deps/libversion_check-a216429c4cbdde93.rmeta
2025-11-09T23:49:57.8638349Z Removing target/debug/deps/libwait_timeout-4dae2813bb096b7d.rlib
2025-11-09T23:49:57.8639224Z Removing target/debug/deps/libwait_timeout-4dae2813bb096b7d.rmeta
2025-11-09T23:49:57.8639753Z Removing target/debug/deps/libwalkdir-61d89ec0cab3a80b.rlib
2025-11-09T23:49:57.8640223Z Removing target/debug/deps/libwalkdir-61d89ec0cab3a80b.rmeta
2025-11-09T23:49:57.8640691Z Removing target/debug/deps/libwant-ed71f0675c882a6c.rlib
2025-11-09T23:49:57.8641122Z Removing target/debug/deps/libwant-ed71f0675c882a6c.rmeta
2025-11-09T23:49:57.8641570Z Removing target/debug/deps/libwinnow-c3069a2d8d8dfc76.rlib
2025-11-09T23:49:57.8642027Z Removing target/debug/deps/libwinnow-c3069a2d8d8dfc76.rmeta
2025-11-09T23:49:57.8642495Z Removing target/debug/deps/libwriteable-3371d4204352a54a.rlib
2025-11-09T23:49:57.8642987Z Removing target/debug/deps/libwriteable-3371d4204352a54a.rmeta
2025-11-09T23:49:57.8643437Z Removing target/debug/deps/libyoke-8853c473f3035d81.rlib
2025-11-09T23:49:57.8643861Z Removing target/debug/deps/libyoke-8853c473f3035d81.rmeta
2025-11-09T23:49:57.8644492Z Removing target/debug/deps/libyoke_derive-06b29befb72e1620.so
2025-11-09T23:49:57.8644977Z Removing target/debug/deps/libzerocopy-b498f825c400ed66.rlib
2025-11-09T23:49:57.8645445Z Removing target/debug/deps/libzerocopy-b498f825c400ed66.rmeta
2025-11-09T23:49:57.8645940Z Removing target/debug/deps/libzerocopy_derive-9d99d41eb05d0a6d.so
2025-11-09T23:49:57.8646422Z Removing target/debug/deps/libzerofrom-1bfef26325f52b1d.rlib
2025-11-09T23:49:57.8656576Z Removing target/debug/deps/libzerofrom-1bfef26325f52b1d.rmeta
2025-11-09T23:49:57.8658924Z Removing target/debug/deps/libzerofrom_derive-f24f75456298c6e7.so
2025-11-09T23:49:57.8840804Z Removing target/debug/deps/libzerotrie-51758b64cb4153fc.rlib
2025-11-09T23:49:57.8843634Z Removing target/debug/deps/libzerotrie-51758b64cb4153fc.rmeta
2025-11-09T23:49:57.8844718Z Removing target/debug/deps/libzerovec-7d5972dc6f34f025.rlib
2025-11-09T23:49:57.8845650Z Removing target/debug/deps/libzerovec-7d5972dc6f34f025.rmeta
2025-11-09T23:49:57.8849117Z Removing target/debug/deps/libzerovec_derive-de60b80a4650ecc3.so
2025-11-09T23:49:57.8850091Z Removing target/debug/deps/linux_raw_sys-bb87369efe12a535.d
2025-11-09T23:49:57.8850944Z Removing target/debug/deps/litemap-25eb7b5ae4df2615.d
2025-11-09T23:49:57.8851697Z Removing target/debug/deps/log-7936ee94095ef39c.d
2025-11-09T23:49:57.8852891Z Removing target/debug/deps/mainnet_blocks-07951ce7bc79a354
2025-11-09T23:49:57.8853752Z Removing target/debug/deps/mainnet_blocks-07951ce7bc79a354.d
2025-11-09T23:49:57.8854823Z Removing target/debug/deps/memchr-5d4e0d6bc9bda00f.d
2025-11-09T23:49:57.8855696Z Removing target/debug/deps/mempool_helper_tests-71a2478a1f4b1c7f
2025-11-09T23:49:57.8856655Z Removing target/debug/deps/mempool_helper_tests-71a2478a1f4b1c7f.d
2025-11-09T23:49:57.8857649Z Removing target/debug/deps/mempool_rbf_edge_cases-bbd73f236cf56ff5
2025-11-09T23:49:57.8860319Z Removing target/debug/deps/mempool_rbf_edge_cases-bbd73f236cf56ff5.d
2025-11-09T23:49:57.8861218Z Removing target/debug/deps/mime-10033b098b888fed.d
2025-11-09T23:49:57.8862015Z Removing target/debug/deps/miniz_oxide-d9ad3627380b17c2.d
2025-11-09T23:49:57.8862777Z Removing target/debug/deps/mio-de964bf95b3057fb.d
2025-11-09T23:49:57.8863555Z Removing target/debug/deps/network_tests-fa3407339f6cc364
2025-11-09T23:49:57.8864653Z Removing target/debug/deps/network_tests-fa3407339f6cc364.d
2025-11-09T23:49:57.8865645Z Removing target/debug/deps/num_traits-b506934bb740cbf6.d
2025-11-09T23:49:57.8866502Z Removing target/debug/deps/object-5829cb2233c0b513.d
2025-11-09T23:49:57.8867303Z Removing target/debug/deps/once_cell-140027e2059e248c.d
2025-11-09T23:49:57.8868714Z Removing target/debug/deps/oorandom-2c0384e18d716be6.d
2025-11-09T23:49:57.8869592Z Removing target/debug/deps/p2sh_redeem_script-82b943b84f771867
2025-11-09T23:49:57.8870492Z Removing target/debug/deps/p2sh_redeem_script-82b943b84f771867.d
2025-11-09T23:49:57.8871485Z Removing target/debug/deps/percent_encoding-d4c02626543d40b3.d
2025-11-09T23:49:57.8872373Z Removing target/debug/deps/pin_project_lite-8304a63f5944e937.d
2025-11-09T23:49:57.8873532Z Removing target/debug/deps/pin_utils-4afe9bfe4113f5ad.d
2025-11-09T23:49:57.8874660Z Removing target/debug/deps/plotters-bae18d6894739156.d
2025-11-09T23:49:57.8875540Z Removing target/debug/deps/plotters_backend-6c59dc1580532443.d
2025-11-09T23:49:57.8876514Z Removing target/debug/deps/plotters_svg-1e338b432e7f1ba6.d
2025-11-09T23:49:57.8877351Z Removing target/debug/deps/potential_utf-594a8beb8964bbdf.d
2025-11-09T23:49:57.8878168Z Removing target/debug/deps/ppv_lite86-f31b72c16d3ab29d.d
2025-11-09T23:49:57.8878932Z Removing target/debug/deps/pretty_hex-3b643e86f56f4855.d
2025-11-09T23:49:57.8879715Z Removing target/debug/deps/proc_macro2-013e91bf61085fba.d
2025-11-09T23:49:57.8880574Z Removing target/debug/deps/proc_macro_crate-288ba2d6f9cde8b2.d
2025-11-09T23:49:57.8881438Z Removing target/debug/deps/proptest-fe5de64ab58eee66.d
2025-11-09T23:49:57.8882254Z Removing target/debug/deps/quick_error-5431cbc53e6855e5.d
2025-11-09T23:49:57.8883036Z Removing target/debug/deps/quote-1fd57a8d49f3e414.d
2025-11-09T23:49:57.8883808Z Removing target/debug/deps/rand-fc4e73356887d916.d
2025-11-09T23:49:57.8884786Z Removing target/debug/deps/rand_chacha-e20e83dc90b265db.d
2025-11-09T23:49:57.8885608Z Removing target/debug/deps/rand_core-c368d6b1d0f2f67a.d
2025-11-09T23:49:57.8886493Z Removing target/debug/deps/rand_xorshift-30dbcff9e0cf9f0e.d
2025-11-09T23:49:57.8888709Z Removing target/debug/deps/rand_xoshiro-fb20a66967968e23.d
2025-11-09T23:49:57.8889483Z Removing target/debug/deps/rayon-fcfccdaccb2c1c8f.d
2025-11-09T23:49:57.8890252Z Removing target/debug/deps/rayon_core-8233f837b2b82aa9.d
2025-11-09T23:49:57.8890992Z Removing target/debug/deps/regex-7316801095448dcb.d
2025-11-09T23:49:57.8891765Z Removing target/debug/deps/regex_automata-560db73d82089022.d
2025-11-09T23:49:57.8892593Z Removing target/debug/deps/regex_syntax-fe8a530891fa5af3.d
2025-11-09T23:49:57.8893388Z Removing target/debug/deps/reqwest-f1349d583e399c32.d
2025-11-09T23:49:57.8894122Z Removing target/debug/deps/ripemd-c4385cbf09230132.d
2025-11-09T23:49:57.8895098Z Removing target/debug/deps/ripemd-f61d2a11e38c01dd.d
2025-11-09T23:49:57.8895898Z Removing target/debug/deps/rustc_demangle-8dab3eb1c1115427.d
2025-11-09T23:49:57.8896724Z Removing target/debug/deps/rustix-9d1c1196c042be37.d
2025-11-09T23:49:57.8897872Z Removing target/debug/deps/rusty_fork-408f526f41d594bd.d
2025-11-09T23:49:57.8900312Z Removing target/debug/deps/ryu-1d74fbb8396b52fe.d
2025-11-09T23:49:57.8901020Z Removing target/debug/deps/ryu-27d616b1525b0bd5.d
2025-11-09T23:49:57.8901746Z Removing target/debug/deps/same_file-885ba4335dbafcd5.d
2025-11-09T23:49:57.8902607Z Removing target/debug/deps/script_opcode_tests-1c0c0f1d9f294905
2025-11-09T23:49:57.8903548Z Removing target/debug/deps/script_opcode_tests-1c0c0f1d9f294905.d
2025-11-09T23:49:57.8904721Z Removing target/debug/deps/script_opcodes_exhaustive-107189dc35077b3a
2025-11-09T23:49:57.8905756Z Removing target/debug/deps/script_opcodes_exhaustive-107189dc35077b3a.d
2025-11-09T23:49:57.8908276Z Removing target/debug/deps/secp256k1-3552d18711f5218e.d
2025-11-09T23:49:57.8909085Z Removing target/debug/deps/secp256k1-a7db9034d9c45ea0.d
2025-11-09T23:49:57.8909927Z Removing target/debug/deps/secp256k1_sys-18fc324a2f93c70b.d
2025-11-09T23:49:57.8910795Z Removing target/debug/deps/secp256k1_sys-6cd32742aabed926.d
2025-11-09T23:49:57.8911621Z Removing target/debug/deps/serde-4eca9d9f7a929b57.d
2025-11-09T23:49:57.8912404Z Removing target/debug/deps/serde-a3217f5e798b0a0e.d
2025-11-09T23:49:57.8913227Z Removing target/debug/deps/serde_derive-e749fa70367a8df4.d
2025-11-09T23:49:57.9239710Z Removing target/debug/deps/serde_derive-f7022334ed5675a3.d
2025-11-09T23:49:57.9242653Z Removing target/debug/deps/serde_json-4b2f7e519a4c7e92.d
2025-11-09T23:49:57.9243544Z Removing target/debug/deps/serde_json-b75336d497f01a50.d
2025-11-09T23:49:57.9244617Z Removing target/debug/deps/serde_urlencoded-36b5f7aa51dec2d6.d
2025-11-09T23:49:57.9245490Z Removing target/debug/deps/sha2-a6f830be70788546.d
2025-11-09T23:49:57.9248532Z Removing target/debug/deps/sha2-f1ee2b7c028150d8.d
2025-11-09T23:49:57.9249426Z Removing target/debug/deps/sha2_asm-5fc243991633aa35.d
2025-11-09T23:49:57.9250261Z Removing target/debug/deps/sha2_asm-db02cef9726600b0.d
2025-11-09T23:49:57.9251106Z Removing target/debug/deps/shlex-83c7e0da01d13271.d
2025-11-09T23:49:57.9252081Z Removing target/debug/deps/signature_validation_edge_cases-0e38563dd38e912b
2025-11-09T23:49:57.9253217Z Removing target/debug/deps/signature_validation_edge_cases-0e38563dd38e912b.d
2025-11-09T23:49:57.9254176Z Removing target/debug/deps/slab-3f53b5c5532ac7a8.d
2025-11-09T23:49:57.9255214Z Removing target/debug/deps/smallvec-8995de69024cacd0.d
2025-11-09T23:49:57.9256007Z Removing target/debug/deps/socket2-af83260fbd731ddc.d
2025-11-09T23:49:57.9256823Z Removing target/debug/deps/socket2-ce2370ef04b1c292.d
2025-11-09T23:49:57.9257712Z Removing target/debug/deps/soft_fork_activation-93ee1310d6f594ae
2025-11-09T23:49:57.9260643Z Removing target/debug/deps/soft_fork_activation-93ee1310d6f594ae.d
2025-11-09T23:49:57.9261650Z Removing target/debug/deps/stable_deref_trait-3d6a1750f55786e6.d
2025-11-09T23:49:57.9262511Z Removing target/debug/deps/syn-34d04d1461fb490a.d
2025-11-09T23:49:57.9263279Z Removing target/debug/deps/syn-aca17214a42be380.d
2025-11-09T23:49:57.9264043Z Removing target/debug/deps/syn-db513f8ec2c70902.d
2025-11-09T23:49:57.9265070Z Removing target/debug/deps/sync_wrapper-011d66a29022fa57.d
2025-11-09T23:49:57.9265959Z Removing target/debug/deps/synstructure-5e32a687d3c1544f.d
2025-11-09T23:49:57.9268578Z Removing target/debug/deps/taproot_script_path-0d8f15dd1080fc85
2025-11-09T23:49:57.9269541Z Removing target/debug/deps/taproot_script_path-0d8f15dd1080fc85.d
2025-11-09T23:49:57.9270446Z Removing target/debug/deps/tempfile-9dd7ea7255645a6d.d
2025-11-09T23:49:57.9271275Z Removing target/debug/deps/test_helpers-d050a87a4e5aea67
2025-11-09T23:49:57.9272111Z Removing target/debug/deps/test_helpers-d050a87a4e5aea67.d
2025-11-09T23:49:57.9272973Z Removing target/debug/deps/thiserror-33d8d4720d5b26de.d
2025-11-09T23:49:57.9273797Z Removing target/debug/deps/thiserror-7a6e0ed1eb395f20.d
2025-11-09T23:49:57.9274865Z Removing target/debug/deps/thiserror_impl-74aca0240a9ecf0d.d
2025-11-09T23:49:57.9275774Z Removing target/debug/deps/thiserror_impl-ae242962b985a660.d
2025-11-09T23:49:57.9277674Z Removing target/debug/deps/time_based_consensus-f79a795aa50c0de6
2025-11-09T23:49:57.9280084Z Removing target/debug/deps/time_based_consensus-f79a795aa50c0de6.d
2025-11-09T23:49:57.9280973Z Removing target/debug/deps/tinystr-d3b19922b34c6b5f.d
2025-11-09T23:49:57.9281786Z Removing target/debug/deps/tinytemplate-8f3fd706f9b14a51.d
2025-11-09T23:49:57.9282600Z Removing target/debug/deps/tokio-87840121dbcc34d6.d
2025-11-09T23:49:57.9283389Z Removing target/debug/deps/tokio_macros-2752d99a3d96bedd.d
2025-11-09T23:49:57.9284237Z Removing target/debug/deps/tokio_util-f8c6b36c18753d70.d
2025-11-09T23:49:57.9285303Z Removing target/debug/deps/toml_datetime-93eba6e9ca7547bc.d
2025-11-09T23:49:57.9286191Z Removing target/debug/deps/toml_edit-769c1e6e8df88079.d
2025-11-09T23:49:57.9288678Z Removing target/debug/deps/tower_service-863bcdc79d53a78b.d
2025-11-09T23:49:57.9289506Z Removing target/debug/deps/tracing-45bd8448a06fd778.d
2025-11-09T23:49:57.9290349Z Removing target/debug/deps/tracing_core-efd5a647688ed0e7.d
2025-11-09T23:49:57.9291186Z Removing target/debug/deps/try_lock-0a9dba077bc589b2.d
2025-11-09T23:49:57.9291993Z Removing target/debug/deps/typenum-015e0db2d7fddc8a.d
2025-11-09T23:49:57.9292755Z Removing target/debug/deps/typenum-95c161620aaca3ae.d
2025-11-09T23:49:57.9293507Z Removing target/debug/deps/unarray-a3a566f6e348ba30.d
2025-11-09T23:49:57.9294517Z Removing target/debug/deps/unicode_ident-796da7d7beff3c43.d
2025-11-09T23:49:57.9295294Z Removing target/debug/deps/url-5c968cb4d8c3dd35.d
2025-11-09T23:49:57.9296047Z Removing target/debug/deps/utf8_iter-25f6afe9a4463498.d
2025-11-09T23:49:57.9298748Z Removing target/debug/deps/version_check-a216429c4cbdde93.d
2025-11-09T23:49:57.9299883Z Removing target/debug/deps/wait_timeout-4dae2813bb096b7d.d
2025-11-09T23:49:57.9300743Z Removing target/debug/deps/walkdir-61d89ec0cab3a80b.d
2025-11-09T23:49:57.9301494Z Removing target/debug/deps/want-ed71f0675c882a6c.d
2025-11-09T23:49:57.9302249Z Removing target/debug/deps/winnow-c3069a2d8d8dfc76.d
2025-11-09T23:49:57.9303066Z Removing target/debug/deps/witness_commitment-b946a86fc6ffc686
2025-11-09T23:49:57.9303961Z Removing target/debug/deps/witness_commitment-b946a86fc6ffc686.d
2025-11-09T23:49:57.9305082Z Removing target/debug/deps/witness_stack_size-4cf6a1b9d2623d6b
2025-11-09T23:49:57.9305990Z Removing target/debug/deps/witness_stack_size-4cf6a1b9d2623d6b.d
2025-11-09T23:49:57.9306845Z Removing target/debug/deps/writeable-3371d4204352a54a.d
2025-11-09T23:49:57.9307700Z Removing target/debug/deps/yoke-8853c473f3035d81.d
2025-11-09T23:49:57.9308509Z Removing target/debug/deps/yoke_derive-06b29befb72e1620.d
2025-11-09T23:49:57.9309311Z Removing target/debug/deps/zerocopy-b498f825c400ed66.d
2025-11-09T23:49:57.9310174Z Removing target/debug/deps/zerocopy_derive-9d99d41eb05d0a6d.d
2025-11-09T23:49:57.9311108Z Removing target/debug/deps/zerofrom-1bfef26325f52b1d.d
2025-11-09T23:49:57.9311966Z Removing target/debug/deps/zerofrom_derive-f24f75456298c6e7.d
2025-11-09T23:49:57.9312850Z Removing target/debug/deps/zerotrie-51758b64cb4153fc.d
2025-11-09T23:49:57.9313642Z Removing target/debug/deps/zerovec-7d5972dc6f34f025.d
2025-11-09T23:49:57.9314875Z Removing target/debug/deps/zerovec_derive-de60b80a4650ecc3.d
2025-11-09T23:49:57.9315648Z Removing target/debug/examples/
2025-11-09T23:49:57.9316246Z Removing target/debug/incremental/
2025-11-09T23:49:57.9316821Z Removing target/doc/
2025-11-09T23:49:57.9317308Z Removing target/tmp/
2025-11-09T23:49:57.9332985Z [command]/usr/bin/git reset --hard HEAD
2025-11-09T23:49:58.0222600Z HEAD is now at f1ff386 fix: Update test imports from consensus_proof to bllvm_consensus
2025-11-09T23:49:58.0247277Z ##[endgroup]
2025-11-09T23:49:58.0249375Z ##[group]Disabling automatic garbage collection
2025-11-09T23:49:58.0253990Z [command]/usr/bin/git config --local gc.auto 0
2025-11-09T23:49:58.0290240Z ##[endgroup]
2025-11-09T23:49:58.0290747Z ##[group]Setting up auth
2025-11-09T23:49:58.0298501Z [command]/usr/bin/git config --local --name-only --get-regexp core\.sshCommand
2025-11-09T23:49:58.0337026Z [command]/usr/bin/git submodule foreach --recursive sh -c "git config --local --name-only --get-regexp 'core\.sshCommand' && git config --local --unset-all 'core.sshCommand' || :"
2025-11-09T23:49:58.0620789Z [command]/usr/bin/git config --local --name-only --get-regexp http\.https\:\/\/github\.com\/\.extraheader
2025-11-09T23:49:58.0656338Z [command]/usr/bin/git submodule foreach --recursive sh -c "git config --local --name-only --get-regexp 'http\.https\:\/\/github\.com\/\.extraheader' && git config --local --unset-all 'http.https://github.com/.extraheader' || :"
2025-11-09T23:49:58.0953039Z [command]/usr/bin/git config --local http.https://github.com/.extraheader AUTHORIZATION: basic ***
2025-11-09T23:49:58.1007572Z ##[endgroup]
2025-11-09T23:49:58.1008239Z ##[group]Fetching the repository
2025-11-09T23:49:58.1016234Z [command]/usr/bin/git -c protocol.version=2 fetch --no-tags --prune --no-recurse-submodules --depth=1 origin +f1ff38664dd5deaaa46fc9d342df1d4aa6559aca:refs/remotes/origin/main
2025-11-09T23:49:58.3622924Z ##[endgroup]
2025-11-09T23:49:58.3623446Z ##[group]Determining the checkout info
2025-11-09T23:49:58.3625049Z ##[endgroup]
2025-11-09T23:49:58.3630269Z [command]/usr/bin/git sparse-checkout disable
2025-11-09T23:49:58.3957855Z [command]/usr/bin/git config --local --unset-all extensions.worktreeConfig
2025-11-09T23:49:58.3996514Z ##[group]Checking out the ref
2025-11-09T23:49:58.4003114Z [command]/usr/bin/git checkout --progress --force -B main refs/remotes/origin/main
2025-11-09T23:49:58.4594839Z Switched to a new branch 'main'
2025-11-09T23:49:58.4595421Z branch 'main' set up to track 'origin/main'.
2025-11-09T23:49:58.4604100Z ##[endgroup]
2025-11-09T23:49:58.4650275Z [command]/usr/bin/git log -1 --format=%H
2025-11-09T23:49:58.4680193Z f1ff38664dd5deaaa46fc9d342df1d4aa6559aca
2025-11-09T23:49:58.4992372Z ##[group]Run dtolnay/rust-toolchain@master
2025-11-09T23:49:58.4992694Z with:
2025-11-09T23:49:58.4992873Z   toolchain: 1.88.0
2025-11-09T23:49:58.4993081Z env:
2025-11-09T23:49:58.4993249Z   CARGO_TERM_COLOR: always
2025-11-09T23:49:58.4993456Z ##[endgroup]
2025-11-09T23:49:58.5117496Z ##[group]Run : parse toolchain version
2025-11-09T23:49:58.5117844Z [36;1m: parse toolchain version[0m
2025-11-09T23:49:58.5118115Z [36;1mif [[ -z $toolchain ]]; then[0m
2025-11-09T23:49:58.5118615Z [36;1m  # GitHub does not enforce `required: true` inputs itself. https://github.com/actions/runner/issues/1070[0m
2025-11-09T23:49:58.5119125Z [36;1m  echo "'toolchain' is a required input" >&2[0m
2025-11-09T23:49:58.5119399Z [36;1m  exit 1[0m
2025-11-09T23:49:58.5119697Z [36;1melif [[ $toolchain =~ ^stable' '[0-9]+' '(year|month|week|day)s?' 'ago$ ]]; then[0m
2025-11-09T23:49:58.5120074Z [36;1m  if [[ Linux == macOS ]]; then[0m
2025-11-09T23:49:58.5120568Z [36;1m    echo "toolchain=1.$((($(date -v-$(sed 's/stable \([0-9]*\) \(.\).*/\1\2/' <<< $toolchain) +%s)/60/60/24-16569)/7/6))" >> $GITHUB_OUTPUT[0m
2025-11-09T23:49:58.5121011Z [36;1m  else[0m
2025-11-09T23:49:58.5121368Z [36;1m    echo "toolchain=1.$((($(date --date "${toolchain#stable }" +%s)/60/60/24-16569)/7/6))" >> $GITHUB_OUTPUT[0m
2025-11-09T23:49:58.5121789Z [36;1m  fi[0m
2025-11-09T23:49:58.5122087Z [36;1melif [[ $toolchain =~ ^stable' 'minus' '[0-9]+' 'releases?$ ]]; then[0m
2025-11-09T23:49:58.5122580Z [36;1m  echo "toolchain=1.$((($(date +%s)/60/60/24-16569)/7/6-${toolchain//[^0-9]/}))" >> $GITHUB_OUTPUT[0m
2025-11-09T23:49:58.5122985Z [36;1melif [[ $toolchain =~ ^1\.[0-9]+$ ]]; then[0m
2025-11-09T23:49:58.5123443Z [36;1m  echo "toolchain=1.$((i=${toolchain#1.}, c=($(date +%s)/60/60/24-16569)/7/6, i+9*i*(10*i<=c)+90*i*(100*i<=c)))" >> $GITHUB_OUTPUT[0m
2025-11-09T23:49:58.5123868Z [36;1melse[0m
2025-11-09T23:49:58.5124095Z [36;1m  echo "toolchain=$toolchain" >> $GITHUB_OUTPUT[0m
2025-11-09T23:49:58.5124522Z [36;1mfi[0m
2025-11-09T23:49:58.5155805Z shell: /usr/bin/bash --noprofile --norc -e -o pipefail {0}
2025-11-09T23:49:58.5156158Z env:
2025-11-09T23:49:58.5172459Z   CARGO_TERM_COLOR: always
2025-11-09T23:49:58.5172852Z   toolchain: 1.88.0
2025-11-09T23:49:58.5173169Z ##[endgroup]
2025-11-09T23:49:58.5311813Z ##[group]Run : construct rustup command line
2025-11-09T23:49:58.5312150Z [36;1m: construct rustup command line[0m
2025-11-09T23:49:58.5312598Z [36;1mecho "targets=$(for t in ${targets//,/ }; do echo -n ' --target' $t; done)" >> $GITHUB_OUTPUT[0m
2025-11-09T23:49:58.5313175Z [36;1mecho "components=$(for c in ${components//,/ }; do echo -n ' --component' $c; done)" >> $GITHUB_OUTPUT[0m
2025-11-09T23:49:58.5313616Z [36;1mecho "downgrade=" >> $GITHUB_OUTPUT[0m
2025-11-09T23:49:58.5345861Z shell: /usr/bin/bash --noprofile --norc -e -o pipefail {0}
2025-11-09T23:49:58.5347897Z env:
2025-11-09T23:49:58.5348082Z   CARGO_TERM_COLOR: always
2025-11-09T23:49:58.5348302Z   targets: 
2025-11-09T23:49:58.5348488Z   components: 
2025-11-09T23:49:58.5348664Z ##[endgroup]
2025-11-09T23:49:58.5436475Z ##[group]Run : set $CARGO_HOME
2025-11-09T23:49:58.5436743Z [36;1m: set $CARGO_HOME[0m
2025-11-09T23:49:58.5437052Z [36;1mecho CARGO_HOME=${CARGO_HOME:-"$HOME/.cargo"} >> $GITHUB_ENV[0m
2025-11-09T23:49:58.5469719Z shell: /usr/bin/bash --noprofile --norc -e -o pipefail {0}
2025-11-09T23:49:58.5470100Z env:
2025-11-09T23:49:58.5470287Z   CARGO_TERM_COLOR: always
2025-11-09T23:49:58.5470621Z ##[endgroup]
2025-11-09T23:49:58.5562720Z ##[group]Run : install rustup if needed
2025-11-09T23:49:58.5563029Z [36;1m: install rustup if needed[0m
2025-11-09T23:49:58.5563314Z [36;1mif ! command -v rustup &>/dev/null; then[0m
2025-11-09T23:49:58.5566322Z [36;1m  curl --proto '=https' --tlsv1.2 --retry 10 --retry-connrefused --location --silent --show-error --fail https://sh.rustup.rs | sh -s -- --default-toolchain none -y[0m
2025-11-09T23:49:58.5567024Z [36;1m  echo "$CARGO_HOME/bin" >> $GITHUB_PATH[0m
2025-11-09T23:49:58.5567527Z [36;1mfi[0m
2025-11-09T23:49:58.5599364Z shell: /usr/bin/bash --noprofile --norc -e -o pipefail {0}
2025-11-09T23:49:58.5599756Z env:
2025-11-09T23:49:58.5599934Z   CARGO_TERM_COLOR: always
2025-11-09T23:49:58.5600180Z   CARGO_HOME: /home/jswift/.cargo
2025-11-09T23:49:58.5600411Z ##[endgroup]
2025-11-09T23:49:58.6702184Z info: downloading installer
2025-11-09T23:49:59.1295306Z warn: It looks like you have an existing rustup settings file at:
2025-11-09T23:49:59.1295993Z warn: /home/jswift/.rustup/settings.toml
2025-11-09T23:49:59.1296705Z warn: Rustup will install the default toolchain as specified in the settings file,
2025-11-09T23:49:59.1297540Z warn: instead of the one inferred from the default host triple.
2025-11-09T23:49:59.1604618Z info: profile set to 'default'
2025-11-09T23:49:59.1605348Z info: default host triple is x86_64-unknown-linux-gnu
2025-11-09T23:49:59.1606069Z info: skipping toolchain installation
2025-11-09T23:49:59.1608036Z 
2025-11-09T23:49:59.1608046Z 
2025-11-09T23:49:59.1608271Z Rust is installed now. Great!
2025-11-09T23:49:59.1608618Z 
2025-11-09T23:49:59.1608996Z To get started you may need to restart your current shell.
2025-11-09T23:49:59.1609870Z This would reload your PATH environment variable to include
2025-11-09T23:49:59.1610472Z Cargo's bin directory ($HOME/.cargo/bin).
2025-11-09T23:49:59.1610745Z 
2025-11-09T23:49:59.1610920Z To configure your current shell, you need to source
2025-11-09T23:49:59.1611385Z the corresponding env file under $HOME/.cargo.
2025-11-09T23:49:59.1611671Z 
2025-11-09T23:49:59.1611936Z This is usually done by running one of the following (note the leading DOT):
2025-11-09T23:49:59.1612554Z . "$HOME/.cargo/env"            # For sh/bash/zsh/ash/dash/pdksh
2025-11-09T23:49:59.1612984Z source "$HOME/.cargo/env.fish"  # For fish
2025-11-09T23:49:59.1613354Z source $"($nu.home-path)/.cargo/env.nu"  # For nushell
2025-11-09T23:49:59.1755410Z ##[group]Run rustup toolchain install 1.88.0 --profile minimal --no-self-update
2025-11-09T23:49:59.1755977Z [36;1mrustup toolchain install 1.88.0 --profile minimal --no-self-update[0m
2025-11-09T23:49:59.1790867Z shell: /usr/bin/bash --noprofile --norc -e -o pipefail {0}
2025-11-09T23:49:59.1791406Z env:
2025-11-09T23:49:59.1791592Z   CARGO_TERM_COLOR: always
2025-11-09T23:49:59.1791826Z   CARGO_HOME: /home/jswift/.cargo
2025-11-09T23:49:59.1792067Z ##[endgroup]
2025-11-09T23:49:59.2741095Z info: syncing channel updates for '1.88.0-x86_64-unknown-linux-gnu'
2025-11-09T23:49:59.2964637Z 
2025-11-09T23:49:59.3096311Z   1.88.0-x86_64-unknown-linux-gnu unchanged - rustc 1.88.0 (6b00bc388 2025-06-23)
2025-11-09T23:49:59.3096758Z 
2025-11-09T23:49:59.3163731Z ##[group]Run rustup default 1.88.0
2025-11-09T23:49:59.3164038Z [36;1mrustup default 1.88.0[0m
2025-11-09T23:49:59.3200741Z shell: /usr/bin/bash --noprofile --norc -e -o pipefail {0}
2025-11-09T23:49:59.3201133Z env:
2025-11-09T23:49:59.3201341Z   CARGO_TERM_COLOR: always
2025-11-09T23:49:59.3201601Z   CARGO_HOME: /home/jswift/.cargo
2025-11-09T23:49:59.3201885Z ##[endgroup]
2025-11-09T23:49:59.3340119Z info: using existing install for '1.88.0-x86_64-unknown-linux-gnu'
2025-11-09T23:49:59.3725036Z info: default toolchain set to '1.88.0-x86_64-unknown-linux-gnu'
2025-11-09T23:49:59.3725433Z 
2025-11-09T23:49:59.3893345Z   1.88.0-x86_64-unknown-linux-gnu unchanged - rustc 1.88.0 (6b00bc388 2025-06-23)
2025-11-09T23:49:59.3896671Z 
2025-11-09T23:49:59.3899180Z info: note that the toolchain '1.88.0-x86_64-unknown-linux-gnu' is currently in use (overridden by '/home/jswift/actions-runner-org2/_work/bllvm-consensus/bllvm-consensus/rust-toolchain.toml')
2025-11-09T23:49:59.3980833Z ##[group]Run : create cachekey
2025-11-09T23:49:59.3981310Z [36;1m: create cachekey[0m
2025-11-09T23:49:59.3982125Z [36;1mDATE=$(rustc +1.88.0 --version --verbose | sed -ne 's/^commit-date: \(20[0-9][0-9]\)-\([01][0-9]\)-\([0-3][0-9]\)$/\1\2\3/p')[0m
2025-11-09T23:49:59.3983472Z [36;1mHASH=$(rustc +1.88.0 --version --verbose | sed -ne 's/^commit-hash: //p')[0m
2025-11-09T23:49:59.3984856Z [36;1mecho "cachekey=$(echo $DATE$HASH | head -c12)" >> $GITHUB_OUTPUT[0m
2025-11-09T23:49:59.4035471Z shell: /usr/bin/bash --noprofile --norc -e -o pipefail {0}
2025-11-09T23:49:59.4036050Z env:
2025-11-09T23:49:59.4036351Z   CARGO_TERM_COLOR: always
2025-11-09T23:49:59.4036755Z   CARGO_HOME: /home/jswift/.cargo
2025-11-09T23:49:59.4037171Z ##[endgroup]
2025-11-09T23:49:59.4589773Z ##[group]Run : disable incremental compilation
2025-11-09T23:49:59.4590190Z [36;1m: disable incremental compilation[0m
2025-11-09T23:49:59.4590552Z [36;1mif [ -z "${CARGO_INCREMENTAL+set}" ]; then[0m
2025-11-09T23:49:59.4590927Z [36;1m  echo CARGO_INCREMENTAL=0 >> $GITHUB_ENV[0m
2025-11-09T23:49:59.4591241Z [36;1mfi[0m
2025-11-09T23:49:59.4631602Z shell: /usr/bin/bash --noprofile --norc -e -o pipefail {0}
2025-11-09T23:49:59.4631977Z env:
2025-11-09T23:49:59.4632166Z   CARGO_TERM_COLOR: always
2025-11-09T23:49:59.4632420Z   CARGO_HOME: /home/jswift/.cargo
2025-11-09T23:49:59.4632680Z ##[endgroup]
2025-11-09T23:49:59.4711619Z ##[group]Run : enable colors in Cargo output
2025-11-09T23:49:59.4711954Z [36;1m: enable colors in Cargo output[0m
2025-11-09T23:49:59.4712271Z [36;1mif [ -z "${CARGO_TERM_COLOR+set}" ]; then[0m
2025-11-09T23:49:59.4712602Z [36;1m  echo CARGO_TERM_COLOR=always >> $GITHUB_ENV[0m
2025-11-09T23:49:59.4712875Z [36;1mfi[0m
2025-11-09T23:49:59.4742473Z shell: /usr/bin/bash --noprofile --norc -e -o pipefail {0}
2025-11-09T23:49:59.4742840Z env:
2025-11-09T23:49:59.4743027Z   CARGO_TERM_COLOR: always
2025-11-09T23:49:59.4743281Z   CARGO_HOME: /home/jswift/.cargo
2025-11-09T23:49:59.4746095Z   CARGO_INCREMENTAL: 0
2025-11-09T23:49:59.4746347Z ##[endgroup]
2025-11-09T23:49:59.4833680Z ##[group]Run : enable Cargo sparse registry
2025-11-09T23:49:59.4834004Z [36;1m: enable Cargo sparse registry[0m
2025-11-09T23:49:59.4834643Z [36;1m# implemented in 1.66, stabilized in 1.68, made default in 1.70[0m
2025-11-09T23:49:59.4835455Z [36;1mif [ -z "${CARGO_REGISTRIES_CRATES_IO_PROTOCOL+set}" -o -f "/home/jswift/actions-runner-org2/_work/_temp"/.implicit_cargo_registries_crates_io_protocol ]; then[0m
2025-11-09T23:49:59.4836257Z [36;1m  if rustc +1.88.0 --version --verbose | grep -q '^release: 1\.6[89]\.'; then[0m
2025-11-09T23:49:59.4837116Z [36;1m    touch "/home/jswift/actions-runner-org2/_work/_temp"/.implicit_cargo_registries_crates_io_protocol || true[0m
2025-11-09T23:49:59.4837727Z [36;1m    echo CARGO_REGISTRIES_CRATES_IO_PROTOCOL=sparse >> $GITHUB_ENV[0m
2025-11-09T23:49:59.4838196Z [36;1m  elif rustc +1.88.0 --version --verbose | grep -q '^release: 1\.6[67]\.'; then[0m
2025-11-09T23:49:59.4838819Z [36;1m    touch "/home/jswift/actions-runner-org2/_work/_temp"/.implicit_cargo_registries_crates_io_protocol || true[0m
2025-11-09T23:49:59.4839421Z [36;1m    echo CARGO_REGISTRIES_CRATES_IO_PROTOCOL=git >> $GITHUB_ENV[0m
2025-11-09T23:49:59.4839751Z [36;1m  fi[0m
2025-11-09T23:49:59.4839931Z [36;1mfi[0m
2025-11-09T23:49:59.4871858Z shell: /usr/bin/bash --noprofile --norc -e -o pipefail {0}
2025-11-09T23:49:59.4872184Z env:
2025-11-09T23:49:59.4872360Z   CARGO_TERM_COLOR: always
2025-11-09T23:49:59.4872585Z   CARGO_HOME: /home/jswift/.cargo
2025-11-09T23:49:59.4872834Z   CARGO_INCREMENTAL: 0
2025-11-09T23:49:59.4873026Z ##[endgroup]
2025-11-09T23:49:59.5445860Z ##[group]Run : work around spurious network errors in curl 8.0
2025-11-09T23:49:59.5446352Z [36;1m: work around spurious network errors in curl 8.0[0m
2025-11-09T23:49:59.5446896Z [36;1m# https://rust-lang.zulipchat.com/#narrow/stream/246057-t-cargo/topic/timeout.20investigation[0m
2025-11-09T23:49:59.5447514Z [36;1mif rustc +1.88.0 --version --verbose | grep -q '^release: 1\.7[01]\.'; then[0m
2025-11-09T23:49:59.5447952Z [36;1m  echo CARGO_HTTP_MULTIPLEXING=false >> $GITHUB_ENV[0m
2025-11-09T23:49:59.5448247Z [36;1mfi[0m
2025-11-09T23:49:59.5482884Z shell: /usr/bin/bash --noprofile --norc -e -o pipefail {0}
2025-11-09T23:49:59.5483234Z env:
2025-11-09T23:49:59.5483412Z   CARGO_TERM_COLOR: always
2025-11-09T23:49:59.5483832Z   CARGO_HOME: /home/jswift/.cargo
2025-11-09T23:49:59.5484087Z   CARGO_INCREMENTAL: 0
2025-11-09T23:49:59.5484525Z ##[endgroup]
2025-11-09T23:49:59.5859392Z ##[group]Run rustc +1.88.0 --version --verbose
2025-11-09T23:49:59.5859966Z [36;1mrustc +1.88.0 --version --verbose[0m
2025-11-09T23:49:59.5911460Z shell: /usr/bin/bash --noprofile --norc -e -o pipefail {0}
2025-11-09T23:49:59.5912027Z env:
2025-11-09T23:49:59.5912338Z   CARGO_TERM_COLOR: always
2025-11-09T23:49:59.5912752Z   CARGO_HOME: /home/jswift/.cargo
2025-11-09T23:49:59.5913164Z   CARGO_INCREMENTAL: 0
2025-11-09T23:49:59.5913500Z ##[endgroup]
2025-11-09T23:49:59.6157193Z rustc 1.88.0 (6b00bc388 2025-06-23)
2025-11-09T23:49:59.6158353Z binary: rustc
2025-11-09T23:49:59.6159030Z commit-hash: 6b00bc3880198600130e1cf62b8f8a93494488cc
2025-11-09T23:49:59.6159600Z commit-date: 2025-06-23
2025-11-09T23:49:59.6159995Z host: x86_64-unknown-linux-gnu
2025-11-09T23:49:59.6161060Z release: 1.88.0
2025-11-09T23:49:59.6161434Z LLVM version: 20.1.5
2025-11-09T23:49:59.8670019Z ##[group]Run actions/cache@v3
2025-11-09T23:49:59.8670357Z with:
2025-11-09T23:49:59.8670542Z   path: ~/.cargo/registry
2025-11-09T23:49:59.8671018Z   key: Linux-cargo-registry-be20cb763b1c2a23d480f273acac121679c301efe5e74593667a8cb6ea1cc014
2025-11-09T23:49:59.8671519Z   enableCrossOsArchive: false
2025-11-09T23:49:59.8671754Z   fail-on-cache-miss: false
2025-11-09T23:49:59.8671972Z   lookup-only: false
2025-11-09T23:49:59.8672160Z env:
2025-11-09T23:49:59.8672328Z   CARGO_TERM_COLOR: always
2025-11-09T23:49:59.8672547Z   CARGO_HOME: /home/jswift/.cargo
2025-11-09T23:49:59.8672784Z   CARGO_INCREMENTAL: 0
2025-11-09T23:49:59.8672976Z ##[endgroup]
2025-11-09T23:50:00.1915032Z Cache hit for: Linux-cargo-registry-be20cb763b1c2a23d480f273acac121679c301efe5e74593667a8cb6ea1cc014
2025-11-09T23:50:01.4003359Z Received 134217728 of 838847341 (16.0%), 117.3 MBs/sec
2025-11-09T23:50:02.4009118Z Received 314572800 of 838847341 (37.5%), 143.5 MBs/sec
2025-11-09T23:50:03.4023693Z Received 528482304 of 838847341 (63.0%), 162.9 MBs/sec
2025-11-09T23:50:04.4037239Z Received 692060160 of 838847341 (82.5%), 161.2 MBs/sec
2025-11-09T23:50:05.1900987Z Received 838847341 of 838847341 (100.0%), 163.9 MBs/sec
2025-11-09T23:50:05.1904511Z Cache Size: ~800 MB (838847341 B)
2025-11-09T23:50:05.2041089Z [command]/usr/bin/tar -xf /home/jswift/actions-runner-org2/_work/_temp/8bca5929-7cb3-4add-8e94-80233f95d2cc/cache.tzst -P -C /home/jswift/actions-runner-org2/_work/bllvm-consensus/bllvm-consensus --use-compress-program unzstd
2025-11-09T23:50:13.6265032Z Cache restored successfully
2025-11-09T23:50:13.7507694Z Cache restored from key: Linux-cargo-registry-be20cb763b1c2a23d480f273acac121679c301efe5e74593667a8cb6ea1cc014
2025-11-09T23:50:14.0262800Z ##[group]Run actions/cache@v3
2025-11-09T23:50:14.0263072Z with:
2025-11-09T23:50:14.0263252Z   path: ~/.cargo/git
2025-11-09T23:50:14.0263671Z   key: Linux-cargo-index-be20cb763b1c2a23d480f273acac121679c301efe5e74593667a8cb6ea1cc014
2025-11-09T23:50:14.0264158Z   enableCrossOsArchive: false
2025-11-09T23:50:14.0265838Z   fail-on-cache-miss: false
2025-11-09T23:50:14.0266089Z   lookup-only: false
2025-11-09T23:50:14.0266314Z env:
2025-11-09T23:50:14.0266485Z   CARGO_TERM_COLOR: always
2025-11-09T23:50:14.0266715Z   CARGO_HOME: /home/jswift/.cargo
2025-11-09T23:50:14.0266965Z   CARGO_INCREMENTAL: 0
2025-11-09T23:50:14.0267169Z ##[endgroup]
2025-11-09T23:50:14.3703827Z Cache not found for input keys: Linux-cargo-index-be20cb763b1c2a23d480f273acac121679c301efe5e74593667a8cb6ea1cc014
2025-11-09T23:50:14.6404933Z ##[group]Run actions/cache@v3
2025-11-09T23:50:14.6405417Z with:
2025-11-09T23:50:14.6405733Z   path: target
2025-11-09T23:50:14.6406525Z   key: Linux-cargo-build-target-be20cb763b1c2a23d480f273acac121679c301efe5e74593667a8cb6ea1cc014
2025-11-09T23:50:14.6407471Z   enableCrossOsArchive: false
2025-11-09T23:50:14.6407925Z   fail-on-cache-miss: false
2025-11-09T23:50:14.6408341Z   lookup-only: false
2025-11-09T23:50:14.6408671Z env:
2025-11-09T23:50:14.6408970Z   CARGO_TERM_COLOR: always
2025-11-09T23:50:14.6409375Z   CARGO_HOME: /home/jswift/.cargo
2025-11-09T23:50:14.6409794Z   CARGO_INCREMENTAL: 0
2025-11-09T23:50:14.6410169Z ##[endgroup]
2025-11-09T23:50:14.9345087Z Cache hit for: Linux-cargo-build-target-be20cb763b1c2a23d480f273acac121679c301efe5e74593667a8cb6ea1cc014
2025-11-09T23:50:15.5485876Z Received 34004884 of 34004884 (100.0%), 66.9 MBs/sec
2025-11-09T23:50:15.5489827Z Cache Size: ~32 MB (34004884 B)
2025-11-09T23:50:15.5530534Z [command]/usr/bin/tar -xf /home/jswift/actions-runner-org2/_work/_temp/48a3d7f9-0e5e-400d-bcce-f21e1409675d/cache.tzst -P -C /home/jswift/actions-runner-org2/_work/bllvm-consensus/bllvm-consensus --use-compress-program unzstd
2025-11-09T23:50:15.8280592Z Cache restored successfully
2025-11-09T23:50:15.8487833Z Cache restored from key: Linux-cargo-build-target-be20cb763b1c2a23d480f273acac121679c301efe5e74593667a8cb6ea1cc014
2025-11-09T23:50:15.8671946Z ##[group]Run cargo doc --no-deps
2025-11-09T23:50:15.8672507Z [36;1mcargo doc --no-deps[0m
2025-11-09T23:50:15.8716057Z shell: /usr/bin/bash -e {0}
2025-11-09T23:50:15.8716487Z env:
2025-11-09T23:50:15.8716809Z   CARGO_TERM_COLOR: always
2025-11-09T23:50:15.8717262Z   CARGO_HOME: /home/jswift/.cargo
2025-11-09T23:50:15.8719558Z   CARGO_INCREMENTAL: 0
2025-11-09T23:50:15.8719932Z ##[endgroup]
2025-11-09T23:50:16.1532758Z [1m[32m Documenting[0m bllvm-consensus v0.1.0 (/home/jswift/actions-runner-org2/_work/bllvm-consensus/bllvm-consensus)
2025-11-09T23:50:16.7412580Z [0m[1m[33mwarning[0m[0m[1m: unresolved link to `0`[0m
2025-11-09T23:50:16.7413465Z [0m  [0m[0m[1m[38;5;12m--> [0m[0msrc/transaction.rs:77:36[0m
2025-11-09T23:50:16.7414015Z [0m   [0m[0m[1m[38;5;12m|[0m
2025-11-09T23:50:16.7415293Z [0m[1m[38;5;12m77[0m[0m [0m[0m[1m[38;5;12m|[0m[0m [0m[0m/// 8. If tx is coinbase: 2 ≤ |ins[0].scriptSig| ≤ 100[0m
2025-11-09T23:50:16.7416473Z [0m   [0m[0m[1m[38;5;12m|[0m[0m                                    [0m[0m[1m[33m^[0m[0m [0m[0m[1m[33mno item named `0` in scope[0m
2025-11-09T23:50:16.7417175Z [0m   [0m[0m[1m[38;5;12m|[0m
2025-11-09T23:50:16.7418279Z [0m   [0m[0m[1m[38;5;12m= [0m[0m[1mhelp[0m[0m: to escape `[` and `]` characters, add '\' before them like `\[` or `\]`[0m
2025-11-09T23:50:16.7424816Z [0m   [0m[0m[1m[38;5;12m= [0m[0m[1mnote[0m[0m: `#[warn(rustdoc::broken_intra_doc_links)]` on by default[0m
2025-11-09T23:50:16.7427398Z 
2025-11-09T23:50:16.7439562Z [0m[1m[33mwarning[0m[0m[1m: unresolved link to `0`[0m
2025-11-09T23:50:16.7440314Z [0m  [0m[0m[1m[38;5;12m--> [0m[0msrc/pow.rs:23:12[0m
2025-11-09T23:50:16.7440770Z [0m   [0m[0m[1m[38;5;12m|[0m
2025-11-09T23:50:16.7441330Z [0m[1m[38;5;12m23[0m[0m [0m[0m[1m[38;5;12m|[0m[0m [0m[0m/// - prev[0] is the first block of the adjustment period[0m
2025-11-09T23:50:16.7441979Z [0m   [0m[0m[1m[38;5;12m|[0m[0m            [0m[0m[1m[33m^[0m[0m [0m[0m[1m[33mno item named `0` in scope[0m
2025-11-09T23:50:16.7442384Z [0m   [0m[0m[1m[38;5;12m|[0m
2025-11-09T23:50:16.7442888Z [0m   [0m[0m[1m[38;5;12m= [0m[0m[1mhelp[0m[0m: to escape `[` and `]` characters, add '\' before them like `\[` or `\]`[0m
2025-11-09T23:50:16.7443228Z 
2025-11-09T23:50:16.7564263Z [0m[1m[33mwarning[0m[0m[1m: unclosed HTML tag `ByteString`[0m
2025-11-09T23:50:16.7565984Z [0m [0m[0m[1m[38;5;12m--> [0m[0msrc/script.rs:7:60[0m
2025-11-09T23:50:16.7566901Z [0m  [0m[0m[1m[38;5;12m|[0m
2025-11-09T23:50:16.7569832Z [0m[1m[38;5;12m7[0m[0m [0m[0m[1m[38;5;12m|[0m[0m [0m[0m//! - Stack pooling (thread-local pool of pre-allocated Vec<ByteString>)[0m
2025-11-09T23:50:16.7570794Z [0m  [0m[0m[1m[38;5;12m|[0m[0m                                                            [0m[0m[1m[33m^^^^^^^^^^^^[0m
2025-11-09T23:50:16.7571313Z [0m  [0m[0m[1m[38;5;12m|[0m
2025-11-09T23:50:16.7572081Z [0m  [0m[0m[1m[38;5;12m= [0m[0m[1mnote[0m[0m: `#[warn(rustdoc::invalid_html_tags)]` on by default[0m
2025-11-09T23:50:16.7572844Z [0m[1m[38;5;14mhelp[0m[0m: try marking as source code[0m
2025-11-09T23:50:16.7573619Z [0m  [0m[0m[1m[38;5;12m|[0m
2025-11-09T23:50:16.7575303Z [0m[1m[38;5;12m7[0m[0m [0m[0m[1m[38;5;12m| [0m[0m//! - Stack pooling (thread-local pool of pre-allocated [0m[0m[38;5;10m`[0m[0mVec<ByteString>[0m[0m[38;5;10m`[0m[0m)[0m
2025-11-09T23:50:16.7576546Z [0m  [0m[0m[1m[38;5;12m|[0m[0m                                                         [0m[0m[38;5;10m+[0m[0m               [0m[0m[38;5;10m+[0m
2025-11-09T23:50:16.7576925Z 
2025-11-09T23:50:16.7577196Z [0m[1m[33mwarning[0m[0m[1m: unclosed HTML tag `ByteString`[0m
2025-11-09T23:50:16.7577813Z [0m   [0m[0m[1m[38;5;12m--> [0m[0msrc/script.rs:209:62[0m
2025-11-09T23:50:16.7578465Z [0m    [0m[0m[1m[38;5;12m|[0m
2025-11-09T23:50:16.7579543Z [0m[1m[38;5;12m209[0m[0m [0m[0m[1m[38;5;12m|[0m[0m [0m[0m/// for optimal performance. This function works with any Vec<ByteString>.[0m
2025-11-09T23:50:16.7580666Z [0m    [0m[0m[1m[38;5;12m|[0m[0m                                                              [0m[0m[1m[33m^^^^^^^^^^^^[0m
2025-11-09T23:50:16.7581169Z [0m    [0m[0m[1m[38;5;12m|[0m
2025-11-09T23:50:16.7581622Z [0m[1m[38;5;14mhelp[0m[0m: try marking as source code[0m
2025-11-09T23:50:16.7582058Z [0m    [0m[0m[1m[38;5;12m|[0m
2025-11-09T23:50:16.7582996Z [0m[1m[38;5;12m209[0m[0m [0m[0m[1m[38;5;12m| [0m[0m/// for optimal performance. This function works with any [0m[0m[38;5;10m`[0m[0mVec<ByteString>[0m[0m[38;5;10m`[0m[0m.[0m
2025-11-09T23:50:16.7584064Z [0m    [0m[0m[1m[38;5;12m|[0m[0m                                                           [0m[0m[38;5;10m+[0m[0m               [0m[0m[38;5;10m+[0m
2025-11-09T23:50:16.7584617Z 
2025-11-09T23:50:16.7584834Z [0m[1m[33mwarning[0m[0m[1m: this URL is not a hyperlink[0m
2025-11-09T23:50:16.7585271Z [0m [0m[0m[1m[38;5;12m--> [0m[0msrc/bip113.rs:6:20[0m
2025-11-09T23:50:16.7587436Z [0m  [0m[0m[1m[38;5;12m|[0m
2025-11-09T23:50:16.7588052Z [0m[1m[38;5;12m6[0m[0m [0m[0m[1m[38;5;12m|[0m[0m [0m[0m//! Specification: https://github.com/bitcoin/bips/blob/master/bip-0113.mediawiki[0m
2025-11-09T23:50:16.7588944Z [0m  [0m[0m[1m[38;5;12m|[0m[0m                    [0m[0m[1m[33m^^^^^^^^^^^^^^^^^^^^^^^^^^^^^^^^^^^^^^^^^^^^^^^^^^^^^^^^^^^^^^[0m
2025-11-09T23:50:16.7589322Z [0m  [0m[0m[1m[38;5;12m|[0m
2025-11-09T23:50:16.7589788Z [0m  [0m[0m[1m[38;5;12m= [0m[0m[1mnote[0m[0m: bare URLs are not automatically turned into clickable links[0m
2025-11-09T23:50:16.7590422Z [0m  [0m[0m[1m[38;5;12m= [0m[0m[1mnote[0m[0m: `#[warn(rustdoc::bare_urls)]` on by default[0m
2025-11-09T23:50:16.7590874Z [0m[1m[38;5;14mhelp[0m[0m: use an automatic link instead[0m
2025-11-09T23:50:16.7591203Z [0m  [0m[0m[1m[38;5;12m|[0m
2025-11-09T23:50:16.7591895Z [0m[1m[38;5;12m6[0m[0m [0m[0m[1m[38;5;12m| [0m[0m//! Specification: [0m[0m[38;5;10m<[0m[0mhttps://github.com/bitcoin/bips/blob/master/bip-0113.mediawiki[0m[0m[38;5;10m>[0m
2025-11-09T23:50:16.7592679Z [0m  [0m[0m[1m[38;5;12m|[0m[0m                    [0m[0m[38;5;10m+[0m[0m                                                              [0m[0m[38;5;10m+[0m
2025-11-09T23:50:16.7592948Z 
2025-11-09T23:50:16.7593166Z [0m[1m[33mwarning[0m[0m[1m: unclosed HTML tag `Witness`[0m
2025-11-09T23:50:16.7593564Z [0m  [0m[0m[1m[38;5;12m--> [0m[0msrc/mempool.rs:26:62[0m
2025-11-09T23:50:16.7593883Z [0m   [0m[0m[1m[38;5;12m|[0m
2025-11-09T23:50:16.7594705Z [0m[1m[38;5;12m26[0m[0m [0m[0m[1m[38;5;12m|[0m[0m [0m[0m/// * `witnesses` - Optional witness data for each input (Vec<Witness> where Witness = Vec<ByteString>)[0m
2025-11-09T23:50:16.7595389Z [0m   [0m[0m[1m[38;5;12m|[0m[0m                                                              [0m[0m[1m[33m^^^^^^^^^[0m
2025-11-09T23:50:16.7595735Z [0m   [0m[0m[1m[38;5;12m|[0m
2025-11-09T23:50:16.7596065Z [0m[1m[38;5;14mhelp[0m[0m: try marking as source code[0m
2025-11-09T23:50:16.7596391Z [0m   [0m[0m[1m[38;5;12m|[0m
2025-11-09T23:50:16.7597123Z [0m[1m[38;5;12m26[0m[0m [0m[0m[1m[38;5;12m| [0m[0m/// * `witnesses` - Optional witness data for each input ([0m[0m[38;5;10m`[0m[0mVec<Witness>[0m[0m[38;5;10m`[0m[0m where Witness = Vec<ByteString>)[0m
2025-11-09T23:50:16.7597901Z [0m   [0m[0m[1m[38;5;12m|[0m[0m                                                           [0m[0m[38;5;10m+[0m[0m            [0m[0m[38;5;10m+[0m
2025-11-09T23:50:16.7598154Z 
2025-11-09T23:50:16.7598365Z [0m[1m[33mwarning[0m[0m[1m: unclosed HTML tag `ByteString`[0m
2025-11-09T23:50:16.7598772Z [0m  [0m[0m[1m[38;5;12m--> [0m[0msrc/mempool.rs:26:91[0m
2025-11-09T23:50:16.7599079Z [0m   [0m[0m[1m[38;5;12m|[0m
2025-11-09T23:50:16.7599875Z [0m[1m[38;5;12m26[0m[0m [0m[0m[1m[38;5;12m|[0m[0m [0m[0m/// * `witnesses` - Optional witness data for each input (Vec<Witness> where Witness = Vec<ByteString>)[0m
2025-11-09T23:50:16.7600582Z [0m   [0m[0m[1m[38;5;12m|[0m[0m                                                                                           [0m[0m[1m[33m^^^^^^^^^^^^[0m
2025-11-09T23:50:16.7600939Z [0m   [0m[0m[1m[38;5;12m|[0m
2025-11-09T23:50:16.7601271Z [0m[1m[38;5;14mhelp[0m[0m: try marking as source code[0m
2025-11-09T23:50:16.7601596Z [0m   [0m[0m[1m[38;5;12m|[0m
2025-11-09T23:50:16.7602338Z [0m[1m[38;5;12m26[0m[0m [0m[0m[1m[38;5;12m| [0m[0m/// * `witnesses` - Optional witness data for each input (Vec<Witness> where Witness = [0m[0m[38;5;10m`[0m[0mVec<ByteString>[0m[0m[38;5;10m`[0m[0m)[0m
2025-11-09T23:50:16.7603179Z [0m   [0m[0m[1m[38;5;12m|[0m[0m                                                                                        [0m[0m[38;5;10m+[0m[0m               [0m[0m[38;5;10m+[0m
2025-11-09T23:50:16.7603441Z 
2025-11-09T23:50:16.7603665Z [0m[1m[33mwarning[0m[0m[1m: unclosed HTML tag `witness-program`[0m
2025-11-09T23:50:16.7604100Z [0m   [0m[0m[1m[38;5;12m--> [0m[0msrc/witness.rs:104:26[0m
2025-11-09T23:50:16.7604690Z [0m    [0m[0m[1m[38;5;12m|[0m
2025-11-09T23:50:16.7605248Z [0m[1m[38;5;12m104[0m[0m [0m[0m[1m[38;5;12m|[0m[0m [0m[0m/// from SegWit v0 (OP_0 <witness-program>) or Taproot v1 (OP_1 <witness-program>)[0m
2025-11-09T23:50:16.7605833Z [0m    [0m[0m[1m[38;5;12m|[0m[0m                          [0m[0m[1m[33m^^^^^^^^^^^^^^^^^[0m
2025-11-09T23:50:16.7606063Z 
2025-11-09T23:50:16.7606282Z [0m[1m[33mwarning[0m[0m[1m: unclosed HTML tag `witness-program`[0m
2025-11-09T23:50:16.7606731Z [0m   [0m[0m[1m[38;5;12m--> [0m[0msrc/witness.rs:104:65[0m
2025-11-09T23:50:16.7607057Z [0m    [0m[0m[1m[38;5;12m|[0m
2025-11-09T23:50:16.7607633Z [0m[1m[38;5;12m104[0m[0m [0m[0m[1m[38;5;12m|[0m[0m [0m[0m/// from SegWit v0 (OP_0 <witness-program>) or Taproot v1 (OP_1 <witness-program>)[0m
2025-11-09T23:50:16.7608256Z [0m    [0m[0m[1m[38;5;12m|[0m[0m                                                                 [0m[0m[1m[33m^^^^^^^^^^^^^^^^^[0m
2025-11-09T23:50:16.7608493Z 
2025-11-09T23:50:16.7608693Z [0m[1m[33mwarning[0m[0m[1m: unclosed HTML tag `Witness`[0m
2025-11-09T23:50:16.7609107Z [0m  [0m[0m[1m[38;5;12m--> [0m[0msrc/reorganization.rs:48:80[0m
2025-11-09T23:50:16.7609437Z [0m   [0m[0m[1m[38;5;12m|[0m
2025-11-09T23:50:16.7610048Z [0m[1m[38;5;12m48[0m[0m [0m[0m[1m[38;5;12m|[0m[0m [0m[0m/// * `new_chain_witnesses` - Witness data for each block in new_chain (one Vec<Witness> per block)[0m
2025-11-09T23:50:16.7611919Z [0m   [0m[0m[1m[38;5;12m|[0m[0m                                                                                [0m[0m[1m[33m^^^^^^^^^[0m
2025-11-09T23:50:16.7612263Z [0m   [0m[0m[1m[38;5;12m|[0m
2025-11-09T23:50:16.7612596Z [0m[1m[38;5;14mhelp[0m[0m: try marking as source code[0m
2025-11-09T23:50:16.7612922Z [0m   [0m[0m[1m[38;5;12m|[0m
2025-11-09T23:50:16.7613631Z [0m[1m[38;5;12m48[0m[0m [0m[0m[1m[38;5;12m| [0m[0m/// * `new_chain_witnesses` - Witness data for each block in new_chain (one [0m[0m[38;5;10m`[0m[0mVec<Witness>[0m[0m[38;5;10m`[0m[0m per block)[0m
2025-11-09T23:50:16.7615578Z [0m   [0m[0m[1m[38;5;12m|[0m[0m                                                                             [0m[0m[38;5;10m+[0m[0m            [0m[0m[38;5;10m+[0m
2025-11-09T23:50:16.7615861Z 
2025-11-09T23:50:16.9152726Z [1m[33mwarning[0m[1m:[0m `bllvm-consensus` (lib doc) generated 10 warnings (run `cargo fix --lib -p bllvm-consensus` to apply 1 suggestion)
2025-11-09T23:50:16.9154248Z [1m[32m    Finished[0m `dev` profile [unoptimized + debuginfo] target(s) in 0.97s
2025-11-09T23:50:16.9202160Z [1m[32m   Generated[0m /home/jswift/actions-runner-org2/_work/bllvm-consensus/bllvm-consensus/target/doc/bllvm_consensus/index.html
2025-11-09T23:50:16.9265568Z ##[group]Run cargo doc --no-deps --document-private-items
2025-11-09T23:50:16.9266030Z [36;1mcargo doc --no-deps --document-private-items[0m
2025-11-09T23:50:16.9298058Z shell: /usr/bin/bash -e {0}
2025-11-09T23:50:16.9298359Z env:
2025-11-09T23:50:16.9298577Z   CARGO_TERM_COLOR: always
2025-11-09T23:50:16.9298857Z   CARGO_HOME: /home/jswift/.cargo
2025-11-09T23:50:16.9299158Z   CARGO_INCREMENTAL: 0
2025-11-09T23:50:16.9299404Z ##[endgroup]
2025-11-09T23:50:17.0727373Z [1m[32m Documenting[0m bllvm-consensus v0.1.0 (/home/jswift/actions-runner-org2/_work/bllvm-consensus/bllvm-consensus)
2025-11-09T23:50:17.6624966Z [0m[1m[33mwarning[0m[0m[1m: unresolved link to `0`[0m
2025-11-09T23:50:17.6625859Z [0m  [0m[0m[1m[38;5;12m--> [0m[0msrc/transaction.rs:77:36[0m
2025-11-09T23:50:17.6626424Z [0m   [0m[0m[1m[38;5;12m|[0m
2025-11-09T23:50:17.6627429Z [0m[1m[38;5;12m77[0m[0m [0m[0m[1m[38;5;12m|[0m[0m [0m[0m/// 8. If tx is coinbase: 2 ≤ |ins[0].scriptSig| ≤ 100[0m
2025-11-09T23:50:17.6628615Z [0m   [0m[0m[1m[38;5;12m|[0m[0m                                    [0m[0m[1m[33m^[0m[0m [0m[0m[1m[33mno item named `0` in scope[0m
2025-11-09T23:50:17.6629744Z [0m   [0m[0m[1m[38;5;12m|[0m
2025-11-09T23:50:17.6630883Z [0m   [0m[0m[1m[38;5;12m= [0m[0m[1mhelp[0m[0m: to escape `[` and `]` characters, add '\' before them like `\[` or `\]`[0m
2025-11-09T23:50:17.6632378Z [0m   [0m[0m[1m[38;5;12m= [0m[0m[1mnote[0m[0m: `#[warn(rustdoc::broken_intra_doc_links)]` on by default[0m
2025-11-09T23:50:17.6632927Z 
2025-11-09T23:50:17.6648183Z [0m[1m[33mwarning[0m[0m[1m: unresolved link to `0`[0m
2025-11-09T23:50:17.6649204Z [0m  [0m[0m[1m[38;5;12m--> [0m[0msrc/pow.rs:23:12[0m
2025-11-09T23:50:17.6650027Z [0m   [0m[0m[1m[38;5;12m|[0m
2025-11-09T23:50:17.6651229Z [0m[1m[38;5;12m23[0m[0m [0m[0m[1m[38;5;12m|[0m[0m [0m[0m/// - prev[0] is the first block of the adjustment period[0m
2025-11-09T23:50:17.6652350Z [0m   [0m[0m[1m[38;5;12m|[0m[0m            [0m[0m[1m[33m^[0m[0m [0m[0m[1m[33mno item named `0` in scope[0m
2025-11-09T23:50:17.6652926Z [0m   [0m[0m[1m[38;5;12m|[0m
2025-11-09T23:50:17.6653663Z [0m   [0m[0m[1m[38;5;12m= [0m[0m[1mhelp[0m[0m: to escape `[` and `]` characters, add '\' before them like `\[` or `\]`[0m
2025-11-09T23:50:17.6654227Z 
2025-11-09T23:50:17.6656427Z [0m[1m[33mwarning[0m[0m[1m: unresolved link to `2`[0m
2025-11-09T23:50:17.6657599Z [0m   [0m[0m[1m[38;5;12m--> [0m[0msrc/pow.rs:382:26[0m
2025-11-09T23:50:17.6660453Z [0m    [0m[0m[1m[38;5;12m|[0m
2025-11-09T23:50:17.6661950Z [0m[1m[38;5;12m382[0m[0m [0m[0m[1m[38;5;12m|[0m[0m [0m[0m/// - And: re_expanded.0[2] = expanded.0[2] ∧ re_expanded.0[3] = expanded.0[3][0m
2025-11-09T23:50:17.6663081Z [0m    [0m[0m[1m[38;5;12m|[0m[0m                          [0m[0m[1m[33m^[0m[0m [0m[0m[1m[33mno item named `2` in scope[0m
2025-11-09T23:50:17.6663862Z [0m    [0m[0m[1m[38;5;12m|[0m
2025-11-09T23:50:17.6664814Z [0m    [0m[0m[1m[38;5;12m= [0m[0m[1mhelp[0m[0m: to escape `[` and `]` characters, add '\' before them like `\[` or `\]`[0m
2025-11-09T23:50:17.6665195Z 
2025-11-09T23:50:17.6665414Z [0m[1m[33mwarning[0m[0m[1m: unresolved link to `2`[0m
2025-11-09T23:50:17.6665841Z [0m   [0m[0m[1m[38;5;12m--> [0m[0msrc/pow.rs:382:42[0m
2025-11-09T23:50:17.6666260Z [0m    [0m[0m[1m[38;5;12m|[0m
2025-11-09T23:50:17.6666845Z [0m[1m[38;5;12m382[0m[0m [0m[0m[1m[38;5;12m|[0m[0m [0m[0m/// - And: re_expanded.0[2] = expanded.0[2] ∧ re_expanded.0[3] = expanded.0[3][0m
2025-11-09T23:50:17.6667548Z [0m    [0m[0m[1m[38;5;12m|[0m[0m                                          [0m[0m[1m[33m^[0m[0m [0m[0m[1m[33mno item named `2` in scope[0m
2025-11-09T23:50:17.6667958Z [0m    [0m[0m[1m[38;5;12m|[0m
2025-11-09T23:50:17.6668779Z [0m    [0m[0m[1m[38;5;12m= [0m[0m[1mhelp[0m[0m: to escape `[` and `]` characters, add '\' before them like `\[` or `\]`[0m
2025-11-09T23:50:17.6669475Z 
2025-11-09T23:50:17.6669690Z [0m[1m[33mwarning[0m[0m[1m: unresolved link to `3`[0m
2025-11-09T23:50:17.6670100Z [0m   [0m[0m[1m[38;5;12m--> [0m[0msrc/pow.rs:382:61[0m
2025-11-09T23:50:17.6670447Z [0m    [0m[0m[1m[38;5;12m|[0m
2025-11-09T23:50:17.6671007Z [0m[1m[38;5;12m382[0m[0m [0m[0m[1m[38;5;12m|[0m[0m [0m[0m/// - And: re_expanded.0[2] = expanded.0[2] ∧ re_expanded.0[3] = expanded.0[3][0m
2025-11-09T23:50:17.6671707Z [0m    [0m[0m[1m[38;5;12m|[0m[0m                                                             [0m[0m[1m[33m^[0m[0m [0m[0m[1m[33mno item named `3` in scope[0m
2025-11-09T23:50:17.6672119Z [0m    [0m[0m[1m[38;5;12m|[0m
2025-11-09T23:50:17.6672628Z [0m    [0m[0m[1m[38;5;12m= [0m[0m[1mhelp[0m[0m: to escape `[` and `]` characters, add '\' before them like `\[` or `\]`[0m
2025-11-09T23:50:17.6672980Z 
2025-11-09T23:50:17.6673170Z [0m[1m[33mwarning[0m[0m[1m: unresolved link to `3`[0m
2025-11-09T23:50:17.6673568Z [0m   [0m[0m[1m[38;5;12m--> [0m[0msrc/pow.rs:382:77[0m
2025-11-09T23:50:17.6673890Z [0m    [0m[0m[1m[38;5;12m|[0m
2025-11-09T23:50:17.6674580Z [0m[1m[38;5;12m382[0m[0m [0m[0m[1m[38;5;12m|[0m[0m [0m[0m/// - And: re_expanded.0[2] = expanded.0[2] ∧ re_expanded.0[3] = expanded.0[3][0m
2025-11-09T23:50:17.6675441Z [0m    [0m[0m[1m[38;5;12m|[0m[0m                                                                             [0m[0m[1m[33m^[0m[0m [0m[0m[1m[33mno item named `3` in scope[0m
2025-11-09T23:50:17.6675836Z [0m    [0m[0m[1m[38;5;12m|[0m
2025-11-09T23:50:17.6676301Z [0m    [0m[0m[1m[38;5;12m= [0m[0m[1mhelp[0m[0m: to escape `[` and `]` characters, add '\' before them like `\[` or `\]`[0m
2025-11-09T23:50:17.6676630Z 
2025-11-09T23:50:17.6676804Z [0m[1m[33mwarning[0m[0m[1m: unresolved link to `2`[0m
2025-11-09T23:50:17.6677175Z [0m   [0m[0m[1m[38;5;12m--> [0m[0msrc/pow.rs:446:23[0m
2025-11-09T23:50:17.6677490Z [0m    [0m[0m[1m[38;5;12m|[0m
2025-11-09T23:50:17.6678001Z [0m[1m[38;5;12m446[0m[0m [0m[0m[1m[38;5;12m|[0m[0m [0m[0m/// - And: expanded.0[2] = target.0[2] ∧ expanded.0[3] = target.0[3][0m
2025-11-09T23:50:17.6678603Z [0m    [0m[0m[1m[38;5;12m|[0m[0m                       [0m[0m[1m[33m^[0m[0m [0m[0m[1m[33mno item named `2` in scope[0m
2025-11-09T23:50:17.6678964Z [0m    [0m[0m[1m[38;5;12m|[0m
2025-11-09T23:50:17.6679432Z [0m    [0m[0m[1m[38;5;12m= [0m[0m[1mhelp[0m[0m: to escape `[` and `]` characters, add '\' before them like `\[` or `\]`[0m
2025-11-09T23:50:17.6679752Z 
2025-11-09T23:50:17.6679927Z [0m[1m[33mwarning[0m[0m[1m: unresolved link to `2`[0m
2025-11-09T23:50:17.6680304Z [0m   [0m[0m[1m[38;5;12m--> [0m[0msrc/pow.rs:446:37[0m
2025-11-09T23:50:17.6680610Z [0m    [0m[0m[1m[38;5;12m|[0m
2025-11-09T23:50:17.6681100Z [0m[1m[38;5;12m446[0m[0m [0m[0m[1m[38;5;12m|[0m[0m [0m[0m/// - And: expanded.0[2] = target.0[2] ∧ expanded.0[3] = target.0[3][0m
2025-11-09T23:50:17.6681711Z [0m    [0m[0m[1m[38;5;12m|[0m[0m                                     [0m[0m[1m[33m^[0m[0m [0m[0m[1m[33mno item named `2` in scope[0m
2025-11-09T23:50:17.6682097Z [0m    [0m[0m[1m[38;5;12m|[0m
2025-11-09T23:50:17.6682560Z [0m    [0m[0m[1m[38;5;12m= [0m[0m[1mhelp[0m[0m: to escape `[` and `]` characters, add '\' before them like `\[` or `\]`[0m
2025-11-09T23:50:17.6682885Z 
2025-11-09T23:50:17.6683056Z [0m[1m[33mwarning[0m[0m[1m: unresolved link to `3`[0m
2025-11-09T23:50:17.6683427Z [0m   [0m[0m[1m[38;5;12m--> [0m[0msrc/pow.rs:446:53[0m
2025-11-09T23:50:17.6683730Z [0m    [0m[0m[1m[38;5;12m|[0m
2025-11-09T23:50:17.6684658Z [0m[1m[38;5;12m446[0m[0m [0m[0m[1m[38;5;12m|[0m[0m [0m[0m/// - And: expanded.0[2] = target.0[2] ∧ expanded.0[3] = target.0[3][0m
2025-11-09T23:50:17.6685463Z [0m    [0m[0m[1m[38;5;12m|[0m[0m                                                     [0m[0m[1m[33m^[0m[0m [0m[0m[1m[33mno item named `3` in scope[0m
2025-11-09T23:50:17.6685864Z [0m    [0m[0m[1m[38;5;12m|[0m
2025-11-09T23:50:17.6686349Z [0m    [0m[0m[1m[38;5;12m= [0m[0m[1mhelp[0m[0m: to escape `[` and `]` characters, add '\' before them like `\[` or `\]`[0m
2025-11-09T23:50:17.6686678Z 
2025-11-09T23:50:17.6686864Z [0m[1m[33mwarning[0m[0m[1m: unresolved link to `3`[0m
2025-11-09T23:50:17.6687239Z [0m   [0m[0m[1m[38;5;12m--> [0m[0msrc/pow.rs:446:67[0m
2025-11-09T23:50:17.6687550Z [0m    [0m[0m[1m[38;5;12m|[0m
2025-11-09T23:50:17.6689650Z [0m[1m[38;5;12m446[0m[0m [0m[0m[1m[38;5;12m|[0m[0m [0m[0m/// - And: expanded.0[2] = target.0[2] ∧ expanded.0[3] = target.0[3][0m
2025-11-09T23:50:17.6690282Z [0m    [0m[0m[1m[38;5;12m|[0m[0m                                                                   [0m[0m[1m[33m^[0m[0m [0m[0m[1m[33mno item named `3` in scope[0m
2025-11-09T23:50:17.6690677Z [0m    [0m[0m[1m[38;5;12m|[0m
2025-11-09T23:50:17.6691149Z [0m    [0m[0m[1m[38;5;12m= [0m[0m[1mhelp[0m[0m: to escape `[` and `]` characters, add '\' before them like `\[` or `\]`[0m
2025-11-09T23:50:17.6691467Z 
2025-11-09T23:50:17.6777548Z [0m[1m[33mwarning[0m[0m[1m: unclosed HTML tag `ByteString`[0m
2025-11-09T23:50:17.6778336Z [0m [0m[0m[1m[38;5;12m--> [0m[0msrc/script.rs:7:60[0m
2025-11-09T23:50:17.6778904Z [0m  [0m[0m[1m[38;5;12m|[0m
2025-11-09T23:50:17.6779856Z [0m[1m[38;5;12m7[0m[0m [0m[0m[1m[38;5;12m|[0m[0m [0m[0m//! - Stack pooling (thread-local pool of pre-allocated Vec<ByteString>)[0m
2025-11-09T23:50:17.6780935Z [0m  [0m[0m[1m[38;5;12m|[0m[0m                                                            [0m[0m[1m[33m^^^^^^^^^^^^[0m
2025-11-09T23:50:17.6781529Z [0m  [0m[0m[1m[38;5;12m|[0m
2025-11-09T23:50:17.6782282Z [0m  [0m[0m[1m[38;5;12m= [0m[0m[1mnote[0m[0m: `#[warn(rustdoc::invalid_html_tags)]` on by default[0m
2025-11-09T23:50:17.6782836Z [0m[1m[38;5;14mhelp[0m[0m: try marking as source code[0m
2025-11-09T23:50:17.6783193Z [0m  [0m[0m[1m[38;5;12m|[0m
2025-11-09T23:50:17.6784002Z [0m[1m[38;5;12m7[0m[0m [0m[0m[1m[38;5;12m| [0m[0m//! - Stack pooling (thread-local pool of pre-allocated [0m[0m[38;5;10m`[0m[0mVec<ByteString>[0m[0m[38;5;10m`[0m[0m)[0m
2025-11-09T23:50:17.6785559Z [0m  [0m[0m[1m[38;5;12m|[0m[0m                                                         [0m[0m[38;5;10m+[0m[0m               [0m[0m[38;5;10m+[0m
2025-11-09T23:50:17.6786039Z 
2025-11-09T23:50:17.6786464Z [0m[1m[33mwarning[0m[0m[1m: unclosed HTML tag `ByteString`[0m
2025-11-09T23:50:17.6786951Z [0m   [0m[0m[1m[38;5;12m--> [0m[0msrc/script.rs:209:62[0m
2025-11-09T23:50:17.6787306Z [0m    [0m[0m[1m[38;5;12m|[0m
2025-11-09T23:50:17.6789702Z [0m[1m[38;5;12m209[0m[0m [0m[0m[1m[38;5;12m|[0m[0m [0m[0m/// for optimal performance. This function works with any Vec<ByteString>.[0m
2025-11-09T23:50:17.6790389Z [0m    [0m[0m[1m[38;5;12m|[0m[0m                                                              [0m[0m[1m[33m^^^^^^^^^^^^[0m
2025-11-09T23:50:17.6790782Z [0m    [0m[0m[1m[38;5;12m|[0m
2025-11-09T23:50:17.6791136Z [0m[1m[38;5;14mhelp[0m[0m: try marking as source code[0m
2025-11-09T23:50:17.6791474Z [0m    [0m[0m[1m[38;5;12m|[0m
2025-11-09T23:50:17.6792542Z [0m[1m[38;5;12m209[0m[0m [0m[0m[1m[38;5;12m| [0m[0m/// for optimal performance. This function works with any [0m[0m[38;5;10m`[0m[0mVec<ByteString>[0m[0m[38;5;10m`[0m[0m.[0m
2025-11-09T23:50:17.6793391Z [0m    [0m[0m[1m[38;5;12m|[0m[0m                                                           [0m[0m[38;5;10m+[0m[0m               [0m[0m[38;5;10m+[0m
2025-11-09T23:50:17.6793683Z 
2025-11-09T23:50:17.6793904Z [0m[1m[33mwarning[0m[0m[1m: this URL is not a hyperlink[0m
2025-11-09T23:50:17.6794497Z [0m [0m[0m[1m[38;5;12m--> [0m[0msrc/bip113.rs:6:20[0m
2025-11-09T23:50:17.6795284Z [0m  [0m[0m[1m[38;5;12m|[0m
2025-11-09T23:50:17.6806557Z [0m[1m[38;5;12m6[0m[0m [0m[0m[1m[38;5;12m|[0m[0m [0m[0m//! Specification: https://github.com/bitcoin/bips/blob/master/bip-0113.mediawiki[0m
2025-11-09T23:50:17.6809131Z [0m  [0m[0m[1m[38;5;12m|[0m[0m                    [0m[0m[1m[33m^^^^^^^^^^^^^^^^^^^^^^^^^^^^^^^^^^^^^^^^^^^^^^^^^^^^^^^^^^^^^^[0m
2025-11-09T23:50:17.6809524Z [0m  [0m[0m[1m[38;5;12m|[0m
2025-11-09T23:50:17.6810364Z [0m  [0m[0m[1m[38;5;12m= [0m[0m[1mnote[0m[0m: bare URLs are not automatically turned into clickable links[0m
2025-11-09T23:50:17.6811039Z [0m  [0m[0m[1m[38;5;12m= [0m[0m[1mnote[0m[0m: `#[warn(rustdoc::bare_urls)]` on by default[0m
2025-11-09T23:50:17.6811500Z [0m[1m[38;5;14mhelp[0m[0m: use an automatic link instead[0m
2025-11-09T23:50:17.6811841Z [0m  [0m[0m[1m[38;5;12m|[0m
2025-11-09T23:50:17.6812552Z [0m[1m[38;5;12m6[0m[0m [0m[0m[1m[38;5;12m| [0m[0m//! Specification: [0m[0m[38;5;10m<[0m[0mhttps://github.com/bitcoin/bips/blob/master/bip-0113.mediawiki[0m[0m[38;5;10m>[0m
2025-11-09T23:50:17.6813333Z [0m  [0m[0m[1m[38;5;12m|[0m[0m                    [0m[0m[38;5;10m+[0m[0m                                                              [0m[0m[38;5;10m+[0m
2025-11-09T23:50:17.6813819Z 
2025-11-09T23:50:17.6814030Z [0m[1m[33mwarning[0m[0m[1m: unclosed HTML tag `Witness`[0m
2025-11-09T23:50:17.6814924Z [0m  [0m[0m[1m[38;5;12m--> [0m[0msrc/mempool.rs:26:62[0m
2025-11-09T23:50:17.6815271Z [0m   [0m[0m[1m[38;5;12m|[0m
2025-11-09T23:50:17.6815921Z [0m[1m[38;5;12m26[0m[0m [0m[0m[1m[38;5;12m|[0m[0m [0m[0m/// * `witnesses` - Optional witness data for each input (Vec<Witness> where Witness = Vec<ByteString>)[0m
2025-11-09T23:50:17.6816624Z [0m   [0m[0m[1m[38;5;12m|[0m[0m                                                              [0m[0m[1m[33m^^^^^^^^^[0m
2025-11-09T23:50:17.6816981Z [0m   [0m[0m[1m[38;5;12m|[0m
2025-11-09T23:50:17.6817324Z [0m[1m[38;5;14mhelp[0m[0m: try marking as source code[0m
2025-11-09T23:50:17.6817653Z [0m   [0m[0m[1m[38;5;12m|[0m
2025-11-09T23:50:17.6818386Z [0m[1m[38;5;12m26[0m[0m [0m[0m[1m[38;5;12m| [0m[0m/// * `witnesses` - Optional witness data for each input ([0m[0m[38;5;10m`[0m[0mVec<Witness>[0m[0m[38;5;10m`[0m[0m where Witness = Vec<ByteString>)[0m
2025-11-09T23:50:17.6819181Z [0m   [0m[0m[1m[38;5;12m|[0m[0m                                                           [0m[0m[38;5;10m+[0m[0m            [0m[0m[38;5;10m+[0m
2025-11-09T23:50:17.6819444Z 
2025-11-09T23:50:17.6819655Z [0m[1m[33mwarning[0m[0m[1m: unclosed HTML tag `ByteString`[0m
2025-11-09T23:50:17.6820067Z [0m  [0m[0m[1m[38;5;12m--> [0m[0msrc/mempool.rs:26:91[0m
2025-11-09T23:50:17.6820397Z [0m   [0m[0m[1m[38;5;12m|[0m
2025-11-09T23:50:17.6821413Z [0m[1m[38;5;12m26[0m[0m [0m[0m[1m[38;5;12m|[0m[0m [0m[0m/// * `witnesses` - Optional witness data for each input (Vec<Witness> where Witness = Vec<ByteString>)[0m
2025-11-09T23:50:17.6822147Z [0m   [0m[0m[1m[38;5;12m|[0m[0m                                                                                           [0m[0m[1m[33m^^^^^^^^^^^^[0m
2025-11-09T23:50:17.6822515Z [0m   [0m[0m[1m[38;5;12m|[0m
2025-11-09T23:50:17.6822839Z [0m[1m[38;5;14mhelp[0m[0m: try marking as source code[0m
2025-11-09T23:50:17.6823170Z [0m   [0m[0m[1m[38;5;12m|[0m
2025-11-09T23:50:17.6823920Z [0m[1m[38;5;12m26[0m[0m [0m[0m[1m[38;5;12m| [0m[0m/// * `witnesses` - Optional witness data for each input (Vec<Witness> where Witness = [0m[0m[38;5;10m`[0m[0mVec<ByteString>[0m[0m[38;5;10m`[0m[0m)[0m
2025-11-09T23:50:17.6825012Z [0m   [0m[0m[1m[38;5;12m|[0m[0m                                                                                        [0m[0m[38;5;10m+[0m[0m               [0m[0m[38;5;10m+[0m
2025-11-09T23:50:17.6825288Z 
2025-11-09T23:50:17.6826029Z [0m[1m[33mwarning[0m[0m[1m: unclosed HTML tag `witness-program`[0m
2025-11-09T23:50:17.6826506Z [0m   [0m[0m[1m[38;5;12m--> [0m[0msrc/witness.rs:104:26[0m
2025-11-09T23:50:17.6826834Z [0m    [0m[0m[1m[38;5;12m|[0m
2025-11-09T23:50:17.6827399Z [0m[1m[38;5;12m104[0m[0m [0m[0m[1m[38;5;12m|[0m[0m [0m[0m/// from SegWit v0 (OP_0 <witness-program>) or Taproot v1 (OP_1 <witness-program>)[0m
2025-11-09T23:50:17.6828351Z [0m    [0m[0m[1m[38;5;12m|[0m[0m                          [0m[0m[1m[33m^^^^^^^^^^^^^^^^^[0m
2025-11-09T23:50:17.6828581Z 
2025-11-09T23:50:17.6828807Z [0m[1m[33mwarning[0m[0m[1m: unclosed HTML tag `witness-program`[0m
2025-11-09T23:50:17.6829233Z [0m   [0m[0m[1m[38;5;12m--> [0m[0msrc/witness.rs:104:65[0m
2025-11-09T23:50:17.6829546Z [0m    [0m[0m[1m[38;5;12m|[0m
2025-11-09T23:50:17.6830094Z [0m[1m[38;5;12m104[0m[0m [0m[0m[1m[38;5;12m|[0m[0m [0m[0m/// from SegWit v0 (OP_0 <witness-program>) or Taproot v1 (OP_1 <witness-program>)[0m
2025-11-09T23:50:17.6830717Z [0m    [0m[0m[1m[38;5;12m|[0m[0m                                                                 [0m[0m[1m[33m^^^^^^^^^^^^^^^^^[0m
2025-11-09T23:50:17.6830957Z 
2025-11-09T23:50:17.6831169Z [0m[1m[33mwarning[0m[0m[1m: unclosed HTML tag `Witness`[0m
2025-11-09T23:50:17.6831767Z [0m  [0m[0m[1m[38;5;12m--> [0m[0msrc/reorganization.rs:48:80[0m
2025-11-09T23:50:17.6832106Z [0m   [0m[0m[1m[38;5;12m|[0m
2025-11-09T23:50:17.6832712Z [0m[1m[38;5;12m48[0m[0m [0m[0m[1m[38;5;12m|[0m[0m [0m[0m/// * `new_chain_witnesses` - Witness data for each block in new_chain (one Vec<Witness> per block)[0m
2025-11-09T23:50:17.6833371Z [0m   [0m[0m[1m[38;5;12m|[0m[0m                                                                                [0m[0m[1m[33m^^^^^^^^^[0m
2025-11-09T23:50:17.6833719Z [0m   [0m[0m[1m[38;5;12m|[0m
2025-11-09T23:50:17.6834041Z [0m[1m[38;5;14mhelp[0m[0m: try marking as source code[0m
2025-11-09T23:50:17.6834629Z [0m   [0m[0m[1m[38;5;12m|[0m
2025-11-09T23:50:17.6835483Z [0m[1m[38;5;12m48[0m[0m [0m[0m[1m[38;5;12m| [0m[0m/// * `new_chain_witnesses` - Witness data for each block in new_chain (one [0m[0m[38;5;10m`[0m[0mVec<Witness>[0m[0m[38;5;10m`[0m[0m per block)[0m
2025-11-09T23:50:17.6836300Z [0m   [0m[0m[1m[38;5;12m|[0m[0m                                                                             [0m[0m[38;5;10m+[0m[0m            [0m[0m[38;5;10m+[0m
2025-11-09T23:50:17.6836573Z 
2025-11-09T23:50:17.8448697Z [1m[33mwarning[0m[1m:[0m `bllvm-consensus` (lib doc) generated 18 warnings (run `cargo fix --lib -p bllvm-consensus` to apply 1 suggestion)
2025-11-09T23:50:17.8450257Z [1m[32m    Finished[0m `dev` profile [unoptimized + debuginfo] target(s) in 0.85s
2025-11-09T23:50:17.8497133Z [1m[32m   Generated[0m /home/jswift/actions-runner-org2/_work/bllvm-consensus/bllvm-consensus/target/doc/bllvm_consensus/index.html
2025-11-09T23:50:18.2237315Z Post job cleanup.
2025-11-09T23:50:18.3949671Z Cache hit occurred on the primary key Linux-cargo-build-target-be20cb763b1c2a23d480f273acac121679c301efe5e74593667a8cb6ea1cc014, not saving cache.
2025-11-09T23:50:18.7554575Z Post job cleanup.
2025-11-09T23:50:18.9235310Z [warning]Path Validation Error: Path(s) specified in the action for caching do(es) not exist, hence no cache is being saved.
2025-11-09T23:50:19.2864903Z Post job cleanup.
2025-11-09T23:50:19.4534741Z Cache hit occurred on the primary key Linux-cargo-registry-be20cb763b1c2a23d480f273acac121679c301efe5e74593667a8cb6ea1cc014, not saving cache.
2025-11-09T23:50:19.4699502Z Post job cleanup.
2025-11-09T23:50:19.5915717Z [command]/usr/bin/git version
2025-11-09T23:50:19.5960704Z git version 2.43.0
2025-11-09T23:50:19.6010825Z Copying '/home/jswift/.gitconfig' to '/home/jswift/actions-runner-org2/_work/_temp/86aee482-f490-41e5-a0fb-138bccd67cc4/.gitconfig'
2025-11-09T23:50:19.6025697Z Temporarily overriding HOME='/home/jswift/actions-runner-org2/_work/_temp/86aee482-f490-41e5-a0fb-138bccd67cc4' before making global git config changes
2025-11-09T23:50:19.6027304Z Adding repository directory to the temporary git global config as a safe directory
2025-11-09T23:50:19.6034603Z [command]/usr/bin/git config --global --add safe.directory /home/jswift/actions-runner-org2/_work/bllvm-consensus/bllvm-consensus
2025-11-09T23:50:19.6077639Z [command]/usr/bin/git config --local --name-only --get-regexp core\.sshCommand
2025-11-09T23:50:19.6123652Z [command]/usr/bin/git submodule foreach --recursive sh -c "git config --local --name-only --get-regexp 'core\.sshCommand' && git config --local --unset-all 'core.sshCommand' || :"
2025-11-09T23:50:19.6409053Z [command]/usr/bin/git config --local --name-only --get-regexp http\.https\:\/\/github\.com\/\.extraheader
2025-11-09T23:50:19.6437524Z http.https://github.com/.extraheader
2025-11-09T23:50:19.6455558Z [command]/usr/bin/git config --local --unset-all http.https://github.com/.extraheader
2025-11-09T23:50:19.6496048Z [command]/usr/bin/git submodule foreach --recursive sh -c "git config --local --name-only --get-regexp 'http\.https\:\/\/github\.com\/\.extraheader' && git config --local --unset-all 'http.https://github.com/.extraheader' || :"
2025-11-09T23:50:19.6875739Z A job completed hook has been configured by the self-hosted runner administrator
2025-11-09T23:50:19.6913177Z ##[group]Run '/home/jswift/actions-runner-org2/cleanup-hooks/job-completed.sh'
2025-11-09T23:50:19.6941323Z shell: /usr/bin/bash --noprofile --norc -e -o pipefail {0}
2025-11-09T23:50:19.6941702Z ##[endgroup]
2025-11-09T23:50:19.7010996Z Job completed: Sun Nov  9 11:50:19 PM UTC 2025
2025-11-09T23:50:19.7043296Z Available disk space: 8.3G
2025-11-09T23:50:19.7043777Z Cleaning up after job completion...
2025-11-09T23:50:19.8307545Z Cleanup completed. Available disk space: 8.3G
2025-11-09T23:50:19.8357842Z Cleaning up orphan processes
