2025-11-10T00:23:04.4639478Z Current runner version: '2.329.0'
2025-11-10T00:23:04.4646850Z Runner name: 'linode-runner-02'
2025-11-10T00:23:04.4647718Z Runner group name: 'default'
2025-11-10T00:23:04.4648670Z Machine name: 'localhost'
2025-11-10T00:23:04.4651856Z ##[group]GITHUB_TOKEN Permissions
2025-11-10T00:23:04.4654123Z Contents: read
2025-11-10T00:23:04.4654978Z Metadata: read
2025-11-10T00:23:04.4655635Z Packages: read
2025-11-10T00:23:04.4656305Z ##[endgroup]
2025-11-10T00:23:04.4658660Z Secret source: Actions
2025-11-10T00:23:04.4659552Z Prepare workflow directory
2025-11-10T00:23:04.5325666Z Prepare all required actions
2025-11-10T00:23:04.5368648Z Getting action download info
2025-11-10T00:23:04.8339599Z Download action repository 'actions/checkout@v4' (SHA:08eba0b27e820071cde6df949e0beb9ba4906955)
2025-11-10T00:23:05.3034870Z Download action repository 'dtolnay/rust-toolchain@master' (SHA:6d653acede28d24f02e3cd41383119e8b1b35921)
2025-11-10T00:23:05.7376561Z Complete job name: Security Audit
2025-11-10T00:23:05.8052750Z A job started hook has been configured by the self-hosted runner administrator
2025-11-10T00:23:05.8216290Z ##[group]Run '/home/jswift/actions-runner-org2/cleanup-hooks/job-started.sh'
2025-11-10T00:23:05.8254220Z shell: /usr/bin/bash --noprofile --norc -e -o pipefail {0}
2025-11-10T00:23:05.8255598Z ##[endgroup]
2025-11-10T00:23:05.8460355Z Job started: Mon Nov 10 12:23:05 AM UTC 2025
2025-11-10T00:23:05.8480643Z Available disk space: 8.0G
2025-11-10T00:23:05.8523246Z WARNING: Disk usage is 84% - performing user-level cleanup
2025-11-10T00:23:05.8525169Z Cleaning old work directories (user-level cleanup)...
2025-11-10T00:23:05.9776205Z User-level cleanup completed. Disk usage: 84%
2025-11-10T00:23:06.0078288Z ##[group]Run actions/checkout@v4
2025-11-10T00:23:06.0079002Z with:
2025-11-10T00:23:06.0079523Z   repository: BTCDecoded/bllvm-consensus
2025-11-10T00:23:06.0080412Z   token: ***
2025-11-10T00:23:06.0080932Z   ssh-strict: true
2025-11-10T00:23:06.0081453Z   ssh-user: git
2025-11-10T00:23:06.0081969Z   persist-credentials: true
2025-11-10T00:23:06.0084469Z   clean: true
2025-11-10T00:23:06.0084995Z   sparse-checkout-cone-mode: true
2025-11-10T00:23:06.0085623Z   fetch-depth: 1
2025-11-10T00:23:06.0086129Z   fetch-tags: false
2025-11-10T00:23:06.0086640Z   show-progress: true
2025-11-10T00:23:06.0087348Z   lfs: false
2025-11-10T00:23:06.0088000Z   submodules: false
2025-11-10T00:23:06.0088543Z   set-safe-directory: true
2025-11-10T00:23:06.0089109Z env:
2025-11-10T00:23:06.0089579Z   CARGO_TERM_COLOR: always
2025-11-10T00:23:06.0090129Z ##[endgroup]
2025-11-10T00:23:06.1443535Z Syncing repository: BTCDecoded/bllvm-consensus
2025-11-10T00:23:06.1446005Z ##[group]Getting Git version info
2025-11-10T00:23:06.1447212Z Working directory is '/home/jswift/actions-runner-org2/_work/bllvm-consensus/bllvm-consensus'
2025-11-10T00:23:06.1448702Z [command]/usr/bin/git version
2025-11-10T00:23:06.1449641Z git version 2.43.0
2025-11-10T00:23:06.1484711Z ##[endgroup]
2025-11-10T00:23:06.1496919Z Copying '/home/jswift/.gitconfig' to '/home/jswift/actions-runner-org2/_work/_temp/f34e9362-7ac5-464f-b1d7-dd096527b7f4/.gitconfig'
2025-11-10T00:23:06.1511103Z Temporarily overriding HOME='/home/jswift/actions-runner-org2/_work/_temp/f34e9362-7ac5-464f-b1d7-dd096527b7f4' before making global git config changes
2025-11-10T00:23:06.1513117Z Adding repository directory to the temporary git global config as a safe directory
2025-11-10T00:23:06.1527348Z [command]/usr/bin/git config --global --add safe.directory /home/jswift/actions-runner-org2/_work/bllvm-consensus/bllvm-consensus
2025-11-10T00:23:06.1582947Z [command]/usr/bin/git config --local --get remote.origin.url
2025-11-10T00:23:06.1610275Z https://github.com/BTCDecoded/bllvm-consensus
2025-11-10T00:23:06.1634757Z ##[group]Removing previously created refs, to avoid conflicts
2025-11-10T00:23:06.1638573Z [command]/usr/bin/git rev-parse --symbolic-full-name --verify --quiet HEAD
2025-11-10T00:23:06.1672107Z refs/heads/main
2025-11-10T00:23:06.1685458Z [command]/usr/bin/git checkout --detach
2025-11-10T00:23:06.2610829Z M	target/.rustc_info.json
2025-11-10T00:23:06.2615663Z D	target/debug/.fingerprint/bitcoin_hashes-35bd5aff3b20c562/dep-lib-bitcoin_hashes
2025-11-10T00:23:06.2618708Z D	target/debug/.fingerprint/bitcoin_hashes-35bd5aff3b20c562/invoked.timestamp
2025-11-10T00:23:06.2622136Z D	target/debug/.fingerprint/bitcoin_hashes-35bd5aff3b20c562/lib-bitcoin_hashes
2025-11-10T00:23:06.2626432Z D	target/debug/.fingerprint/bitcoin_hashes-35bd5aff3b20c562/lib-bitcoin_hashes.json
2025-11-10T00:23:06.2629440Z D	target/debug/.fingerprint/bitcoin_hashes-bf175f8f2767a863/dep-lib-bitcoin_hashes
2025-11-10T00:23:06.2631850Z D	target/debug/.fingerprint/bitcoin_hashes-bf175f8f2767a863/invoked.timestamp
2025-11-10T00:23:06.2634067Z D	target/debug/.fingerprint/bitcoin_hashes-bf175f8f2767a863/lib-bitcoin_hashes
2025-11-10T00:23:06.2636651Z D	target/debug/.fingerprint/bitcoin_hashes-bf175f8f2767a863/lib-bitcoin_hashes.json
2025-11-10T00:23:06.2640227Z D	target/debug/.fingerprint/cc-bbea12d4a376216d/dep-lib-cc
2025-11-10T00:23:06.2642009Z D	target/debug/.fingerprint/cc-bbea12d4a376216d/invoked.timestamp
2025-11-10T00:23:06.2643619Z D	target/debug/.fingerprint/cc-bbea12d4a376216d/lib-cc
2025-11-10T00:23:06.2645175Z D	target/debug/.fingerprint/cc-bbea12d4a376216d/lib-cc.json
2025-11-10T00:23:06.2646793Z D	target/debug/.fingerprint/cfg-if-8c106a0aa6df78e9/dep-lib-cfg_if
2025-11-10T00:23:06.2648591Z D	target/debug/.fingerprint/cfg-if-8c106a0aa6df78e9/invoked.timestamp
2025-11-10T00:23:06.2649761Z D	target/debug/.fingerprint/cfg-if-8c106a0aa6df78e9/lib-cfg_if
2025-11-10T00:23:06.2650794Z D	target/debug/.fingerprint/cfg-if-8c106a0aa6df78e9/lib-cfg_if.json
2025-11-10T00:23:06.2652157Z D	target/debug/.fingerprint/cfg-if-b84f1857553d0875/dep-lib-cfg_if
2025-11-10T00:23:06.2653250Z D	target/debug/.fingerprint/cfg-if-b84f1857553d0875/invoked.timestamp
2025-11-10T00:23:06.2654540Z D	target/debug/.fingerprint/cfg-if-b84f1857553d0875/lib-cfg_if
2025-11-10T00:23:06.2656364Z D	target/debug/.fingerprint/cfg-if-b84f1857553d0875/lib-cfg_if.json
2025-11-10T00:23:06.2659456Z D	target/debug/.fingerprint/find-msvc-tools-fd36e75de8c7093b/dep-lib-find_msvc_tools
2025-11-10T00:23:06.2661182Z D	target/debug/.fingerprint/find-msvc-tools-fd36e75de8c7093b/invoked.timestamp
2025-11-10T00:23:06.2662475Z D	target/debug/.fingerprint/find-msvc-tools-fd36e75de8c7093b/lib-find_msvc_tools
2025-11-10T00:23:06.2665001Z D	target/debug/.fingerprint/find-msvc-tools-fd36e75de8c7093b/lib-find_msvc_tools.json
2025-11-10T00:23:06.2666429Z D	target/debug/.fingerprint/proc-macro2-0529b140448dee9d/build-script-build-script-build
2025-11-10T00:23:06.2667989Z D	target/debug/.fingerprint/proc-macro2-0529b140448dee9d/build-script-build-script-build.json
2025-11-10T00:23:06.2670903Z D	target/debug/.fingerprint/proc-macro2-0529b140448dee9d/dep-build-script-build-script-build
2025-11-10T00:23:06.2673669Z D	target/debug/.fingerprint/proc-macro2-0529b140448dee9d/invoked.timestamp
2025-11-10T00:23:06.2676208Z D	target/debug/.fingerprint/proc-macro2-8b59c7c7276862a6/dep-lib-proc_macro2
2025-11-10T00:23:06.2678466Z D	target/debug/.fingerprint/proc-macro2-8b59c7c7276862a6/invoked.timestamp
2025-11-10T00:23:06.2680744Z D	target/debug/.fingerprint/proc-macro2-8b59c7c7276862a6/lib-proc_macro2
2025-11-10T00:23:06.2682962Z D	target/debug/.fingerprint/proc-macro2-8b59c7c7276862a6/lib-proc_macro2.json
2025-11-10T00:23:06.2685575Z D	target/debug/.fingerprint/proc-macro2-c4fca423565ace57/run-build-script-build-script-build
2025-11-10T00:23:06.2688134Z D	target/debug/.fingerprint/proc-macro2-c4fca423565ace57/run-build-script-build-script-build.json
2025-11-10T00:23:06.2689480Z D	target/debug/.fingerprint/quote-a5ceb766d3b7df68/dep-lib-quote
2025-11-10T00:23:06.2690560Z D	target/debug/.fingerprint/quote-a5ceb766d3b7df68/invoked.timestamp
2025-11-10T00:23:06.2691572Z D	target/debug/.fingerprint/quote-a5ceb766d3b7df68/lib-quote
2025-11-10T00:23:06.2692543Z D	target/debug/.fingerprint/quote-a5ceb766d3b7df68/lib-quote.json
2025-11-10T00:23:06.2694066Z D	target/debug/.fingerprint/shlex-9ec73c791a70e40d/dep-lib-shlex
2025-11-10T00:23:06.2696615Z D	target/debug/.fingerprint/shlex-9ec73c791a70e40d/invoked.timestamp
2025-11-10T00:23:06.2698322Z D	target/debug/.fingerprint/shlex-9ec73c791a70e40d/lib-shlex
2025-11-10T00:23:06.2699342Z D	target/debug/.fingerprint/shlex-9ec73c791a70e40d/lib-shlex.json
2025-11-10T00:23:06.2700335Z D	target/debug/.fingerprint/syn-7c9b60c023b73f30/dep-lib-syn
2025-11-10T00:23:06.2702871Z D	target/debug/.fingerprint/syn-7c9b60c023b73f30/invoked.timestamp
2025-11-10T00:23:06.2703826Z D	target/debug/.fingerprint/syn-7c9b60c023b73f30/lib-syn
2025-11-10T00:23:06.2705006Z D	target/debug/.fingerprint/syn-7c9b60c023b73f30/lib-syn.json
2025-11-10T00:23:06.2706098Z D	target/debug/.fingerprint/thiserror-15e664b5df9f4850/dep-lib-thiserror
2025-11-10T00:23:06.2707232Z D	target/debug/.fingerprint/thiserror-15e664b5df9f4850/invoked.timestamp
2025-11-10T00:23:06.2708336Z D	target/debug/.fingerprint/thiserror-15e664b5df9f4850/lib-thiserror
2025-11-10T00:23:06.2709448Z D	target/debug/.fingerprint/thiserror-15e664b5df9f4850/lib-thiserror.json
2025-11-10T00:23:06.2710601Z D	target/debug/.fingerprint/thiserror-316b7d80e34b4821/dep-lib-thiserror
2025-11-10T00:23:06.2711754Z D	target/debug/.fingerprint/thiserror-316b7d80e34b4821/invoked.timestamp
2025-11-10T00:23:06.2715238Z D	target/debug/.fingerprint/thiserror-316b7d80e34b4821/lib-thiserror
2025-11-10T00:23:06.2716824Z D	target/debug/.fingerprint/thiserror-316b7d80e34b4821/lib-thiserror.json
2025-11-10T00:23:06.2718677Z D	target/debug/.fingerprint/thiserror-6cadb049729033d9/build-script-build-script-build
2025-11-10T00:23:06.2723070Z D	target/debug/.fingerprint/thiserroHEAD is now at 8117c9d fix: Resolve Clippy and Rustfmt errors
2025-11-10T00:23:06.2725798Z r-6cadb049729033d9/build-script-build-script-build.json
2025-11-10T00:23:06.2727962Z D	target/debug/.fingerprint/thiserror-6cadb049729033d9/dep-build-script-build-script-build
2025-11-10T00:23:06.2730508Z D	target/debug/.fingerprint/thiserror-6cadb049729033d9/invoked.timestamp
2025-11-10T00:23:06.2734590Z D	target/debug/.fingerprint/thiserror-b336d6e8da9bee76/run-build-script-build-script-build
2025-11-10T00:23:06.2737364Z D	target/debug/.fingerprint/thiserror-b336d6e8da9bee76/run-build-script-build-script-build.json
2025-11-10T00:23:06.2739932Z D	target/debug/.fingerprint/thiserror-impl-10d48481f9b8882d/dep-lib-thiserror_impl
2025-11-10T00:23:06.2741361Z D	target/debug/.fingerprint/thiserror-impl-10d48481f9b8882d/invoked.timestamp
2025-11-10T00:23:06.2744212Z D	target/debug/.fingerprint/thiserror-impl-10d48481f9b8882d/lib-thiserror_impl
2025-11-10T00:23:06.2745836Z D	target/debug/.fingerprint/thiserror-impl-10d48481f9b8882d/lib-thiserror_impl.json
2025-11-10T00:23:06.2747429Z D	target/debug/.fingerprint/unicode-ident-c45196634c520476/dep-lib-unicode_ident
2025-11-10T00:23:06.2750367Z D	target/debug/.fingerprint/unicode-ident-c45196634c520476/invoked.timestamp
2025-11-10T00:23:06.2753988Z D	target/debug/.fingerprint/unicode-ident-c45196634c520476/lib-unicode_ident
2025-11-10T00:23:06.2755643Z D	target/debug/.fingerprint/unicode-ident-c45196634c520476/lib-unicode_ident.json
2025-11-10T00:23:06.2756865Z D	target/debug/build/proc-macro2-0529b140448dee9d/build-script-build
2025-11-10T00:23:06.2758371Z D	target/debug/build/proc-macro2-0529b140448dee9d/build_script_build-0529b140448dee9d
2025-11-10T00:23:06.2759747Z D	target/debug/build/proc-macro2-0529b140448dee9d/build_script_build-0529b140448dee9d.d
2025-11-10T00:23:06.2761728Z D	target/debug/build/proc-macro2-c4fca423565ace57/invoked.timestamp
2025-11-10T00:23:06.2763659Z D	target/debug/build/proc-macro2-c4fca423565ace57/output
2025-11-10T00:23:06.2765659Z D	target/debug/build/proc-macro2-c4fca423565ace57/root-output
2025-11-10T00:23:06.2767511Z D	target/debug/build/proc-macro2-c4fca423565ace57/stderr
2025-11-10T00:23:06.2769352Z D	target/debug/build/thiserror-6cadb049729033d9/build-script-build
2025-11-10T00:23:06.2771644Z D	target/debug/build/thiserror-6cadb049729033d9/build_script_build-6cadb049729033d9
2025-11-10T00:23:06.2776048Z D	target/debug/build/thiserror-6cadb049729033d9/build_script_build-6cadb049729033d9.d
2025-11-10T00:23:06.2778699Z D	target/debug/build/thiserror-b336d6e8da9bee76/invoked.timestamp
2025-11-10T00:23:06.2780387Z D	target/debug/build/thiserror-b336d6e8da9bee76/output
2025-11-10T00:23:06.2781899Z D	target/debug/build/thiserror-b336d6e8da9bee76/root-output
2025-11-10T00:23:06.2784935Z D	target/debug/build/thiserror-b336d6e8da9bee76/stderr
2025-11-10T00:23:06.2788861Z [command]/usr/bin/git branch --delete --force main
2025-11-10T00:23:06.2789607Z Deleted branch main (was 8117c9d).
2025-11-10T00:23:06.2795150Z ##[endgroup]
2025-11-10T00:23:06.2795714Z [command]/usr/bin/git submodule status
2025-11-10T00:23:06.3069915Z ##[group]Cleaning the repository
2025-11-10T00:23:06.3075649Z [command]/usr/bin/git clean -ffdx
2025-11-10T00:23:06.3370037Z Removing target/.rustdoc_fingerprint.json
2025-11-10T00:23:06.3371832Z Removing target/debug/.fingerprint/addr2line-d5ebf1990a8a4e5f/
2025-11-10T00:23:06.3375928Z Removing target/debug/.fingerprint/adler2-af5b0e47f1b187b9/
2025-11-10T00:23:06.3377327Z Removing target/debug/.fingerprint/anes-a0919dfd93f50712/
2025-11-10T00:23:06.3378559Z Removing target/debug/.fingerprint/anstyle-c4f390893da93688/
2025-11-10T00:23:06.3379816Z Removing target/debug/.fingerprint/anyhow-059da4f0d7c55a8b/
2025-11-10T00:23:06.3381047Z Removing target/debug/.fingerprint/anyhow-95fc8231af5535f8/
2025-11-10T00:23:06.3382577Z Removing target/debug/.fingerprint/anyhow-9d430c1379eea21c/
2025-11-10T00:23:06.3383844Z Removing target/debug/.fingerprint/anyhow-e6cbf2b1ef9f5a17/
2025-11-10T00:23:06.3385328Z Removing target/debug/.fingerprint/autocfg-9280f9c2f723f569/
2025-11-10T00:23:06.3386949Z Removing target/debug/.fingerprint/backtrace-50a1387f50507b54/
2025-11-10T00:23:06.3388247Z Removing target/debug/.fingerprint/base64-a27c42143a7ea7b5/
2025-11-10T00:23:06.3389198Z Removing target/debug/.fingerprint/bincode-becc14c21199bb9c/
2025-11-10T00:23:06.3390160Z Removing target/debug/.fingerprint/bincode-f1324220296ae161/
2025-11-10T00:23:06.3391112Z Removing target/debug/.fingerprint/bit-set-46b4e6ac82f2d6c2/
2025-11-10T00:23:06.3392034Z Removing target/debug/.fingerprint/bit-vec-f5e51f12b3cb6dc0/
2025-11-10T00:23:06.3393043Z Removing target/debug/.fingerprint/bitcoin_hashes-afede1b96b464164/
2025-11-10T00:23:06.3394119Z Removing target/debug/.fingerprint/bitcoin_hashes-eaa237cf5b3503ad/
2025-11-10T00:23:06.3395301Z Removing target/debug/.fingerprint/bitflags-896e2bfd2a1fb9d6/
2025-11-10T00:23:06.3396334Z Removing target/debug/.fingerprint/bllvm-consensus-03c178ea49b5e33f/
2025-11-10T00:23:06.3397418Z Removing target/debug/.fingerprint/bllvm-consensus-07951ce7bc79a354/
2025-11-10T00:23:06.3398485Z Removing target/debug/.fingerprint/bllvm-consensus-0d8f15dd1080fc85/
2025-11-10T00:23:06.3399548Z Removing target/debug/.fingerprint/bllvm-consensus-0e38563dd38e912b/
2025-11-10T00:23:06.3400599Z Removing target/debug/.fingerprint/bllvm-consensus-107189dc35077b3a/
2025-11-10T00:23:06.3401668Z Removing target/debug/.fingerprint/bllvm-consensus-1c0c0f1d9f294905/
2025-11-10T00:23:06.3402722Z Removing target/debug/.fingerprint/bllvm-consensus-1cb97f9101c6b430/
2025-11-10T00:23:06.3403777Z Removing target/debug/.fingerprint/bllvm-consensus-35b87da7fd33256a/
2025-11-10T00:23:06.3404950Z Removing target/debug/.fingerprint/bllvm-consensus-38d87f68fd573e96/
2025-11-10T00:23:06.3405999Z Removing target/debug/.fingerprint/bllvm-consensus-4281047bd249c94a/
2025-11-10T00:23:06.3407140Z Removing target/debug/.fingerprint/bllvm-consensus-45c598deb2f166a5/
2025-11-10T00:23:06.3408193Z Removing target/debug/.fingerprint/bllvm-consensus-4769854aa97d04c4/
2025-11-10T00:23:06.3409630Z Removing target/debug/.fingerprint/bllvm-consensus-482a7fb1905cd20b/
2025-11-10T00:23:06.3410716Z Removing target/debug/.fingerprint/bllvm-consensus-488bb6d31439a8b3/
2025-11-10T00:23:06.3411767Z Removing target/debug/.fingerprint/bllvm-consensus-4cf6a1b9d2623d6b/
2025-11-10T00:23:06.3412822Z Removing target/debug/.fingerprint/bllvm-consensus-71a2478a1f4b1c7f/
2025-11-10T00:23:06.3413870Z Removing target/debug/.fingerprint/bllvm-consensus-770970a17a236ded/
2025-11-10T00:23:06.3415396Z Removing target/debug/.fingerprint/bllvm-consensus-82b943b84f771867/
2025-11-10T00:23:06.3416470Z Removing target/debug/.fingerprint/bllvm-consensus-93ee1310d6f594ae/
2025-11-10T00:23:06.3417538Z Removing target/debug/.fingerprint/bllvm-consensus-9809b76fea622d79/
2025-11-10T00:23:06.3418599Z Removing target/debug/.fingerprint/bllvm-consensus-b1795dea432e56e7/
2025-11-10T00:23:06.3419676Z Removing target/debug/.fingerprint/bllvm-consensus-b946a86fc6ffc686/
2025-11-10T00:23:06.3420762Z Removing target/debug/.fingerprint/bllvm-consensus-bbd73f236cf56ff5/
2025-11-10T00:23:06.3421839Z Removing target/debug/.fingerprint/bllvm-consensus-c6165610ce56201b/
2025-11-10T00:23:06.3422905Z Removing target/debug/.fingerprint/bllvm-consensus-d050a87a4e5aea67/
2025-11-10T00:23:06.3424135Z Removing target/debug/.fingerprint/bllvm-consensus-d675b2ce38731eb5/
2025-11-10T00:23:06.3425349Z Removing target/debug/.fingerprint/bllvm-consensus-db7129cdcf3be648/
2025-11-10T00:23:06.3426445Z Removing target/debug/.fingerprint/bllvm-consensus-f79a795aa50c0de6/
2025-11-10T00:23:06.3427518Z Removing target/debug/.fingerprint/bllvm-consensus-fa3407339f6cc364/
2025-11-10T00:23:06.3428613Z Removing target/debug/.fingerprint/block-buffer-237124e17683fddb/
2025-11-10T00:23:06.3429629Z Removing target/debug/.fingerprint/block-buffer-e24311a7f03c980c/
2025-11-10T00:23:06.3430605Z Removing target/debug/.fingerprint/bolero-61e4b405f0d99475/
2025-11-10T00:23:06.3433119Z Removing target/debug/.fingerprint/bolero-engine-7a6a62618e83236d/
2025-11-10T00:23:06.3434527Z Removing target/debug/.fingerprint/bolero-generator-derive-c68fbc97a38d0e7b/
2025-11-10T00:23:06.3435724Z Removing target/debug/.fingerprint/bolero-generator-f52625225236cff7/
2025-11-10T00:23:06.3436730Z Removing target/debug/.fingerprint/bytes-e9fddd1bd45d8900/
2025-11-10T00:23:06.3437633Z Removing target/debug/.fingerprint/cast-93991a378c062ce2/
2025-11-10T00:23:06.3438767Z Removing target/debug/.fingerprint/cc-7d5b8c3e1f4cbfcd/
2025-11-10T00:23:06.3440141Z Removing target/debug/.fingerprint/cfg-if-5efacd4c40f67578/
2025-11-10T00:23:06.3442948Z Removing target/debug/.fingerprint/cfg-if-fc0dab425a2b74c4/
2025-11-10T00:23:06.3443896Z Removing target/debug/.fingerprint/ciborium-b9b3c5892a813a85/
2025-11-10T00:23:06.3445025Z Removing target/debug/.fingerprint/ciborium-io-d4a5cc50b6903de8/
2025-11-10T00:23:06.3446037Z Removing target/debug/.fingerprint/ciborium-ll-b0ffa1280b2c5942/
2025-11-10T00:23:06.3466634Z Removing target/debug/.fingerprint/clap-fa471eea3106a856/
2025-11-10T00:23:06.3468123Z Removing target/debug/.fingerprint/clap_builder-672169a28e439221/
2025-11-10T00:23:06.3469169Z Removing target/debug/.fingerprint/clap_lex-b779c87941961e37/
2025-11-10T00:23:06.3470176Z Removing target/debug/.fingerprint/cpufeatures-0f8ee1944988dae8/
2025-11-10T00:23:06.3473453Z Removing target/debug/.fingerprint/cpufeatures-ee10eae80741e153/
2025-11-10T00:23:06.3474698Z Removing target/debug/.fingerprint/criterion-8b23062bf7628800/
2025-11-10T00:23:06.3475765Z Removing target/debug/.fingerprint/criterion-plot-497bb8be6444bd1f/
2025-11-10T00:23:06.3476862Z Removing target/debug/.fingerprint/crossbeam-deque-f0686b61841f828a/
2025-11-10T00:23:06.3477950Z Removing target/debug/.fingerprint/crossbeam-epoch-5d380abd02926c22/
2025-11-10T00:23:06.3479011Z Removing target/debug/.fingerprint/crossbeam-utils-2e7512e383e7552c/
2025-11-10T00:23:06.3480088Z Removing target/debug/.fingerprint/crossbeam-utils-7b9bd07d9fad49b5/
2025-11-10T00:23:06.3481152Z Removing target/debug/.fingerprint/crossbeam-utils-8107c299d7212acb/
2025-11-10T00:23:06.3482593Z Removing target/debug/.fingerprint/crypto-common-6e0ab91b6c6191f7/
2025-11-10T00:23:06.3485184Z Removing target/debug/.fingerprint/crypto-common-6f50393ddbff5a83/
2025-11-10T00:23:06.3486171Z Removing target/debug/.fingerprint/digest-316d27a2bf334994/
2025-11-10T00:23:06.3487090Z Removing target/debug/.fingerprint/digest-915fde4393040a15/
2025-11-10T00:23:06.3488037Z Removing target/debug/.fingerprint/displaydoc-20238dffa2ae8b0c/
2025-11-10T00:23:06.3489277Z Removing target/debug/.fingerprint/either-a1f9b2c1be6f01b6/
2025-11-10T00:23:06.3490231Z Removing target/debug/.fingerprint/encoding_rs-f1d4c2bbd5bde7a5/
2025-11-10T00:23:06.3491224Z Removing target/debug/.fingerprint/equivalent-fb6cc83cf281e9bc/
2025-11-10T00:23:06.3493498Z Removing target/debug/.fingerprint/fastrand-4c7d3317299366b7/
2025-11-10T00:23:06.3494804Z Removing target/debug/.fingerprint/find-msvc-tools-e0c11e7e4ca96379/
2025-11-10T00:23:06.3495818Z Removing target/debug/.fingerprint/fnv-293287ae6d18546d/
2025-11-10T00:23:06.3496788Z Removing target/debug/.fingerprint/form_urlencoded-dbca2961b0a03513/
2025-11-10T00:23:06.3497859Z Removing target/debug/.fingerprint/futures-channel-ce3244b321a732dd/
2025-11-10T00:23:06.3498954Z Removing target/debug/.fingerprint/futures-core-bc9dc0fd63aebce4/
2025-11-10T00:23:06.3500411Z Removing target/debug/.fingerprint/futures-sink-2dce04bb75870a40/
2025-11-10T00:23:06.3501758Z Removing target/debug/.fingerprint/futures-task-71d5acf17967c2d4/
2025-11-10T00:23:06.3505691Z Removing target/debug/.fingerprint/futures-util-ff1e012805509cb6/
2025-11-10T00:23:06.3506809Z Removing target/debug/.fingerprint/generic-array-036ebdaa4415d02c/
2025-11-10T00:23:06.3507835Z Removing target/debug/.fingerprint/generic-array-0e8a2772e7ae3a96/
2025-11-10T00:23:06.3508853Z Removing target/debug/.fingerprint/generic-array-218c5452e10dd155/
2025-11-10T00:23:06.3509864Z Removing target/debug/.fingerprint/generic-array-27e0812fe9f1c82e/
2025-11-10T00:23:06.3510866Z Removing target/debug/.fingerprint/getrandom-204a7ffda41f2c40/
2025-11-10T00:23:06.3512097Z Removing target/debug/.fingerprint/getrandom-8c953d0b2b49c2d2/
2025-11-10T00:23:06.3515091Z Removing target/debug/.fingerprint/getrandom-94f68988f0176c86/
2025-11-10T00:23:06.3516075Z Removing target/debug/.fingerprint/getrandom-aff71c4311e1d901/
2025-11-10T00:23:06.3517021Z Removing target/debug/.fingerprint/gimli-c6ce211822603f9c/
2025-11-10T00:23:06.3518236Z Removing target/debug/.fingerprint/h2-67b7373a3a98d2b1/
2025-11-10T00:23:06.3519121Z Removing target/debug/.fingerprint/half-b35a8b7b8184a652/
2025-11-10T00:23:06.3520054Z Removing target/debug/.fingerprint/hashbrown-58495ef904525875/
2025-11-10T00:23:06.3521004Z Removing target/debug/.fingerprint/hex-39f5f8bc1bd9aca4/
2025-11-10T00:23:06.3521876Z Removing target/debug/.fingerprint/hex-dcfe2cd018f6e5f0/
2025-11-10T00:23:06.3522753Z Removing target/debug/.fingerprint/http-af18e4ff9e3dfe38/
2025-11-10T00:23:06.3523689Z Removing target/debug/.fingerprint/http-body-8d5d3ab6f40ba57e/
2025-11-10T00:23:06.3524791Z Removing target/debug/.fingerprint/httparse-16b6048ff48827ab/
2025-11-10T00:23:06.3525768Z Removing target/debug/.fingerprint/httparse-af37b3e2ea59937d/
2025-11-10T00:23:06.3526737Z Removing target/debug/.fingerprint/httparse-cd2acd3122f2951e/
2025-11-10T00:23:06.3527689Z Removing target/debug/.fingerprint/httpdate-d5018c03204bd778/
2025-11-10T00:23:06.3530547Z Removing target/debug/.fingerprint/hyper-b60025547ec7088a/
2025-11-10T00:23:06.3531545Z Removing target/debug/.fingerprint/icu_collections-8d123128da8a58ae/
2025-11-10T00:23:06.3533116Z Removing target/debug/.fingerprint/icu_locale_core-14c42337931d9756/
2025-11-10T00:23:06.3534167Z Removing target/debug/.fingerprint/icu_normalizer-0602ce96235f2213/
2025-11-10T00:23:06.3535575Z Removing target/debug/.fingerprint/icu_normalizer_data-0521896a956c6a5a/
2025-11-10T00:23:06.3536708Z Removing target/debug/.fingerprint/icu_normalizer_data-05aa9f4127f1522c/
2025-11-10T00:23:06.3537822Z Removing target/debug/.fingerprint/icu_normalizer_data-7b70d1e6c13d434d/
2025-11-10T00:23:06.3538925Z Removing target/debug/.fingerprint/icu_properties-594bddf639bd9870/
2025-11-10T00:23:06.3540011Z Removing target/debug/.fingerprint/icu_properties_data-3eb416884774962c/
2025-11-10T00:23:06.3542873Z Removing target/debug/.fingerprint/icu_properties_data-753bf78d21f987f7/
2025-11-10T00:23:06.3543993Z Removing target/debug/.fingerprint/icu_properties_data-ec31945ff356bd2d/
2025-11-10T00:23:06.3545646Z Removing target/debug/.fingerprint/icu_provider-4e515be11ce49769/
2025-11-10T00:23:06.3546626Z Removing target/debug/.fingerprint/idna-8396801de7b90c02/
2025-11-10T00:23:06.3547578Z Removing target/debug/.fingerprint/idna_adapter-77a719ba56251a40/
2025-11-10T00:23:06.3572119Z Removing target/debug/.fingerprint/indexmap-ebd5508a6a5e9cdb/
2025-11-10T00:23:06.3573560Z Removing target/debug/.fingerprint/ipnet-f6c3440d7603f13d/
2025-11-10T00:23:06.3574983Z Removing target/debug/.fingerprint/is-terminal-dcd73c744b96c2bf/
2025-11-10T00:23:06.3576109Z Removing target/debug/.fingerprint/itertools-65e81afe9e445558/
2025-11-10T00:23:06.3577096Z Removing target/debug/.fingerprint/itoa-08c0ac77a7f9c5e1/
2025-11-10T00:23:06.3577999Z Removing target/debug/.fingerprint/itoa-b11a99c3fb91e0ba/
2025-11-10T00:23:06.3578935Z Removing target/debug/.fingerprint/lazy_static-a60c6f0d6f5b0a48/
2025-11-10T00:23:06.3579890Z Removing target/debug/.fingerprint/libc-0a40c070d57948ed/
2025-11-10T00:23:06.3580778Z Removing target/debug/.fingerprint/libc-0bbb25e1d8acad57/
2025-11-10T00:23:06.3581669Z Removing target/debug/.fingerprint/libc-babd76be9bd57097/
2025-11-10T00:23:06.3582566Z Removing target/debug/.fingerprint/libm-5566613c570f3f25/
2025-11-10T00:23:06.3583464Z Removing target/debug/.fingerprint/libm-9878322bd35959a3/
2025-11-10T00:23:06.3584487Z Removing target/debug/.fingerprint/libm-bea1df92f0410dc7/
2025-11-10T00:23:06.3585474Z Removing target/debug/.fingerprint/linux-raw-sys-bb87369efe12a535/
2025-11-10T00:23:06.3586476Z Removing target/debug/.fingerprint/litemap-25eb7b5ae4df2615/
2025-11-10T00:23:06.3587389Z Removing target/debug/.fingerprint/log-7936ee94095ef39c/
2025-11-10T00:23:06.3588473Z Removing target/debug/.fingerprint/memchr-5d4e0d6bc9bda00f/
2025-11-10T00:23:06.3589410Z Removing target/debug/.fingerprint/mime-10033b098b888fed/
2025-11-10T00:23:06.3590341Z Removing target/debug/.fingerprint/miniz_oxide-d9ad3627380b17c2/
2025-11-10T00:23:06.3593029Z Removing target/debug/.fingerprint/mio-de964bf95b3057fb/
2025-11-10T00:23:06.3593962Z Removing target/debug/.fingerprint/num-traits-5cf5aecfc8480859/
2025-11-10T00:23:06.3595101Z Removing target/debug/.fingerprint/num-traits-b506934bb740cbf6/
2025-11-10T00:23:06.3596090Z Removing target/debug/.fingerprint/num-traits-dcfaab6837dca6ca/
2025-11-10T00:23:06.3597130Z Removing target/debug/.fingerprint/object-5829cb2233c0b513/
2025-11-10T00:23:06.3598056Z Removing target/debug/.fingerprint/object-79e3009c3f235dd5/
2025-11-10T00:23:06.3598963Z Removing target/debug/.fingerprint/object-80086ec81049dfec/
2025-11-10T00:23:06.3599903Z Removing target/debug/.fingerprint/once_cell-140027e2059e248c/
2025-11-10T00:23:06.3602608Z Removing target/debug/.fingerprint/oorandom-2c0384e18d716be6/
2025-11-10T00:23:06.3603645Z Removing target/debug/.fingerprint/percent-encoding-d4c02626543d40b3/
2025-11-10T00:23:06.3604879Z Removing target/debug/.fingerprint/pin-project-lite-8304a63f5944e937/
2025-11-10T00:23:06.3605935Z Removing target/debug/.fingerprint/pin-utils-4afe9bfe4113f5ad/
2025-11-10T00:23:06.3606986Z Removing target/debug/.fingerprint/plotters-backend-6c59dc1580532443/
2025-11-10T00:23:06.3608015Z Removing target/debug/.fingerprint/plotters-bae18d6894739156/
2025-11-10T00:23:06.3609010Z Removing target/debug/.fingerprint/plotters-svg-1e338b432e7f1ba6/
2025-11-10T00:23:06.3610034Z Removing target/debug/.fingerprint/potential_utf-594a8beb8964bbdf/
2025-11-10T00:23:06.3612833Z Removing target/debug/.fingerprint/ppv-lite86-f31b72c16d3ab29d/
2025-11-10T00:23:06.3613842Z Removing target/debug/.fingerprint/pretty-hex-3b643e86f56f4855/
2025-11-10T00:23:06.3615238Z Removing target/debug/.fingerprint/proc-macro-crate-288ba2d6f9cde8b2/
2025-11-10T00:23:06.3616332Z Removing target/debug/.fingerprint/proc-macro2-013e91bf61085fba/
2025-11-10T00:23:06.3617342Z Removing target/debug/.fingerprint/proc-macro2-0c90074a995b0125/
2025-11-10T00:23:06.3618352Z Removing target/debug/.fingerprint/proc-macro2-a923716fdc1423c7/
2025-11-10T00:23:06.3619349Z Removing target/debug/.fingerprint/proptest-fe5de64ab58eee66/
2025-11-10T00:23:06.3620520Z Removing target/debug/.fingerprint/quick-error-5431cbc53e6855e5/
2025-11-10T00:23:06.3623280Z Removing target/debug/.fingerprint/quote-1fd57a8d49f3e414/
2025-11-10T00:23:06.3624625Z Removing target/debug/.fingerprint/rand-fc4e73356887d916/
2025-11-10T00:23:06.3625775Z Removing target/debug/.fingerprint/rand_chacha-e20e83dc90b265db/
2025-11-10T00:23:06.3626765Z Removing target/debug/.fingerprint/rand_core-c368d6b1d0f2f67a/
2025-11-10T00:23:06.3627778Z Removing target/debug/.fingerprint/rand_xorshift-30dbcff9e0cf9f0e/
2025-11-10T00:23:06.3628795Z Removing target/debug/.fingerprint/rand_xoshiro-fb20a66967968e23/
2025-11-10T00:23:06.3629804Z Removing target/debug/.fingerprint/rayon-core-03a79c366c595edc/
2025-11-10T00:23:06.3632970Z Removing target/debug/.fingerprint/rayon-core-8233f837b2b82aa9/
2025-11-10T00:23:06.3633980Z Removing target/debug/.fingerprint/rayon-core-8f7a8180a2a17a55/
2025-11-10T00:23:06.3635081Z Removing target/debug/.fingerprint/rayon-fcfccdaccb2c1c8f/
2025-11-10T00:23:06.3635992Z Removing target/debug/.fingerprint/regex-7316801095448dcb/
2025-11-10T00:23:06.3636964Z Removing target/debug/.fingerprint/regex-automata-560db73d82089022/
2025-11-10T00:23:06.3637993Z Removing target/debug/.fingerprint/regex-syntax-fe8a530891fa5af3/
2025-11-10T00:23:06.3639029Z Removing target/debug/.fingerprint/reqwest-f1349d583e399c32/
2025-11-10T00:23:06.3640149Z Removing target/debug/.fingerprint/ripemd-c4385cbf09230132/
2025-11-10T00:23:06.3642941Z Removing target/debug/.fingerprint/ripemd-f61d2a11e38c01dd/
2025-11-10T00:23:06.3643970Z Removing target/debug/.fingerprint/rustc-demangle-8dab3eb1c1115427/
2025-11-10T00:23:06.3645281Z Removing target/debug/.fingerprint/rustix-4c7e8a32787cbda3/
2025-11-10T00:23:06.3646228Z Removing target/debug/.fingerprint/rustix-9d1c1196c042be37/
2025-11-10T00:23:06.3647146Z Removing target/debug/.fingerprint/rustix-fe849c32e80f99c3/
2025-11-10T00:23:06.3648099Z Removing target/debug/.fingerprint/rusty-fork-408f526f41d594bd/
2025-11-10T00:23:06.3649058Z Removing target/debug/.fingerprint/ryu-1d74fbb8396b52fe/
2025-11-10T00:23:06.3649924Z Removing target/debug/.fingerprint/ryu-27d616b1525b0bd5/
2025-11-10T00:23:06.3683573Z Removing target/debug/.fingerprint/same-file-885ba4335dbafcd5/
2025-11-10T00:23:06.3685360Z Removing target/debug/.fingerprint/secp256k1-3552d18711f5218e/
2025-11-10T00:23:06.3686370Z Removing target/debug/.fingerprint/secp256k1-a7db9034d9c45ea0/
2025-11-10T00:23:06.3687400Z Removing target/debug/.fingerprint/secp256k1-sys-18fc324a2f93c70b/
2025-11-10T00:23:06.3688453Z Removing target/debug/.fingerprint/secp256k1-sys-6cd32742aabed926/
2025-11-10T00:23:06.3689521Z Removing target/debug/.fingerprint/secp256k1-sys-708e464d25e2f9a2/
2025-11-10T00:23:06.3690566Z Removing target/debug/.fingerprint/secp256k1-sys-cbc42ff488488692/
2025-11-10T00:23:06.3692968Z Removing target/debug/.fingerprint/serde-1f6df97ca8e777f3/
2025-11-10T00:23:06.3693904Z Removing target/debug/.fingerprint/serde-4eca9d9f7a929b57/
2025-11-10T00:23:06.3695147Z Removing target/debug/.fingerprint/serde-79bd1dc91f22d7e2/
2025-11-10T00:23:06.3696113Z Removing target/debug/.fingerprint/serde-8e0d7ee100c82f98/
2025-11-10T00:23:06.3697090Z Removing target/debug/.fingerprint/serde-a3217f5e798b0a0e/
2025-11-10T00:23:06.3698204Z Removing target/debug/.fingerprint/serde-bd8472bda08e6db8/
2025-11-10T00:23:06.3699181Z Removing target/debug/.fingerprint/serde_derive-e749fa70367a8df4/
2025-11-10T00:23:06.3700198Z Removing target/debug/.fingerprint/serde_derive-f7022334ed5675a3/
2025-11-10T00:23:06.3702921Z Removing target/debug/.fingerprint/serde_json-0dc48a5bcf535a0b/
2025-11-10T00:23:06.3703901Z Removing target/debug/.fingerprint/serde_json-4b2f7e519a4c7e92/
2025-11-10T00:23:06.3705186Z Removing target/debug/.fingerprint/serde_json-b75336d497f01a50/
2025-11-10T00:23:06.3706168Z Removing target/debug/.fingerprint/serde_json-f87e09600e685d33/
2025-11-10T00:23:06.3707197Z Removing target/debug/.fingerprint/serde_urlencoded-36b5f7aa51dec2d6/
2025-11-10T00:23:06.3708188Z Removing target/debug/.fingerprint/sha2-a6f830be70788546/
2025-11-10T00:23:06.3709313Z Removing target/debug/.fingerprint/sha2-asm-5fc243991633aa35/
2025-11-10T00:23:06.3710275Z Removing target/debug/.fingerprint/sha2-asm-b2e38aa444311777/
2025-11-10T00:23:06.3712789Z Removing target/debug/.fingerprint/sha2-asm-d08d40e52f733493/
2025-11-10T00:23:06.3713926Z Removing target/debug/.fingerprint/sha2-asm-db02cef9726600b0/
2025-11-10T00:23:06.3715499Z Removing target/debug/.fingerprint/sha2-f1ee2b7c028150d8/
2025-11-10T00:23:06.3716539Z Removing target/debug/.fingerprint/shlex-83c7e0da01d13271/
2025-11-10T00:23:06.3717598Z Removing target/debug/.fingerprint/slab-3f53b5c5532ac7a8/
2025-11-10T00:23:06.3718704Z Removing target/debug/.fingerprint/smallvec-8995de69024cacd0/
2025-11-10T00:23:06.3719788Z Removing target/debug/.fingerprint/socket2-af83260fbd731ddc/
2025-11-10T00:23:06.3723083Z Removing target/debug/.fingerprint/socket2-ce2370ef04b1c292/
2025-11-10T00:23:06.3724841Z Removing target/debug/.fingerprint/stable_deref_trait-3d6a1750f55786e6/
2025-11-10T00:23:06.3726165Z Removing target/debug/.fingerprint/syn-1194b09556b5fe4b/
2025-11-10T00:23:06.3727195Z Removing target/debug/.fingerprint/syn-34d04d1461fb490a/
2025-11-10T00:23:06.3728187Z Removing target/debug/.fingerprint/syn-aca17214a42be380/
2025-11-10T00:23:06.3729285Z Removing target/debug/.fingerprint/syn-d514d08d86c32935/
2025-11-10T00:23:06.3730277Z Removing target/debug/.fingerprint/syn-db513f8ec2c70902/
2025-11-10T00:23:06.3731339Z Removing target/debug/.fingerprint/sync_wrapper-011d66a29022fa57/
2025-11-10T00:23:06.3732531Z Removing target/debug/.fingerprint/synstructure-5e32a687d3c1544f/
2025-11-10T00:23:06.3753753Z Removing target/debug/.fingerprint/tempfile-9dd7ea7255645a6d/
2025-11-10T00:23:06.3755016Z Removing target/debug/.fingerprint/thiserror-0ab41f997ece6c55/
2025-11-10T00:23:06.3756016Z Removing target/debug/.fingerprint/thiserror-33d8d4720d5b26de/
2025-11-10T00:23:06.3756996Z Removing target/debug/.fingerprint/thiserror-5c7e835cbcf3ecb5/
2025-11-10T00:23:06.3758271Z Removing target/debug/.fingerprint/thiserror-7a6e0ed1eb395f20/
2025-11-10T00:23:06.3759282Z Removing target/debug/.fingerprint/thiserror-impl-74aca0240a9ecf0d/
2025-11-10T00:23:06.3760336Z Removing target/debug/.fingerprint/thiserror-impl-ae242962b985a660/
2025-11-10T00:23:06.3761336Z Removing target/debug/.fingerprint/tinystr-d3b19922b34c6b5f/
2025-11-10T00:23:06.3762343Z Removing target/debug/.fingerprint/tinytemplate-8f3fd706f9b14a51/
2025-11-10T00:23:06.3763315Z Removing target/debug/.fingerprint/tokio-87840121dbcc34d6/
2025-11-10T00:23:06.3764405Z Removing target/debug/.fingerprint/tokio-macros-2752d99a3d96bedd/
2025-11-10T00:23:06.3765563Z Removing target/debug/.fingerprint/tokio-util-f8c6b36c18753d70/
2025-11-10T00:23:06.3766576Z Removing target/debug/.fingerprint/toml_datetime-93eba6e9ca7547bc/
2025-11-10T00:23:06.3767581Z Removing target/debug/.fingerprint/toml_edit-769c1e6e8df88079/
2025-11-10T00:23:06.3768568Z Removing target/debug/.fingerprint/tower-service-863bcdc79d53a78b/
2025-11-10T00:23:06.3769559Z Removing target/debug/.fingerprint/tracing-45bd8448a06fd778/
2025-11-10T00:23:06.3770543Z Removing target/debug/.fingerprint/tracing-core-efd5a647688ed0e7/
2025-11-10T00:23:06.3771552Z Removing target/debug/.fingerprint/try-lock-0a9dba077bc589b2/
2025-11-10T00:23:06.3772503Z Removing target/debug/.fingerprint/typenum-015e0db2d7fddc8a/
2025-11-10T00:23:06.3773439Z Removing target/debug/.fingerprint/typenum-911c3e43dcb6b56a/
2025-11-10T00:23:06.3774644Z Removing target/debug/.fingerprint/typenum-93ec83b436bf1eae/
2025-11-10T00:23:06.3775866Z Removing target/debug/.fingerprint/typenum-95c161620aaca3ae/
2025-11-10T00:23:06.3776824Z Removing target/debug/.fingerprint/unarray-a3a566f6e348ba30/
2025-11-10T00:23:06.3777812Z Removing target/debug/.fingerprint/unicode-ident-796da7d7beff3c43/
2025-11-10T00:23:06.3778769Z Removing target/debug/.fingerprint/url-5c968cb4d8c3dd35/
2025-11-10T00:23:06.3779686Z Removing target/debug/.fingerprint/utf8_iter-25f6afe9a4463498/
2025-11-10T00:23:06.3780668Z Removing target/debug/.fingerprint/version_check-a216429c4cbdde93/
2025-11-10T00:23:06.4058336Z Removing target/debug/.fingerprint/wait-timeout-4dae2813bb096b7d/
2025-11-10T00:23:06.4059917Z Removing target/debug/.fingerprint/walkdir-61d89ec0cab3a80b/
2025-11-10T00:23:06.4061229Z Removing target/debug/.fingerprint/want-ed71f0675c882a6c/
2025-11-10T00:23:06.4062509Z Removing target/debug/.fingerprint/winnow-c3069a2d8d8dfc76/
2025-11-10T00:23:06.4063834Z Removing target/debug/.fingerprint/writeable-3371d4204352a54a/
2025-11-10T00:23:06.4065543Z Removing target/debug/.fingerprint/yoke-8853c473f3035d81/
2025-11-10T00:23:06.4066947Z Removing target/debug/.fingerprint/yoke-derive-06b29befb72e1620/
2025-11-10T00:23:06.4068696Z Removing target/debug/.fingerprint/zerocopy-5fabe0b83574e243/
2025-11-10T00:23:06.4070002Z Removing target/debug/.fingerprint/zerocopy-b498f825c400ed66/
2025-11-10T00:23:06.4071290Z Removing target/debug/.fingerprint/zerocopy-b6fca17bb70b5855/
2025-11-10T00:23:06.4072667Z Removing target/debug/.fingerprint/zerocopy-derive-9d99d41eb05d0a6d/
2025-11-10T00:23:06.4075368Z Removing target/debug/.fingerprint/zerofrom-1bfef26325f52b1d/
2025-11-10T00:23:06.4076772Z Removing target/debug/.fingerprint/zerofrom-derive-f24f75456298c6e7/
2025-11-10T00:23:06.4078644Z Removing target/debug/.fingerprint/zerotrie-51758b64cb4153fc/
2025-11-10T00:23:06.4079896Z Removing target/debug/.fingerprint/zerovec-7d5972dc6f34f025/
2025-11-10T00:23:06.4082855Z Removing target/debug/.fingerprint/zerovec-derive-de60b80a4650ecc3/
2025-11-10T00:23:06.4083873Z Removing target/debug/build/anyhow-9d430c1379eea21c/
2025-11-10T00:23:06.4084830Z Removing target/debug/build/anyhow-e6cbf2b1ef9f5a17/
2025-11-10T00:23:06.4086033Z Removing target/debug/build/crossbeam-utils-2e7512e383e7552c/
2025-11-10T00:23:06.4087061Z Removing target/debug/build/crossbeam-utils-7b9bd07d9fad49b5/
2025-11-10T00:23:06.4088068Z Removing target/debug/build/generic-array-036ebdaa4415d02c/
2025-11-10T00:23:06.4089058Z Removing target/debug/build/generic-array-27e0812fe9f1c82e/
2025-11-10T00:23:06.4090009Z Removing target/debug/build/getrandom-204a7ffda41f2c40/
2025-11-10T00:23:06.4092742Z Removing target/debug/build/getrandom-aff71c4311e1d901/
2025-11-10T00:23:06.4093652Z Removing target/debug/build/httparse-af37b3e2ea59937d/
2025-11-10T00:23:06.4094750Z Removing target/debug/build/httparse-cd2acd3122f2951e/
2025-11-10T00:23:06.4095748Z Removing target/debug/build/icu_normalizer_data-0521896a956c6a5a/
2025-11-10T00:23:06.4096817Z Removing target/debug/build/icu_normalizer_data-05aa9f4127f1522c/
2025-11-10T00:23:06.4097889Z Removing target/debug/build/icu_properties_data-753bf78d21f987f7/
2025-11-10T00:23:06.4098901Z Removing target/debug/build/icu_properties_data-ec31945ff356bd2d/
2025-11-10T00:23:06.4099794Z Removing target/debug/build/libc-0a40c070d57948ed/
2025-11-10T00:23:06.4100579Z Removing target/debug/build/libc-babd76be9bd57097/
2025-11-10T00:23:06.4103053Z Removing target/debug/build/libm-5566613c570f3f25/
2025-11-10T00:23:06.4103831Z Removing target/debug/build/libm-bea1df92f0410dc7/
2025-11-10T00:23:06.4104798Z Removing target/debug/build/num-traits-5cf5aecfc8480859/
2025-11-10T00:23:06.4105687Z Removing target/debug/build/num-traits-dcfaab6837dca6ca/
2025-11-10T00:23:06.4106523Z Removing target/debug/build/object-79e3009c3f235dd5/
2025-11-10T00:23:06.4107331Z Removing target/debug/build/object-80086ec81049dfec/
2025-11-10T00:23:06.4108613Z Removing target/debug/build/proc-macro2-0c90074a995b0125/
2025-11-10T00:23:06.4109530Z Removing target/debug/build/proc-macro2-a923716fdc1423c7/
2025-11-10T00:23:06.4110426Z Removing target/debug/build/rayon-core-03a79c366c595edc/
2025-11-10T00:23:06.4111305Z Removing target/debug/build/rayon-core-8f7a8180a2a17a55/
2025-11-10T00:23:06.4112151Z Removing target/debug/build/rustix-4c7e8a32787cbda3/
2025-11-10T00:23:06.4112954Z Removing target/debug/build/rustix-fe849c32e80f99c3/
2025-11-10T00:23:06.4113812Z Removing target/debug/build/secp256k1-sys-708e464d25e2f9a2/
2025-11-10T00:23:06.4114867Z Removing target/debug/build/secp256k1-sys-cbc42ff488488692/
2025-11-10T00:23:06.4115918Z Removing target/debug/build/serde-1f6df97ca8e777f3/
2025-11-10T00:23:06.4116716Z Removing target/debug/build/serde-79bd1dc91f22d7e2/
2025-11-10T00:23:06.4117497Z Removing target/debug/build/serde-8e0d7ee100c82f98/
2025-11-10T00:23:06.4118296Z Removing target/debug/build/serde-bd8472bda08e6db8/
2025-11-10T00:23:06.4119128Z Removing target/debug/build/serde_json-0dc48a5bcf535a0b/
2025-11-10T00:23:06.4120001Z Removing target/debug/build/serde_json-f87e09600e685d33/
2025-11-10T00:23:06.4122709Z Removing target/debug/build/sha2-asm-b2e38aa444311777/
2025-11-10T00:23:06.4123547Z Removing target/debug/build/sha2-asm-d08d40e52f733493/
2025-11-10T00:23:06.4124485Z Removing target/debug/build/syn-1194b09556b5fe4b/
2025-11-10T00:23:06.4125265Z Removing target/debug/build/syn-d514d08d86c32935/
2025-11-10T00:23:06.4126089Z Removing target/debug/build/thiserror-0ab41f997ece6c55/
2025-11-10T00:23:06.4127187Z Removing target/debug/build/thiserror-5c7e835cbcf3ecb5/
2025-11-10T00:23:06.4128287Z Removing target/debug/build/typenum-911c3e43dcb6b56a/
2025-11-10T00:23:06.4129150Z Removing target/debug/build/typenum-93ec83b436bf1eae/
2025-11-10T00:23:06.4142568Z Removing target/debug/build/zerocopy-5fabe0b83574e243/
2025-11-10T00:23:06.4144193Z Removing target/debug/build/zerocopy-b6fca17bb70b5855/
2025-11-10T00:23:06.4145994Z Removing target/debug/deps/addr2line-d5ebf1990a8a4e5f.d
2025-11-10T00:23:06.4147596Z Removing target/debug/deps/adler2-af5b0e47f1b187b9.d
2025-11-10T00:23:06.4149054Z Removing target/debug/deps/anes-a0919dfd93f50712.d
2025-11-10T00:23:06.4150604Z Removing target/debug/deps/anstyle-c4f390893da93688.d
2025-11-10T00:23:06.4152456Z Removing target/debug/deps/anyhow-059da4f0d7c55a8b.d
2025-11-10T00:23:06.4154057Z Removing target/debug/deps/anyhow-95fc8231af5535f8.d
2025-11-10T00:23:06.4155892Z Removing target/debug/deps/api_tests-488bb6d31439a8b3
2025-11-10T00:23:06.4157379Z Removing target/debug/deps/api_tests-488bb6d31439a8b3.d
2025-11-10T00:23:06.4159743Z Removing target/debug/deps/autocfg-9280f9c2f723f569.d
2025-11-10T00:23:06.4457815Z Removing target/debug/deps/backtrace-50a1387f50507b54.d
2025-11-10T00:23:06.4459389Z Removing target/debug/deps/base64-a27c42143a7ea7b5.d
2025-11-10T00:23:06.4462722Z Removing target/debug/deps/bincode-becc14c21199bb9c.d
2025-11-10T00:23:06.4464197Z Removing target/debug/deps/bincode-f1324220296ae161.d
2025-11-10T00:23:06.4465880Z Removing target/debug/deps/bit_set-46b4e6ac82f2d6c2.d
2025-11-10T00:23:06.4467353Z Removing target/debug/deps/bit_vec-f5e51f12b3cb6dc0.d
2025-11-10T00:23:06.4469037Z Removing target/debug/deps/bitcoin_hashes-afede1b96b464164.d
2025-11-10T00:23:06.4472630Z Removing target/debug/deps/bitcoin_hashes-eaa237cf5b3503ad.d
2025-11-10T00:23:06.4474527Z Removing target/debug/deps/bitflags-896e2bfd2a1fb9d6.d
2025-11-10T00:23:06.4476264Z Removing target/debug/deps/bllvm_consensus-482a7fb1905cd20b.d
2025-11-10T00:23:06.4478233Z Removing target/debug/deps/bllvm_consensus-b1795dea432e56e7
2025-11-10T00:23:06.4480310Z Removing target/debug/deps/bllvm_consensus-b1795dea432e56e7.d
2025-11-10T00:23:06.4482363Z Removing target/debug/deps/block_buffer-237124e17683fddb.d
2025-11-10T00:23:06.4484617Z Removing target/debug/deps/block_buffer-e24311a7f03c980c.d
2025-11-10T00:23:06.4486766Z Removing target/debug/deps/block_weight_edge_cases-770970a17a236ded
2025-11-10T00:23:06.4489075Z Removing target/debug/deps/block_weight_edge_cases-770970a17a236ded.d
2025-11-10T00:23:06.4491123Z Removing target/debug/deps/bolero-61e4b405f0d99475.d
2025-11-10T00:23:06.4492942Z Removing target/debug/deps/bolero_engine-7a6a62618e83236d.d
2025-11-10T00:23:06.4495184Z Removing target/debug/deps/bolero_generator-f52625225236cff7.d
2025-11-10T00:23:06.4497800Z Removing target/debug/deps/bolero_generator_derive-c68fbc97a38d0e7b.d
2025-11-10T00:23:06.4500532Z Removing target/debug/deps/bytes-e9fddd1bd45d8900.d
2025-11-10T00:23:06.4502460Z Removing target/debug/deps/cast-93991a378c062ce2.d
2025-11-10T00:23:06.4504149Z Removing target/debug/deps/cc-7d5b8c3e1f4cbfcd.d
2025-11-10T00:23:06.4506425Z Removing target/debug/deps/cfg_if-5efacd4c40f67578.d
2025-11-10T00:23:06.4508273Z Removing target/debug/deps/cfg_if-fc0dab425a2b74c4.d
2025-11-10T00:23:06.4510183Z Removing target/debug/deps/ciborium-b9b3c5892a813a85.d
2025-11-10T00:23:06.4512170Z Removing target/debug/deps/ciborium_io-d4a5cc50b6903de8.d
2025-11-10T00:23:06.4514244Z Removing target/debug/deps/ciborium_ll-b0ffa1280b2c5942.d
2025-11-10T00:23:06.4516392Z Removing target/debug/deps/clap-fa471eea3106a856.d
2025-11-10T00:23:06.4518327Z Removing target/debug/deps/clap_builder-672169a28e439221.d
2025-11-10T00:23:06.4520299Z Removing target/debug/deps/clap_lex-b779c87941961e37.d
2025-11-10T00:23:06.4522374Z Removing target/debug/deps/coinbase_maturity-35b87da7fd33256a
2025-11-10T00:23:06.4524853Z Removing target/debug/deps/coinbase_maturity-35b87da7fd33256a.d
2025-11-10T00:23:06.4527345Z Removing target/debug/deps/comprehensive_unit_tests-45c598deb2f166a5
2025-11-10T00:23:06.4529995Z Removing target/debug/deps/comprehensive_unit_tests-45c598deb2f166a5.d
2025-11-10T00:23:06.4534102Z Removing target/debug/deps/consensus_flags-1cb97f9101c6b430
2025-11-10T00:23:06.4536489Z Removing target/debug/deps/consensus_flags-1cb97f9101c6b430.d
2025-11-10T00:23:06.4538925Z Removing target/debug/deps/core_vector_extractor-03c178ea49b5e33f
2025-11-10T00:23:06.4543249Z Removing target/debug/deps/core_vector_extractor-03c178ea49b5e33f.d
2025-11-10T00:23:06.4545753Z Removing target/debug/deps/cpufeatures-0f8ee1944988dae8.d
2025-11-10T00:23:06.4547851Z Removing target/debug/deps/cpufeatures-ee10eae80741e153.d
2025-11-10T00:23:06.4549887Z Removing target/debug/deps/criterion-8b23062bf7628800.d
2025-11-10T00:23:06.4552042Z Removing target/debug/deps/criterion_plot-497bb8be6444bd1f.d
2025-11-10T00:23:06.4556301Z Removing target/debug/deps/cross_bip_property_tests-4769854aa97d04c4
2025-11-10T00:23:06.4559689Z Removing target/debug/deps/cross_bip_property_tests-4769854aa97d04c4.d
2025-11-10T00:23:06.4563981Z Removing target/debug/deps/crossbeam_deque-f0686b61841f828a.d
2025-11-10T00:23:06.4566366Z Removing target/debug/deps/crossbeam_epoch-5d380abd02926c22.d
2025-11-10T00:23:06.4568545Z Removing target/debug/deps/crossbeam_utils-8107c299d7212acb.d
2025-11-10T00:23:06.4570692Z Removing target/debug/deps/crypto_common-6e0ab91b6c6191f7.d
2025-11-10T00:23:06.4573403Z Removing target/debug/deps/crypto_common-6f50393ddbff5a83.d
2025-11-10T00:23:06.4575909Z Removing target/debug/deps/digest-316d27a2bf334994.d
2025-11-10T00:23:06.4577944Z Removing target/debug/deps/digest-915fde4393040a15.d
2025-11-10T00:23:06.4580210Z Removing target/debug/deps/displaydoc-20238dffa2ae8b0c.d
2025-11-10T00:23:06.4583347Z Removing target/debug/deps/either-a1f9b2c1be6f01b6.d
2025-11-10T00:23:06.4585546Z Removing target/debug/deps/encoding_rs-f1d4c2bbd5bde7a5.d
2025-11-10T00:23:06.4587692Z Removing target/debug/deps/equivalent-fb6cc83cf281e9bc.d
2025-11-10T00:23:06.4589825Z Removing target/debug/deps/error_path_tests-c6165610ce56201b
2025-11-10T00:23:06.4593809Z Removing target/debug/deps/error_path_tests-c6165610ce56201b.d
2025-11-10T00:23:06.4596111Z Removing target/debug/deps/fastrand-4c7d3317299366b7.d
2025-11-10T00:23:06.4598232Z Removing target/debug/deps/find_msvc_tools-e0c11e7e4ca96379.d
2025-11-10T00:23:06.4600258Z Removing target/debug/deps/fnv-293287ae6d18546d.d
2025-11-10T00:23:06.4603406Z Removing target/debug/deps/form_urlencoded-dbca2961b0a03513.d
2025-11-10T00:23:06.4605987Z Removing target/debug/deps/futures_channel-ce3244b321a732dd.d
2025-11-10T00:23:06.4608277Z Removing target/debug/deps/futures_core-bc9dc0fd63aebce4.d
2025-11-10T00:23:06.4610414Z Removing target/debug/deps/futures_sink-2dce04bb75870a40.d
2025-11-10T00:23:06.4614181Z Removing target/debug/deps/futures_task-71d5acf17967c2d4.d
2025-11-10T00:23:06.4616458Z Removing target/debug/deps/futures_util-ff1e012805509cb6.d
2025-11-10T00:23:06.4619018Z Removing target/debug/deps/generic_array-0e8a2772e7ae3a96.d
2025-11-10T00:23:06.4621188Z Removing target/debug/deps/generic_array-218c5452e10dd155.d
2025-11-10T00:23:06.4692278Z Removing target/debug/deps/getrandom-8c953d0b2b49c2d2.d
2025-11-10T00:23:06.4695526Z Removing target/debug/deps/getrandom-94f68988f0176c86.d
2025-11-10T00:23:06.4699328Z Removing target/debug/deps/gimli-c6ce211822603f9c.d
2025-11-10T00:23:06.4702782Z Removing target/debug/deps/h2-67b7373a3a98d2b1.d
2025-11-10T00:23:06.4706458Z Removing target/debug/deps/half-b35a8b7b8184a652.d
2025-11-10T00:23:06.4711135Z Removing target/debug/deps/hashbrown-58495ef904525875.d
2025-11-10T00:23:06.4714997Z Removing target/debug/deps/hex-39f5f8bc1bd9aca4.d
2025-11-10T00:23:06.4717453Z Removing target/debug/deps/hex-dcfe2cd018f6e5f0.d
2025-11-10T00:23:06.4721647Z Removing target/debug/deps/historical_consensus-38d87f68fd573e96
2025-11-10T00:23:06.4726165Z Removing target/debug/deps/historical_consensus-38d87f68fd573e96.d
2025-11-10T00:23:06.4729760Z Removing target/debug/deps/http-af18e4ff9e3dfe38.d
2025-11-10T00:23:06.4732730Z Removing target/debug/deps/http_body-8d5d3ab6f40ba57e.d
2025-11-10T00:23:06.4734857Z Removing target/debug/deps/httparse-16b6048ff48827ab.d
2025-11-10T00:23:06.4736662Z Removing target/debug/deps/httpdate-d5018c03204bd778.d
2025-11-10T00:23:06.4738456Z Removing target/debug/deps/hyper-b60025547ec7088a.d
2025-11-10T00:23:06.4740398Z Removing target/debug/deps/icu_collections-8d123128da8a58ae.d
2025-11-10T00:23:06.4743430Z Removing target/debug/deps/icu_locale_core-14c42337931d9756.d
2025-11-10T00:23:06.4745746Z Removing target/debug/deps/icu_normalizer-0602ce96235f2213.d
2025-11-10T00:23:06.4747997Z Removing target/debug/deps/icu_normalizer_data-7b70d1e6c13d434d.d
2025-11-10T00:23:06.4750261Z Removing target/debug/deps/icu_properties-594bddf639bd9870.d
2025-11-10T00:23:06.4755784Z Removing target/debug/deps/icu_properties_data-3eb416884774962c.d
2025-11-10T00:23:06.4758307Z Removing target/debug/deps/icu_provider-4e515be11ce49769.d
2025-11-10T00:23:06.4760784Z Removing target/debug/deps/idna-8396801de7b90c02.d
2025-11-10T00:23:06.4762710Z Removing target/debug/deps/idna_adapter-77a719ba56251a40.d
2025-11-10T00:23:06.4764867Z Removing target/debug/deps/indexmap-ebd5508a6a5e9cdb.d
2025-11-10T00:23:06.4767138Z Removing target/debug/deps/integration_opportunities-d675b2ce38731eb5
2025-11-10T00:23:06.4769732Z Removing target/debug/deps/integration_opportunities-d675b2ce38731eb5.d
2025-11-10T00:23:06.4772087Z Removing target/debug/deps/integration_tests-4281047bd249c94a
2025-11-10T00:23:06.4776013Z Removing target/debug/deps/integration_tests-4281047bd249c94a.d
2025-11-10T00:23:06.4778097Z Removing target/debug/deps/ipnet-f6c3440d7603f13d.d
2025-11-10T00:23:06.4779979Z Removing target/debug/deps/is_terminal-dcd73c744b96c2bf.d
2025-11-10T00:23:06.4783946Z Removing target/debug/deps/itertools-65e81afe9e445558.d
2025-11-10T00:23:06.4785939Z Removing target/debug/deps/itoa-08c0ac77a7f9c5e1.d
2025-11-10T00:23:06.4787520Z Removing target/debug/deps/itoa-b11a99c3fb91e0ba.d
2025-11-10T00:23:06.4789402Z Removing target/debug/deps/lazy_static-a60c6f0d6f5b0a48.d
2025-11-10T00:23:06.4793379Z Removing target/debug/deps/libaddr2line-d5ebf1990a8a4e5f.rlib
2025-11-10T00:23:06.4795851Z Removing target/debug/deps/libaddr2line-d5ebf1990a8a4e5f.rmeta
2025-11-10T00:23:06.4797993Z Removing target/debug/deps/libadler2-af5b0e47f1b187b9.rlib
2025-11-10T00:23:06.4800033Z Removing target/debug/deps/libadler2-af5b0e47f1b187b9.rmeta
2025-11-10T00:23:06.4802090Z Removing target/debug/deps/libanes-a0919dfd93f50712.rlib
2025-11-10T00:23:06.4805567Z Removing target/debug/deps/libanes-a0919dfd93f50712.rmeta
2025-11-10T00:23:06.4807565Z Removing target/debug/deps/libanstyle-c4f390893da93688.rlib
2025-11-10T00:23:06.4809631Z Removing target/debug/deps/libanstyle-c4f390893da93688.rmeta
2025-11-10T00:23:06.4811767Z Removing target/debug/deps/libanyhow-059da4f0d7c55a8b.rmeta
2025-11-10T00:23:06.4814962Z Removing target/debug/deps/libanyhow-95fc8231af5535f8.rlib
2025-11-10T00:23:06.4817054Z Removing target/debug/deps/libanyhow-95fc8231af5535f8.rmeta
2025-11-10T00:23:06.4818943Z Removing target/debug/deps/libautocfg-9280f9c2f723f569.rlib
2025-11-10T00:23:06.4821261Z Removing target/debug/deps/libautocfg-9280f9c2f723f569.rmeta
2025-11-10T00:23:06.4823449Z Removing target/debug/deps/libbacktrace-50a1387f50507b54.rlib
2025-11-10T00:23:06.4825788Z Removing target/debug/deps/libbacktrace-50a1387f50507b54.rmeta
2025-11-10T00:23:06.4828502Z Removing target/debug/deps/libbase64-a27c42143a7ea7b5.rlib
2025-11-10T00:23:06.4830542Z Removing target/debug/deps/libbase64-a27c42143a7ea7b5.rmeta
2025-11-10T00:23:06.4832664Z Removing target/debug/deps/libbincode-becc14c21199bb9c.rlib
2025-11-10T00:23:06.4834937Z Removing target/debug/deps/libbincode-becc14c21199bb9c.rmeta
2025-11-10T00:23:06.4837117Z Removing target/debug/deps/libbincode-f1324220296ae161.rmeta
2025-11-10T00:23:06.4839265Z Removing target/debug/deps/libbit_set-46b4e6ac82f2d6c2.rlib
2025-11-10T00:23:06.4841367Z Removing target/debug/deps/libbit_set-46b4e6ac82f2d6c2.rmeta
2025-11-10T00:23:06.4843354Z Removing target/debug/deps/libbit_vec-f5e51f12b3cb6dc0.rlib
2025-11-10T00:23:06.4845417Z Removing target/debug/deps/libbit_vec-f5e51f12b3cb6dc0.rmeta
2025-11-10T00:23:06.4847705Z Removing target/debug/deps/libbitcoin_hashes-afede1b96b464164.rlib
2025-11-10T00:23:06.4850627Z Removing target/debug/deps/libbitcoin_hashes-afede1b96b464164.rmeta
2025-11-10T00:23:06.4853300Z Removing target/debug/deps/libbitcoin_hashes-eaa237cf5b3503ad.rmeta
2025-11-10T00:23:06.4856316Z Removing target/debug/deps/libbitflags-896e2bfd2a1fb9d6.rlib
2025-11-10T00:23:06.4858706Z Removing target/debug/deps/libbitflags-896e2bfd2a1fb9d6.rmeta
2025-11-10T00:23:06.4861075Z Removing target/debug/deps/libbllvm_consensus-482a7fb1905cd20b.rlib
2025-11-10T00:23:06.4863794Z Removing target/debug/deps/libbllvm_consensus-482a7fb1905cd20b.rmeta
2025-11-10T00:23:06.4866372Z Removing target/debug/deps/libblock_buffer-237124e17683fddb.rmeta
2025-11-10T00:23:06.4868681Z Removing target/debug/deps/libblock_buffer-e24311a7f03c980c.rlib
2025-11-10T00:23:06.4871007Z Removing target/debug/deps/libblock_buffer-e24311a7f03c980c.rmeta
2025-11-10T00:23:06.5010157Z Removing target/debug/deps/libbolero-61e4b405f0d99475.rlib
2025-11-10T00:23:06.5014213Z Removing target/debug/deps/libbolero-61e4b405f0d99475.rmeta
2025-11-10T00:23:06.5016741Z Removing target/debug/deps/libbolero_engine-7a6a62618e83236d.rlib
2025-11-10T00:23:06.5019026Z Removing target/debug/deps/libbolero_engine-7a6a62618e83236d.rmeta
2025-11-10T00:23:06.5021523Z Removing target/debug/deps/libbolero_generator-f52625225236cff7.rlib
2025-11-10T00:23:06.5024050Z Removing target/debug/deps/libbolero_generator-f52625225236cff7.rmeta
2025-11-10T00:23:06.5026825Z Removing target/debug/deps/libbolero_generator_derive-c68fbc97a38d0e7b.so
2025-11-10T00:23:06.5029232Z Removing target/debug/deps/libbytes-e9fddd1bd45d8900.rlib
2025-11-10T00:23:06.5031283Z Removing target/debug/deps/libbytes-e9fddd1bd45d8900.rmeta
2025-11-10T00:23:06.5035142Z Removing target/debug/deps/libc-0bbb25e1d8acad57.d
2025-11-10T00:23:06.5037036Z Removing target/debug/deps/libcast-93991a378c062ce2.rlib
2025-11-10T00:23:06.5039001Z Removing target/debug/deps/libcast-93991a378c062ce2.rmeta
2025-11-10T00:23:06.5040980Z Removing target/debug/deps/libcc-7d5b8c3e1f4cbfcd.rlib
2025-11-10T00:23:06.5042904Z Removing target/debug/deps/libcc-7d5b8c3e1f4cbfcd.rmeta
2025-11-10T00:23:06.5044995Z Removing target/debug/deps/libcfg_if-5efacd4c40f67578.rlib
2025-11-10T00:23:06.5046954Z Removing target/debug/deps/libcfg_if-5efacd4c40f67578.rmeta
2025-11-10T00:23:06.5048992Z Removing target/debug/deps/libcfg_if-fc0dab425a2b74c4.rmeta
2025-11-10T00:23:06.5051175Z Removing target/debug/deps/libciborium-b9b3c5892a813a85.rlib
2025-11-10T00:23:06.5053318Z Removing target/debug/deps/libciborium-b9b3c5892a813a85.rmeta
2025-11-10T00:23:06.5055505Z Removing target/debug/deps/libciborium_io-d4a5cc50b6903de8.rlib
2025-11-10T00:23:06.5057984Z Removing target/debug/deps/libciborium_io-d4a5cc50b6903de8.rmeta
2025-11-10T00:23:06.5060250Z Removing target/debug/deps/libciborium_ll-b0ffa1280b2c5942.rlib
2025-11-10T00:23:06.5062458Z Removing target/debug/deps/libciborium_ll-b0ffa1280b2c5942.rmeta
2025-11-10T00:23:06.5064998Z Removing target/debug/deps/libclap-fa471eea3106a856.rlib
2025-11-10T00:23:06.5067081Z Removing target/debug/deps/libclap-fa471eea3106a856.rmeta
2025-11-10T00:23:06.5069197Z Removing target/debug/deps/libclap_builder-672169a28e439221.rlib
2025-11-10T00:23:06.5071440Z Removing target/debug/deps/libclap_builder-672169a28e439221.rmeta
2025-11-10T00:23:06.5075245Z Removing target/debug/deps/libclap_lex-b779c87941961e37.rlib
2025-11-10T00:23:06.5077848Z Removing target/debug/deps/libclap_lex-b779c87941961e37.rmeta
2025-11-10T00:23:06.5080070Z Removing target/debug/deps/libcpufeatures-0f8ee1944988dae8.rmeta
2025-11-10T00:23:06.5084709Z Removing target/debug/deps/libcpufeatures-ee10eae80741e153.rlib
2025-11-10T00:23:06.5087148Z Removing target/debug/deps/libcpufeatures-ee10eae80741e153.rmeta
2025-11-10T00:23:06.5089399Z Removing target/debug/deps/libcriterion-8b23062bf7628800.rlib
2025-11-10T00:23:06.5093438Z Removing target/debug/deps/libcriterion-8b23062bf7628800.rmeta
2025-11-10T00:23:06.5095908Z Removing target/debug/deps/libcriterion_plot-497bb8be6444bd1f.rlib
2025-11-10T00:23:06.5098266Z Removing target/debug/deps/libcriterion_plot-497bb8be6444bd1f.rmeta
2025-11-10T00:23:06.5102373Z Removing target/debug/deps/libcrossbeam_deque-f0686b61841f828a.rlib
2025-11-10T00:23:06.5104902Z Removing target/debug/deps/libcrossbeam_deque-f0686b61841f828a.rmeta
2025-11-10T00:23:06.5107381Z Removing target/debug/deps/libcrossbeam_epoch-5d380abd02926c22.rlib
2025-11-10T00:23:06.5109804Z Removing target/debug/deps/libcrossbeam_epoch-5d380abd02926c22.rmeta
2025-11-10T00:23:06.5112217Z Removing target/debug/deps/libcrossbeam_utils-8107c299d7212acb.rlib
2025-11-10T00:23:06.5115004Z Removing target/debug/deps/libcrossbeam_utils-8107c299d7212acb.rmeta
2025-11-10T00:23:06.5117841Z Removing target/debug/deps/libcrypto_common-6e0ab91b6c6191f7.rlib
2025-11-10T00:23:06.5120308Z Removing target/debug/deps/libcrypto_common-6e0ab91b6c6191f7.rmeta
2025-11-10T00:23:06.5122714Z Removing target/debug/deps/libcrypto_common-6f50393ddbff5a83.rmeta
2025-11-10T00:23:06.5125194Z Removing target/debug/deps/libdigest-316d27a2bf334994.rlib
2025-11-10T00:23:06.5127168Z Removing target/debug/deps/libdigest-316d27a2bf334994.rmeta
2025-11-10T00:23:06.5129179Z Removing target/debug/deps/libdigest-915fde4393040a15.rmeta
2025-11-10T00:23:06.5133200Z Removing target/debug/deps/libdisplaydoc-20238dffa2ae8b0c.so
2025-11-10T00:23:06.5135491Z Removing target/debug/deps/libeither-a1f9b2c1be6f01b6.rlib
2025-11-10T00:23:06.5137588Z Removing target/debug/deps/libeither-a1f9b2c1be6f01b6.rmeta
2025-11-10T00:23:06.5139740Z Removing target/debug/deps/libencoding_rs-f1d4c2bbd5bde7a5.rlib
2025-11-10T00:23:06.5143657Z Removing target/debug/deps/libencoding_rs-f1d4c2bbd5bde7a5.rmeta
2025-11-10T00:23:06.5146154Z Removing target/debug/deps/libequivalent-fb6cc83cf281e9bc.rlib
2025-11-10T00:23:06.5148551Z Removing target/debug/deps/libequivalent-fb6cc83cf281e9bc.rmeta
2025-11-10T00:23:06.5150880Z Removing target/debug/deps/libfastrand-4c7d3317299366b7.rlib
2025-11-10T00:23:06.5153076Z Removing target/debug/deps/libfastrand-4c7d3317299366b7.rmeta
2025-11-10T00:23:06.5155507Z Removing target/debug/deps/libfind_msvc_tools-e0c11e7e4ca96379.rlib
2025-11-10T00:23:06.5158090Z Removing target/debug/deps/libfind_msvc_tools-e0c11e7e4ca96379.rmeta
2025-11-10T00:23:06.5160233Z Removing target/debug/deps/libfnv-293287ae6d18546d.rlib
2025-11-10T00:23:06.5161942Z Removing target/debug/deps/libfnv-293287ae6d18546d.rmeta
2025-11-10T00:23:06.5164186Z Removing target/debug/deps/libform_urlencoded-dbca2961b0a03513.rlib
2025-11-10T00:23:06.5166926Z Removing target/debug/deps/libform_urlencoded-dbca2961b0a03513.rmeta
2025-11-10T00:23:06.5169503Z Removing target/debug/deps/libfutures_channel-ce3244b321a732dd.rlib
2025-11-10T00:23:06.5310413Z Removing target/debug/deps/libfutures_channel-ce3244b321a732dd.rmeta
2025-11-10T00:23:06.5313620Z Removing target/debug/deps/libfutures_core-bc9dc0fd63aebce4.rlib
2025-11-10T00:23:06.5315578Z Removing target/debug/deps/libfutures_core-bc9dc0fd63aebce4.rmeta
2025-11-10T00:23:06.5317374Z Removing target/debug/deps/libfutures_sink-2dce04bb75870a40.rlib
2025-11-10T00:23:06.5319243Z Removing target/debug/deps/libfutures_sink-2dce04bb75870a40.rmeta
2025-11-10T00:23:06.5320722Z Removing target/debug/deps/libfutures_task-71d5acf17967c2d4.rlib
2025-11-10T00:23:06.5322213Z Removing target/debug/deps/libfutures_task-71d5acf17967c2d4.rmeta
2025-11-10T00:23:06.5326244Z Removing target/debug/deps/libfutures_util-ff1e012805509cb6.rlib
2025-11-10T00:23:06.5327786Z Removing target/debug/deps/libfutures_util-ff1e012805509cb6.rmeta
2025-11-10T00:23:06.5329292Z Removing target/debug/deps/libgeneric_array-0e8a2772e7ae3a96.rmeta
2025-11-10T00:23:06.5330798Z Removing target/debug/deps/libgeneric_array-218c5452e10dd155.rlib
2025-11-10T00:23:06.5332577Z Removing target/debug/deps/libgeneric_array-218c5452e10dd155.rmeta
2025-11-10T00:23:06.5334090Z Removing target/debug/deps/libgetrandom-8c953d0b2b49c2d2.rlib
2025-11-10T00:23:06.5335696Z Removing target/debug/deps/libgetrandom-8c953d0b2b49c2d2.rmeta
2025-11-10T00:23:06.5337128Z Removing target/debug/deps/libgetrandom-94f68988f0176c86.rlib
2025-11-10T00:23:06.5338547Z Removing target/debug/deps/libgetrandom-94f68988f0176c86.rmeta
2025-11-10T00:23:06.5339893Z Removing target/debug/deps/libgimli-c6ce211822603f9c.rlib
2025-11-10T00:23:06.5341194Z Removing target/debug/deps/libgimli-c6ce211822603f9c.rmeta
2025-11-10T00:23:06.5342450Z Removing target/debug/deps/libh2-67b7373a3a98d2b1.rlib
2025-11-10T00:23:06.5343649Z Removing target/debug/deps/libh2-67b7373a3a98d2b1.rmeta
2025-11-10T00:23:06.5345261Z Removing target/debug/deps/libhalf-b35a8b7b8184a652.rlib
2025-11-10T00:23:06.5346846Z Removing target/debug/deps/libhalf-b35a8b7b8184a652.rmeta
2025-11-10T00:23:06.5348203Z Removing target/debug/deps/libhashbrown-58495ef904525875.rlib
2025-11-10T00:23:06.5349615Z Removing target/debug/deps/libhashbrown-58495ef904525875.rmeta
2025-11-10T00:23:06.5350975Z Removing target/debug/deps/libhex-39f5f8bc1bd9aca4.rmeta
2025-11-10T00:23:06.5352236Z Removing target/debug/deps/libhex-dcfe2cd018f6e5f0.rlib
2025-11-10T00:23:06.5353487Z Removing target/debug/deps/libhex-dcfe2cd018f6e5f0.rmeta
2025-11-10T00:23:06.5354904Z Removing target/debug/deps/libhttp-af18e4ff9e3dfe38.rlib
2025-11-10T00:23:06.5356214Z Removing target/debug/deps/libhttp-af18e4ff9e3dfe38.rmeta
2025-11-10T00:23:06.5357767Z Removing target/debug/deps/libhttp_body-8d5d3ab6f40ba57e.rlib
2025-11-10T00:23:06.5359148Z Removing target/debug/deps/libhttp_body-8d5d3ab6f40ba57e.rmeta
2025-11-10T00:23:06.5360527Z Removing target/debug/deps/libhttparse-16b6048ff48827ab.rlib
2025-11-10T00:23:06.5363410Z Removing target/debug/deps/libhttparse-16b6048ff48827ab.rmeta
2025-11-10T00:23:06.5364939Z Removing target/debug/deps/libhttpdate-d5018c03204bd778.rlib
2025-11-10T00:23:06.5366327Z Removing target/debug/deps/libhttpdate-d5018c03204bd778.rmeta
2025-11-10T00:23:06.5367660Z Removing target/debug/deps/libhyper-b60025547ec7088a.rlib
2025-11-10T00:23:06.5369266Z Removing target/debug/deps/libhyper-b60025547ec7088a.rmeta
2025-11-10T00:23:06.5370691Z Removing target/debug/deps/libicu_collections-8d123128da8a58ae.rlib
2025-11-10T00:23:06.5373463Z Removing target/debug/deps/libicu_collections-8d123128da8a58ae.rmeta
2025-11-10T00:23:06.5375142Z Removing target/debug/deps/libicu_locale_core-14c42337931d9756.rlib
2025-11-10T00:23:06.5376628Z Removing target/debug/deps/libicu_locale_core-14c42337931d9756.rmeta
2025-11-10T00:23:06.5378314Z Removing target/debug/deps/libicu_normalizer-0602ce96235f2213.rlib
2025-11-10T00:23:06.5379820Z Removing target/debug/deps/libicu_normalizer-0602ce96235f2213.rmeta
2025-11-10T00:23:06.5381356Z Removing target/debug/deps/libicu_normalizer_data-7b70d1e6c13d434d.rlib
2025-11-10T00:23:06.5382956Z Removing target/debug/deps/libicu_normalizer_data-7b70d1e6c13d434d.rmeta
2025-11-10T00:23:06.5384939Z Removing target/debug/deps/libicu_properties-594bddf639bd9870.rlib
2025-11-10T00:23:06.5386519Z Removing target/debug/deps/libicu_properties-594bddf639bd9870.rmeta
2025-11-10T00:23:06.5388082Z Removing target/debug/deps/libicu_properties_data-3eb416884774962c.rlib
2025-11-10T00:23:06.5389885Z Removing target/debug/deps/libicu_properties_data-3eb416884774962c.rmeta
2025-11-10T00:23:06.5391813Z Removing target/debug/deps/libicu_provider-4e515be11ce49769.rlib
2025-11-10T00:23:06.5393273Z Removing target/debug/deps/libicu_provider-4e515be11ce49769.rmeta
2025-11-10T00:23:06.5394923Z Removing target/debug/deps/libidna-8396801de7b90c02.rlib
2025-11-10T00:23:06.5396201Z Removing target/debug/deps/libidna-8396801de7b90c02.rmeta
2025-11-10T00:23:06.5397545Z Removing target/debug/deps/libidna_adapter-77a719ba56251a40.rlib
2025-11-10T00:23:06.5398982Z Removing target/debug/deps/libidna_adapter-77a719ba56251a40.rmeta
2025-11-10T00:23:06.5400411Z Removing target/debug/deps/libindexmap-ebd5508a6a5e9cdb.rlib
2025-11-10T00:23:06.5401797Z Removing target/debug/deps/libindexmap-ebd5508a6a5e9cdb.rmeta
2025-11-10T00:23:06.5403144Z Removing target/debug/deps/libipnet-f6c3440d7603f13d.rlib
2025-11-10T00:23:06.5404538Z Removing target/debug/deps/libipnet-f6c3440d7603f13d.rmeta
2025-11-10T00:23:06.5405912Z Removing target/debug/deps/libis_terminal-dcd73c744b96c2bf.rlib
2025-11-10T00:23:06.5407364Z Removing target/debug/deps/libis_terminal-dcd73c744b96c2bf.rmeta
2025-11-10T00:23:06.5408796Z Removing target/debug/deps/libitertools-65e81afe9e445558.rlib
2025-11-10T00:23:06.5410189Z Removing target/debug/deps/libitertools-65e81afe9e445558.rmeta
2025-11-10T00:23:06.5412470Z Removing target/debug/deps/libitoa-08c0ac77a7f9c5e1.rmeta
2025-11-10T00:23:06.5425515Z Removing target/debug/deps/libitoa-b11a99c3fb91e0ba.rlib
2025-11-10T00:23:06.5550557Z Removing target/debug/deps/libitoa-b11a99c3fb91e0ba.rmeta
2025-11-10T00:23:06.5552559Z Removing target/debug/deps/liblazy_static-a60c6f0d6f5b0a48.rlib
2025-11-10T00:23:06.5554271Z Removing target/debug/deps/liblazy_static-a60c6f0d6f5b0a48.rmeta
2025-11-10T00:23:06.5556310Z Removing target/debug/deps/liblibc-0bbb25e1d8acad57.rlib
2025-11-10T00:23:06.5558123Z Removing target/debug/deps/liblibc-0bbb25e1d8acad57.rmeta
2025-11-10T00:23:06.5559738Z Removing target/debug/deps/liblibm-9878322bd35959a3.rlib
2025-11-10T00:23:06.5561317Z Removing target/debug/deps/liblibm-9878322bd35959a3.rmeta
2025-11-10T00:23:06.5563036Z Removing target/debug/deps/liblinux_raw_sys-bb87369efe12a535.rlib
2025-11-10T00:23:06.5565356Z Removing target/debug/deps/liblinux_raw_sys-bb87369efe12a535.rmeta
2025-11-10T00:23:06.5567653Z Removing target/debug/deps/liblitemap-25eb7b5ae4df2615.rlib
2025-11-10T00:23:06.5569038Z Removing target/debug/deps/liblitemap-25eb7b5ae4df2615.rmeta
2025-11-10T00:23:06.5570319Z Removing target/debug/deps/liblog-7936ee94095ef39c.rlib
2025-11-10T00:23:06.5573980Z Removing target/debug/deps/liblog-7936ee94095ef39c.rmeta
2025-11-10T00:23:06.5576090Z Removing target/debug/deps/libm-9878322bd35959a3.d
2025-11-10T00:23:06.5577333Z Removing target/debug/deps/libmemchr-5d4e0d6bc9bda00f.rlib
2025-11-10T00:23:06.5578649Z Removing target/debug/deps/libmemchr-5d4e0d6bc9bda00f.rmeta
2025-11-10T00:23:06.5579940Z Removing target/debug/deps/libmime-10033b098b888fed.rlib
2025-11-10T00:23:06.5582789Z Removing target/debug/deps/libmime-10033b098b888fed.rmeta
2025-11-10T00:23:06.5584083Z Removing target/debug/deps/libminiz_oxide-d9ad3627380b17c2.rlib
2025-11-10T00:23:06.5585639Z Removing target/debug/deps/libminiz_oxide-d9ad3627380b17c2.rmeta
2025-11-10T00:23:06.5586947Z Removing target/debug/deps/libmio-de964bf95b3057fb.rlib
2025-11-10T00:23:06.5588158Z Removing target/debug/deps/libmio-de964bf95b3057fb.rmeta
2025-11-10T00:23:06.5589443Z Removing target/debug/deps/libnum_traits-b506934bb740cbf6.rlib
2025-11-10T00:23:06.5592585Z Removing target/debug/deps/libnum_traits-b506934bb740cbf6.rmeta
2025-11-10T00:23:06.5594066Z Removing target/debug/deps/libobject-5829cb2233c0b513.rlib
2025-11-10T00:23:06.5595823Z Removing target/debug/deps/libobject-5829cb2233c0b513.rmeta
2025-11-10T00:23:06.5597607Z Removing target/debug/deps/libonce_cell-140027e2059e248c.rlib
2025-11-10T00:23:06.5600814Z Removing target/debug/deps/libonce_cell-140027e2059e248c.rmeta
2025-11-10T00:23:06.5602444Z Removing target/debug/deps/liboorandom-2c0384e18d716be6.rlib
2025-11-10T00:23:06.5603793Z Removing target/debug/deps/liboorandom-2c0384e18d716be6.rmeta
2025-11-10T00:23:06.5605637Z Removing target/debug/deps/libpercent_encoding-d4c02626543d40b3.rlib
2025-11-10T00:23:06.5607198Z Removing target/debug/deps/libpercent_encoding-d4c02626543d40b3.rmeta
2025-11-10T00:23:06.5608757Z Removing target/debug/deps/libpin_project_lite-8304a63f5944e937.rlib
2025-11-10T00:23:06.5610288Z Removing target/debug/deps/libpin_project_lite-8304a63f5944e937.rmeta
2025-11-10T00:23:06.5611732Z Removing target/debug/deps/libpin_utils-4afe9bfe4113f5ad.rlib
2025-11-10T00:23:06.5615176Z Removing target/debug/deps/libpin_utils-4afe9bfe4113f5ad.rmeta
2025-11-10T00:23:06.5616628Z Removing target/debug/deps/libplotters-bae18d6894739156.rlib
2025-11-10T00:23:06.5617991Z Removing target/debug/deps/libplotters-bae18d6894739156.rmeta
2025-11-10T00:23:06.5619462Z Removing target/debug/deps/libplotters_backend-6c59dc1580532443.rlib
2025-11-10T00:23:06.5621004Z Removing target/debug/deps/libplotters_backend-6c59dc1580532443.rmeta
2025-11-10T00:23:06.5622458Z Removing target/debug/deps/libplotters_svg-1e338b432e7f1ba6.rlib
2025-11-10T00:23:06.5623860Z Removing target/debug/deps/libplotters_svg-1e338b432e7f1ba6.rmeta
2025-11-10T00:23:06.5625424Z Removing target/debug/deps/libpotential_utf-594a8beb8964bbdf.rlib
2025-11-10T00:23:06.5626875Z Removing target/debug/deps/libpotential_utf-594a8beb8964bbdf.rmeta
2025-11-10T00:23:06.5628367Z Removing target/debug/deps/libppv_lite86-f31b72c16d3ab29d.rlib
2025-11-10T00:23:06.5629737Z Removing target/debug/deps/libppv_lite86-f31b72c16d3ab29d.rmeta
2025-11-10T00:23:06.5631270Z Removing target/debug/deps/libpretty_hex-3b643e86f56f4855.rlib
2025-11-10T00:23:06.5632646Z Removing target/debug/deps/libpretty_hex-3b643e86f56f4855.rmeta
2025-11-10T00:23:06.5634004Z Removing target/debug/deps/libproc_macro2-013e91bf61085fba.rlib
2025-11-10T00:23:06.5635654Z Removing target/debug/deps/libproc_macro2-013e91bf61085fba.rmeta
2025-11-10T00:23:06.5637337Z Removing target/debug/deps/libproc_macro_crate-288ba2d6f9cde8b2.rlib
2025-11-10T00:23:06.5638883Z Removing target/debug/deps/libproc_macro_crate-288ba2d6f9cde8b2.rmeta
2025-11-10T00:23:06.5640322Z Removing target/debug/deps/libproptest-fe5de64ab58eee66.rlib
2025-11-10T00:23:06.5641705Z Removing target/debug/deps/libproptest-fe5de64ab58eee66.rmeta
2025-11-10T00:23:06.5643897Z Removing target/debug/deps/libquick_error-5431cbc53e6855e5.rlib
2025-11-10T00:23:06.5645676Z Removing target/debug/deps/libquick_error-5431cbc53e6855e5.rmeta
2025-11-10T00:23:06.5647025Z Removing target/debug/deps/libquote-1fd57a8d49f3e414.rlib
2025-11-10T00:23:06.5648291Z Removing target/debug/deps/libquote-1fd57a8d49f3e414.rmeta
2025-11-10T00:23:06.5649598Z Removing target/debug/deps/librand-fc4e73356887d916.rlib
2025-11-10T00:23:06.5650864Z Removing target/debug/deps/librand-fc4e73356887d916.rmeta
2025-11-10T00:23:06.5652163Z Removing target/debug/deps/librand_chacha-e20e83dc90b265db.rlib
2025-11-10T00:23:06.5653558Z Removing target/debug/deps/librand_chacha-e20e83dc90b265db.rmeta
2025-11-10T00:23:06.5655180Z Removing target/debug/deps/librand_core-c368d6b1d0f2f67a.rlib
2025-11-10T00:23:06.5656573Z Removing target/debug/deps/librand_core-c368d6b1d0f2f67a.rmeta
2025-11-10T00:23:06.5658757Z Removing target/debug/deps/librand_xorshift-30dbcff9e0cf9f0e.rlib
2025-11-10T00:23:06.5662170Z Removing target/debug/deps/librand_xorshift-30dbcff9e0cf9f0e.rmeta
2025-11-10T00:23:06.6023952Z Removing target/debug/deps/librand_xoshiro-fb20a66967968e23.rlib
2025-11-10T00:23:06.6026116Z Removing target/debug/deps/librand_xoshiro-fb20a66967968e23.rmeta
2025-11-10T00:23:06.6027455Z Removing target/debug/deps/librayon-fcfccdaccb2c1c8f.rlib
2025-11-10T00:23:06.6028674Z Removing target/debug/deps/librayon-fcfccdaccb2c1c8f.rmeta
2025-11-10T00:23:06.6029905Z Removing target/debug/deps/librayon_core-8233f837b2b82aa9.rlib
2025-11-10T00:23:06.6031575Z Removing target/debug/deps/librayon_core-8233f837b2b82aa9.rmeta
2025-11-10T00:23:06.6034732Z Removing target/debug/deps/libregex-7316801095448dcb.rlib
2025-11-10T00:23:06.6035895Z Removing target/debug/deps/libregex-7316801095448dcb.rmeta
2025-11-10T00:23:06.6037157Z Removing target/debug/deps/libregex_automata-560db73d82089022.rlib
2025-11-10T00:23:06.6038516Z Removing target/debug/deps/libregex_automata-560db73d82089022.rmeta
2025-11-10T00:23:06.6039871Z Removing target/debug/deps/libregex_syntax-fe8a530891fa5af3.rlib
2025-11-10T00:23:06.6041180Z Removing target/debug/deps/libregex_syntax-fe8a530891fa5af3.rmeta
2025-11-10T00:23:06.6042439Z Removing target/debug/deps/libreqwest-f1349d583e399c32.rlib
2025-11-10T00:23:06.6043652Z Removing target/debug/deps/libreqwest-f1349d583e399c32.rmeta
2025-11-10T00:23:06.6045118Z Removing target/debug/deps/libripemd-c4385cbf09230132.rlib
2025-11-10T00:23:06.6046320Z Removing target/debug/deps/libripemd-c4385cbf09230132.rmeta
2025-11-10T00:23:06.6047511Z Removing target/debug/deps/libripemd-f61d2a11e38c01dd.rmeta
2025-11-10T00:23:06.6048801Z Removing target/debug/deps/librustc_demangle-8dab3eb1c1115427.rlib
2025-11-10T00:23:06.6050173Z Removing target/debug/deps/librustc_demangle-8dab3eb1c1115427.rmeta
2025-11-10T00:23:06.6053323Z Removing target/debug/deps/librustix-9d1c1196c042be37.rlib
2025-11-10T00:23:06.6054622Z Removing target/debug/deps/librustix-9d1c1196c042be37.rmeta
2025-11-10T00:23:06.6055842Z Removing target/debug/deps/librusty_fork-408f526f41d594bd.rlib
2025-11-10T00:23:06.6057097Z Removing target/debug/deps/librusty_fork-408f526f41d594bd.rmeta
2025-11-10T00:23:06.6058616Z Removing target/debug/deps/libryu-1d74fbb8396b52fe.rmeta
2025-11-10T00:23:06.6059910Z Removing target/debug/deps/libryu-27d616b1525b0bd5.rlib
2025-11-10T00:23:06.6062915Z Removing target/debug/deps/libryu-27d616b1525b0bd5.rmeta
2025-11-10T00:23:06.6064090Z Removing target/debug/deps/libsame_file-885ba4335dbafcd5.rlib
2025-11-10T00:23:06.6065704Z Removing target/debug/deps/libsame_file-885ba4335dbafcd5.rmeta
2025-11-10T00:23:06.6066961Z Removing target/debug/deps/libsecp256k1-3552d18711f5218e.rlib
2025-11-10T00:23:06.6068621Z Removing target/debug/deps/libsecp256k1-3552d18711f5218e.rmeta
2025-11-10T00:23:06.6069893Z Removing target/debug/deps/libsecp256k1-a7db9034d9c45ea0.rmeta
2025-11-10T00:23:06.6071191Z Removing target/debug/deps/libsecp256k1_sys-18fc324a2f93c70b.rmeta
2025-11-10T00:23:06.6072516Z Removing target/debug/deps/libsecp256k1_sys-6cd32742aabed926.rlib
2025-11-10T00:23:06.6075428Z Removing target/debug/deps/libsecp256k1_sys-6cd32742aabed926.rmeta
2025-11-10T00:23:06.6076681Z Removing target/debug/deps/libserde-4eca9d9f7a929b57.rlib
2025-11-10T00:23:06.6077839Z Removing target/debug/deps/libserde-4eca9d9f7a929b57.rmeta
2025-11-10T00:23:06.6078995Z Removing target/debug/deps/libserde-a3217f5e798b0a0e.rmeta
2025-11-10T00:23:06.6080223Z Removing target/debug/deps/libserde_derive-e749fa70367a8df4.so
2025-11-10T00:23:06.6081640Z Removing target/debug/deps/libserde_derive-f7022334ed5675a3.so
2025-11-10T00:23:06.6082894Z Removing target/debug/deps/libserde_json-4b2f7e519a4c7e92.rmeta
2025-11-10T00:23:06.6084150Z Removing target/debug/deps/libserde_json-b75336d497f01a50.rlib
2025-11-10T00:23:06.6087694Z Removing target/debug/deps/libserde_json-b75336d497f01a50.rmeta
2025-11-10T00:23:06.6089050Z Removing target/debug/deps/libserde_urlencoded-36b5f7aa51dec2d6.rlib
2025-11-10T00:23:06.6090632Z Removing target/debug/deps/libserde_urlencoded-36b5f7aa51dec2d6.rmeta
2025-11-10T00:23:06.6091923Z Removing target/debug/deps/libsha2-a6f830be70788546.rmeta
2025-11-10T00:23:06.6093047Z Removing target/debug/deps/libsha2-f1ee2b7c028150d8.rlib
2025-11-10T00:23:06.6094150Z Removing target/debug/deps/libsha2-f1ee2b7c028150d8.rmeta
2025-11-10T00:23:06.6095467Z Removing target/debug/deps/libsha2_asm-5fc243991633aa35.rmeta
2025-11-10T00:23:06.6096655Z Removing target/debug/deps/libsha2_asm-db02cef9726600b0.rlib
2025-11-10T00:23:06.6098772Z Removing target/debug/deps/libsha2_asm-db02cef9726600b0.rmeta
2025-11-10T00:23:06.6099938Z Removing target/debug/deps/libshlex-83c7e0da01d13271.rlib
2025-11-10T00:23:06.6101591Z Removing target/debug/deps/libshlex-83c7e0da01d13271.rmeta
2025-11-10T00:23:06.6102753Z Removing target/debug/deps/libslab-3f53b5c5532ac7a8.rlib
2025-11-10T00:23:06.6103862Z Removing target/debug/deps/libslab-3f53b5c5532ac7a8.rmeta
2025-11-10T00:23:06.6107500Z Removing target/debug/deps/libsmallvec-8995de69024cacd0.rlib
2025-11-10T00:23:06.6108745Z Removing target/debug/deps/libsmallvec-8995de69024cacd0.rmeta
2025-11-10T00:23:06.6109945Z Removing target/debug/deps/libsocket2-af83260fbd731ddc.rlib
2025-11-10T00:23:06.6111420Z Removing target/debug/deps/libsocket2-af83260fbd731ddc.rmeta
2025-11-10T00:23:06.6112640Z Removing target/debug/deps/libsocket2-ce2370ef04b1c292.rlib
2025-11-10T00:23:06.6113836Z Removing target/debug/deps/libsocket2-ce2370ef04b1c292.rmeta
2025-11-10T00:23:06.6115142Z Removing target/debug/deps/libstable_deref_trait-3d6a1750f55786e6.rlib
2025-11-10T00:23:06.6116703Z Removing target/debug/deps/libstable_deref_trait-3d6a1750f55786e6.rmeta
2025-11-10T00:23:06.6117985Z Removing target/debug/deps/libsyn-34d04d1461fb490a.rlib
2025-11-10T00:23:06.6119072Z Removing target/debug/deps/libsyn-34d04d1461fb490a.rmeta
2025-11-10T00:23:06.6120177Z Removing target/debug/deps/libsyn-aca17214a42be380.rlib
2025-11-10T00:23:06.6121263Z Removing target/debug/deps/libsyn-aca17214a42be380.rmeta
2025-11-10T00:23:06.6368710Z Removing target/debug/deps/libsyn-db513f8ec2c70902.rlib
2025-11-10T00:23:06.6372780Z Removing target/debug/deps/libsyn-db513f8ec2c70902.rmeta
2025-11-10T00:23:06.6375471Z Removing target/debug/deps/libsync_wrapper-011d66a29022fa57.rlib
2025-11-10T00:23:06.6378432Z Removing target/debug/deps/libsync_wrapper-011d66a29022fa57.rmeta
2025-11-10T00:23:06.6380774Z Removing target/debug/deps/libsynstructure-5e32a687d3c1544f.rlib
2025-11-10T00:23:06.6383081Z Removing target/debug/deps/libsynstructure-5e32a687d3c1544f.rmeta
2025-11-10T00:23:06.6385395Z Removing target/debug/deps/libtempfile-9dd7ea7255645a6d.rlib
2025-11-10T00:23:06.6387525Z Removing target/debug/deps/libtempfile-9dd7ea7255645a6d.rmeta
2025-11-10T00:23:06.6391194Z Removing target/debug/deps/libthiserror-33d8d4720d5b26de.rlib
2025-11-10T00:23:06.6393308Z Removing target/debug/deps/libthiserror-33d8d4720d5b26de.rmeta
2025-11-10T00:23:06.6395678Z Removing target/debug/deps/libthiserror-7a6e0ed1eb395f20.rmeta
2025-11-10T00:23:06.6397880Z Removing target/debug/deps/libthiserror_impl-74aca0240a9ecf0d.so
2025-11-10T00:23:06.6400143Z Removing target/debug/deps/libthiserror_impl-ae242962b985a660.so
2025-11-10T00:23:06.6402778Z Removing target/debug/deps/libtinystr-d3b19922b34c6b5f.rlib
2025-11-10T00:23:06.6404964Z Removing target/debug/deps/libtinystr-d3b19922b34c6b5f.rmeta
2025-11-10T00:23:06.6407181Z Removing target/debug/deps/libtinytemplate-8f3fd706f9b14a51.rlib
2025-11-10T00:23:06.6409447Z Removing target/debug/deps/libtinytemplate-8f3fd706f9b14a51.rmeta
2025-11-10T00:23:06.6411525Z Removing target/debug/deps/libtokio-87840121dbcc34d6.rlib
2025-11-10T00:23:06.6413414Z Removing target/debug/deps/libtokio-87840121dbcc34d6.rmeta
2025-11-10T00:23:06.6415558Z Removing target/debug/deps/libtokio_macros-2752d99a3d96bedd.so
2025-11-10T00:23:06.6417635Z Removing target/debug/deps/libtokio_util-f8c6b36c18753d70.rlib
2025-11-10T00:23:06.6419782Z Removing target/debug/deps/libtokio_util-f8c6b36c18753d70.rmeta
2025-11-10T00:23:06.6423542Z Removing target/debug/deps/libtoml_datetime-93eba6e9ca7547bc.rlib
2025-11-10T00:23:06.6425985Z Removing target/debug/deps/libtoml_datetime-93eba6e9ca7547bc.rmeta
2025-11-10T00:23:06.6428461Z Removing target/debug/deps/libtoml_edit-769c1e6e8df88079.rlib
2025-11-10T00:23:06.6431315Z Removing target/debug/deps/libtoml_edit-769c1e6e8df88079.rmeta
2025-11-10T00:23:06.6433502Z Removing target/debug/deps/libtower_service-863bcdc79d53a78b.rlib
2025-11-10T00:23:06.6435931Z Removing target/debug/deps/libtower_service-863bcdc79d53a78b.rmeta
2025-11-10T00:23:06.6438065Z Removing target/debug/deps/libtracing-45bd8448a06fd778.rlib
2025-11-10T00:23:06.6440436Z Removing target/debug/deps/libtracing-45bd8448a06fd778.rmeta
2025-11-10T00:23:06.6442885Z Removing target/debug/deps/libtracing_core-efd5a647688ed0e7.rlib
2025-11-10T00:23:06.6445279Z Removing target/debug/deps/libtracing_core-efd5a647688ed0e7.rmeta
2025-11-10T00:23:06.6447409Z Removing target/debug/deps/libtry_lock-0a9dba077bc589b2.rlib
2025-11-10T00:23:06.6449496Z Removing target/debug/deps/libtry_lock-0a9dba077bc589b2.rmeta
2025-11-10T00:23:06.6451538Z Removing target/debug/deps/libtypenum-015e0db2d7fddc8a.rlib
2025-11-10T00:23:06.6453574Z Removing target/debug/deps/libtypenum-015e0db2d7fddc8a.rmeta
2025-11-10T00:23:06.6455889Z Removing target/debug/deps/libtypenum-95c161620aaca3ae.rmeta
2025-11-10T00:23:06.6458188Z Removing target/debug/deps/libunarray-a3a566f6e348ba30.rlib
2025-11-10T00:23:06.6460216Z Removing target/debug/deps/libunarray-a3a566f6e348ba30.rmeta
2025-11-10T00:23:06.6463548Z Removing target/debug/deps/libunicode_ident-796da7d7beff3c43.rlib
2025-11-10T00:23:06.6465976Z Removing target/debug/deps/libunicode_ident-796da7d7beff3c43.rmeta
2025-11-10T00:23:06.6468041Z Removing target/debug/deps/liburl-5c968cb4d8c3dd35.rlib
2025-11-10T00:23:06.6469887Z Removing target/debug/deps/liburl-5c968cb4d8c3dd35.rmeta
2025-11-10T00:23:06.6473616Z Removing target/debug/deps/libutf8_iter-25f6afe9a4463498.rlib
2025-11-10T00:23:06.6475853Z Removing target/debug/deps/libutf8_iter-25f6afe9a4463498.rmeta
2025-11-10T00:23:06.6478055Z Removing target/debug/deps/libversion_check-a216429c4cbdde93.rlib
2025-11-10T00:23:06.6480301Z Removing target/debug/deps/libversion_check-a216429c4cbdde93.rmeta
2025-11-10T00:23:06.6482490Z Removing target/debug/deps/libwait_timeout-4dae2813bb096b7d.rlib
2025-11-10T00:23:06.6485588Z Removing target/debug/deps/libwait_timeout-4dae2813bb096b7d.rmeta
2025-11-10T00:23:06.6487747Z Removing target/debug/deps/libwalkdir-61d89ec0cab3a80b.rlib
2025-11-10T00:23:06.6489757Z Removing target/debug/deps/libwalkdir-61d89ec0cab3a80b.rmeta
2025-11-10T00:23:06.6493217Z Removing target/debug/deps/libwant-ed71f0675c882a6c.rlib
2025-11-10T00:23:06.6495250Z Removing target/debug/deps/libwant-ed71f0675c882a6c.rmeta
2025-11-10T00:23:06.6497149Z Removing target/debug/deps/libwinnow-c3069a2d8d8dfc76.rlib
2025-11-10T00:23:06.6499084Z Removing target/debug/deps/libwinnow-c3069a2d8d8dfc76.rmeta
2025-11-10T00:23:06.6502906Z Removing target/debug/deps/libwriteable-3371d4204352a54a.rlib
2025-11-10T00:23:06.6505101Z Removing target/debug/deps/libwriteable-3371d4204352a54a.rmeta
2025-11-10T00:23:06.6507073Z Removing target/debug/deps/libyoke-8853c473f3035d81.rlib
2025-11-10T00:23:06.6508889Z Removing target/debug/deps/libyoke-8853c473f3035d81.rmeta
2025-11-10T00:23:06.6510674Z Removing target/debug/deps/libyoke_derive-06b29befb72e1620.so
2025-11-10T00:23:06.6514003Z Removing target/debug/deps/libzerocopy-b498f825c400ed66.rlib
2025-11-10T00:23:06.6516303Z Removing target/debug/deps/libzerocopy-b498f825c400ed66.rmeta
2025-11-10T00:23:06.6518518Z Removing target/debug/deps/libzerocopy_derive-9d99d41eb05d0a6d.so
2025-11-10T00:23:06.6522354Z Removing target/debug/deps/libzerofrom-1bfef26325f52b1d.rlib
2025-11-10T00:23:06.6524608Z Removing target/debug/deps/libzerofrom-1bfef26325f52b1d.rmeta
2025-11-10T00:23:06.6527256Z Removing target/debug/deps/libzerofrom_derive-f24f75456298c6e7.so
2025-11-10T00:23:06.6642600Z Removing target/debug/deps/libzerotrie-51758b64cb4153fc.rlib
2025-11-10T00:23:06.6645296Z Removing target/debug/deps/libzerotrie-51758b64cb4153fc.rmeta
2025-11-10T00:23:06.6647143Z Removing target/debug/deps/libzerovec-7d5972dc6f34f025.rlib
2025-11-10T00:23:06.6648775Z Removing target/debug/deps/libzerovec-7d5972dc6f34f025.rmeta
2025-11-10T00:23:06.6650420Z Removing target/debug/deps/libzerovec_derive-de60b80a4650ecc3.so
2025-11-10T00:23:06.6652057Z Removing target/debug/deps/linux_raw_sys-bb87369efe12a535.d
2025-11-10T00:23:06.6653507Z Removing target/debug/deps/litemap-25eb7b5ae4df2615.d
2025-11-10T00:23:06.6655104Z Removing target/debug/deps/log-7936ee94095ef39c.d
2025-11-10T00:23:06.6656487Z Removing target/debug/deps/mainnet_blocks-07951ce7bc79a354
2025-11-10T00:23:06.6658534Z Removing target/debug/deps/mainnet_blocks-07951ce7bc79a354.d
2025-11-10T00:23:06.6659686Z Removing target/debug/deps/memchr-5d4e0d6bc9bda00f.d
2025-11-10T00:23:06.6660855Z Removing target/debug/deps/mempool_helper_tests-71a2478a1f4b1c7f
2025-11-10T00:23:06.6662180Z Removing target/debug/deps/mempool_helper_tests-71a2478a1f4b1c7f.d
2025-11-10T00:23:06.6663519Z Removing target/debug/deps/mempool_rbf_edge_cases-bbd73f236cf56ff5
2025-11-10T00:23:06.6665046Z Removing target/debug/deps/mempool_rbf_edge_cases-bbd73f236cf56ff5.d
2025-11-10T00:23:06.6666222Z Removing target/debug/deps/mime-10033b098b888fed.d
2025-11-10T00:23:06.6667421Z Removing target/debug/deps/miniz_oxide-d9ad3627380b17c2.d
2025-11-10T00:23:06.6668540Z Removing target/debug/deps/mio-de964bf95b3057fb.d
2025-11-10T00:23:06.6669584Z Removing target/debug/deps/network_tests-fa3407339f6cc364
2025-11-10T00:23:06.6670716Z Removing target/debug/deps/network_tests-fa3407339f6cc364.d
2025-11-10T00:23:06.6673710Z Removing target/debug/deps/num_traits-b506934bb740cbf6.d
2025-11-10T00:23:06.6674913Z Removing target/debug/deps/object-5829cb2233c0b513.d
2025-11-10T00:23:06.6675969Z Removing target/debug/deps/once_cell-140027e2059e248c.d
2025-11-10T00:23:06.6677011Z Removing target/debug/deps/oorandom-2c0384e18d716be6.d
2025-11-10T00:23:06.6678154Z Removing target/debug/deps/p2sh_redeem_script-82b943b84f771867
2025-11-10T00:23:06.6679424Z Removing target/debug/deps/p2sh_redeem_script-82b943b84f771867.d
2025-11-10T00:23:06.6682360Z Removing target/debug/deps/percent_encoding-d4c02626543d40b3.d
2025-11-10T00:23:06.6683601Z Removing target/debug/deps/pin_project_lite-8304a63f5944e937.d
2025-11-10T00:23:06.6685052Z Removing target/debug/deps/pin_utils-4afe9bfe4113f5ad.d
2025-11-10T00:23:06.6686161Z Removing target/debug/deps/plotters-bae18d6894739156.d
2025-11-10T00:23:06.6687324Z Removing target/debug/deps/plotters_backend-6c59dc1580532443.d
2025-11-10T00:23:06.6688509Z Removing target/debug/deps/plotters_svg-1e338b432e7f1ba6.d
2025-11-10T00:23:06.6689852Z Removing target/debug/deps/potential_utf-594a8beb8964bbdf.d
2025-11-10T00:23:06.6691018Z Removing target/debug/deps/ppv_lite86-f31b72c16d3ab29d.d
2025-11-10T00:23:06.6692112Z Removing target/debug/deps/pretty_hex-3b643e86f56f4855.d
2025-11-10T00:23:06.6693234Z Removing target/debug/deps/proc_macro2-013e91bf61085fba.d
2025-11-10T00:23:06.6694716Z Removing target/debug/deps/proc_macro_crate-288ba2d6f9cde8b2.d
2025-11-10T00:23:06.6695965Z Removing target/debug/deps/proptest-fe5de64ab58eee66.d
2025-11-10T00:23:06.6697092Z Removing target/debug/deps/quick_error-5431cbc53e6855e5.d
2025-11-10T00:23:06.6698273Z Removing target/debug/deps/quote-1fd57a8d49f3e414.d
2025-11-10T00:23:06.6699275Z Removing target/debug/deps/rand-fc4e73356887d916.d
2025-11-10T00:23:06.6700322Z Removing target/debug/deps/rand_chacha-e20e83dc90b265db.d
2025-11-10T00:23:06.6702877Z Removing target/debug/deps/rand_core-c368d6b1d0f2f67a.d
2025-11-10T00:23:06.6704005Z Removing target/debug/deps/rand_xorshift-30dbcff9e0cf9f0e.d
2025-11-10T00:23:06.6705314Z Removing target/debug/deps/rand_xoshiro-fb20a66967968e23.d
2025-11-10T00:23:06.6706385Z Removing target/debug/deps/rayon-fcfccdaccb2c1c8f.d
2025-11-10T00:23:06.6707428Z Removing target/debug/deps/rayon_core-8233f837b2b82aa9.d
2025-11-10T00:23:06.6708448Z Removing target/debug/deps/regex-7316801095448dcb.d
2025-11-10T00:23:06.6709510Z Removing target/debug/deps/regex_automata-560db73d82089022.d
2025-11-10T00:23:06.6710661Z Removing target/debug/deps/regex_syntax-fe8a530891fa5af3.d
2025-11-10T00:23:06.6713662Z Removing target/debug/deps/reqwest-f1349d583e399c32.d
2025-11-10T00:23:06.6714790Z Removing target/debug/deps/ripemd-c4385cbf09230132.d
2025-11-10T00:23:06.6715794Z Removing target/debug/deps/ripemd-f61d2a11e38c01dd.d
2025-11-10T00:23:06.6716868Z Removing target/debug/deps/rustc_demangle-8dab3eb1c1115427.d
2025-11-10T00:23:06.6717953Z Removing target/debug/deps/rustix-9d1c1196c042be37.d
2025-11-10T00:23:06.6718986Z Removing target/debug/deps/rusty_fork-408f526f41d594bd.d
2025-11-10T00:23:06.6720207Z Removing target/debug/deps/ryu-1d74fbb8396b52fe.d
2025-11-10T00:23:06.6722892Z Removing target/debug/deps/ryu-27d616b1525b0bd5.d
2025-11-10T00:23:06.6723888Z Removing target/debug/deps/same_file-885ba4335dbafcd5.d
2025-11-10T00:23:06.6725442Z Removing target/debug/deps/script_opcode_tests-1c0c0f1d9f294905
2025-11-10T00:23:06.6726746Z Removing target/debug/deps/script_opcode_tests-1c0c0f1d9f294905.d
2025-11-10T00:23:06.6728109Z Removing target/debug/deps/script_opcodes_exhaustive-107189dc35077b3a
2025-11-10T00:23:06.6729546Z Removing target/debug/deps/script_opcodes_exhaustive-107189dc35077b3a.d
2025-11-10T00:23:06.6732560Z Removing target/debug/deps/secp256k1-3552d18711f5218e.d
2025-11-10T00:23:06.6733618Z Removing target/debug/deps/secp256k1-a7db9034d9c45ea0.d
2025-11-10T00:23:06.6734988Z Removing target/debug/deps/secp256k1_sys-18fc324a2f93c70b.d
2025-11-10T00:23:06.6736155Z Removing target/debug/deps/secp256k1_sys-6cd32742aabed926.d
2025-11-10T00:23:06.6737231Z Removing target/debug/deps/serde-4eca9d9f7a929b57.d
2025-11-10T00:23:06.6738303Z Removing target/debug/deps/serde-a3217f5e798b0a0e.d
2025-11-10T00:23:06.6739357Z Removing target/debug/deps/serde_derive-e749fa70367a8df4.d
2025-11-10T00:23:06.7027504Z Removing target/debug/deps/serde_derive-f7022334ed5675a3.d
2025-11-10T00:23:06.7029799Z Removing target/debug/deps/serde_json-4b2f7e519a4c7e92.d
2025-11-10T00:23:06.7031659Z Removing target/debug/deps/serde_json-b75336d497f01a50.d
2025-11-10T00:23:06.7033076Z Removing target/debug/deps/serde_urlencoded-36b5f7aa51dec2d6.d
2025-11-10T00:23:06.7036270Z Removing target/debug/deps/sha2-a6f830be70788546.d
2025-11-10T00:23:06.7037682Z Removing target/debug/deps/sha2-f1ee2b7c028150d8.d
2025-11-10T00:23:06.7038885Z Removing target/debug/deps/sha2_asm-5fc243991633aa35.d
2025-11-10T00:23:06.7040115Z Removing target/debug/deps/sha2_asm-db02cef9726600b0.d
2025-11-10T00:23:06.7041165Z Removing target/debug/deps/shlex-83c7e0da01d13271.d
2025-11-10T00:23:06.7042827Z Removing target/debug/deps/signature_validation_edge_cases-0e38563dd38e912b
2025-11-10T00:23:06.7044989Z Removing target/debug/deps/signature_validation_edge_cases-0e38563dd38e912b.d
2025-11-10T00:23:06.7046368Z Removing target/debug/deps/slab-3f53b5c5532ac7a8.d
2025-11-10T00:23:06.7047962Z Removing target/debug/deps/smallvec-8995de69024cacd0.d
2025-11-10T00:23:06.7048997Z Removing target/debug/deps/socket2-af83260fbd731ddc.d
2025-11-10T00:23:06.7050308Z Removing target/debug/deps/socket2-ce2370ef04b1c292.d
2025-11-10T00:23:06.7052457Z Removing target/debug/deps/soft_fork_activation-93ee1310d6f594ae
2025-11-10T00:23:06.7055268Z Removing target/debug/deps/soft_fork_activation-93ee1310d6f594ae.d
2025-11-10T00:23:06.7057685Z Removing target/debug/deps/stable_deref_trait-3d6a1750f55786e6.d
2025-11-10T00:23:06.7059536Z Removing target/debug/deps/syn-34d04d1461fb490a.d
2025-11-10T00:23:06.7061164Z Removing target/debug/deps/syn-aca17214a42be380.d
2025-11-10T00:23:06.7062166Z Removing target/debug/deps/syn-db513f8ec2c70902.d
2025-11-10T00:23:06.7063226Z Removing target/debug/deps/sync_wrapper-011d66a29022fa57.d
2025-11-10T00:23:06.7064640Z Removing target/debug/deps/synstructure-5e32a687d3c1544f.d
2025-11-10T00:23:06.7066177Z Removing target/debug/deps/taproot_script_path-0d8f15dd1080fc85
2025-11-10T00:23:06.7067483Z Removing target/debug/deps/taproot_script_path-0d8f15dd1080fc85.d
2025-11-10T00:23:06.7068674Z Removing target/debug/deps/tempfile-9dd7ea7255645a6d.d
2025-11-10T00:23:06.7070183Z Removing target/debug/deps/test_helpers-d050a87a4e5aea67
2025-11-10T00:23:06.7072188Z Removing target/debug/deps/test_helpers-d050a87a4e5aea67.d
2025-11-10T00:23:06.7074064Z Removing target/debug/deps/thiserror-33d8d4720d5b26de.d
2025-11-10T00:23:06.7075622Z Removing target/debug/deps/thiserror-7a6e0ed1eb395f20.d
2025-11-10T00:23:06.7076789Z Removing target/debug/deps/thiserror_impl-74aca0240a9ecf0d.d
2025-11-10T00:23:06.7077982Z Removing target/debug/deps/thiserror_impl-ae242962b985a660.d
2025-11-10T00:23:06.7079210Z Removing target/debug/deps/time_based_consensus-f79a795aa50c0de6
2025-11-10T00:23:06.7080755Z Removing target/debug/deps/time_based_consensus-f79a795aa50c0de6.d
2025-11-10T00:23:06.7083245Z Removing target/debug/deps/tinystr-d3b19922b34c6b5f.d
2025-11-10T00:23:06.7084585Z Removing target/debug/deps/tinytemplate-8f3fd706f9b14a51.d
2025-11-10T00:23:06.7085750Z Removing target/debug/deps/tokio-87840121dbcc34d6.d
2025-11-10T00:23:06.7086807Z Removing target/debug/deps/tokio_macros-2752d99a3d96bedd.d
2025-11-10T00:23:06.7087923Z Removing target/debug/deps/tokio_util-f8c6b36c18753d70.d
2025-11-10T00:23:06.7089258Z Removing target/debug/deps/toml_datetime-93eba6e9ca7547bc.d
2025-11-10T00:23:06.7090401Z Removing target/debug/deps/toml_edit-769c1e6e8df88079.d
2025-11-10T00:23:06.7091516Z Removing target/debug/deps/tower_service-863bcdc79d53a78b.d
2025-11-10T00:23:06.7092611Z Removing target/debug/deps/tracing-45bd8448a06fd778.d
2025-11-10T00:23:06.7095815Z Removing target/debug/deps/tracing_core-efd5a647688ed0e7.d
2025-11-10T00:23:06.7097048Z Removing target/debug/deps/try_lock-0a9dba077bc589b2.d
2025-11-10T00:23:06.7098105Z Removing target/debug/deps/typenum-015e0db2d7fddc8a.d
2025-11-10T00:23:06.7099142Z Removing target/debug/deps/typenum-95c161620aaca3ae.d
2025-11-10T00:23:06.7100253Z Removing target/debug/deps/unarray-a3a566f6e348ba30.d
2025-11-10T00:23:06.7101345Z Removing target/debug/deps/unicode_ident-796da7d7beff3c43.d
2025-11-10T00:23:06.7102400Z Removing target/debug/deps/url-5c968cb4d8c3dd35.d
2025-11-10T00:23:06.7103403Z Removing target/debug/deps/utf8_iter-25f6afe9a4463498.d
2025-11-10T00:23:06.7104786Z Removing target/debug/deps/version_check-a216429c4cbdde93.d
2025-11-10T00:23:06.7106172Z Removing target/debug/deps/wait_timeout-4dae2813bb096b7d.d
2025-11-10T00:23:06.7107298Z Removing target/debug/deps/walkdir-61d89ec0cab3a80b.d
2025-11-10T00:23:06.7108293Z Removing target/debug/deps/want-ed71f0675c882a6c.d
2025-11-10T00:23:06.7109270Z Removing target/debug/deps/winnow-c3069a2d8d8dfc76.d
2025-11-10T00:23:06.7110393Z Removing target/debug/deps/witness_commitment-b946a86fc6ffc686
2025-11-10T00:23:06.7113242Z Removing target/debug/deps/witness_commitment-b946a86fc6ffc686.d
2025-11-10T00:23:06.7114881Z Removing target/debug/deps/witness_stack_size-4cf6a1b9d2623d6b
2025-11-10T00:23:06.7116161Z Removing target/debug/deps/witness_stack_size-4cf6a1b9d2623d6b.d
2025-11-10T00:23:06.7117987Z Removing target/debug/deps/writeable-3371d4204352a54a.d
2025-11-10T00:23:06.7119042Z Removing target/debug/deps/yoke-8853c473f3035d81.d
2025-11-10T00:23:06.7120093Z Removing target/debug/deps/yoke_derive-06b29befb72e1620.d
2025-11-10T00:23:06.7123112Z Removing target/debug/deps/zerocopy-b498f825c400ed66.d
2025-11-10T00:23:06.7124619Z Removing target/debug/deps/zerocopy_derive-9d99d41eb05d0a6d.d
2025-11-10T00:23:06.7126043Z Removing target/debug/deps/zerofrom-1bfef26325f52b1d.d
2025-11-10T00:23:06.7127169Z Removing target/debug/deps/zerofrom_derive-f24f75456298c6e7.d
2025-11-10T00:23:06.7128451Z Removing target/debug/deps/zerotrie-51758b64cb4153fc.d
2025-11-10T00:23:06.7129488Z Removing target/debug/deps/zerovec-7d5972dc6f34f025.d
2025-11-10T00:23:06.7130596Z Removing target/debug/deps/zerovec_derive-de60b80a4650ecc3.d
2025-11-10T00:23:06.7131780Z Removing target/debug/examples/
2025-11-10T00:23:06.7132548Z Removing target/debug/incremental/
2025-11-10T00:23:06.7133319Z Removing target/doc/
2025-11-10T00:23:06.7133900Z Removing target/tmp/
2025-11-10T00:23:06.7139468Z [command]/usr/bin/git reset --hard HEAD
2025-11-10T00:23:06.7986603Z HEAD is now at 8117c9d fix: Resolve Clippy and Rustfmt errors
2025-11-10T00:23:06.8012602Z ##[endgroup]
2025-11-10T00:23:06.8016005Z ##[group]Disabling automatic garbage collection
2025-11-10T00:23:06.8020183Z [command]/usr/bin/git config --local gc.auto 0
2025-11-10T00:23:06.8059174Z ##[endgroup]
2025-11-10T00:23:06.8060872Z ##[group]Setting up auth
2025-11-10T00:23:06.8081421Z [command]/usr/bin/git config --local --name-only --get-regexp core\.sshCommand
2025-11-10T00:23:06.8110466Z [command]/usr/bin/git submodule foreach --recursive sh -c "git config --local --name-only --get-regexp 'core\.sshCommand' && git config --local --unset-all 'core.sshCommand' || :"
2025-11-10T00:23:06.8408806Z [command]/usr/bin/git config --local --name-only --get-regexp http\.https\:\/\/github\.com\/\.extraheader
2025-11-10T00:23:06.8452993Z [command]/usr/bin/git submodule foreach --recursive sh -c "git config --local --name-only --get-regexp 'http\.https\:\/\/github\.com\/\.extraheader' && git config --local --unset-all 'http.https://github.com/.extraheader' || :"
2025-11-10T00:23:06.8747528Z [command]/usr/bin/git config --local http.https://github.com/.extraheader AUTHORIZATION: basic ***
2025-11-10T00:23:06.8796503Z ##[endgroup]
2025-11-10T00:23:06.8797769Z ##[group]Fetching the repository
2025-11-10T00:23:06.8810835Z [command]/usr/bin/git -c protocol.version=2 fetch --no-tags --prune --no-recurse-submodules --depth=1 origin +8117c9d24fda06c4c3e65467c5c4ca10025375da:refs/remotes/origin/main
2025-11-10T00:23:07.1006995Z ##[endgroup]
2025-11-10T00:23:07.1009526Z ##[group]Determining the checkout info
2025-11-10T00:23:07.1013188Z ##[endgroup]
2025-11-10T00:23:07.1017674Z [command]/usr/bin/git sparse-checkout disable
2025-11-10T00:23:07.1600608Z [command]/usr/bin/git config --local --unset-all extensions.worktreeConfig
2025-11-10T00:23:07.1636738Z ##[group]Checking out the ref
2025-11-10T00:23:07.1640344Z [command]/usr/bin/git checkout --progress --force -B main refs/remotes/origin/main
2025-11-10T00:23:07.1716027Z Switched to a new branch 'main'
2025-11-10T00:23:07.1717419Z branch 'main' set up to track 'origin/main'.
2025-11-10T00:23:07.1723774Z ##[endgroup]
2025-11-10T00:23:07.1775194Z [command]/usr/bin/git log -1 --format=%H
2025-11-10T00:23:07.1807087Z 8117c9d24fda06c4c3e65467c5c4ca10025375da
2025-11-10T00:23:07.2279380Z ##[group]Run dtolnay/rust-toolchain@master
2025-11-10T00:23:07.2280557Z with:
2025-11-10T00:23:07.2281427Z   toolchain: 1.88.0
2025-11-10T00:23:07.2282289Z env:
2025-11-10T00:23:07.2283090Z   CARGO_TERM_COLOR: always
2025-11-10T00:23:07.2284026Z ##[endgroup]
2025-11-10T00:23:07.2456622Z ##[group]Run : parse toolchain version
2025-11-10T00:23:07.2458014Z [36;1m: parse toolchain version[0m
2025-11-10T00:23:07.2459069Z [36;1mif [[ -z $toolchain ]]; then[0m
2025-11-10T00:23:07.2461269Z [36;1m  # GitHub does not enforce `required: true` inputs itself. https://github.com/actions/runner/issues/1070[0m
2025-11-10T00:23:07.2463175Z [36;1m  echo "'toolchain' is a required input" >&2[0m
2025-11-10T00:23:07.2464442Z [36;1m  exit 1[0m
2025-11-10T00:23:07.2465639Z [36;1melif [[ $toolchain =~ ^stable' '[0-9]+' '(year|month|week|day)s?' 'ago$ ]]; then[0m
2025-11-10T00:23:07.2467148Z [36;1m  if [[ Linux == macOS ]]; then[0m
2025-11-10T00:23:07.2468999Z [36;1m    echo "toolchain=1.$((($(date -v-$(sed 's/stable \([0-9]*\) \(.\).*/\1\2/' <<< $toolchain) +%s)/60/60/24-16569)/7/6))" >> $GITHUB_OUTPUT[0m
2025-11-10T00:23:07.2472411Z [36;1m  else[0m
2025-11-10T00:23:07.2473825Z [36;1m    echo "toolchain=1.$((($(date --date "${toolchain#stable }" +%s)/60/60/24-16569)/7/6))" >> $GITHUB_OUTPUT[0m
2025-11-10T00:23:07.2475590Z [36;1m  fi[0m
2025-11-10T00:23:07.2476698Z [36;1melif [[ $toolchain =~ ^stable' 'minus' '[0-9]+' 'releases?$ ]]; then[0m
2025-11-10T00:23:07.2478555Z [36;1m  echo "toolchain=1.$((($(date +%s)/60/60/24-16569)/7/6-${toolchain//[^0-9]/}))" >> $GITHUB_OUTPUT[0m
2025-11-10T00:23:07.2480731Z [36;1melif [[ $toolchain =~ ^1\.[0-9]+$ ]]; then[0m
2025-11-10T00:23:07.2483849Z [36;1m  echo "toolchain=1.$((i=${toolchain#1.}, c=($(date +%s)/60/60/24-16569)/7/6, i+9*i*(10*i<=c)+90*i*(100*i<=c)))" >> $GITHUB_OUTPUT[0m
2025-11-10T00:23:07.2485715Z [36;1melse[0m
2025-11-10T00:23:07.2486653Z [36;1m  echo "toolchain=$toolchain" >> $GITHUB_OUTPUT[0m
2025-11-10T00:23:07.2487805Z [36;1mfi[0m
2025-11-10T00:23:07.2523213Z shell: /usr/bin/bash --noprofile --norc -e -o pipefail {0}
2025-11-10T00:23:07.2524573Z env:
2025-11-10T00:23:07.2525318Z   CARGO_TERM_COLOR: always
2025-11-10T00:23:07.2526195Z   toolchain: 1.88.0
2025-11-10T00:23:07.2526988Z ##[endgroup]
2025-11-10T00:23:07.2714749Z ##[group]Run : construct rustup command line
2025-11-10T00:23:07.2715945Z [36;1m: construct rustup command line[0m
2025-11-10T00:23:07.2717509Z [36;1mecho "targets=$(for t in ${targets//,/ }; do echo -n ' --target' $t; done)" >> $GITHUB_OUTPUT[0m
2025-11-10T00:23:07.2719716Z [36;1mecho "components=$(for c in ${components//,/ }; do echo -n ' --component' $c; done)" >> $GITHUB_OUTPUT[0m
2025-11-10T00:23:07.2721442Z [36;1mecho "downgrade=" >> $GITHUB_OUTPUT[0m
2025-11-10T00:23:07.2755398Z shell: /usr/bin/bash --noprofile --norc -e -o pipefail {0}
2025-11-10T00:23:07.2756633Z env:
2025-11-10T00:23:07.2757382Z   CARGO_TERM_COLOR: always
2025-11-10T00:23:07.2758503Z   targets: 
2025-11-10T00:23:07.2759934Z   components: 
2025-11-10T00:23:07.2762601Z ##[endgroup]
2025-11-10T00:23:07.2896616Z ##[group]Run : set $CARGO_HOME
2025-11-10T00:23:07.2897581Z [36;1m: set $CARGO_HOME[0m
2025-11-10T00:23:07.2898764Z [36;1mecho CARGO_HOME=${CARGO_HOME:-"$HOME/.cargo"} >> $GITHUB_ENV[0m
2025-11-10T00:23:07.2936161Z shell: /usr/bin/bash --noprofile --norc -e -o pipefail {0}
2025-11-10T00:23:07.2937373Z env:
2025-11-10T00:23:07.2938141Z   CARGO_TERM_COLOR: always
2025-11-10T00:23:07.2939016Z ##[endgroup]
2025-11-10T00:23:07.3143053Z ##[group]Run : install rustup if needed
2025-11-10T00:23:07.3144178Z [36;1m: install rustup if needed[0m
2025-11-10T00:23:07.3145558Z [36;1mif ! command -v rustup &>/dev/null; then[0m
2025-11-10T00:23:07.3148329Z [36;1m  curl --proto '=https' --tlsv1.2 --retry 10 --retry-connrefused --location --silent --show-error --fail https://sh.rustup.rs | sh -s -- --default-toolchain none -y[0m
2025-11-10T00:23:07.3150887Z [36;1m  echo "$CARGO_HOME/bin" >> $GITHUB_PATH[0m
2025-11-10T00:23:07.3152239Z [36;1mfi[0m
2025-11-10T00:23:07.3188598Z shell: /usr/bin/bash --noprofile --norc -e -o pipefail {0}
2025-11-10T00:23:07.3189822Z env:
2025-11-10T00:23:07.3192380Z   CARGO_TERM_COLOR: always
2025-11-10T00:23:07.3193335Z   CARGO_HOME: /home/jswift/.cargo
2025-11-10T00:23:07.3195007Z ##[endgroup]
2025-11-10T00:23:07.4326511Z info: downloading installer
2025-11-10T00:23:07.6657258Z warn: It looks like you have an existing rustup settings file at:
2025-11-10T00:23:07.6659380Z warn: /home/jswift/.rustup/settings.toml
2025-11-10T00:23:07.6661344Z warn: Rustup will install the default toolchain as specified in the settings file,
2025-11-10T00:23:07.6665477Z warn: instead of the one inferred from the default host triple.
2025-11-10T00:23:07.6950146Z info: profile set to 'default'
2025-11-10T00:23:07.6951171Z 
2025-11-10T00:23:07.6951184Z 
2025-11-10T00:23:07.6951652Z Rust is installed now. Great!
2025-11-10T00:23:07.6952371Z 
2025-11-10T00:23:07.6953041Z To get started you may need to restart your current shell.
2025-11-10T00:23:07.6955147Z This would reload your PATH environment variable to include
2025-11-10T00:23:07.6956711Z Cargo's bin directory ($HOME/.cargo/bin).
2025-11-10T00:23:07.6957785Z 
2025-11-10T00:23:07.6958341Z To configure your current shell, you need to source
2025-11-10T00:23:07.6959703Z the corresponding env file under $HOME/.cargo.
2025-11-10T00:23:07.6961155Z info: default host triple is x86_64-unknown-linux-gnu
2025-11-10T00:23:07.6962463Z info: skipping toolchain installation
2025-11-10T00:23:07.6963196Z 
2025-11-10T00:23:07.6963963Z This is usually done by running one of the following (note the leading DOT):
2025-11-10T00:23:07.6965927Z . "$HOME/.cargo/env"            # For sh/bash/zsh/ash/dash/pdksh
2025-11-10T00:23:07.6967292Z source "$HOME/.cargo/env.fish"  # For fish
2025-11-10T00:23:07.6968508Z source $"($nu.home-path)/.cargo/env.nu"  # For nushell
2025-11-10T00:23:07.7106441Z ##[group]Run rustup toolchain install 1.88.0 --profile minimal --no-self-update
2025-11-10T00:23:07.7108319Z [36;1mrustup toolchain install 1.88.0 --profile minimal --no-self-update[0m
2025-11-10T00:23:07.7144668Z shell: /usr/bin/bash --noprofile --norc -e -o pipefail {0}
2025-11-10T00:23:07.7145955Z env:
2025-11-10T00:23:07.7146700Z   CARGO_TERM_COLOR: always
2025-11-10T00:23:07.7147627Z   CARGO_HOME: /home/jswift/.cargo
2025-11-10T00:23:07.7148802Z ##[endgroup]
2025-11-10T00:23:07.8028828Z info: syncing channel updates for '1.88.0-x86_64-unknown-linux-gnu'
2025-11-10T00:23:07.8213448Z 
2025-11-10T00:23:07.8342729Z   1.88.0-x86_64-unknown-linux-gnu unchanged - rustc 1.88.0 (6b00bc388 2025-06-23)
2025-11-10T00:23:07.8344568Z 
2025-11-10T00:23:07.8427506Z ##[group]Run rustup default 1.88.0
2025-11-10T00:23:07.8428525Z [36;1mrustup default 1.88.0[0m
2025-11-10T00:23:07.8463384Z shell: /usr/bin/bash --noprofile --norc -e -o pipefail {0}
2025-11-10T00:23:07.8464796Z env:
2025-11-10T00:23:07.8465558Z   CARGO_TERM_COLOR: always
2025-11-10T00:23:07.8466480Z   CARGO_HOME: /home/jswift/.cargo
2025-11-10T00:23:07.8467439Z ##[endgroup]
2025-11-10T00:23:07.8601255Z info: using existing install for '1.88.0-x86_64-unknown-linux-gnu'
2025-11-10T00:23:07.9013712Z info: default toolchain set to '1.88.0-x86_64-unknown-linux-gnu'
2025-11-10T00:23:07.9015829Z 
2025-11-10T00:23:07.9146433Z   1.88.0-x86_64-unknown-linux-gnu unchanged - rustc 1.88.0 (6b00bc388 2025-06-23)
2025-11-10T00:23:07.9148826Z 
2025-11-10T00:23:07.9152963Z info: note that the toolchain '1.88.0-x86_64-unknown-linux-gnu' is currently in use (overridden by '/home/jswift/actions-runner-org2/_work/bllvm-consensus/bllvm-consensus/rust-toolchain.toml')
2025-11-10T00:23:07.9240935Z ##[group]Run : create cachekey
2025-11-10T00:23:07.9241887Z [36;1m: create cachekey[0m
2025-11-10T00:23:07.9243502Z [36;1mDATE=$(rustc +1.88.0 --version --verbose | sed -ne 's/^commit-date: \(20[0-9][0-9]\)-\([01][0-9]\)-\([0-3][0-9]\)$/\1\2\3/p')[0m
2025-11-10T00:23:07.9245958Z [36;1mHASH=$(rustc +1.88.0 --version --verbose | sed -ne 's/^commit-hash: //p')[0m
2025-11-10T00:23:07.9247853Z [36;1mecho "cachekey=$(echo $DATE$HASH | head -c12)" >> $GITHUB_OUTPUT[0m
2025-11-10T00:23:07.9288022Z shell: /usr/bin/bash --noprofile --norc -e -o pipefail {0}
2025-11-10T00:23:07.9289178Z env:
2025-11-10T00:23:07.9289919Z   CARGO_TERM_COLOR: always
2025-11-10T00:23:07.9290812Z   CARGO_HOME: /home/jswift/.cargo
2025-11-10T00:23:07.9291751Z ##[endgroup]
2025-11-10T00:23:07.9880736Z ##[group]Run : disable incremental compilation
2025-11-10T00:23:07.9881913Z [36;1m: disable incremental compilation[0m
2025-11-10T00:23:07.9883032Z [36;1mif [ -z "${CARGO_INCREMENTAL+set}" ]; then[0m
2025-11-10T00:23:07.9884190Z [36;1m  echo CARGO_INCREMENTAL=0 >> $GITHUB_ENV[0m
2025-11-10T00:23:07.9885669Z [36;1mfi[0m
2025-11-10T00:23:07.9920672Z shell: /usr/bin/bash --noprofile --norc -e -o pipefail {0}
2025-11-10T00:23:07.9921992Z env:
2025-11-10T00:23:07.9922720Z   CARGO_TERM_COLOR: always
2025-11-10T00:23:07.9923630Z   CARGO_HOME: /home/jswift/.cargo
2025-11-10T00:23:07.9926627Z ##[endgroup]
2025-11-10T00:23:08.0051782Z ##[group]Run : enable colors in Cargo output
2025-11-10T00:23:08.0052959Z [36;1m: enable colors in Cargo output[0m
2025-11-10T00:23:08.0054114Z [36;1mif [ -z "${CARGO_TERM_COLOR+set}" ]; then[0m
2025-11-10T00:23:08.0055625Z [36;1m  echo CARGO_TERM_COLOR=always >> $GITHUB_ENV[0m
2025-11-10T00:23:08.0056693Z [36;1mfi[0m
2025-11-10T00:23:08.0087501Z shell: /usr/bin/bash --noprofile --norc -e -o pipefail {0}
2025-11-10T00:23:08.0090519Z env:
2025-11-10T00:23:08.0091256Z   CARGO_TERM_COLOR: always
2025-11-10T00:23:08.0092172Z   CARGO_HOME: /home/jswift/.cargo
2025-11-10T00:23:08.0093354Z   CARGO_INCREMENTAL: 0
2025-11-10T00:23:08.0094651Z ##[endgroup]
2025-11-10T00:23:08.0266044Z ##[group]Run : enable Cargo sparse registry
2025-11-10T00:23:08.0267165Z [36;1m: enable Cargo sparse registry[0m
2025-11-10T00:23:08.0268450Z [36;1m# implemented in 1.66, stabilized in 1.68, made default in 1.70[0m
2025-11-10T00:23:08.0271049Z [36;1mif [ -z "${CARGO_REGISTRIES_CRATES_IO_PROTOCOL+set}" -o -f "/home/jswift/actions-runner-org2/_work/_temp"/.implicit_cargo_registries_crates_io_protocol ]; then[0m
2025-11-10T00:23:08.0275328Z [36;1m  if rustc +1.88.0 --version --verbose | grep -q '^release: 1\.6[89]\.'; then[0m
2025-11-10T00:23:08.0277487Z [36;1m    touch "/home/jswift/actions-runner-org2/_work/_temp"/.implicit_cargo_registries_crates_io_protocol || true[0m
2025-11-10T00:23:08.0279835Z [36;1m    echo CARGO_REGISTRIES_CRATES_IO_PROTOCOL=sparse >> $GITHUB_ENV[0m
2025-11-10T00:23:08.0281496Z [36;1m  elif rustc +1.88.0 --version --verbose | grep -q '^release: 1\.6[67]\.'; then[0m
2025-11-10T00:23:08.0285033Z [36;1m    touch "/home/jswift/actions-runner-org2/_work/_temp"/.implicit_cargo_registries_crates_io_protocol || true[0m
2025-11-10T00:23:08.0287119Z [36;1m    echo CARGO_REGISTRIES_CRATES_IO_PROTOCOL=git >> $GITHUB_ENV[0m
2025-11-10T00:23:08.0288359Z [36;1m  fi[0m
2025-11-10T00:23:08.0289067Z [36;1mfi[0m
2025-11-10T00:23:08.0326761Z shell: /usr/bin/bash --noprofile --norc -e -o pipefail {0}
2025-11-10T00:23:08.0327950Z env:
2025-11-10T00:23:08.0328674Z   CARGO_TERM_COLOR: always
2025-11-10T00:23:08.0329569Z   CARGO_HOME: /home/jswift/.cargo
2025-11-10T00:23:08.0330491Z   CARGO_INCREMENTAL: 0
2025-11-10T00:23:08.0331301Z ##[endgroup]
2025-11-10T00:23:08.0867993Z ##[group]Run : work around spurious network errors in curl 8.0
2025-11-10T00:23:08.0869432Z [36;1m: work around spurious network errors in curl 8.0[0m
2025-11-10T00:23:08.0871269Z [36;1m# https://rust-lang.zulipchat.com/#narrow/stream/246057-t-cargo/topic/timeout.20investigation[0m
2025-11-10T00:23:08.0875058Z [36;1mif rustc +1.88.0 --version --verbose | grep -q '^release: 1\.7[01]\.'; then[0m
2025-11-10T00:23:08.0876623Z [36;1m  echo CARGO_HTTP_MULTIPLEXING=false >> $GITHUB_ENV[0m
2025-11-10T00:23:08.0877733Z [36;1mfi[0m
2025-11-10T00:23:08.0918400Z shell: /usr/bin/bash --noprofile --norc -e -o pipefail {0}
2025-11-10T00:23:08.0919574Z env:
2025-11-10T00:23:08.0920302Z   CARGO_TERM_COLOR: always
2025-11-10T00:23:08.0921417Z   CARGO_HOME: /home/jswift/.cargo
2025-11-10T00:23:08.0922554Z   CARGO_INCREMENTAL: 0
2025-11-10T00:23:08.0923367Z ##[endgroup]
2025-11-10T00:23:08.1260329Z ##[group]Run rustc +1.88.0 --version --verbose
2025-11-10T00:23:08.1261486Z [36;1mrustc +1.88.0 --version --verbose[0m
2025-11-10T00:23:08.1299965Z shell: /usr/bin/bash --noprofile --norc -e -o pipefail {0}
2025-11-10T00:23:08.1301150Z env:
2025-11-10T00:23:08.1301897Z   CARGO_TERM_COLOR: always
2025-11-10T00:23:08.1304996Z   CARGO_HOME: /home/jswift/.cargo
2025-11-10T00:23:08.1305963Z   CARGO_INCREMENTAL: 0
2025-11-10T00:23:08.1307129Z ##[endgroup]
2025-11-10T00:23:08.1559812Z rustc 1.88.0 (6b00bc388 2025-06-23)
2025-11-10T00:23:08.1561629Z binary: rustc
2025-11-10T00:23:08.1563251Z commit-hash: 6b00bc3880198600130e1cf62b8f8a93494488cc
2025-11-10T00:23:08.1565520Z commit-date: 2025-06-23
2025-11-10T00:23:08.1566541Z host: x86_64-unknown-linux-gnu
2025-11-10T00:23:08.1568295Z release: 1.88.0
2025-11-10T00:23:08.1569206Z LLVM version: 20.1.5
2025-11-10T00:23:08.1693128Z ##[group]Run cargo install cargo-audit --version 0.20.0
2025-11-10T00:23:08.1694595Z [36;1mcargo install cargo-audit --version 0.20.0[0m
2025-11-10T00:23:08.1735259Z shell: /usr/bin/bash -e {0}
2025-11-10T00:23:08.1736121Z env:
2025-11-10T00:23:08.1736826Z   CARGO_TERM_COLOR: always
2025-11-10T00:23:08.1737757Z   CARGO_HOME: /home/jswift/.cargo
2025-11-10T00:23:08.1739112Z   CARGO_INCREMENTAL: 0
2025-11-10T00:23:08.1739934Z ##[endgroup]
2025-11-10T00:23:08.2696537Z [1m[32m     Ignored[0m package `cargo-audit v0.20.0` is already installed, use --force to override
2025-11-10T00:23:08.2772309Z ##[group]Run cargo audit
2025-11-10T00:23:08.2773216Z [36;1mcargo audit[0m
2025-11-10T00:23:08.2805830Z shell: /usr/bin/bash -e {0}
2025-11-10T00:23:08.2806678Z env:
2025-11-10T00:23:08.2807401Z   CARGO_TERM_COLOR: always
2025-11-10T00:23:08.2808315Z   CARGO_HOME: /home/jswift/.cargo
2025-11-10T00:23:08.2809238Z   CARGO_INCREMENTAL: 0
2025-11-10T00:23:08.2810032Z ##[endgroup]
2025-11-10T00:23:08.3469361Z     Fetching advisory database from `https://github.com/RustSec/advisory-db.git`
2025-11-10T00:23:08.5278627Z       Loaded 862 security advisories (from /home/jswift/.cargo/advisory-db)
2025-11-10T00:23:08.5281173Z     Updating crates.io index
2025-11-10T00:23:08.5455656Z error: not found: Couldn't load Cargo.lock
2025-11-10T00:23:08.5458228Z Caused by:
2025-11-10T00:23:08.5460453Z   -> I/O operation failed: parse error: parse error: invalid Cargo.lock format version: `4`
2025-11-10T00:23:08.5462588Z 
2025-11-10T00:23:08.5488726Z ##[error]Process completed with exit code 2.
2025-11-10T00:23:08.5702837Z Post job cleanup.
2025-11-10T00:23:08.6962256Z [command]/usr/bin/git version
2025-11-10T00:23:08.7003268Z git version 2.43.0
2025-11-10T00:23:08.7054708Z Copying '/home/jswift/.gitconfig' to '/home/jswift/actions-runner-org2/_work/_temp/2c867b3e-c236-4143-a003-a90f459de433/.gitconfig'
2025-11-10T00:23:08.7070993Z Temporarily overriding HOME='/home/jswift/actions-runner-org2/_work/_temp/2c867b3e-c236-4143-a003-a90f459de433' before making global git config changes
2025-11-10T00:23:08.7075145Z Adding repository directory to the temporary git global config as a safe directory
2025-11-10T00:23:08.7078037Z [command]/usr/bin/git config --global --add safe.directory /home/jswift/actions-runner-org2/_work/bllvm-consensus/bllvm-consensus
2025-11-10T00:23:08.7132796Z [command]/usr/bin/git config --local --name-only --get-regexp core\.sshCommand
2025-11-10T00:23:08.7177608Z [command]/usr/bin/git submodule foreach --recursive sh -c "git config --local --name-only --get-regexp 'core\.sshCommand' && git config --local --unset-all 'core.sshCommand' || :"
2025-11-10T00:23:08.7487104Z [command]/usr/bin/git config --local --name-only --get-regexp http\.https\:\/\/github\.com\/\.extraheader
2025-11-10T00:23:08.7519395Z http.https://github.com/.extraheader
2025-11-10T00:23:08.7540816Z [command]/usr/bin/git config --local --unset-all http.https://github.com/.extraheader
2025-11-10T00:23:08.7589942Z [command]/usr/bin/git submodule foreach --recursive sh -c "git config --local --name-only --get-regexp 'http\.https\:\/\/github\.com\/\.extraheader' && git config --local --unset-all 'http.https://github.com/.extraheader' || :"
2025-11-10T00:23:08.8062449Z A job completed hook has been configured by the self-hosted runner administrator
2025-11-10T00:23:08.8128404Z ##[group]Run '/home/jswift/actions-runner-org2/cleanup-hooks/job-completed.sh'
2025-11-10T00:23:08.8164823Z shell: /usr/bin/bash --noprofile --norc -e -o pipefail {0}
2025-11-10T00:23:08.8165985Z ##[endgroup]
2025-11-10T00:23:08.8258342Z Job completed: Mon Nov 10 12:23:08 AM UTC 2025
2025-11-10T00:23:08.8291775Z Available disk space: 9.0G
2025-11-10T00:23:08.8293023Z Cleaning up after job completion...
2025-11-10T00:23:08.9345855Z Cleanup completed. Available disk space: 9.0G
2025-11-10T00:23:08.9435612Z Cleaning up orphan processes
