2025-11-09T23:42:25.8882822Z ##[group]Run dtolnay/rust-toolchain@master
2025-11-09T23:42:25.8883170Z with:
2025-11-09T23:42:25.8883358Z   toolchain: 1.88.0
2025-11-09T23:42:25.8883556Z env:
2025-11-09T23:42:25.8883737Z   CARGO_TERM_COLOR: always
2025-11-09T23:42:25.8883955Z ##[endgroup]
2025-11-09T23:42:25.8999775Z ##[group]Run : parse toolchain version
2025-11-09T23:42:25.9000122Z [36;1m: parse toolchain version[0m
2025-11-09T23:42:25.9000415Z [36;1mif [[ -z $toolchain ]]; then[0m
2025-11-09T23:42:25.9002840Z [36;1m  # GitHub does not enforce `required: true` inputs itself. https://github.com/actions/runner/issues/1070[0m
2025-11-09T23:42:25.9003357Z [36;1m  echo "'toolchain' is a required input" >&2[0m
2025-11-09T23:42:25.9003655Z [36;1m  exit 1[0m
2025-11-09T23:42:25.9003962Z [36;1melif [[ $toolchain =~ ^stable' '[0-9]+' '(year|month|week|day)s?' 'ago$ ]]; then[0m
2025-11-09T23:42:25.9004556Z [36;1m  if [[ Linux == macOS ]]; then[0m
2025-11-09T23:42:25.9005051Z [36;1m    echo "toolchain=1.$((($(date -v-$(sed 's/stable \([0-9]*\) \(.\).*/\1\2/' <<< $toolchain) +%s)/60/60/24-16569)/7/6))" >> $GITHUB_OUTPUT[0m
2025-11-09T23:42:25.9005738Z [36;1m  else[0m
2025-11-09T23:42:25.9006137Z [36;1m    echo "toolchain=1.$((($(date --date "${toolchain#stable }" +%s)/60/60/24-16569)/7/6))" >> $GITHUB_OUTPUT[0m
2025-11-09T23:42:25.9006549Z [36;1m  fi[0m
2025-11-09T23:42:25.9006837Z [36;1melif [[ $toolchain =~ ^stable' 'minus' '[0-9]+' 'releases?$ ]]; then[0m
2025-11-09T23:42:25.9007325Z [36;1m  echo "toolchain=1.$((($(date +%s)/60/60/24-16569)/7/6-${toolchain//[^0-9]/}))" >> $GITHUB_OUTPUT[0m
2025-11-09T23:42:25.9007751Z [36;1melif [[ $toolchain =~ ^1\.[0-9]+$ ]]; then[0m
2025-11-09T23:42:25.9008221Z [36;1m  echo "toolchain=1.$((i=${toolchain#1.}, c=($(date +%s)/60/60/24-16569)/7/6, i+9*i*(10*i<=c)+90*i*(100*i<=c)))" >> $GITHUB_OUTPUT[0m
2025-11-09T23:42:25.9008655Z [36;1melse[0m
2025-11-09T23:42:25.9008893Z [36;1m  echo "toolchain=$toolchain" >> $GITHUB_OUTPUT[0m
2025-11-09T23:42:25.9009174Z [36;1mfi[0m
2025-11-09T23:42:25.9040200Z shell: /usr/bin/bash --noprofile --norc -e -o pipefail {0}
2025-11-09T23:42:25.9040562Z env:
2025-11-09T23:42:25.9040746Z   CARGO_TERM_COLOR: always
2025-11-09T23:42:25.9040976Z   toolchain: 1.88.0
2025-11-09T23:42:25.9041167Z ##[endgroup]
2025-11-09T23:42:25.9174495Z ##[group]Run : construct rustup command line
2025-11-09T23:42:25.9174900Z [36;1m: construct rustup command line[0m
2025-11-09T23:42:25.9175331Z [36;1mecho "targets=$(for t in ${targets//,/ }; do echo -n ' --target' $t; done)" >> $GITHUB_OUTPUT[0m
2025-11-09T23:42:25.9175911Z [36;1mecho "components=$(for c in ${components//,/ }; do echo -n ' --component' $c; done)" >> $GITHUB_OUTPUT[0m
2025-11-09T23:42:25.9176356Z [36;1mecho "downgrade=" >> $GITHUB_OUTPUT[0m
2025-11-09T23:42:25.9204039Z shell: /usr/bin/bash --noprofile --norc -e -o pipefail {0}
2025-11-09T23:42:25.9204630Z env:
2025-11-09T23:42:25.9204831Z   CARGO_TERM_COLOR: always
2025-11-09T23:42:25.9205050Z   targets: 
2025-11-09T23:42:25.9205445Z   components: 
2025-11-09T23:42:25.9205642Z ##[endgroup]
2025-11-09T23:42:25.9308041Z ##[group]Run : set $CARGO_HOME
2025-11-09T23:42:25.9308339Z [36;1m: set $CARGO_HOME[0m
2025-11-09T23:42:25.9308685Z [36;1mecho CARGO_HOME=${CARGO_HOME:-"$HOME/.cargo"} >> $GITHUB_ENV[0m
2025-11-09T23:42:25.9349409Z shell: /usr/bin/bash --noprofile --norc -e -o pipefail {0}
2025-11-09T23:42:25.9349764Z env:
2025-11-09T23:42:25.9349960Z   CARGO_TERM_COLOR: always
2025-11-09T23:42:25.9350187Z ##[endgroup]
2025-11-09T23:42:25.9444656Z ##[group]Run : install rustup if needed
2025-11-09T23:42:25.9445011Z [36;1m: install rustup if needed[0m
2025-11-09T23:42:25.9445303Z [36;1mif ! command -v rustup &>/dev/null; then[0m
2025-11-09T23:42:25.9512526Z [36;1m  curl --proto '=https' --tlsv1.2 --retry 10 --retry-connrefused --location --silent --show-error --fail https://sh.rustup.rs | sh -s -- --default-toolchain none -y[0m
2025-11-09T23:42:25.9516539Z [36;1m  echo "$CARGO_HOME/bin" >> $GITHUB_PATH[0m
2025-11-09T23:42:25.9516942Z [36;1mfi[0m
2025-11-09T23:42:25.9550176Z shell: /usr/bin/bash --noprofile --norc -e -o pipefail {0}
2025-11-09T23:42:25.9550658Z env:
2025-11-09T23:42:25.9550956Z   CARGO_TERM_COLOR: always
2025-11-09T23:42:25.9551271Z   CARGO_HOME: /home/jswift/.cargo
2025-11-09T23:42:25.9551656Z ##[endgroup]
2025-11-09T23:42:26.0671056Z info: downloading installer
2025-11-09T23:42:26.3315934Z warn: It looks like you have an existing rustup settings file at:
2025-11-09T23:42:26.3316794Z warn: /home/jswift/.rustup/settings.toml
2025-11-09T23:42:26.3317421Z warn: Rustup will install the default toolchain as specified in the settings file,
2025-11-09T23:42:26.3318082Z warn: instead of the one inferred from the default host triple.
2025-11-09T23:42:26.3673896Z info: profile set to 'default'
2025-11-09T23:42:26.3674554Z 
2025-11-09T23:42:26.3674568Z 
2025-11-09T23:42:26.3674753Z Rust is installed now. Great!
2025-11-09T23:42:26.3675115Z 
2025-11-09T23:42:26.3675399Z To get started you may need to restart your current shell.
2025-11-09T23:42:26.3676122Z This would reload your PATH environment variable to include
2025-11-09T23:42:26.3676930Z Cargo's bin directory ($HOME/.cargo/bin).
2025-11-09T23:42:26.3677320Z 
2025-11-09T23:42:26.3677557Z To configure your current shell, you need to source
2025-11-09T23:42:26.3691288Z info: default host triple is x86_64-unknown-linux-gnu
2025-11-09T23:42:26.3692127Z info: skipping toolchain installation
2025-11-09T23:42:26.3692478Z the corresponding env file under $HOME/.cargo.
2025-11-09T23:42:26.3692713Z 
2025-11-09T23:42:26.3692921Z This is usually done by running one of the following (note the leading DOT):
2025-11-09T23:42:26.3693412Z . "$HOME/.cargo/env"            # For sh/bash/zsh/ash/dash/pdksh
2025-11-09T23:42:26.3693777Z source "$HOME/.cargo/env.fish"  # For fish
2025-11-09T23:42:26.3694122Z source $"($nu.home-path)/.cargo/env.nu"  # For nushell
2025-11-09T23:42:26.3839062Z ##[group]Run rustup toolchain install 1.88.0 --profile minimal --no-self-update
2025-11-09T23:42:26.3839652Z [36;1mrustup toolchain install 1.88.0 --profile minimal --no-self-update[0m
2025-11-09T23:42:26.3869677Z shell: /usr/bin/bash --noprofile --norc -e -o pipefail {0}
2025-11-09T23:42:26.3870022Z env:
2025-11-09T23:42:26.3870216Z   CARGO_TERM_COLOR: always
2025-11-09T23:42:26.3870455Z   CARGO_HOME: /home/jswift/.cargo
2025-11-09T23:42:26.3870695Z ##[endgroup]
2025-11-09T23:42:26.4756226Z info: syncing channel updates for '1.88.0-x86_64-unknown-linux-gnu'
2025-11-09T23:42:26.4931061Z 
2025-11-09T23:42:26.5056794Z   1.88.0-x86_64-unknown-linux-gnu unchanged - rustc 1.88.0 (6b00bc388 2025-06-23)
2025-11-09T23:42:26.5057371Z 
2025-11-09T23:42:26.5116419Z ##[group]Run rustup default 1.88.0
2025-11-09T23:42:26.5116757Z [36;1mrustup default 1.88.0[0m
2025-11-09T23:42:26.5144994Z shell: /usr/bin/bash --noprofile --norc -e -o pipefail {0}
2025-11-09T23:42:26.5145369Z env:
2025-11-09T23:42:26.5145578Z   CARGO_TERM_COLOR: always
2025-11-09T23:42:26.5145834Z   CARGO_HOME: /home/jswift/.cargo
2025-11-09T23:42:26.5146318Z ##[endgroup]
2025-11-09T23:42:26.5274573Z info: using existing install for '1.88.0-x86_64-unknown-linux-gnu'
2025-11-09T23:42:26.5661236Z info: default toolchain set to '1.88.0-x86_64-unknown-linux-gnu'
2025-11-09T23:42:26.5663707Z 
2025-11-09T23:42:26.5787547Z   1.88.0-x86_64-unknown-linux-gnu unchanged - rustc 1.88.0 (6b00bc388 2025-06-23)
2025-11-09T23:42:26.5788319Z 
2025-11-09T23:42:26.5790340Z info: note that the toolchain '1.88.0-x86_64-unknown-linux-gnu' is currently in use (overridden by '/home/jswift/actions-runner-org2/_work/bllvm-node/bllvm-node/rust-toolchain.toml')
2025-11-09T23:42:26.5845092Z ##[group]Run : create cachekey
2025-11-09T23:42:26.5845404Z [36;1m: create cachekey[0m
2025-11-09T23:42:26.5845894Z [36;1mDATE=$(rustc +1.88.0 --version --verbose | sed -ne 's/^commit-date: \(20[0-9][0-9]\)-\([01][0-9]\)-\([0-3][0-9]\)$/\1\2\3/p')[0m
2025-11-09T23:42:26.5846545Z [36;1mHASH=$(rustc +1.88.0 --version --verbose | sed -ne 's/^commit-hash: //p')[0m
2025-11-09T23:42:26.5847069Z [36;1mecho "cachekey=$(echo $DATE$HASH | head -c12)" >> $GITHUB_OUTPUT[0m
2025-11-09T23:42:26.5879457Z shell: /usr/bin/bash --noprofile --norc -e -o pipefail {0}
2025-11-09T23:42:26.5879805Z env:
2025-11-09T23:42:26.5879998Z   CARGO_TERM_COLOR: always
2025-11-09T23:42:26.5880238Z   CARGO_HOME: /home/jswift/.cargo
2025-11-09T23:42:26.5880489Z ##[endgroup]
2025-11-09T23:42:26.6398331Z ##[group]Run : disable incremental compilation
2025-11-09T23:42:26.6398751Z [36;1m: disable incremental compilation[0m
2025-11-09T23:42:26.6399114Z [36;1mif [ -z "${CARGO_INCREMENTAL+set}" ]; then[0m
2025-11-09T23:42:26.6399490Z [36;1m  echo CARGO_INCREMENTAL=0 >> $GITHUB_ENV[0m
2025-11-09T23:42:26.6399809Z [36;1mfi[0m
2025-11-09T23:42:26.6433058Z shell: /usr/bin/bash --noprofile --norc -e -o pipefail {0}
2025-11-09T23:42:26.6433435Z env:
2025-11-09T23:42:26.6433637Z   CARGO_TERM_COLOR: always
2025-11-09T23:42:26.6433910Z   CARGO_HOME: /home/jswift/.cargo
2025-11-09T23:42:26.6434179Z ##[endgroup]
2025-11-09T23:42:26.6511577Z ##[group]Run : enable colors in Cargo output
2025-11-09T23:42:26.6511916Z [36;1m: enable colors in Cargo output[0m
2025-11-09T23:42:26.6512206Z [36;1mif [ -z "${CARGO_TERM_COLOR+set}" ]; then[0m
2025-11-09T23:42:26.6512531Z [36;1m  echo CARGO_TERM_COLOR=always >> $GITHUB_ENV[0m
2025-11-09T23:42:26.6512809Z [36;1mfi[0m
2025-11-09T23:42:26.6541572Z shell: /usr/bin/bash --noprofile --norc -e -o pipefail {0}
2025-11-09T23:42:26.6541938Z env:
2025-11-09T23:42:26.6542426Z   CARGO_TERM_COLOR: always
2025-11-09T23:42:26.6542689Z   CARGO_HOME: /home/jswift/.cargo
2025-11-09T23:42:26.6542958Z   CARGO_INCREMENTAL: 0
2025-11-09T23:42:26.6543179Z ##[endgroup]
2025-11-09T23:42:26.6633405Z ##[group]Run : enable Cargo sparse registry
2025-11-09T23:42:26.6633739Z [36;1m: enable Cargo sparse registry[0m
2025-11-09T23:42:26.6634101Z [36;1m# implemented in 1.66, stabilized in 1.68, made default in 1.70[0m
2025-11-09T23:42:26.6636727Z [36;1mif [ -z "${CARGO_REGISTRIES_CRATES_IO_PROTOCOL+set}" -o -f "/home/jswift/actions-runner-org2/_work/_temp"/.implicit_cargo_registries_crates_io_protocol ]; then[0m
2025-11-09T23:42:26.6637523Z [36;1m  if rustc +1.88.0 --version --verbose | grep -q '^release: 1\.6[89]\.'; then[0m
2025-11-09T23:42:26.6638147Z [36;1m    touch "/home/jswift/actions-runner-org2/_work/_temp"/.implicit_cargo_registries_crates_io_protocol || true[0m
2025-11-09T23:42:26.6638747Z [36;1m    echo CARGO_REGISTRIES_CRATES_IO_PROTOCOL=sparse >> $GITHUB_ENV[0m
2025-11-09T23:42:26.6639219Z [36;1m  elif rustc +1.88.0 --version --verbose | grep -q '^release: 1\.6[67]\.'; then[0m
2025-11-09T23:42:26.6639832Z [36;1m    touch "/home/jswift/actions-runner-org2/_work/_temp"/.implicit_cargo_registries_crates_io_protocol || true[0m
2025-11-09T23:42:26.6640412Z [36;1m    echo CARGO_REGISTRIES_CRATES_IO_PROTOCOL=git >> $GITHUB_ENV[0m
2025-11-09T23:42:26.6640751Z [36;1m  fi[0m
2025-11-09T23:42:26.6640931Z [36;1mfi[0m
2025-11-09T23:42:26.6671284Z shell: /usr/bin/bash --noprofile --norc -e -o pipefail {0}
2025-11-09T23:42:26.6671930Z env:
2025-11-09T23:42:26.6672191Z   CARGO_TERM_COLOR: always
2025-11-09T23:42:26.6672433Z   CARGO_HOME: /home/jswift/.cargo
2025-11-09T23:42:26.6672674Z   CARGO_INCREMENTAL: 0
2025-11-09T23:42:26.6672872Z ##[endgroup]
2025-11-09T23:42:26.7170843Z ##[group]Run : work around spurious network errors in curl 8.0
2025-11-09T23:42:26.7173278Z [36;1m: work around spurious network errors in curl 8.0[0m
2025-11-09T23:42:26.7174160Z [36;1m# https://rust-lang.zulipchat.com/#narrow/stream/246057-t-cargo/topic/timeout.20investigation[0m
2025-11-09T23:42:26.7175321Z [36;1mif rustc +1.88.0 --version --verbose | grep -q '^release: 1\.7[01]\.'; then[0m
2025-11-09T23:42:26.7176048Z [36;1m  echo CARGO_HTTP_MULTIPLEXING=false >> $GITHUB_ENV[0m
2025-11-09T23:42:26.7176554Z [36;1mfi[0m
2025-11-09T23:42:26.7221118Z shell: /usr/bin/bash --noprofile --norc -e -o pipefail {0}
2025-11-09T23:42:26.7221704Z env:
2025-11-09T23:42:26.7222024Z   CARGO_TERM_COLOR: always
2025-11-09T23:42:26.7222458Z   CARGO_HOME: /home/jswift/.cargo
2025-11-09T23:42:26.7223210Z   CARGO_INCREMENTAL: 0
2025-11-09T23:42:26.7223585Z ##[endgroup]
2025-11-09T23:42:26.7539308Z ##[group]Run rustc +1.88.0 --version --verbose
2025-11-09T23:42:26.7539683Z [36;1mrustc +1.88.0 --version --verbose[0m
2025-11-09T23:42:26.7572900Z shell: /usr/bin/bash --noprofile --norc -e -o pipefail {0}
2025-11-09T23:42:26.7573261Z env:
2025-11-09T23:42:26.7573469Z   CARGO_TERM_COLOR: always
2025-11-09T23:42:26.7573722Z   CARGO_HOME: /home/jswift/.cargo
2025-11-09T23:42:26.7573997Z   CARGO_INCREMENTAL: 0
2025-11-09T23:42:26.7574225Z ##[endgroup]
2025-11-09T23:42:26.7868646Z rustc 1.88.0 (6b00bc388 2025-06-23)
2025-11-09T23:42:26.7869088Z binary: rustc
2025-11-09T23:42:26.7869436Z commit-hash: 6b00bc3880198600130e1cf62b8f8a93494488cc
2025-11-09T23:42:26.7869854Z commit-date: 2025-06-23
2025-11-09T23:42:26.7870191Z host: x86_64-unknown-linux-gnu
2025-11-09T23:42:26.7870686Z release: 1.88.0
2025-11-09T23:42:26.7871292Z LLVM version: 20.1.5
