2025-11-09T23:41:13.0908031Z Current runner version: '2.329.0'
2025-11-09T23:41:13.0917518Z Runner name: 'linode-runner-02'
2025-11-09T23:41:13.0918893Z Runner group name: 'default'
2025-11-09T23:41:13.0920452Z Machine name: 'localhost'
2025-11-09T23:41:13.0926318Z ##[group]GITHUB_TOKEN Permissions
2025-11-09T23:41:13.0930607Z Contents: read
2025-11-09T23:41:13.0931576Z Metadata: read
2025-11-09T23:41:13.0932570Z Packages: read
2025-11-09T23:41:13.0933516Z ##[endgroup]
2025-11-09T23:41:13.0936488Z Secret source: Actions
2025-11-09T23:41:13.0937264Z Prepare workflow directory
2025-11-09T23:41:13.1717996Z Prepare all required actions
2025-11-09T23:41:13.1787412Z Getting action download info
2025-11-09T23:41:13.5189896Z Download action repository 'actions/checkout@v4' (SHA:08eba0b27e820071cde6df949e0beb9ba4906955)
2025-11-09T23:41:13.9034123Z Download action repository 'dtolnay/rust-toolchain@master' (SHA:6d653acede28d24f02e3cd41383119e8b1b35921)
2025-11-09T23:41:14.2217002Z Download action repository 'actions/cache@v3' (SHA:6f8efc29b200d32929f49075959781ed54ec270c)
2025-11-09T23:41:14.8825804Z Complete job name: Clippy
2025-11-09T23:41:14.9514901Z A job started hook has been configured by the self-hosted runner administrator
2025-11-09T23:41:14.9731734Z ##[group]Run '/home/jswift/actions-runner-org2/cleanup-hooks/job-started.sh'
2025-11-09T23:41:14.9768487Z shell: /usr/bin/bash --noprofile --norc -e -o pipefail {0}
2025-11-09T23:41:14.9770178Z ##[endgroup]
2025-11-09T23:41:14.9969697Z Job started: Sun Nov  9 11:41:14 PM UTC 2025
2025-11-09T23:41:14.9988392Z Available disk space: 11G
2025-11-09T23:41:15.0022087Z Disk usage is 78% - no cleanup needed
2025-11-09T23:41:15.0355656Z ##[group]Run actions/checkout@v4
2025-11-09T23:41:15.0356680Z with:
2025-11-09T23:41:15.0357447Z   repository: BTCDecoded/bllvm-consensus
2025-11-09T23:41:15.0358733Z   token: ***
2025-11-09T23:41:15.0359484Z   ssh-strict: true
2025-11-09T23:41:15.0360250Z   ssh-user: git
2025-11-09T23:41:15.0361038Z   persist-credentials: true
2025-11-09T23:41:15.0361931Z   clean: true
2025-11-09T23:41:15.0362736Z   sparse-checkout-cone-mode: true
2025-11-09T23:41:15.0363687Z   fetch-depth: 1
2025-11-09T23:41:15.0364593Z   fetch-tags: false
2025-11-09T23:41:15.0365365Z   show-progress: true
2025-11-09T23:41:15.0366164Z   lfs: false
2025-11-09T23:41:15.0366873Z   submodules: false
2025-11-09T23:41:15.0367662Z   set-safe-directory: true
2025-11-09T23:41:15.0368485Z env:
2025-11-09T23:41:15.0369176Z   CARGO_TERM_COLOR: always
2025-11-09T23:41:15.0370058Z ##[endgroup]
2025-11-09T23:41:15.2145058Z Syncing repository: BTCDecoded/bllvm-consensus
2025-11-09T23:41:15.2150154Z ##[group]Getting Git version info
2025-11-09T23:41:15.2154945Z Working directory is '/home/jswift/actions-runner-org2/_work/bllvm-consensus/bllvm-consensus'
2025-11-09T23:41:15.2158806Z [command]/usr/bin/git version
2025-11-09T23:41:15.2160469Z git version 2.43.0
2025-11-09T23:41:15.2193592Z ##[endgroup]
2025-11-09T23:41:15.2225423Z Copying '/home/jswift/.gitconfig' to '/home/jswift/actions-runner-org2/_work/_temp/2e172071-a709-435a-83a4-eb7848292226/.gitconfig'
2025-11-09T23:41:15.2241547Z Temporarily overriding HOME='/home/jswift/actions-runner-org2/_work/_temp/2e172071-a709-435a-83a4-eb7848292226' before making global git config changes
2025-11-09T23:41:15.2247035Z Adding repository directory to the temporary git global config as a safe directory
2025-11-09T23:41:15.2252879Z [command]/usr/bin/git config --global --add safe.directory /home/jswift/actions-runner-org2/_work/bllvm-consensus/bllvm-consensus
2025-11-09T23:41:15.2331291Z [command]/usr/bin/git config --local --get remote.origin.url
2025-11-09T23:41:15.2380705Z https://github.com/BTCDecoded/bllvm-consensus
2025-11-09T23:41:15.2398526Z ##[group]Removing previously created refs, to avoid conflicts
2025-11-09T23:41:15.2402448Z [command]/usr/bin/git rev-parse --symbolic-full-name --verify --quiet HEAD
2025-11-09T23:41:15.2432541Z refs/heads/main
2025-11-09T23:41:15.2446969Z [command]/usr/bin/git checkout --detach
2025-11-09T23:41:15.2546928Z HEAD is now at ad63429 fix: Add missing crypto module declaration in lib.rs
2025-11-09T23:41:15.2551242Z M	target/.rustc_info.json
2025-11-09T23:41:15.2598616Z [command]/usr/bin/git branch --delete --force main
2025-11-09T23:41:15.2637904Z Deleted branch main (was ad63429).
2025-11-09T23:41:15.2708153Z ##[endgroup]
2025-11-09T23:41:15.2709595Z [command]/usr/bin/git submodule status
2025-11-09T23:41:15.3030493Z ##[group]Cleaning the repository
2025-11-09T23:41:15.3033769Z [command]/usr/bin/git clean -ffdx
2025-11-09T23:41:15.4795530Z Removing target/release/
2025-11-09T23:41:15.4797846Z Removing target/tmp/
2025-11-09T23:41:15.4807165Z [command]/usr/bin/git reset --hard HEAD
2025-11-09T23:41:15.4913349Z HEAD is now at ad63429 fix: Add missing crypto module declaration in lib.rs
2025-11-09T23:41:15.4927815Z ##[endgroup]
2025-11-09T23:41:15.4930031Z ##[group]Disabling automatic garbage collection
2025-11-09T23:41:15.4932564Z [command]/usr/bin/git config --local gc.auto 0
2025-11-09T23:41:15.4977001Z ##[endgroup]
2025-11-09T23:41:15.4978297Z ##[group]Setting up auth
2025-11-09T23:41:15.4984778Z [command]/usr/bin/git config --local --name-only --get-regexp core\.sshCommand
2025-11-09T23:41:15.5030469Z [command]/usr/bin/git submodule foreach --recursive sh -c "git config --local --name-only --get-regexp 'core\.sshCommand' && git config --local --unset-all 'core.sshCommand' || :"
2025-11-09T23:41:15.5351209Z [command]/usr/bin/git config --local --name-only --get-regexp http\.https\:\/\/github\.com\/\.extraheader
2025-11-09T23:41:15.5391832Z [command]/usr/bin/git submodule foreach --recursive sh -c "git config --local --name-only --get-regexp 'http\.https\:\/\/github\.com\/\.extraheader' && git config --local --unset-all 'http.https://github.com/.extraheader' || :"
2025-11-09T23:41:15.5667732Z [command]/usr/bin/git config --local http.https://github.com/.extraheader AUTHORIZATION: basic ***
2025-11-09T23:41:15.5714032Z ##[endgroup]
2025-11-09T23:41:15.5716573Z ##[group]Fetching the repository
2025-11-09T23:41:15.5726755Z [command]/usr/bin/git -c protocol.version=2 fetch --no-tags --prune --no-recurse-submodules --depth=1 origin +ad634294ea6b2675c39337ed5ca3858e564b2e37:refs/remotes/origin/main
2025-11-09T23:41:15.7801012Z ##[endgroup]
2025-11-09T23:41:15.7803050Z ##[group]Determining the checkout info
2025-11-09T23:41:15.7805752Z ##[endgroup]
2025-11-09T23:41:15.7809989Z [command]/usr/bin/git sparse-checkout disable
2025-11-09T23:41:15.7872071Z [command]/usr/bin/git config --local --unset-all extensions.worktreeConfig
2025-11-09T23:41:15.7910003Z ##[group]Checking out the ref
2025-11-09T23:41:15.7914899Z [command]/usr/bin/git checkout --progress --force -B main refs/remotes/origin/main
2025-11-09T23:41:15.7994842Z Switched to a new branch 'main'
2025-11-09T23:41:15.7995987Z branch 'main' set up to track 'origin/main'.
2025-11-09T23:41:15.8004198Z ##[endgroup]
2025-11-09T23:41:15.8080889Z [command]/usr/bin/git log -1 --format=%H
2025-11-09T23:41:15.8111640Z ad634294ea6b2675c39337ed5ca3858e564b2e37
2025-11-09T23:41:15.8635120Z ##[group]Run dtolnay/rust-toolchain@master
2025-11-09T23:41:15.8636192Z with:
2025-11-09T23:41:15.8636871Z   toolchain: 1.88.0
2025-11-09T23:41:15.8637609Z   components: clippy
2025-11-09T23:41:15.8638359Z env:
2025-11-09T23:41:15.8639046Z   CARGO_TERM_COLOR: always
2025-11-09T23:41:15.8640255Z ##[endgroup]
2025-11-09T23:41:15.8802675Z ##[group]Run : parse toolchain version
2025-11-09T23:41:15.8803784Z [36;1m: parse toolchain version[0m
2025-11-09T23:41:15.8806985Z [36;1mif [[ -z $toolchain ]]; then[0m
2025-11-09T23:41:15.8808715Z [36;1m  # GitHub does not enforce `required: true` inputs itself. https://github.com/actions/runner/issues/1070[0m
2025-11-09T23:41:15.8810538Z [36;1m  echo "'toolchain' is a required input" >&2[0m
2025-11-09T23:41:15.8811609Z [36;1m  exit 1[0m
2025-11-09T23:41:15.8812736Z [36;1melif [[ $toolchain =~ ^stable' '[0-9]+' '(year|month|week|day)s?' 'ago$ ]]; then[0m
2025-11-09T23:41:15.8814641Z [36;1m  if [[ Linux == macOS ]]; then[0m
2025-11-09T23:41:15.8816391Z [36;1m    echo "toolchain=1.$((($(date -v-$(sed 's/stable \([0-9]*\) \(.\).*/\1\2/' <<< $toolchain) +%s)/60/60/24-16569)/7/6))" >> $GITHUB_OUTPUT[0m
2025-11-09T23:41:15.8819919Z [36;1m  else[0m
2025-11-09T23:41:15.8821256Z [36;1m    echo "toolchain=1.$((($(date --date "${toolchain#stable }" +%s)/60/60/24-16569)/7/6))" >> $GITHUB_OUTPUT[0m
2025-11-09T23:41:15.8823558Z [36;1m  fi[0m
2025-11-09T23:41:15.8824750Z [36;1melif [[ $toolchain =~ ^stable' 'minus' '[0-9]+' 'releases?$ ]]; then[0m
2025-11-09T23:41:15.8826934Z [36;1m  echo "toolchain=1.$((($(date +%s)/60/60/24-16569)/7/6-${toolchain//[^0-9]/}))" >> $GITHUB_OUTPUT[0m
2025-11-09T23:41:15.8828752Z [36;1melif [[ $toolchain =~ ^1\.[0-9]+$ ]]; then[0m
2025-11-09T23:41:15.8830712Z [36;1m  echo "toolchain=1.$((i=${toolchain#1.}, c=($(date +%s)/60/60/24-16569)/7/6, i+9*i*(10*i<=c)+90*i*(100*i<=c)))" >> $GITHUB_OUTPUT[0m
2025-11-09T23:41:15.8832604Z [36;1melse[0m
2025-11-09T23:41:15.8833496Z [36;1m  echo "toolchain=$toolchain" >> $GITHUB_OUTPUT[0m
2025-11-09T23:41:15.8834707Z [36;1mfi[0m
2025-11-09T23:41:15.8867009Z shell: /usr/bin/bash --noprofile --norc -e -o pipefail {0}
2025-11-09T23:41:15.8868156Z env:
2025-11-09T23:41:15.8868847Z   CARGO_TERM_COLOR: always
2025-11-09T23:41:15.8869672Z   toolchain: 1.88.0
2025-11-09T23:41:15.8870400Z ##[endgroup]
2025-11-09T23:41:15.9036873Z ##[group]Run : construct rustup command line
2025-11-09T23:41:15.9038459Z [36;1m: construct rustup command line[0m
2025-11-09T23:41:15.9040533Z [36;1mecho "targets=$(for t in ${targets//,/ }; do echo -n ' --target' $t; done)" >> $GITHUB_OUTPUT[0m
2025-11-09T23:41:15.9042652Z [36;1mecho "components=$(for c in ${components//,/ }; do echo -n ' --component' $c; done)" >> $GITHUB_OUTPUT[0m
2025-11-09T23:41:15.9046400Z [36;1mecho "downgrade=" >> $GITHUB_OUTPUT[0m
2025-11-09T23:41:15.9073658Z shell: /usr/bin/bash --noprofile --norc -e -o pipefail {0}
2025-11-09T23:41:15.9075042Z env:
2025-11-09T23:41:15.9075739Z   CARGO_TERM_COLOR: always
2025-11-09T23:41:15.9076580Z   targets: 
2025-11-09T23:41:15.9077286Z   components: clippy
2025-11-09T23:41:15.9078055Z ##[endgroup]
2025-11-09T23:41:15.9208596Z ##[group]Run : set $CARGO_HOME
2025-11-09T23:41:15.9209631Z [36;1m: set $CARGO_HOME[0m
2025-11-09T23:41:15.9210789Z [36;1mecho CARGO_HOME=${CARGO_HOME:-"$HOME/.cargo"} >> $GITHUB_ENV[0m
2025-11-09T23:41:15.9238220Z shell: /usr/bin/bash --noprofile --norc -e -o pipefail {0}
2025-11-09T23:41:15.9239387Z env:
2025-11-09T23:41:15.9240106Z   CARGO_TERM_COLOR: always
2025-11-09T23:41:15.9240970Z ##[endgroup]
2025-11-09T23:41:15.9363234Z ##[group]Run : install rustup if needed
2025-11-09T23:41:15.9364445Z [36;1m: install rustup if needed[0m
2025-11-09T23:41:15.9367173Z [36;1mif ! command -v rustup &>/dev/null; then[0m
2025-11-09T23:41:15.9369607Z [36;1m  curl --proto '=https' --tlsv1.2 --retry 10 --retry-connrefused --location --silent --show-error --fail https://sh.rustup.rs | sh -s -- --default-toolchain none -y[0m
2025-11-09T23:41:15.9372240Z [36;1m  echo "$CARGO_HOME/bin" >> $GITHUB_PATH[0m
2025-11-09T23:41:15.9375203Z [36;1mfi[0m
2025-11-09T23:41:15.9406677Z shell: /usr/bin/bash --noprofile --norc -e -o pipefail {0}
2025-11-09T23:41:15.9407857Z env:
2025-11-09T23:41:15.9408575Z   CARGO_TERM_COLOR: always
2025-11-09T23:41:15.9409485Z   CARGO_HOME: /home/jswift/.cargo
2025-11-09T23:41:15.9410402Z ##[endgroup]
2025-11-09T23:41:16.0008905Z info: downloading installer
2025-11-09T23:41:16.4450341Z warn: It looks like you have an existing rustup settings file at:
2025-11-09T23:41:16.4453448Z warn: /home/jswift/.rustup/settings.toml
2025-11-09T23:41:16.4458270Z warn: Rustup will install the default toolchain as specified in the settings file,
2025-11-09T23:41:16.4461416Z warn: instead of the one inferred from the default host triple.
2025-11-09T23:41:16.4731515Z info: profile set to 'default'
2025-11-09T23:41:16.4733480Z 
2025-11-09T23:41:16.4733861Z 
2025-11-09T23:41:16.4735263Z info: default host triple is x86_64-unknown-linux-gnu
2025-11-09T23:41:16.4737065Z Rust is installed now. Great!
2025-11-09T23:41:16.4737723Z 
2025-11-09T23:41:16.4738706Z To get started you may need to restart your current shell.
2025-11-09T23:41:16.4740156Z This would reload your PATH environment variable to include
2025-11-09T23:41:16.4741558Z Cargo's bin directory ($HOME/.cargo/bin).
2025-11-09T23:41:16.4742286Z 
2025-11-09T23:41:16.4742760Z To configure your current shell, you need to source
2025-11-09T23:41:16.4744075Z the corresponding env file under $HOME/.cargo.
2025-11-09T23:41:16.4745414Z 
2025-11-09T23:41:16.4745874Z info: skipping toolchain installation
2025-11-09T23:41:16.4747452Z This is usually done by running one of the following (note the leading DOT):
2025-11-09T23:41:16.4749037Z . "$HOME/.cargo/env"            # For sh/bash/zsh/ash/dash/pdksh
2025-11-09T23:41:16.4750716Z source "$HOME/.cargo/env.fish"  # For fish
2025-11-09T23:41:16.4753162Z source $"($nu.home-path)/.cargo/env.nu"  # For nushell
2025-11-09T23:41:16.4921781Z ##[group]Run rustup toolchain install 1.88.0 --component clippy --profile minimal --no-self-update
2025-11-09T23:41:16.4924848Z [36;1mrustup toolchain install 1.88.0 --component clippy --profile minimal --no-self-update[0m
2025-11-09T23:41:16.4965338Z shell: /usr/bin/bash --noprofile --norc -e -o pipefail {0}
2025-11-09T23:41:16.4968024Z env:
2025-11-09T23:41:16.4968743Z   CARGO_TERM_COLOR: always
2025-11-09T23:41:16.4969665Z   CARGO_HOME: /home/jswift/.cargo
2025-11-09T23:41:16.4970575Z ##[endgroup]
2025-11-09T23:41:16.5887229Z info: syncing channel updates for '1.88.0-x86_64-unknown-linux-gnu'
2025-11-09T23:41:16.6516570Z info: latest update on 2025-06-26, rust version 1.88.0 (6b00bc388 2025-06-23)
2025-11-09T23:41:16.6888250Z info: component 'clippy' for target 'x86_64-unknown-linux-gnu' is up to date
2025-11-09T23:41:16.6920680Z 
2025-11-09T23:41:16.7051406Z   1.88.0-x86_64-unknown-linux-gnu unchanged - rustc 1.88.0 (6b00bc388 2025-06-23)
2025-11-09T23:41:16.7053337Z 
2025-11-09T23:41:16.7180424Z ##[group]Run rustup default 1.88.0
2025-11-09T23:41:16.7182253Z [36;1mrustup default 1.88.0[0m
2025-11-09T23:41:16.7235486Z shell: /usr/bin/bash --noprofile --norc -e -o pipefail {0}
2025-11-09T23:41:16.7238622Z env:
2025-11-09T23:41:16.7239853Z   CARGO_TERM_COLOR: always
2025-11-09T23:41:16.7241461Z   CARGO_HOME: /home/jswift/.cargo
2025-11-09T23:41:16.7243120Z ##[endgroup]
2025-11-09T23:41:16.7406972Z info: using existing install for '1.88.0-x86_64-unknown-linux-gnu'
2025-11-09T23:41:16.7790235Z info: default toolchain set to '1.88.0-x86_64-unknown-linux-gnu'
2025-11-09T23:41:16.7791822Z 
2025-11-09T23:41:16.7914145Z   1.88.0-x86_64-unknown-linux-gnu unchanged - rustc 1.88.0 (6b00bc388 2025-06-23)
2025-11-09T23:41:16.7919182Z info: note that the toolchain '1.88.0-x86_64-unknown-linux-gnu' is currently in use (overridden by '/home/jswift/actions-runner-org2/_work/bllvm-consensus/bllvm-consensus/rust-toolchain.toml')
2025-11-09T23:41:16.7922720Z 
2025-11-09T23:41:16.8041183Z ##[group]Run : create cachekey
2025-11-09T23:41:16.8042849Z [36;1m: create cachekey[0m
2025-11-09T23:41:16.8046470Z [36;1mDATE=$(rustc +1.88.0 --version --verbose | sed -ne 's/^commit-date: \(20[0-9][0-9]\)-\([01][0-9]\)-\([0-3][0-9]\)$/\1\2\3/p')[0m
2025-11-09T23:41:16.8048563Z [36;1mHASH=$(rustc +1.88.0 --version --verbose | sed -ne 's/^commit-hash: //p')[0m
2025-11-09T23:41:16.8050381Z [36;1mecho "cachekey=$(echo $DATE$HASH | head -c12)" >> $GITHUB_OUTPUT[0m
2025-11-09T23:41:16.8099045Z shell: /usr/bin/bash --noprofile --norc -e -o pipefail {0}
2025-11-09T23:41:16.8099773Z env:
2025-11-09T23:41:16.8100241Z   CARGO_TERM_COLOR: always
2025-11-09T23:41:16.8100822Z   CARGO_HOME: /home/jswift/.cargo
2025-11-09T23:41:16.8101393Z ##[endgroup]
2025-11-09T23:41:16.8636028Z ##[group]Run : disable incremental compilation
2025-11-09T23:41:16.8636494Z [36;1m: disable incremental compilation[0m
2025-11-09T23:41:16.8638683Z [36;1mif [ -z "${CARGO_INCREMENTAL+set}" ]; then[0m
2025-11-09T23:41:16.8639088Z [36;1m  echo CARGO_INCREMENTAL=0 >> $GITHUB_ENV[0m
2025-11-09T23:41:16.8639461Z [36;1mfi[0m
2025-11-09T23:41:16.8678573Z shell: /usr/bin/bash --noprofile --norc -e -o pipefail {0}
2025-11-09T23:41:16.8679229Z env:
2025-11-09T23:41:16.8679506Z   CARGO_TERM_COLOR: always
2025-11-09T23:41:16.8679852Z   CARGO_HOME: /home/jswift/.cargo
2025-11-09T23:41:16.8680178Z ##[endgroup]
2025-11-09T23:41:16.8776173Z ##[group]Run : enable colors in Cargo output
2025-11-09T23:41:16.8776630Z [36;1m: enable colors in Cargo output[0m
2025-11-09T23:41:16.8777041Z [36;1mif [ -z "${CARGO_TERM_COLOR+set}" ]; then[0m
2025-11-09T23:41:16.8777482Z [36;1m  echo CARGO_TERM_COLOR=always >> $GITHUB_ENV[0m
2025-11-09T23:41:16.8777853Z [36;1mfi[0m
2025-11-09T23:41:16.8810664Z shell: /usr/bin/bash --noprofile --norc -e -o pipefail {0}
2025-11-09T23:41:16.8811118Z env:
2025-11-09T23:41:16.8811400Z   CARGO_TERM_COLOR: always
2025-11-09T23:41:16.8811749Z   CARGO_HOME: /home/jswift/.cargo
2025-11-09T23:41:16.8812105Z   CARGO_INCREMENTAL: 0
2025-11-09T23:41:16.8814671Z ##[endgroup]
2025-11-09T23:41:16.8902296Z ##[group]Run : enable Cargo sparse registry
2025-11-09T23:41:16.8902731Z [36;1m: enable Cargo sparse registry[0m
2025-11-09T23:41:16.8903206Z [36;1m# implemented in 1.66, stabilized in 1.68, made default in 1.70[0m
2025-11-09T23:41:16.8904108Z [36;1mif [ -z "${CARGO_REGISTRIES_CRATES_IO_PROTOCOL+set}" -o -f "/home/jswift/actions-runner-org2/_work/_temp"/.implicit_cargo_registries_crates_io_protocol ]; then[0m
2025-11-09T23:41:16.8907054Z [36;1m  if rustc +1.88.0 --version --verbose | grep -q '^release: 1\.6[89]\.'; then[0m
2025-11-09T23:41:16.8907804Z [36;1m    touch "/home/jswift/actions-runner-org2/_work/_temp"/.implicit_cargo_registries_crates_io_protocol || true[0m
2025-11-09T23:41:16.8908729Z [36;1m    echo CARGO_REGISTRIES_CRATES_IO_PROTOCOL=sparse >> $GITHUB_ENV[0m
2025-11-09T23:41:16.8909306Z [36;1m  elif rustc +1.88.0 --version --verbose | grep -q '^release: 1\.6[67]\.'; then[0m
2025-11-09T23:41:16.8910054Z [36;1m    touch "/home/jswift/actions-runner-org2/_work/_temp"/.implicit_cargo_registries_crates_io_protocol || true[0m
2025-11-09T23:41:16.8910759Z [36;1m    echo CARGO_REGISTRIES_CRATES_IO_PROTOCOL=git >> $GITHUB_ENV[0m
2025-11-09T23:41:16.8911188Z [36;1m  fi[0m
2025-11-09T23:41:16.8911459Z [36;1mfi[0m
2025-11-09T23:41:16.8945572Z shell: /usr/bin/bash --noprofile --norc -e -o pipefail {0}
2025-11-09T23:41:16.8947337Z env:
2025-11-09T23:41:16.8947615Z   CARGO_TERM_COLOR: always
2025-11-09T23:41:16.8947950Z   CARGO_HOME: /home/jswift/.cargo
2025-11-09T23:41:16.8948295Z   CARGO_INCREMENTAL: 0
2025-11-09T23:41:16.8948584Z ##[endgroup]
2025-11-09T23:41:16.9424248Z ##[group]Run : work around spurious network errors in curl 8.0
2025-11-09T23:41:16.9427271Z [36;1m: work around spurious network errors in curl 8.0[0m
2025-11-09T23:41:16.9428698Z [36;1m# https://rust-lang.zulipchat.com/#narrow/stream/246057-t-cargo/topic/timeout.20investigation[0m
2025-11-09T23:41:16.9429443Z [36;1mif rustc +1.88.0 --version --verbose | grep -q '^release: 1\.7[01]\.'; then[0m
2025-11-09T23:41:16.9430328Z [36;1m  echo CARGO_HTTP_MULTIPLEXING=false >> $GITHUB_ENV[0m
2025-11-09T23:41:16.9430770Z [36;1mfi[0m
2025-11-09T23:41:16.9469628Z shell: /usr/bin/bash --noprofile --norc -e -o pipefail {0}
2025-11-09T23:41:16.9470095Z env:
2025-11-09T23:41:16.9470389Z   CARGO_TERM_COLOR: always
2025-11-09T23:41:16.9470741Z   CARGO_HOME: /home/jswift/.cargo
2025-11-09T23:41:16.9496146Z   CARGO_INCREMENTAL: 0
2025-11-09T23:41:16.9496486Z ##[endgroup]
2025-11-09T23:41:16.9781888Z ##[group]Run rustc +1.88.0 --version --verbose
2025-11-09T23:41:16.9782333Z [36;1mrustc +1.88.0 --version --verbose[0m
2025-11-09T23:41:16.9815031Z shell: /usr/bin/bash --noprofile --norc -e -o pipefail {0}
2025-11-09T23:41:16.9815482Z env:
2025-11-09T23:41:16.9815757Z   CARGO_TERM_COLOR: always
2025-11-09T23:41:16.9816110Z   CARGO_HOME: /home/jswift/.cargo
2025-11-09T23:41:16.9816459Z   CARGO_INCREMENTAL: 0
2025-11-09T23:41:16.9816758Z ##[endgroup]
2025-11-09T23:41:17.0047050Z rustc 1.88.0 (6b00bc388 2025-06-23)
2025-11-09T23:41:17.0047882Z binary: rustc
2025-11-09T23:41:17.0048837Z commit-hash: 6b00bc3880198600130e1cf62b8f8a93494488cc
2025-11-09T23:41:17.0050094Z commit-date: 2025-06-23
2025-11-09T23:41:17.0050645Z host: x86_64-unknown-linux-gnu
2025-11-09T23:41:17.0051294Z release: 1.88.0
2025-11-09T23:41:17.0051831Z LLVM version: 20.1.5
2025-11-09T23:41:17.2631751Z ##[group]Run actions/cache@v3
2025-11-09T23:41:17.2632143Z with:
2025-11-09T23:41:17.2632418Z   path: ~/.cargo/registry
2025-11-09T23:41:17.2632991Z   key: Linux-cargo-registry-be20cb763b1c2a23d480f273acac121679c301efe5e74593667a8cb6ea1cc014
2025-11-09T23:41:17.2633594Z   enableCrossOsArchive: false
2025-11-09T23:41:17.2633947Z   fail-on-cache-miss: false
2025-11-09T23:41:17.2634261Z   lookup-only: false
2025-11-09T23:41:17.2634705Z env:
2025-11-09T23:41:17.2634973Z   CARGO_TERM_COLOR: always
2025-11-09T23:41:17.2635316Z   CARGO_HOME: /home/jswift/.cargo
2025-11-09T23:41:17.2635665Z   CARGO_INCREMENTAL: 0
2025-11-09T23:41:17.2635958Z ##[endgroup]
2025-11-09T23:41:17.5941506Z Cache hit for: Linux-cargo-registry-be20cb763b1c2a23d480f273acac121679c301efe5e74593667a8cb6ea1cc014
2025-11-09T23:41:18.8287656Z Received 134217728 of 838847341 (16.0%), 115.2 MBs/sec
2025-11-09T23:41:19.8296736Z Received 301989888 of 838847341 (36.0%), 136.4 MBs/sec
2025-11-09T23:41:20.8480121Z Received 486539264 of 838847341 (58.0%), 148.3 MBs/sec
2025-11-09T23:41:21.8489028Z Received 532676608 of 838847341 (63.5%), 123.0 MBs/sec
2025-11-09T23:41:22.8495863Z Received 532676608 of 838847341 (63.5%), 99.0 MBs/sec
2025-11-09T23:41:23.8507687Z Received 532676608 of 838847341 (63.5%), 82.8 MBs/sec
2025-11-09T23:41:24.8520840Z Received 532676608 of 838847341 (63.5%), 71.2 MBs/sec
2025-11-09T23:41:25.8523996Z Received 532676608 of 838847341 (63.5%), 62.4 MBs/sec
2025-11-09T23:41:26.8537890Z Received 532676608 of 838847341 (63.5%), 55.6 MBs/sec
2025-11-09T23:41:27.8550239Z Received 532676608 of 838847341 (63.5%), 50.1 MBs/sec
2025-11-09T23:41:28.8562862Z Received 532676608 of 838847341 (63.5%), 45.6 MBs/sec
2025-11-09T23:41:29.8575676Z Received 532676608 of 838847341 (63.5%), 41.8 MBs/sec
2025-11-09T23:41:30.8751706Z Received 549453824 of 838847341 (65.5%), 39.8 MBs/sec
2025-11-09T23:41:31.8777390Z Received 763363328 of 838847341 (91.0%), 51.4 MBs/sec
2025-11-09T23:41:32.3866005Z Received 838847341 of 838847341 (100.0%), 54.5 MBs/sec
2025-11-09T23:41:32.3871198Z Cache Size: ~800 MB (838847341 B)
2025-11-09T23:41:32.3921438Z [command]/usr/bin/tar -xf /home/jswift/actions-runner-org2/_work/_temp/fc6d6486-7b0d-4359-aa00-c203486dfee8/cache.tzst -P -C /home/jswift/actions-runner-org2/_work/bllvm-consensus/bllvm-consensus --use-compress-program unzstd
2025-11-09T23:41:40.7033067Z Cache restored successfully
2025-11-09T23:41:40.7953204Z Cache restored from key: Linux-cargo-registry-be20cb763b1c2a23d480f273acac121679c301efe5e74593667a8cb6ea1cc014
2025-11-09T23:41:41.0911185Z ##[group]Run actions/cache@v3
2025-11-09T23:41:41.0911645Z with:
2025-11-09T23:41:41.0911960Z   path: ~/.cargo/git
2025-11-09T23:41:41.0912661Z   key: Linux-cargo-index-be20cb763b1c2a23d480f273acac121679c301efe5e74593667a8cb6ea1cc014
2025-11-09T23:41:41.0913713Z   enableCrossOsArchive: false
2025-11-09T23:41:41.0914139Z   fail-on-cache-miss: false
2025-11-09T23:41:41.0914815Z   lookup-only: false
2025-11-09T23:41:41.0915155Z env:
2025-11-09T23:41:41.0915459Z   CARGO_TERM_COLOR: always
2025-11-09T23:41:41.0915868Z   CARGO_HOME: /home/jswift/.cargo
2025-11-09T23:41:41.0916328Z   CARGO_INCREMENTAL: 0
2025-11-09T23:41:41.0916708Z ##[endgroup]
2025-11-09T23:41:41.4138546Z Cache not found for input keys: Linux-cargo-index-be20cb763b1c2a23d480f273acac121679c301efe5e74593667a8cb6ea1cc014
2025-11-09T23:41:41.6517871Z ##[group]Run actions/cache@v3
2025-11-09T23:41:41.6518371Z with:
2025-11-09T23:41:41.6518673Z   path: target
2025-11-09T23:41:41.6519513Z   key: Linux-cargo-build-target-be20cb763b1c2a23d480f273acac121679c301efe5e74593667a8cb6ea1cc014
2025-11-09T23:41:41.6520409Z   enableCrossOsArchive: false
2025-11-09T23:41:41.6521516Z   fail-on-cache-miss: false
2025-11-09T23:41:41.6521968Z   lookup-only: false
2025-11-09T23:41:41.6522349Z env:
2025-11-09T23:41:41.6523112Z   CARGO_TERM_COLOR: always
2025-11-09T23:41:41.6523548Z   CARGO_HOME: /home/jswift/.cargo
2025-11-09T23:41:41.6524002Z   CARGO_INCREMENTAL: 0
2025-11-09T23:41:41.6524834Z ##[endgroup]
2025-11-09T23:41:41.9334881Z Cache hit for: Linux-cargo-build-target-be20cb763b1c2a23d480f273acac121679c301efe5e74593667a8cb6ea1cc014
2025-11-09T23:41:42.7028560Z Received 34004884 of 34004884 (100.0%), 51.2 MBs/sec
2025-11-09T23:41:42.7029199Z Cache Size: ~32 MB (34004884 B)
2025-11-09T23:41:42.7062828Z [command]/usr/bin/tar -xf /home/jswift/actions-runner-org2/_work/_temp/25d2031d-1f7b-4ef7-a67c-4140f30f43e5/cache.tzst -P -C /home/jswift/actions-runner-org2/_work/bllvm-consensus/bllvm-consensus --use-compress-program unzstd
2025-11-09T23:41:43.0022209Z Cache restored successfully
2025-11-09T23:41:43.0223811Z Cache restored from key: Linux-cargo-build-target-be20cb763b1c2a23d480f273acac121679c301efe5e74593667a8cb6ea1cc014
2025-11-09T23:41:43.0390919Z ##[group]Run cargo clippy -- -D warnings
2025-11-09T23:41:43.0391315Z [36;1mcargo clippy -- -D warnings[0m
2025-11-09T23:41:43.0422999Z shell: /usr/bin/bash -e {0}
2025-11-09T23:41:43.0423295Z env:
2025-11-09T23:41:43.0423520Z   CARGO_TERM_COLOR: always
2025-11-09T23:41:43.0423800Z   CARGO_HOME: /home/jswift/.cargo
2025-11-09T23:41:43.0424089Z   CARGO_INCREMENTAL: 0
2025-11-09T23:41:43.0424550Z ##[endgroup]
2025-11-09T23:41:43.4097975Z [1m[32m    Checking[0m bllvm-consensus v0.1.0 (/home/jswift/actions-runner-org2/_work/bllvm-consensus/bllvm-consensus)
2025-11-09T23:41:44.2522771Z [0m[1m[38;5;9merror[0m[0m[1m: variables can be used directly in the `format!` string[0m
2025-11-09T23:41:44.2523531Z [0m   [0m[0m[1m[38;5;12m--> [0m[0msrc/transaction.rs:109:55[0m
2025-11-09T23:41:44.2524042Z [0m    [0m[0m[1m[38;5;12m|[0m
2025-11-09T23:41:44.2530179Z [0m[1m[38;5;12m109[0m[0m [0m[0m[1m[38;5;12m|[0m[0m   [0m[0m                ConsensusError::TransactionValidation(format!([0m
2025-11-09T23:41:44.2531085Z [0m    [0m[0m[1m[38;5;12m|[0m[0m [0m[0m[1m[38;5;9m _______________________________________________________^[0m
2025-11-09T23:41:44.2531997Z [0m[1m[38;5;12m110[0m[0m [0m[0m[1m[38;5;12m|[0m[0m [0m[0m[1m[38;5;9m|[0m[0m [0m[0m                    "Output value sum overflow at index {}",[0m
2025-11-09T23:41:44.2532860Z [0m[1m[38;5;12m111[0m[0m [0m[0m[1m[38;5;12m|[0m[0m [0m[0m[1m[38;5;9m|[0m[0m [0m[0m                    i[0m
2025-11-09T23:41:44.2533649Z [0m[1m[38;5;12m112[0m[0m [0m[0m[1m[38;5;12m|[0m[0m [0m[0m[1m[38;5;9m|[0m[0m [0m[0m                ))[0m
2025-11-09T23:41:44.2534294Z [0m    [0m[0m[1m[38;5;12m|[0m[0m [0m[0m[1m[38;5;9m|_________________^[0m
2025-11-09T23:41:44.2534926Z [0m    [0m[0m[1m[38;5;12m|[0m
2025-11-09T23:41:44.2535684Z [0m    [0m[0m[1m[38;5;12m= [0m[0m[1mhelp[0m[0m: for further information visit https://rust-lang.github.io/rust-clippy/master/index.html#uninlined_format_args[0m
2025-11-09T23:41:44.2536593Z [0m    [0m[0m[1m[38;5;12m= [0m[0m[1mnote[0m[0m: `-D clippy::uninlined-format-args` implied by `-D warnings`[0m
2025-11-09T23:41:44.2537331Z [0m    [0m[0m[1m[38;5;12m= [0m[0m[1mhelp[0m[0m: to override `-D warnings` add `#[allow(clippy::uninlined_format_args)]`[0m
2025-11-09T23:41:44.2537831Z 
2025-11-09T23:41:44.2538348Z [0m[1m[38;5;9merror[0m[0m[1m: variables can be used directly in the `format!` string[0m
2025-11-09T23:41:44.2539217Z [0m   [0m[0m[1m[38;5;12m--> [0m[0msrc/transaction.rs:118:45[0m
2025-11-09T23:41:44.2539796Z [0m    [0m[0m[1m[38;5;12m|[0m
2025-11-09T23:41:44.2540419Z [0m[1m[38;5;12m118[0m[0m [0m[0m[1m[38;5;12m|[0m[0m   [0m[0m        return Ok(ValidationResult::Invalid(format!([0m
2025-11-09T23:41:44.2540972Z [0m    [0m[0m[1m[38;5;12m|[0m[0m [0m[0m[1m[38;5;9m _____________________________________________^[0m
2025-11-09T23:41:44.2541612Z [0m[1m[38;5;12m119[0m[0m [0m[0m[1m[38;5;12m|[0m[0m [0m[0m[1m[38;5;9m|[0m[0m [0m[0m            "Total output value {} exceeds maximum money supply",[0m
2025-11-09T23:41:44.2542554Z [0m[1m[38;5;12m120[0m[0m [0m[0m[1m[38;5;12m|[0m[0m [0m[0m[1m[38;5;9m|[0m[0m [0m[0m            total_output_value[0m
2025-11-09T23:41:44.2543108Z [0m[1m[38;5;12m121[0m[0m [0m[0m[1m[38;5;12m|[0m[0m [0m[0m[1m[38;5;9m|[0m[0m [0m[0m        )));[0m
2025-11-09T23:41:44.2543568Z [0m    [0m[0m[1m[38;5;12m|[0m[0m [0m[0m[1m[38;5;9m|_________^[0m
2025-11-09T23:41:44.2543905Z [0m    [0m[0m[1m[38;5;12m|[0m
2025-11-09T23:41:44.2544847Z [0m    [0m[0m[1m[38;5;12m= [0m[0m[1mhelp[0m[0m: for further information visit https://rust-lang.github.io/rust-clippy/master/index.html#uninlined_format_args[0m
2025-11-09T23:41:44.2545338Z 
2025-11-09T23:41:44.2545645Z [0m[1m[38;5;9merror[0m[0m[1m: variables can be used directly in the `format!` string[0m
2025-11-09T23:41:44.2546624Z [0m   [0m[0m[1m[38;5;12m--> [0m[0msrc/transaction.rs:143:45[0m
2025-11-09T23:41:44.2547290Z [0m    [0m[0m[1m[38;5;12m|[0m
2025-11-09T23:41:44.2548133Z [0m[1m[38;5;12m143[0m[0m [0m[0m[1m[38;5;12m|[0m[0m   [0m[0m        return Ok(ValidationResult::Invalid(format!([0m
2025-11-09T23:41:44.2548676Z [0m    [0m[0m[1m[38;5;12m|[0m[0m [0m[0m[1m[38;5;9m _____________________________________________^[0m
2025-11-09T23:41:44.2549242Z [0m[1m[38;5;12m144[0m[0m [0m[0m[1m[38;5;12m|[0m[0m [0m[0m[1m[38;5;9m|[0m[0m [0m[0m            "Transaction too large: {} bytes",[0m
2025-11-09T23:41:44.2549821Z [0m[1m[38;5;12m145[0m[0m [0m[0m[1m[38;5;12m|[0m[0m [0m[0m[1m[38;5;9m|[0m[0m [0m[0m            tx_size[0m
2025-11-09T23:41:44.2550355Z [0m[1m[38;5;12m146[0m[0m [0m[0m[1m[38;5;12m|[0m[0m [0m[0m[1m[38;5;9m|[0m[0m [0m[0m        )));[0m
2025-11-09T23:41:44.2550803Z [0m    [0m[0m[1m[38;5;12m|[0m[0m [0m[0m[1m[38;5;9m|_________^[0m
2025-11-09T23:41:44.2551138Z [0m    [0m[0m[1m[38;5;12m|[0m
2025-11-09T23:41:44.2551823Z [0m    [0m[0m[1m[38;5;12m= [0m[0m[1mhelp[0m[0m: for further information visit https://rust-lang.github.io/rust-clippy/master/index.html#uninlined_format_args[0m
2025-11-09T23:41:44.2552590Z 
2025-11-09T23:41:44.2553117Z [0m[1m[38;5;9merror[0m[0m[1m: variables can be used directly in the `format!` string[0m
2025-11-09T23:41:44.2553963Z [0m   [0m[0m[1m[38;5;12m--> [0m[0msrc/transaction.rs:156:49[0m
2025-11-09T23:41:44.2554542Z [0m    [0m[0m[1m[38;5;12m|[0m
2025-11-09T23:41:44.2555081Z [0m[1m[38;5;12m156[0m[0m [0m[0m[1m[38;5;12m|[0m[0m   [0m[0m            return Ok(ValidationResult::Invalid(format!([0m
2025-11-09T23:41:44.2555617Z [0m    [0m[0m[1m[38;5;12m|[0m[0m [0m[0m[1m[38;5;9m _________________________________________________^[0m
2025-11-09T23:41:44.2556202Z [0m[1m[38;5;12m157[0m[0m [0m[0m[1m[38;5;12m|[0m[0m [0m[0m[1m[38;5;9m|[0m[0m [0m[0m                "Duplicate input prevout at index {}",[0m
2025-11-09T23:41:44.2556779Z [0m[1m[38;5;12m158[0m[0m [0m[0m[1m[38;5;12m|[0m[0m [0m[0m[1m[38;5;9m|[0m[0m [0m[0m                i[0m
2025-11-09T23:41:44.2557309Z [0m[1m[38;5;12m159[0m[0m [0m[0m[1m[38;5;12m|[0m[0m [0m[0m[1m[38;5;9m|[0m[0m [0m[0m            )));[0m
2025-11-09T23:41:44.2557752Z [0m    [0m[0m[1m[38;5;12m|[0m[0m [0m[0m[1m[38;5;9m|_____________^[0m
2025-11-09T23:41:44.2558086Z [0m    [0m[0m[1m[38;5;12m|[0m
2025-11-09T23:41:44.2558752Z [0m    [0m[0m[1m[38;5;12m= [0m[0m[1mhelp[0m[0m: for further information visit https://rust-lang.github.io/rust-clippy/master/index.html#uninlined_format_args[0m
2025-11-09T23:41:44.2559240Z 
2025-11-09T23:41:44.2559506Z [0m[1m[38;5;9merror[0m[0m[1m: variables can be used directly in the `format!` string[0m
2025-11-09T23:41:44.2559979Z [0m   [0m[0m[1m[38;5;12m--> [0m[0msrc/transaction.rs:168:49[0m
2025-11-09T23:41:44.2560322Z [0m    [0m[0m[1m[38;5;12m|[0m
2025-11-09T23:41:44.2560829Z [0m[1m[38;5;12m168[0m[0m [0m[0m[1m[38;5;12m|[0m[0m   [0m[0m            return Ok(ValidationResult::Invalid(format!([0m
2025-11-09T23:41:44.2561952Z [0m    [0m[0m[1m[38;5;12m|[0m[0m [0m[0m[1m[38;5;9m _________________________________________________^[0m
2025-11-09T23:41:44.2562600Z [0m[1m[38;5;12m169[0m[0m [0m[0m[1m[38;5;12m|[0m[0m [0m[0m[1m[38;5;9m|[0m[0m [0m[0m                "Coinbase scriptSig length {} must be between 2 and 100 bytes",[0m
2025-11-09T23:41:44.2563248Z [0m[1m[38;5;12m170[0m[0m [0m[0m[1m[38;5;12m|[0m[0m [0m[0m[1m[38;5;9m|[0m[0m [0m[0m                script_sig_len[0m
2025-11-09T23:41:44.2563789Z [0m[1m[38;5;12m171[0m[0m [0m[0m[1m[38;5;12m|[0m[0m [0m[0m[1m[38;5;9m|[0m[0m [0m[0m            )));[0m
2025-11-09T23:41:44.2564247Z [0m    [0m[0m[1m[38;5;12m|[0m[0m [0m[0m[1m[38;5;9m|_____________^[0m
2025-11-09T23:41:44.2564871Z [0m    [0m[0m[1m[38;5;12m|[0m
2025-11-09T23:41:44.2565546Z [0m    [0m[0m[1m[38;5;12m= [0m[0m[1mhelp[0m[0m: for further information visit https://rust-lang.github.io/rust-clippy/master/index.html#uninlined_format_args[0m
2025-11-09T23:41:44.2566028Z 
2025-11-09T23:41:44.2584000Z [0m[1m[38;5;9merror[0m[0m[1m: variables can be used directly in the `format!` string[0m
2025-11-09T23:41:44.2584859Z [0m   [0m[0m[1m[38;5;12m--> [0m[0msrc/transaction.rs:233:55[0m
2025-11-09T23:41:44.2585215Z [0m    [0m[0m[1m[38;5;12m|[0m
2025-11-09T23:41:44.2585775Z [0m[1m[38;5;12m233[0m[0m [0m[0m[1m[38;5;12m|[0m[0m   [0m[0m                ConsensusError::TransactionValidation(format!([0m
2025-11-09T23:41:44.2586350Z [0m    [0m[0m[1m[38;5;12m|[0m[0m [0m[0m[1m[38;5;9m _______________________________________________________^[0m
2025-11-09T23:41:44.2586942Z [0m[1m[38;5;12m234[0m[0m [0m[0m[1m[38;5;12m|[0m[0m [0m[0m[1m[38;5;9m|[0m[0m [0m[0m                    "Input value overflow at input {}",[0m
2025-11-09T23:41:44.2589405Z [0m[1m[38;5;12m235[0m[0m [0m[0m[1m[38;5;12m|[0m[0m [0m[0m[1m[38;5;9m|[0m[0m [0m[0m                    i[0m
2025-11-09T23:41:44.2589943Z [0m[1m[38;5;12m236[0m[0m [0m[0m[1m[38;5;12m|[0m[0m [0m[0m[1m[38;5;9m|[0m[0m [0m[0m                ))[0m
2025-11-09T23:41:44.2590520Z [0m    [0m[0m[1m[38;5;12m|[0m[0m [0m[0m[1m[38;5;9m|_________________^[0m
2025-11-09T23:41:44.2590894Z [0m    [0m[0m[1m[38;5;12m|[0m
2025-11-09T23:41:44.2591567Z [0m    [0m[0m[1m[38;5;12m= [0m[0m[1mhelp[0m[0m: for further information visit https://rust-lang.github.io/rust-clippy/master/index.html#uninlined_format_args[0m
2025-11-09T23:41:44.2592046Z 
2025-11-09T23:41:44.2601228Z [0m[1m[38;5;9merror[0m[0m[1m: variables can be used directly in the `format!` string[0m
2025-11-09T23:41:44.2601850Z [0m   [0m[0m[1m[38;5;12m--> [0m[0msrc/transaction.rs:260:39[0m
2025-11-09T23:41:44.2602214Z [0m    [0m[0m[1m[38;5;12m|[0m
2025-11-09T23:41:44.2602742Z [0m[1m[38;5;12m260[0m[0m [0m[0m[1m[38;5;12m|[0m[0m   [0m[0m            ValidationResult::Invalid(format!([0m
2025-11-09T23:41:44.2603255Z [0m    [0m[0m[1m[38;5;12m|[0m[0m [0m[0m[1m[38;5;9m _______________________________________^[0m
2025-11-09T23:41:44.2603864Z [0m[1m[38;5;12m261[0m[0m [0m[0m[1m[38;5;12m|[0m[0m [0m[0m[1m[38;5;9m|[0m[0m [0m[0m                "Total output value {} exceeds maximum money supply",[0m
2025-11-09T23:41:44.2604741Z [0m[1m[38;5;12m262[0m[0m [0m[0m[1m[38;5;12m|[0m[0m [0m[0m[1m[38;5;9m|[0m[0m [0m[0m                total_output_value[0m
2025-11-09T23:41:44.2605305Z [0m[1m[38;5;12m263[0m[0m [0m[0m[1m[38;5;12m|[0m[0m [0m[0m[1m[38;5;9m|[0m[0m [0m[0m            )),[0m
2025-11-09T23:41:44.2605758Z [0m    [0m[0m[1m[38;5;12m|[0m[0m [0m[0m[1m[38;5;9m|_____________^[0m
2025-11-09T23:41:44.2606090Z [0m    [0m[0m[1m[38;5;12m|[0m
2025-11-09T23:41:44.2608650Z [0m    [0m[0m[1m[38;5;12m= [0m[0m[1mhelp[0m[0m: for further information visit https://rust-lang.github.io/rust-clippy/master/index.html#uninlined_format_args[0m
2025-11-09T23:41:44.2609390Z 
2025-11-09T23:41:44.3473156Z [0m[1m[38;5;9merror[0m[0m[1m: variables can be used directly in the `format!` string[0m
2025-11-09T23:41:44.3473985Z [0m   [0m[0m[1m[38;5;12m--> [0m[0msrc/block.rs:567:59[0m
2025-11-09T23:41:44.3474797Z [0m    [0m[0m[1m[38;5;12m|[0m
2025-11-09T23:41:44.3475916Z [0m[1m[38;5;12m567[0m[0m [0m[0m[1m[38;5;12m|[0m[0m   [0m[0m[1m[38;5;12m...[0m[0m                   ValidationResult::Invalid(format!([0m
2025-11-09T23:41:44.3478558Z [0m    [0m[0m[1m[38;5;12m|[0m[0m [0m[0m[1m[38;5;9m _________________________________________________^[0m
2025-11-09T23:41:44.3479830Z [0m[1m[38;5;12m568[0m[0m [0m[0m[1m[38;5;12m|[0m[0m [0m[0m[1m[38;5;9m|[0m[0m [0m[0m[1m[38;5;12m...[0m[0m                       "Invalid script at transaction {}, input {}",[0m
2025-11-09T23:41:44.3480834Z [0m[1m[38;5;12m569[0m[0m [0m[0m[1m[38;5;12m|[0m[0m [0m[0m[1m[38;5;9m|[0m[0m [0m[0m[1m[38;5;12m...[0m[0m                       i, j[0m
2025-11-09T23:41:44.3481735Z [0m[1m[38;5;12m570[0m[0m [0m[0m[1m[38;5;12m|[0m[0m [0m[0m[1m[38;5;9m|[0m[0m [0m[0m[1m[38;5;12m...[0m[0m                   )),[0m
2025-11-09T23:41:44.3482457Z [0m    [0m[0m[1m[38;5;12m|[0m[0m [0m[0m[1m[38;5;9m|_______________________^[0m
2025-11-09T23:41:44.3482959Z [0m    [0m[0m[1m[38;5;12m|[0m
2025-11-09T23:41:44.3483971Z [0m    [0m[0m[1m[38;5;12m= [0m[0m[1mhelp[0m[0m: for further information visit https://rust-lang.github.io/rust-clippy/master/index.html#uninlined_format_args[0m
2025-11-09T23:41:44.3484767Z 
2025-11-09T23:41:44.3497442Z [0m[1m[38;5;9merror[0m[0m[1m: variables can be used directly in the `format!` string[0m
2025-11-09T23:41:44.3498092Z [0m   [0m[0m[1m[38;5;12m--> [0m[0msrc/block.rs:622:43[0m
2025-11-09T23:41:44.3498501Z [0m    [0m[0m[1m[38;5;12m|[0m
2025-11-09T23:41:44.3499142Z [0m[1m[38;5;12m622[0m[0m [0m[0m[1m[38;5;12m|[0m[0m   [0m[0m                ValidationResult::Invalid(format!([0m
2025-11-09T23:41:44.3499780Z [0m    [0m[0m[1m[38;5;12m|[0m[0m [0m[0m[1m[38;5;9m ___________________________________________^[0m
2025-11-09T23:41:44.3500551Z [0m[1m[38;5;12m623[0m[0m [0m[0m[1m[38;5;12m|[0m[0m [0m[0m[1m[38;5;9m|[0m[0m [0m[0m                    "Coinbase output {} exceeds maximum money supply",[0m
2025-11-09T23:41:44.3501343Z [0m[1m[38;5;12m624[0m[0m [0m[0m[1m[38;5;12m|[0m[0m [0m[0m[1m[38;5;9m|[0m[0m [0m[0m                    coinbase_output[0m
2025-11-09T23:41:44.3502046Z [0m[1m[38;5;12m625[0m[0m [0m[0m[1m[38;5;12m|[0m[0m [0m[0m[1m[38;5;9m|[0m[0m [0m[0m                )),[0m
2025-11-09T23:41:44.3502617Z [0m    [0m[0m[1m[38;5;12m|[0m[0m [0m[0m[1m[38;5;9m|_________________^[0m
2025-11-09T23:41:44.3503030Z [0m    [0m[0m[1m[38;5;12m|[0m
2025-11-09T23:41:44.3504105Z [0m    [0m[0m[1m[38;5;12m= [0m[0m[1mhelp[0m[0m: for further information visit https://rust-lang.github.io/rust-clippy/master/index.html#uninlined_format_args[0m
2025-11-09T23:41:44.3505323Z 
2025-11-09T23:41:44.3505851Z [0m[1m[38;5;9merror[0m[0m[1m: variables can be used directly in the `format!` string[0m
2025-11-09T23:41:44.3506465Z [0m   [0m[0m[1m[38;5;12m--> [0m[0msrc/block.rs:637:43[0m
2025-11-09T23:41:44.3506883Z [0m    [0m[0m[1m[38;5;12m|[0m
2025-11-09T23:41:44.3507538Z [0m[1m[38;5;12m637[0m[0m [0m[0m[1m[38;5;12m|[0m[0m   [0m[0m                ValidationResult::Invalid(format!([0m
2025-11-09T23:41:44.3509510Z [0m    [0m[0m[1m[38;5;12m|[0m[0m [0m[0m[1m[38;5;9m ___________________________________________^[0m
2025-11-09T23:41:44.3510321Z [0m[1m[38;5;12m638[0m[0m [0m[0m[1m[38;5;12m|[0m[0m [0m[0m[1m[38;5;9m|[0m[0m [0m[0m                    "Coinbase output {} exceeds fees {} + subsidy {}",[0m
2025-11-09T23:41:44.3511205Z [0m[1m[38;5;12m639[0m[0m [0m[0m[1m[38;5;12m|[0m[0m [0m[0m[1m[38;5;9m|[0m[0m [0m[0m                    coinbase_output, total_fees, subsidy[0m
2025-11-09T23:41:44.3512198Z [0m[1m[38;5;12m640[0m[0m [0m[0m[1m[38;5;12m|[0m[0m [0m[0m[1m[38;5;9m|[0m[0m [0m[0m                )),[0m
2025-11-09T23:41:44.3512813Z [0m    [0m[0m[1m[38;5;12m|[0m[0m [0m[0m[1m[38;5;9m|_________________^[0m
2025-11-09T23:41:44.3513251Z [0m    [0m[0m[1m[38;5;12m|[0m
2025-11-09T23:41:44.3514568Z [0m    [0m[0m[1m[38;5;12m= [0m[0m[1mhelp[0m[0m: for further information visit https://rust-lang.github.io/rust-clippy/master/index.html#uninlined_format_args[0m
2025-11-09T23:41:44.3515338Z 
2025-11-09T23:41:44.3529380Z [0m[1m[38;5;9merror[0m[0m[1m: variables can be used directly in the `format!` string[0m
2025-11-09T23:41:44.3531672Z [0m   [0m[0m[1m[38;5;12m--> [0m[0msrc/block.rs:687:39[0m
2025-11-09T23:41:44.3532244Z [0m    [0m[0m[1m[38;5;12m|[0m
2025-11-09T23:41:44.3532803Z [0m[1m[38;5;12m687[0m[0m [0m[0m[1m[38;5;12m|[0m[0m   [0m[0m            ValidationResult::Invalid(format!([0m
2025-11-09T23:41:44.3533329Z [0m    [0m[0m[1m[38;5;12m|[0m[0m [0m[0m[1m[38;5;9m _______________________________________^[0m
2025-11-09T23:41:44.3533906Z [0m[1m[38;5;12m688[0m[0m [0m[0m[1m[38;5;12m|[0m[0m [0m[0m[1m[38;5;9m|[0m[0m [0m[0m                "Block sigop cost {} exceeds maximum {}",[0m
2025-11-09T23:41:44.3534703Z [0m[1m[38;5;12m689[0m[0m [0m[0m[1m[38;5;12m|[0m[0m [0m[0m[1m[38;5;9m|[0m[0m [0m[0m                total_sigop_cost, MAX_BLOCK_SIGOPS_COST[0m
2025-11-09T23:41:44.3535292Z [0m[1m[38;5;12m690[0m[0m [0m[0m[1m[38;5;12m|[0m[0m [0m[0m[1m[38;5;9m|[0m[0m [0m[0m            )),[0m
2025-11-09T23:41:44.3535748Z [0m    [0m[0m[1m[38;5;12m|[0m[0m [0m[0m[1m[38;5;9m|_____________^[0m
2025-11-09T23:41:44.3536091Z [0m    [0m[0m[1m[38;5;12m|[0m
2025-11-09T23:41:44.3536781Z [0m    [0m[0m[1m[38;5;12m= [0m[0m[1mhelp[0m[0m: for further information visit https://rust-lang.github.io/rust-clippy/master/index.html#uninlined_format_args[0m
2025-11-09T23:41:44.3537282Z 
2025-11-09T23:41:44.3657274Z [0m[1m[38;5;9merror[0m[0m[1m: the loop variable `i` is used to index `words`[0m
2025-11-09T23:41:44.3659856Z [0m   [0m[0m[1m[38;5;12m--> [0m[0msrc/crypto/sha256_avx2.rs:191:14[0m
2025-11-09T23:41:44.3660428Z [0m    [0m[0m[1m[38;5;12m|[0m
2025-11-09T23:41:44.3661063Z [0m[1m[38;5;12m191[0m[0m [0m[0m[1m[38;5;12m|[0m[0m [0m[0m    for i in 0..8 {[0m
2025-11-09T23:41:44.3661828Z [0m    [0m[0m[1m[38;5;12m|[0m[0m              [0m[0m[1m[38;5;9m^^^^[0m
2025-11-09T23:41:44.3662381Z [0m    [0m[0m[1m[38;5;12m|[0m
2025-11-09T23:41:44.3663523Z [0m    [0m[0m[1m[38;5;12m= [0m[0m[1mhelp[0m[0m: for further information visit https://rust-lang.github.io/rust-clippy/master/index.html#needless_range_loop[0m
2025-11-09T23:41:44.3665234Z [0m    [0m[0m[1m[38;5;12m= [0m[0m[1mnote[0m[0m: `-D clippy::needless-range-loop` implied by `-D warnings`[0m
2025-11-09T23:41:44.3666297Z [0m    [0m[0m[1m[38;5;12m= [0m[0m[1mhelp[0m[0m: to override `-D warnings` add `#[allow(clippy::needless_range_loop)]`[0m
2025-11-09T23:41:44.3667138Z [0m[1m[38;5;14mhelp[0m[0m: consider using an iterator and enumerate()[0m
2025-11-09T23:41:44.3667675Z [0m    [0m[0m[1m[38;5;12m|[0m
2025-11-09T23:41:44.3668326Z [0m[1m[38;5;12m191[0m[0m [0m[0m[38;5;9m- [0m[0m    for [0m[0m[38;5;9mi[0m[0m in [0m[0m[38;5;9m0..8[0m[0m {[0m
2025-11-09T23:41:44.3669324Z [0m[1m[38;5;12m191[0m[0m [0m[0m[38;5;10m+ [0m[0m    for [0m[0m[38;5;10m(i, <item>)[0m[0m in [0m[0m[38;5;10mwords.iter_mut().enumerate()[0m[0m {[0m
2025-11-09T23:41:44.3670009Z [0m    [0m[0m[1m[38;5;12m|[0m
2025-11-09T23:41:44.3670239Z 
2025-11-09T23:41:44.3817016Z [0m[1m[38;5;9merror[0m[0m[1m: variables can be used directly in the `format!` string[0m
2025-11-09T23:41:44.3827703Z [0m   [0m[0m[1m[38;5;12m--> [0m[0msrc/crypto/sha256_avx2.rs:287:9[0m
2025-11-09T23:41:44.3829011Z [0m    [0m[0m[1m[38;5;12m|[0m
2025-11-09T23:41:44.3830294Z [0m[1m[38;5;12m287[0m[0m [0m[0m[1m[38;5;12m|[0m[0m [0m[0m        println!("DEBUG Transform 1 initial state: a=0x{:08x} (expected 0x6a09e667), h=0x{:08x} (expected 0x5be0cd19)", a_init, h_init);[0m
2025-11-09T23:41:44.3831548Z [0m    [0m[0m[1m[38;5;12m|[0m[0m         [0m[0m[1m[38;5;9m^^^^^^^^^^^^^^^^^^^^^^^^^^^^^^^^^^^^^^^^^^^^^^^^^^^^^^^^^^^^^^^^^^^^^^^^^^^^^^^^^^^^^^^^^^^^^^^^^^^^^^^^^^^^^^^^^^^^^^^^^^^^^^^[0m
2025-11-09T23:41:44.3832115Z [0m    [0m[0m[1m[38;5;12m|[0m
2025-11-09T23:41:44.3833153Z [0m    [0m[0m[1m[38;5;12m= [0m[0m[1mhelp[0m[0m: for further information visit https://rust-lang.github.io/rust-clippy/master/index.html#uninlined_format_args[0m
2025-11-09T23:41:44.3834754Z [0m[1m[38;5;14mhelp[0m[0m: change this to[0m
2025-11-09T23:41:44.3835161Z [0m    [0m[0m[1m[38;5;12m|[0m
2025-11-09T23:41:44.3836021Z [0m[1m[38;5;12m287[0m[0m [0m[0m[38;5;9m- [0m[0m        println!("DEBUG Transform 1 initial state: a=0x{:08x} (expected 0x6a09e667), h=0x{:08x} (expected 0x5be0cd19)"[0m[0m[38;5;9m, a_init, h_init[0m[0m);[0m
2025-11-09T23:41:44.3837299Z [0m[1m[38;5;12m287[0m[0m [0m[0m[38;5;10m+ [0m[0m        println!("DEBUG Transform 1 initial state: a=0x{[0m[0m[38;5;10ma_init[0m[0m:08x} (expected 0x6a09e667), h=0x{[0m[0m[38;5;10mh_init[0m[0m:08x} (expected 0x5be0cd19)");[0m
2025-11-09T23:41:44.3838045Z [0m    [0m[0m[1m[38;5;12m|[0m
2025-11-09T23:41:44.3838218Z 
2025-11-09T23:41:44.3838527Z [0m[1m[38;5;9merror[0m[0m[1m: variables can be used directly in the `format!` string[0m
2025-11-09T23:41:44.3839193Z [0m   [0m[0m[1m[38;5;12m--> [0m[0msrc/crypto/sha256_avx2.rs:315:9[0m
2025-11-09T23:41:44.3839828Z [0m    [0m[0m[1m[38;5;12m|[0m
2025-11-09T23:41:44.3840933Z [0m[1m[38;5;12m315[0m[0m [0m[0m[1m[38;5;12m|[0m[0m [0m[0m        println!("DEBUG: w0 after read8 and shuffle: index 0 = 0x{:08x}, index 7 = 0x{:08x}", w0_val, w0_val_7);[0m
2025-11-09T23:41:44.3841713Z [0m    [0m[0m[1m[38;5;12m|[0m[0m         [0m[0m[1m[38;5;9m^^^^^^^^^^^^^^^^^^^^^^^^^^^^^^^^^^^^^^^^^^^^^^^^^^^^^^^^^^^^^^^^^^^^^^^^^^^^^^^^^^^^^^^^^^^^^^^^^^^^^^^[0m
2025-11-09T23:41:44.3842115Z [0m    [0m[0m[1m[38;5;12m|[0m
2025-11-09T23:41:44.3842834Z [0m    [0m[0m[1m[38;5;12m= [0m[0m[1mhelp[0m[0m: for further information visit https://rust-lang.github.io/rust-clippy/master/index.html#uninlined_format_args[0m
2025-11-09T23:41:44.3843508Z [0m[1m[38;5;14mhelp[0m[0m: change this to[0m
2025-11-09T23:41:44.3843826Z [0m    [0m[0m[1m[38;5;12m|[0m
2025-11-09T23:41:44.3844631Z [0m[1m[38;5;12m315[0m[0m [0m[0m[38;5;9m- [0m[0m        println!("DEBUG: w0 after read8 and shuffle: index 0 = 0x{:08x}, index 7 = 0x{:08x}"[0m[0m[38;5;9m, w0_val, w0_val_7[0m[0m);[0m
2025-11-09T23:41:44.3845614Z [0m[1m[38;5;12m315[0m[0m [0m[0m[38;5;10m+ [0m[0m        println!("DEBUG: w0 after read8 and shuffle: index 0 = 0x{[0m[0m[38;5;10mw0_val[0m[0m:08x}, index 7 = 0x{[0m[0m[38;5;10mw0_val_7[0m[0m:08x}");[0m
2025-11-09T23:41:44.3846216Z [0m    [0m[0m[1m[38;5;12m|[0m
2025-11-09T23:41:44.3846376Z 
2025-11-09T23:41:44.3846661Z [0m[1m[38;5;9merror[0m[0m[1m: variables can be used directly in the `format!` string[0m
2025-11-09T23:41:44.3847150Z [0m   [0m[0m[1m[38;5;12m--> [0m[0msrc/crypto/sha256_avx2.rs:325:9[0m
2025-11-09T23:41:44.3847486Z [0m    [0m[0m[1m[38;5;12m|[0m
2025-11-09T23:41:44.3848042Z [0m[1m[38;5;12m325[0m[0m [0m[0m[1m[38;5;12m|[0m[0m [0m[0m        println!("DEBUG After round 0: a=0x{:08x}, h=0x{:08x}", a_after_round0, h_after_round0);[0m
2025-11-09T23:41:44.3848681Z [0m    [0m[0m[1m[38;5;12m|[0m[0m         [0m[0m[1m[38;5;9m^^^^^^^^^^^^^^^^^^^^^^^^^^^^^^^^^^^^^^^^^^^^^^^^^^^^^^^^^^^^^^^^^^^^^^^^^^^^^^^^^^^^^^^[0m
2025-11-09T23:41:44.3849048Z [0m    [0m[0m[1m[38;5;12m|[0m
2025-11-09T23:41:44.3849893Z [0m    [0m[0m[1m[38;5;12m= [0m[0m[1mhelp[0m[0m: for further information visit https://rust-lang.github.io/rust-clippy/master/index.html#uninlined_format_args[0m
2025-11-09T23:41:44.3850526Z [0m[1m[38;5;14mhelp[0m[0m: change this to[0m
2025-11-09T23:41:44.3850843Z [0m    [0m[0m[1m[38;5;12m|[0m
2025-11-09T23:41:44.3851912Z [0m[1m[38;5;12m325[0m[0m [0m[0m[38;5;9m- [0m[0m        println!("DEBUG After round 0: a=0x{:08x}, h=0x{:08x}"[0m[0m[38;5;9m, a_after_round0, h_after_round0[0m[0m);[0m
2025-11-09T23:41:44.3853291Z [0m[1m[38;5;12m325[0m[0m [0m[0m[38;5;10m+ [0m[0m        println!("DEBUG After round 0: a=0x{[0m[0m[38;5;10ma_after_round0[0m[0m:08x}, h=0x{[0m[0m[38;5;10mh_after_round0[0m[0m:08x}");[0m
2025-11-09T23:41:44.3853862Z [0m    [0m[0m[1m[38;5;12m|[0m
2025-11-09T23:41:44.3854016Z 
2025-11-09T23:41:44.3854591Z [0m[1m[38;5;9merror[0m[0m[1m: variables can be used directly in the `format!` string[0m
2025-11-09T23:41:44.3855108Z [0m   [0m[0m[1m[38;5;12m--> [0m[0msrc/crypto/sha256_avx2.rs:333:9[0m
2025-11-09T23:41:44.3855449Z [0m    [0m[0m[1m[38;5;12m|[0m
2025-11-09T23:41:44.3855999Z [0m[1m[38;5;12m333[0m[0m [0m[0m[1m[38;5;12m|[0m[0m [0m[0m        println!("DEBUG After round 1: a=0x{:08x}, h=0x{:08x}", a_after_round1, h_after_round1);[0m
2025-11-09T23:41:44.3856637Z [0m    [0m[0m[1m[38;5;12m|[0m[0m         [0m[0m[1m[38;5;9m^^^^^^^^^^^^^^^^^^^^^^^^^^^^^^^^^^^^^^^^^^^^^^^^^^^^^^^^^^^^^^^^^^^^^^^^^^^^^^^^^^^^^^^[0m
2025-11-09T23:41:44.3856998Z [0m    [0m[0m[1m[38;5;12m|[0m
2025-11-09T23:41:44.3857660Z [0m    [0m[0m[1m[38;5;12m= [0m[0m[1mhelp[0m[0m: for further information visit https://rust-lang.github.io/rust-clippy/master/index.html#uninlined_format_args[0m
2025-11-09T23:41:44.3858291Z [0m[1m[38;5;14mhelp[0m[0m: change this to[0m
2025-11-09T23:41:44.3858603Z [0m    [0m[0m[1m[38;5;12m|[0m
2025-11-09T23:41:44.3859182Z [0m[1m[38;5;12m333[0m[0m [0m[0m[38;5;9m- [0m[0m        println!("DEBUG After round 1: a=0x{:08x}, h=0x{:08x}"[0m[0m[38;5;9m, a_after_round1, h_after_round1[0m[0m);[0m
2025-11-09T23:41:44.3860054Z [0m[1m[38;5;12m333[0m[0m [0m[0m[38;5;10m+ [0m[0m        println!("DEBUG After round 1: a=0x{[0m[0m[38;5;10ma_after_round1[0m[0m:08x}, h=0x{[0m[0m[38;5;10mh_after_round1[0m[0m:08x}");[0m
2025-11-09T23:41:44.3860602Z [0m    [0m[0m[1m[38;5;12m|[0m
2025-11-09T23:41:44.3860754Z 
2025-11-09T23:41:44.3891213Z [0m[1m[38;5;9merror[0m[0m[1m: variables can be used directly in the `format!` string[0m
2025-11-09T23:41:44.3891855Z [0m   [0m[0m[1m[38;5;12m--> [0m[0msrc/crypto/sha256_avx2.rs:352:9[0m
2025-11-09T23:41:44.3892220Z [0m    [0m[0m[1m[38;5;12m|[0m
2025-11-09T23:41:44.3892863Z [0m[1m[38;5;12m352[0m[0m [0m[0m[1m[38;5;12m|[0m[0m [0m[0m        println!("DEBUG After round 7: a=0x{:08x}, b=0x{:08x}, h=0x{:08x}", a_after_round7, b_after_round7, h_after_round7);[0m
2025-11-09T23:41:44.3893573Z [0m    [0m[0m[1m[38;5;12m|[0m[0m         [0m[0m[1m[38;5;9m^^^^^^^^^^^^^^^^^^^^^^^^^^^^^^^^^^^^^^^^^^^^^^^^^^^^^^^^^^^^^^^^^^^^^^^^^^^^^^^^^^^^^^^^^^^^^^^^^^^^^^^^^^^^^^^^^^^[0m
2025-11-09T23:41:44.3893954Z [0m    [0m[0m[1m[38;5;12m|[0m
2025-11-09T23:41:44.3894884Z [0m    [0m[0m[1m[38;5;12m= [0m[0m[1mhelp[0m[0m: for further information visit https://rust-lang.github.io/rust-clippy/master/index.html#uninlined_format_args[0m
2025-11-09T23:41:44.3895534Z [0m[1m[38;5;14mhelp[0m[0m: change this to[0m
2025-11-09T23:41:44.3895881Z [0m    [0m[0m[1m[38;5;12m|[0m
2025-11-09T23:41:44.3896535Z [0m[1m[38;5;12m352[0m[0m [0m[0m[38;5;9m- [0m[0m        println!("DEBUG After round 7: a=0x{:08x}, b=0x{:08x}, h=0x{:08x}"[0m[0m[38;5;9m, a_after_round7, b_after_round7, h_after_round7[0m[0m);[0m
2025-11-09T23:41:44.3897570Z [0m[1m[38;5;12m352[0m[0m [0m[0m[38;5;10m+ [0m[0m        println!("DEBUG After round 7: a=0x{[0m[0m[38;5;10ma_after_round7[0m[0m:08x}, b=0x{[0m[0m[38;5;10mb_after_round7[0m[0m:08x}, h=0x{[0m[0m[38;5;10mh_after_round7[0m[0m:08x}");[0m
2025-11-09T23:41:44.3898448Z [0m    [0m[0m[1m[38;5;12m|[0m
2025-11-09T23:41:44.3898615Z 
2025-11-09T23:41:44.3940814Z [0m[1m[38;5;9merror[0m[0m[1m: variables can be used directly in the `format!` string[0m
2025-11-09T23:41:44.3941491Z [0m   [0m[0m[1m[38;5;12m--> [0m[0msrc/crypto/sha256_avx2.rs:374:9[0m
2025-11-09T23:41:44.3941865Z [0m    [0m[0m[1m[38;5;12m|[0m
2025-11-09T23:41:44.3942449Z [0m[1m[38;5;12m374[0m[0m [0m[0m[1m[38;5;12m|[0m[0m [0m[0m        println!("DEBUG After round 15: a=0x{:08x}, h=0x{:08x}", a_after_round15, h_after_round15);[0m
2025-11-09T23:41:44.3943098Z [0m    [0m[0m[1m[38;5;12m|[0m[0m         [0m[0m[1m[38;5;9m^^^^^^^^^^^^^^^^^^^^^^^^^^^^^^^^^^^^^^^^^^^^^^^^^^^^^^^^^^^^^^^^^^^^^^^^^^^^^^^^^^^^^^^^^^[0m
2025-11-09T23:41:44.3943654Z [0m    [0m[0m[1m[38;5;12m|[0m
2025-11-09T23:41:44.3944628Z [0m    [0m[0m[1m[38;5;12m= [0m[0m[1mhelp[0m[0m: for further information visit https://rust-lang.github.io/rust-clippy/master/index.html#uninlined_format_args[0m
2025-11-09T23:41:44.3945313Z [0m[1m[38;5;14mhelp[0m[0m: change this to[0m
2025-11-09T23:41:44.3945631Z [0m    [0m[0m[1m[38;5;12m|[0m
2025-11-09T23:41:44.3946238Z [0m[1m[38;5;12m374[0m[0m [0m[0m[38;5;9m- [0m[0m        println!("DEBUG After round 15: a=0x{:08x}, h=0x{:08x}"[0m[0m[38;5;9m, a_after_round15, h_after_round15[0m[0m);[0m
2025-11-09T23:41:44.3947141Z [0m[1m[38;5;12m374[0m[0m [0m[0m[38;5;10m+ [0m[0m        println!("DEBUG After round 15: a=0x{[0m[0m[38;5;10ma_after_round15[0m[0m:08x}, h=0x{[0m[0m[38;5;10mh_after_round15[0m[0m:08x}");[0m
2025-11-09T23:41:44.3947699Z [0m    [0m[0m[1m[38;5;12m|[0m
2025-11-09T23:41:44.3947857Z 
2025-11-09T23:41:44.3949579Z [0m[1m[38;5;9merror[0m[0m[1m: variables can be used directly in the `format!` string[0m
2025-11-09T23:41:44.3950435Z [0m   [0m[0m[1m[38;5;12m--> [0m[0msrc/crypto/sha256_avx2.rs:385:9[0m
2025-11-09T23:41:44.3950817Z [0m    [0m[0m[1m[38;5;12m|[0m
2025-11-09T23:41:44.3951493Z [0m[1m[38;5;12m385[0m[0m [0m[0m[1m[38;5;12m|[0m[0m [0m[0m        println!("DEBUG Round 16 before inc4: w0=0x{:08x}, w14=0x{:08x}, w9=0x{:08x}, w1=0x{:08x}", w0_before, w14_val, w9_val, w1_val);[0m
2025-11-09T23:41:44.3952246Z [0m    [0m[0m[1m[38;5;12m|[0m[0m         [0m[0m[1m[38;5;9m^^^^^^^^^^^^^^^^^^^^^^^^^^^^^^^^^^^^^^^^^^^^^^^^^^^^^^^^^^^^^^^^^^^^^^^^^^^^^^^^^^^^^^^^^^^^^^^^^^^^^^^^^^^^^^^^^^^^^^^^^^^^^^^[0m
2025-11-09T23:41:44.3952630Z [0m    [0m[0m[1m[38;5;12m|[0m
2025-11-09T23:41:44.3953725Z [0m    [0m[0m[1m[38;5;12m= [0m[0m[1mhelp[0m[0m: for further information visit https://rust-lang.github.io/rust-clippy/master/index.html#uninlined_format_args[0m
2025-11-09T23:41:44.3954655Z [0m[1m[38;5;14mhelp[0m[0m: change this to[0m
2025-11-09T23:41:44.3955015Z [0m    [0m[0m[1m[38;5;12m|[0m
2025-11-09T23:41:44.3955713Z [0m[1m[38;5;12m385[0m[0m [0m[0m[38;5;9m- [0m[0m        println!("DEBUG Round 16 before inc4: w0=0x{:08x}, w14=0x{:08x}, w9=0x{:08x}, w1=0x{:08x}"[0m[0m[38;5;9m, w0_before, w14_val, w9_val, w1_val[0m[0m);[0m
2025-11-09T23:41:44.3956843Z [0m[1m[38;5;12m385[0m[0m [0m[0m[38;5;10m+ [0m[0m        println!("DEBUG Round 16 before inc4: w0=0x{[0m[0m[38;5;10mw0_before[0m[0m:08x}, w14=0x{[0m[0m[38;5;10mw14_val[0m[0m:08x}, w9=0x{[0m[0m[38;5;10mw9_val[0m[0m:08x}, w1=0x{[0m[0m[38;5;10mw1_val[0m[0m:08x}");[0m
2025-11-09T23:41:44.3957703Z [0m    [0m[0m[1m[38;5;12m|[0m
2025-11-09T23:41:44.3957968Z 
2025-11-09T23:41:44.3958499Z [0m[1m[38;5;9merror[0m[0m[1m: variables can be used directly in the `format!` string[0m
2025-11-09T23:41:44.3959303Z [0m   [0m[0m[1m[38;5;12m--> [0m[0msrc/crypto/sha256_avx2.rs:391:9[0m
2025-11-09T23:41:44.3959660Z [0m    [0m[0m[1m[38;5;12m|[0m
2025-11-09T23:41:44.3960219Z [0m[1m[38;5;12m391[0m[0m [0m[0m[1m[38;5;12m|[0m[0m [0m[0m        println!("DEBUG After inc4 w0 (round 16): w0=0x{:08x}", w0_after_inc);[0m
2025-11-09T23:41:44.3961027Z [0m    [0m[0m[1m[38;5;12m|[0m[0m         [0m[0m[1m[38;5;9m^^^^^^^^^^^^^^^^^^^^^^^^^^^^^^^^^^^^^^^^^^^^^^^^^^^^^^^^^^^^^^^^^^^^^[0m
2025-11-09T23:41:44.3961393Z [0m    [0m[0m[1m[38;5;12m|[0m
2025-11-09T23:41:44.3962062Z [0m    [0m[0m[1m[38;5;12m= [0m[0m[1mhelp[0m[0m: for further information visit https://rust-lang.github.io/rust-clippy/master/index.html#uninlined_format_args[0m
2025-11-09T23:41:44.3962702Z [0m[1m[38;5;14mhelp[0m[0m: change this to[0m
2025-11-09T23:41:44.3963012Z [0m    [0m[0m[1m[38;5;12m|[0m
2025-11-09T23:41:44.3963565Z [0m[1m[38;5;12m391[0m[0m [0m[0m[38;5;9m- [0m[0m        println!("DEBUG After inc4 w0 (round 16): w0=0x{:08x}"[0m[0m[38;5;9m, w0_after_inc[0m[0m);[0m
2025-11-09T23:41:44.3964615Z [0m[1m[38;5;12m391[0m[0m [0m[0m[38;5;10m+ [0m[0m        println!("DEBUG After inc4 w0 (round 16): w0=0x{[0m[0m[38;5;10mw0_after_inc[0m[0m:08x}");[0m
2025-11-09T23:41:44.3965149Z [0m    [0m[0m[1m[38;5;12m|[0m
2025-11-09T23:41:44.3965315Z 
2025-11-09T23:41:44.3973115Z [0m[1m[38;5;9merror[0m[0m[1m: variables can be used directly in the `format!` string[0m
2025-11-09T23:41:44.3973656Z [0m   [0m[0m[1m[38;5;12m--> [0m[0msrc/crypto/sha256_avx2.rs:404:9[0m
2025-11-09T23:41:44.3974018Z [0m    [0m[0m[1m[38;5;12m|[0m
2025-11-09T23:41:44.3975045Z [0m[1m[38;5;12m404[0m[0m [0m[0m[1m[38;5;12m|[0m[0m [0m[0m[1m[38;5;9m/[0m[0m [0m[0m        println!("DEBUG After round 16: a=0x{:08x} b=0x{:08x} c=0x{:08x} d=0x{:08x} e=0x{:08x} f=0x{:08x} g=0x{:08x} h=0x{:08x}", [0m
2025-11-09T23:41:44.3975942Z [0m[1m[38;5;12m405[0m[0m [0m[0m[1m[38;5;12m|[0m[0m [0m[0m[1m[38;5;9m|[0m[0m [0m[0m                 a_after_round16, b_after_round16, c_after_round16, d_after_round16,[0m
2025-11-09T23:41:44.3978528Z [0m[1m[38;5;12m406[0m[0m [0m[0m[1m[38;5;12m|[0m[0m [0m[0m[1m[38;5;9m|[0m[0m [0m[0m                 e_after_round16, f_after_round16, g_after_round16, h_after_round16);[0m
2025-11-09T23:41:44.3979198Z [0m    [0m[0m[1m[38;5;12m|[0m[0m [0m[0m[1m[38;5;9m|____________________________________________________________________________________^[0m
2025-11-09T23:41:44.3979608Z [0m    [0m[0m[1m[38;5;12m|[0m
2025-11-09T23:41:44.3980277Z [0m    [0m[0m[1m[38;5;12m= [0m[0m[1mhelp[0m[0m: for further information visit https://rust-lang.github.io/rust-clippy/master/index.html#uninlined_format_args[0m
2025-11-09T23:41:44.3980772Z 
2025-11-09T23:41:44.4002104Z [0m[1m[38;5;9merror[0m[0m[1m: variables can be used directly in the `format!` string[0m
2025-11-09T23:41:44.4003119Z [0m   [0m[0m[1m[38;5;12m--> [0m[0msrc/crypto/sha256_avx2.rs:415:9[0m
2025-11-09T23:41:44.4003791Z [0m    [0m[0m[1m[38;5;12m|[0m
2025-11-09T23:41:44.4005048Z [0m[1m[38;5;12m415[0m[0m [0m[0m[1m[38;5;12m|[0m[0m [0m[0m        println!("DEBUG After round 18: a=0x{:08x}", a_after_round18);[0m
2025-11-09T23:41:44.4006231Z [0m    [0m[0m[1m[38;5;12m|[0m[0m         [0m[0m[1m[38;5;9m^^^^^^^^^^^^^^^^^^^^^^^^^^^^^^^^^^^^^^^^^^^^^^^^^^^^^^^^^^^^^[0m
2025-11-09T23:41:44.4006976Z [0m    [0m[0m[1m[38;5;12m|[0m
2025-11-09T23:41:44.4010309Z [0m    [0m[0m[1m[38;5;12m= [0m[0m[1mhelp[0m[0m: for further information visit https://rust-lang.github.io/rust-clippy/master/index.html#uninlined_format_args[0m
2025-11-09T23:41:44.4011648Z [0m[1m[38;5;14mhelp[0m[0m: change this to[0m
2025-11-09T23:41:44.4012268Z [0m    [0m[0m[1m[38;5;12m|[0m
2025-11-09T23:41:44.4013344Z [0m[1m[38;5;12m415[0m[0m [0m[0m[38;5;9m- [0m[0m        println!("DEBUG After round 18: a=0x{:08x}"[0m[0m[38;5;9m, a_after_round18[0m[0m);[0m
2025-11-09T23:41:44.4015261Z [0m[1m[38;5;12m415[0m[0m [0m[0m[38;5;10m+ [0m[0m        println!("DEBUG After round 18: a=0x{[0m[0m[38;5;10ma_after_round18[0m[0m:08x}");[0m
2025-11-09T23:41:44.4016137Z [0m    [0m[0m[1m[38;5;12m|[0m
2025-11-09T23:41:44.4016700Z 
2025-11-09T23:41:44.4025619Z [0m[1m[38;5;9merror[0m[0m[1m: variables can be used directly in the `format!` string[0m
2025-11-09T23:41:44.4026544Z [0m   [0m[0m[1m[38;5;12m--> [0m[0msrc/crypto/sha256_avx2.rs:424:9[0m
2025-11-09T23:41:44.4027158Z [0m    [0m[0m[1m[38;5;12m|[0m
2025-11-09T23:41:44.4028073Z [0m[1m[38;5;12m424[0m[0m [0m[0m[1m[38;5;12m|[0m[0m [0m[0m        println!("DEBUG After round 20: a=0x{:08x}", a_after_round20);[0m
2025-11-09T23:41:44.4029141Z [0m    [0m[0m[1m[38;5;12m|[0m[0m         [0m[0m[1m[38;5;9m^^^^^^^^^^^^^^^^^^^^^^^^^^^^^^^^^^^^^^^^^^^^^^^^^^^^^^^^^^^^^[0m
2025-11-09T23:41:44.4031665Z [0m    [0m[0m[1m[38;5;12m|[0m
2025-11-09T23:41:44.4032903Z [0m    [0m[0m[1m[38;5;12m= [0m[0m[1mhelp[0m[0m: for further information visit https://rust-lang.github.io/rust-clippy/master/index.html#uninlined_format_args[0m
2025-11-09T23:41:44.4034553Z [0m[1m[38;5;14mhelp[0m[0m: change this to[0m
2025-11-09T23:41:44.4035183Z [0m    [0m[0m[1m[38;5;12m|[0m
2025-11-09T23:41:44.4036163Z [0m[1m[38;5;12m424[0m[0m [0m[0m[38;5;9m- [0m[0m        println!("DEBUG After round 20: a=0x{:08x}"[0m[0m[38;5;9m, a_after_round20[0m[0m);[0m
2025-11-09T23:41:44.4037484Z [0m[1m[38;5;12m424[0m[0m [0m[0m[38;5;10m+ [0m[0m        println!("DEBUG After round 20: a=0x{[0m[0m[38;5;10ma_after_round20[0m[0m:08x}");[0m
2025-11-09T23:41:44.4038331Z [0m    [0m[0m[1m[38;5;12m|[0m
2025-11-09T23:41:44.4038619Z 
2025-11-09T23:41:44.4098123Z [0m[1m[38;5;9merror[0m[0m[1m: variables can be used directly in the `format!` string[0m
2025-11-09T23:41:44.4099053Z [0m   [0m[0m[1m[38;5;12m--> [0m[0msrc/crypto/sha256_avx2.rs:449:9[0m
2025-11-09T23:41:44.4099769Z [0m    [0m[0m[1m[38;5;12m|[0m
2025-11-09T23:41:44.4100740Z [0m[1m[38;5;12m449[0m[0m [0m[0m[1m[38;5;12m|[0m[0m [0m[0m        println!("DEBUG After round 30: a=0x{:08x}", a_after_round30);[0m
2025-11-09T23:41:44.4101817Z [0m    [0m[0m[1m[38;5;12m|[0m[0m         [0m[0m[1m[38;5;9m^^^^^^^^^^^^^^^^^^^^^^^^^^^^^^^^^^^^^^^^^^^^^^^^^^^^^^^^^^^^^[0m
2025-11-09T23:41:44.4102483Z [0m    [0m[0m[1m[38;5;12m|[0m
2025-11-09T23:41:44.4103705Z [0m    [0m[0m[1m[38;5;12m= [0m[0m[1mhelp[0m[0m: for further information visit https://rust-lang.github.io/rust-clippy/master/index.html#uninlined_format_args[0m
2025-11-09T23:41:44.4105084Z [0m[1m[38;5;14mhelp[0m[0m: change this to[0m
2025-11-09T23:41:44.4105636Z [0m    [0m[0m[1m[38;5;12m|[0m
2025-11-09T23:41:44.4106606Z [0m[1m[38;5;12m449[0m[0m [0m[0m[38;5;9m- [0m[0m        println!("DEBUG After round 30: a=0x{:08x}"[0m[0m[38;5;9m, a_after_round30[0m[0m);[0m
2025-11-09T23:41:44.4107933Z [0m[1m[38;5;12m449[0m[0m [0m[0m[38;5;10m+ [0m[0m        println!("DEBUG After round 30: a=0x{[0m[0m[38;5;10ma_after_round30[0m[0m:08x}");[0m
2025-11-09T23:41:44.4110399Z [0m    [0m[0m[1m[38;5;12m|[0m
2025-11-09T23:41:44.4110694Z 
2025-11-09T23:41:44.4112130Z [0m[1m[38;5;9merror[0m[0m[1m: variables can be used directly in the `format!` string[0m
2025-11-09T23:41:44.4113003Z [0m   [0m[0m[1m[38;5;12m--> [0m[0msrc/crypto/sha256_avx2.rs:462:9[0m
2025-11-09T23:41:44.4113799Z [0m    [0m[0m[1m[38;5;12m|[0m
2025-11-09T23:41:44.4115219Z [0m[1m[38;5;12m462[0m[0m [0m[0m[1m[38;5;12m|[0m[0m [0m[0m[1m[38;5;9m/[0m[0m [0m[0m        println!("DEBUG Before round 31: a=0x{:08x} b=0x{:08x} c=0x{:08x} d=0x{:08x} e=0x{:08x} f=0x{:08x} g=0x{:08x} h=0x{:08x}", [0m
2025-11-09T23:41:44.4116841Z [0m[1m[38;5;12m463[0m[0m [0m[0m[1m[38;5;12m|[0m[0m [0m[0m[1m[38;5;9m|[0m[0m [0m[0m                 a_before_round31, b_before_round31, c_before_round31, d_before_round31,[0m
2025-11-09T23:41:44.4120130Z [0m[1m[38;5;12m464[0m[0m [0m[0m[1m[38;5;12m|[0m[0m [0m[0m[1m[38;5;9m|[0m[0m [0m[0m                 e_before_round31, f_before_round31, g_before_round31, h_before_round31);[0m
2025-11-09T23:41:44.4121445Z [0m    [0m[0m[1m[38;5;12m|[0m[0m [0m[0m[1m[38;5;9m|________________________________________________________________________________________^[0m
2025-11-09T23:41:44.4122461Z [0m    [0m[0m[1m[38;5;12m|[0m
2025-11-09T23:41:44.4123676Z [0m    [0m[0m[1m[38;5;12m= [0m[0m[1mhelp[0m[0m: for further information visit https://rust-lang.github.io/rust-clippy/master/index.html#uninlined_format_args[0m
2025-11-09T23:41:44.4124726Z 
2025-11-09T23:41:44.4135361Z [0m[1m[38;5;9merror[0m[0m[1m: variables can be used directly in the `format!` string[0m
2025-11-09T23:41:44.4136404Z [0m   [0m[0m[1m[38;5;12m--> [0m[0msrc/crypto/sha256_avx2.rs:471:9[0m
2025-11-09T23:41:44.4136949Z [0m    [0m[0m[1m[38;5;12m|[0m
2025-11-09T23:41:44.4138181Z [0m[1m[38;5;12m471[0m[0m [0m[0m[1m[38;5;12m|[0m[0m [0m[0m        println!("DEBUG w15 before inc4: 0x{:08x}, w13: 0x{:08x}, w8: 0x{:08x}, w0: 0x{:08x}", w15_before, w13_val, w8_val, w0_val);[0m
2025-11-09T23:41:44.4139349Z [0m    [0m[0m[1m[38;5;12m|[0m[0m         [0m[0m[1m[38;5;9m^^^^^^^^^^^^^^^^^^^^^^^^^^^^^^^^^^^^^^^^^^^^^^^^^^^^^^^^^^^^^^^^^^^^^^^^^^^^^^^^^^^^^^^^^^^^^^^^^^^^^^^^^^^^^^^^^^^^^^^^^^^[0m
2025-11-09T23:41:44.4139941Z [0m    [0m[0m[1m[38;5;12m|[0m
2025-11-09T23:41:44.4141599Z [0m    [0m[0m[1m[38;5;12m= [0m[0m[1mhelp[0m[0m: for further information visit https://rust-lang.github.io/rust-clippy/master/index.html#uninlined_format_args[0m
2025-11-09T23:41:44.4142771Z [0m[1m[38;5;14mhelp[0m[0m: change this to[0m
2025-11-09T23:41:44.4143250Z [0m    [0m[0m[1m[38;5;12m|[0m
2025-11-09T23:41:44.4144559Z [0m[1m[38;5;12m471[0m[0m [0m[0m[38;5;9m- [0m[0m        println!("DEBUG w15 before inc4: 0x{:08x}, w13: 0x{:08x}, w8: 0x{:08x}, w0: 0x{:08x}"[0m[0m[38;5;9m, w15_before, w13_val, w8_val, w0_val[0m[0m);[0m
2025-11-09T23:41:44.4146290Z [0m[1m[38;5;12m471[0m[0m [0m[0m[38;5;10m+ [0m[0m        println!("DEBUG w15 before inc4: 0x{[0m[0m[38;5;10mw15_before[0m[0m:08x}, w13: 0x{[0m[0m[38;5;10mw13_val[0m[0m:08x}, w8: 0x{[0m[0m[38;5;10mw8_val[0m[0m:08x}, w0: 0x{[0m[0m[38;5;10mw0_val[0m[0m:08x}");[0m
2025-11-09T23:41:44.4147439Z [0m    [0m[0m[1m[38;5;12m|[0m
2025-11-09T23:41:44.4147864Z 
2025-11-09T23:41:44.4148510Z [0m[1m[38;5;9merror[0m[0m[1m: variables can be used directly in the `format!` string[0m
2025-11-09T23:41:44.4149442Z [0m   [0m[0m[1m[38;5;12m--> [0m[0msrc/crypto/sha256_avx2.rs:472:9[0m
2025-11-09T23:41:44.4151392Z [0m    [0m[0m[1m[38;5;12m|[0m
2025-11-09T23:41:44.4152125Z [0m[1m[38;5;12m472[0m[0m [0m[0m[1m[38;5;12m|[0m[0m [0m[0m        println!("DEBUG w11: 0x{:08x}, w6: 0x{:08x}", w11_val, w6_val);[0m
2025-11-09T23:41:44.4152978Z [0m    [0m[0m[1m[38;5;12m|[0m[0m         [0m[0m[1m[38;5;9m^^^^^^^^^^^^^^^^^^^^^^^^^^^^^^^^^^^^^^^^^^^^^^^^^^^^^^^^^^^^^^[0m
2025-11-09T23:41:44.4153503Z [0m    [0m[0m[1m[38;5;12m|[0m
2025-11-09T23:41:44.4154768Z [0m    [0m[0m[1m[38;5;12m= [0m[0m[1mhelp[0m[0m: for further information visit https://rust-lang.github.io/rust-clippy/master/index.html#uninlined_format_args[0m
2025-11-09T23:41:44.4156127Z [0m[1m[38;5;14mhelp[0m[0m: change this to[0m
2025-11-09T23:41:44.4156696Z [0m    [0m[0m[1m[38;5;12m|[0m
2025-11-09T23:41:44.4157473Z [0m[1m[38;5;12m472[0m[0m [0m[0m[38;5;9m- [0m[0m        println!("DEBUG w11: 0x{:08x}, w6: 0x{:08x}"[0m[0m[38;5;9m, w11_val, w6_val[0m[0m);[0m
2025-11-09T23:41:44.4160049Z [0m[1m[38;5;12m472[0m[0m [0m[0m[38;5;10m+ [0m[0m        println!("DEBUG w11: 0x{[0m[0m[38;5;10mw11_val[0m[0m:08x}, w6: 0x{[0m[0m[38;5;10mw6_val[0m[0m:08x}");[0m
2025-11-09T23:41:44.4160550Z [0m    [0m[0m[1m[38;5;12m|[0m
2025-11-09T23:41:44.4160750Z 
2025-11-09T23:41:44.4161263Z [0m[1m[38;5;9merror[0m[0m[1m: variables can be used directly in the `format!` string[0m
2025-11-09T23:41:44.4162132Z [0m   [0m[0m[1m[38;5;12m--> [0m[0msrc/crypto/sha256_avx2.rs:475:9[0m
2025-11-09T23:41:44.4162719Z [0m    [0m[0m[1m[38;5;12m|[0m
2025-11-09T23:41:44.4163541Z [0m[1m[38;5;12m475[0m[0m [0m[0m[1m[38;5;12m|[0m[0m [0m[0m        println!("DEBUG sigma1_small(w13): 0x{:08x}, sigma0_small(w0): 0x{:08x}", sigma1_w13, sigma0_w0);[0m
2025-11-09T23:41:44.4164253Z [0m    [0m[0m[1m[38;5;12m|[0m[0m         [0m[0m[1m[38;5;9m^^^^^^^^^^^^^^^^^^^^^^^^^^^^^^^^^^^^^^^^^^^^^^^^^^^^^^^^^^^^^^^^^^^^^^^^^^^^^^^^^^^^^^^^^^^^^^^^[0m
2025-11-09T23:41:44.4164914Z [0m    [0m[0m[1m[38;5;12m|[0m
2025-11-09T23:41:44.4165609Z [0m    [0m[0m[1m[38;5;12m= [0m[0m[1mhelp[0m[0m: for further information visit https://rust-lang.github.io/rust-clippy/master/index.html#uninlined_format_args[0m
2025-11-09T23:41:44.4166257Z [0m[1m[38;5;14mhelp[0m[0m: change this to[0m
2025-11-09T23:41:44.4166573Z [0m    [0m[0m[1m[38;5;12m|[0m
2025-11-09T23:41:44.4167395Z [0m[1m[38;5;12m475[0m[0m [0m[0m[38;5;9m- [0m[0m        println!("DEBUG sigma1_small(w13): 0x{:08x}, sigma0_small(w0): 0x{:08x}"[0m[0m[38;5;9m, sigma1_w13, sigma0_w0[0m[0m);[0m
2025-11-09T23:41:44.4168391Z [0m[1m[38;5;12m475[0m[0m [0m[0m[38;5;10m+ [0m[0m        println!("DEBUG sigma1_small(w13): 0x{[0m[0m[38;5;10msigma1_w13[0m[0m:08x}, sigma0_small(w0): 0x{[0m[0m[38;5;10msigma0_w0[0m[0m:08x}");[0m
2025-11-09T23:41:44.4168993Z [0m    [0m[0m[1m[38;5;12m|[0m
2025-11-09T23:41:44.4169149Z 
2025-11-09T23:41:44.4169427Z [0m[1m[38;5;9merror[0m[0m[1m: variables can be used directly in the `format!` string[0m
2025-11-09T23:41:44.4169920Z [0m   [0m[0m[1m[38;5;12m--> [0m[0msrc/crypto/sha256_avx2.rs:481:9[0m
2025-11-09T23:41:44.4170261Z [0m    [0m[0m[1m[38;5;12m|[0m
2025-11-09T23:41:44.4170735Z [0m[1m[38;5;12m481[0m[0m [0m[0m[1m[38;5;12m|[0m[0m [0m[0m        println!("DEBUG w15 after inc4: 0x{:08x}", w15_after);[0m
2025-11-09T23:41:44.4171293Z [0m    [0m[0m[1m[38;5;12m|[0m[0m         [0m[0m[1m[38;5;9m^^^^^^^^^^^^^^^^^^^^^^^^^^^^^^^^^^^^^^^^^^^^^^^^^^^^^[0m
2025-11-09T23:41:44.4171656Z [0m    [0m[0m[1m[38;5;12m|[0m
2025-11-09T23:41:44.4172331Z [0m    [0m[0m[1m[38;5;12m= [0m[0m[1mhelp[0m[0m: for further information visit https://rust-lang.github.io/rust-clippy/master/index.html#uninlined_format_args[0m
2025-11-09T23:41:44.4172966Z [0m[1m[38;5;14mhelp[0m[0m: change this to[0m
2025-11-09T23:41:44.4173275Z [0m    [0m[0m[1m[38;5;12m|[0m
2025-11-09T23:41:44.4173791Z [0m[1m[38;5;12m481[0m[0m [0m[0m[38;5;9m- [0m[0m        println!("DEBUG w15 after inc4: 0x{:08x}"[0m[0m[38;5;9m, w15_after[0m[0m);[0m
2025-11-09T23:41:44.4174720Z [0m[1m[38;5;12m481[0m[0m [0m[0m[38;5;10m+ [0m[0m        println!("DEBUG w15 after inc4: 0x{[0m[0m[38;5;10mw15_after[0m[0m:08x}");[0m
2025-11-09T23:41:44.4175216Z [0m    [0m[0m[1m[38;5;12m|[0m
2025-11-09T23:41:44.4175491Z 
2025-11-09T23:41:44.4175994Z [0m[1m[38;5;9merror[0m[0m[1m: variables can be used directly in the `format!` string[0m
2025-11-09T23:41:44.4176875Z [0m   [0m[0m[1m[38;5;12m--> [0m[0msrc/crypto/sha256_avx2.rs:483:9[0m
2025-11-09T23:41:44.4177386Z [0m    [0m[0m[1m[38;5;12m|[0m
2025-11-09T23:41:44.4177852Z [0m[1m[38;5;12m483[0m[0m [0m[0m[1m[38;5;12m|[0m[0m [0m[0m        println!("DEBUG K_ARRAY.0[31] = 0x{:08x}", k31);[0m
2025-11-09T23:41:44.4178385Z [0m    [0m[0m[1m[38;5;12m|[0m[0m         [0m[0m[1m[38;5;9m^^^^^^^^^^^^^^^^^^^^^^^^^^^^^^^^^^^^^^^^^^^^^^^[0m
2025-11-09T23:41:44.4178741Z [0m    [0m[0m[1m[38;5;12m|[0m
2025-11-09T23:41:44.4179409Z [0m    [0m[0m[1m[38;5;12m= [0m[0m[1mhelp[0m[0m: for further information visit https://rust-lang.github.io/rust-clippy/master/index.html#uninlined_format_args[0m
2025-11-09T23:41:44.4181128Z [0m[1m[38;5;14mhelp[0m[0m: change this to[0m
2025-11-09T23:41:44.4181433Z [0m    [0m[0m[1m[38;5;12m|[0m
2025-11-09T23:41:44.4181933Z [0m[1m[38;5;12m483[0m[0m [0m[0m[38;5;9m- [0m[0m        println!("DEBUG K_ARRAY.0[31] = 0x{:08x}"[0m[0m[38;5;9m, k31[0m[0m);[0m
2025-11-09T23:41:44.4182586Z [0m[1m[38;5;12m483[0m[0m [0m[0m[38;5;10m+ [0m[0m        println!("DEBUG K_ARRAY.0[31] = 0x{[0m[0m[38;5;10mk31[0m[0m:08x}");[0m
2025-11-09T23:41:44.4183181Z [0m    [0m[0m[1m[38;5;12m|[0m
2025-11-09T23:41:44.4183340Z 
2025-11-09T23:41:44.4184002Z [0m[1m[38;5;9merror[0m[0m[1m: variables can be used directly in the `format!` string[0m
2025-11-09T23:41:44.4184923Z [0m   [0m[0m[1m[38;5;12m--> [0m[0msrc/crypto/sha256_avx2.rs:496:9[0m
2025-11-09T23:41:44.4185279Z [0m    [0m[0m[1m[38;5;12m|[0m
2025-11-09T23:41:44.4185963Z [0m[1m[38;5;12m496[0m[0m [0m[0m[1m[38;5;12m|[0m[0m [0m[0m[1m[38;5;9m/[0m[0m [0m[0m        println!("DEBUG After round 31: a=0x{:08x} b=0x{:08x} c=0x{:08x} d=0x{:08x} e=0x{:08x} f=0x{:08x} g=0x{:08x} h=0x{:08x}", [0m
2025-11-09T23:41:44.4186982Z [0m[1m[38;5;12m497[0m[0m [0m[0m[1m[38;5;12m|[0m[0m [0m[0m[1m[38;5;9m|[0m[0m [0m[0m                 a_after_round31, b_after_round31, c_after_round31, d_after_round31,[0m
2025-11-09T23:41:44.4187781Z [0m[1m[38;5;12m498[0m[0m [0m[0m[1m[38;5;12m|[0m[0m [0m[0m[1m[38;5;9m|[0m[0m [0m[0m                 e_after_round31, f_after_round31, g_after_round31, h_after_round31);[0m
2025-11-09T23:41:44.4190651Z [0m    [0m[0m[1m[38;5;12m|[0m[0m [0m[0m[1m[38;5;9m|____________________________________________________________________________________^[0m
2025-11-09T23:41:44.4191222Z [0m    [0m[0m[1m[38;5;12m|[0m
2025-11-09T23:41:44.4191910Z [0m    [0m[0m[1m[38;5;12m= [0m[0m[1mhelp[0m[0m: for further information visit https://rust-lang.github.io/rust-clippy/master/index.html#uninlined_format_args[0m
2025-11-09T23:41:44.4192402Z 
2025-11-09T23:41:44.4384141Z [0m[1m[38;5;9merror[0m[0m[1m: variables can be used directly in the `format!` string[0m
2025-11-09T23:41:44.4385356Z [0m   [0m[0m[1m[38;5;12m--> [0m[0msrc/crypto/sha256_avx2.rs:574:9[0m
2025-11-09T23:41:44.4385899Z [0m    [0m[0m[1m[38;5;12m|[0m
2025-11-09T23:41:44.4386923Z [0m[1m[38;5;12m574[0m[0m [0m[0m[1m[38;5;12m|[0m[0m [0m[0m[1m[38;5;9m/[0m[0m [0m[0m        println!("DEBUG After round 63: a=0x{:08x} b=0x{:08x} c=0x{:08x} d=0x{:08x} e=0x{:08x} f=0x{:08x} g=0x{:08x} h=0x{:08x}", [0m
2025-11-09T23:41:44.4388225Z [0m[1m[38;5;12m575[0m[0m [0m[0m[1m[38;5;12m|[0m[0m [0m[0m[1m[38;5;9m|[0m[0m [0m[0m            a_after_round63, b_after_round63, c_after_round63, d_after_round63,[0m
2025-11-09T23:41:44.4389380Z [0m[1m[38;5;12m576[0m[0m [0m[0m[1m[38;5;12m|[0m[0m [0m[0m[1m[38;5;9m|[0m[0m [0m[0m            e_after_round63, f_after_round63, g_after_round63, h_after_round63);[0m
2025-11-09T23:41:44.4392872Z [0m    [0m[0m[1m[38;5;12m|[0m[0m [0m[0m[1m[38;5;9m|_______________________________________________________________________________^[0m
2025-11-09T23:41:44.4393543Z [0m    [0m[0m[1m[38;5;12m|[0m
2025-11-09T23:41:44.4394813Z [0m    [0m[0m[1m[38;5;12m= [0m[0m[1mhelp[0m[0m: for further information visit https://rust-lang.github.io/rust-clippy/master/index.html#uninlined_format_args[0m
2025-11-09T23:41:44.4395592Z 
2025-11-09T23:41:44.4403842Z [0m[1m[38;5;9merror[0m[0m[1m: variables can be used directly in the `format!` string[0m
2025-11-09T23:41:44.4404949Z [0m   [0m[0m[1m[38;5;12m--> [0m[0msrc/crypto/sha256_avx2.rs:589:9[0m
2025-11-09T23:41:44.4405363Z [0m    [0m[0m[1m[38;5;12m|[0m
2025-11-09T23:41:44.4406102Z [0m[1m[38;5;12m589[0m[0m [0m[0m[1m[38;5;12m|[0m[0m [0m[0m        println!("DEBUG Transform 1 before adding initial hash: a=0x{:08x}, h=0x{:08x}", a_before, h_before);[0m
2025-11-09T23:41:44.4406928Z [0m    [0m[0m[1m[38;5;12m|[0m[0m         [0m[0m[1m[38;5;9m^^^^^^^^^^^^^^^^^^^^^^^^^^^^^^^^^^^^^^^^^^^^^^^^^^^^^^^^^^^^^^^^^^^^^^^^^^^^^^^^^^^^^^^^^^^^^^^^^^^^[0m
2025-11-09T23:41:44.4407349Z [0m    [0m[0m[1m[38;5;12m|[0m
2025-11-09T23:41:44.4409828Z [0m    [0m[0m[1m[38;5;12m= [0m[0m[1mhelp[0m[0m: for further information visit https://rust-lang.github.io/rust-clippy/master/index.html#uninlined_format_args[0m
2025-11-09T23:41:44.4410767Z [0m[1m[38;5;14mhelp[0m[0m: change this to[0m
2025-11-09T23:41:44.4411108Z [0m    [0m[0m[1m[38;5;12m|[0m
2025-11-09T23:41:44.4411866Z [0m[1m[38;5;12m589[0m[0m [0m[0m[38;5;9m- [0m[0m        println!("DEBUG Transform 1 before adding initial hash: a=0x{:08x}, h=0x{:08x}"[0m[0m[38;5;9m, a_before, h_before[0m[0m);[0m
2025-11-09T23:41:44.4413032Z [0m[1m[38;5;12m589[0m[0m [0m[0m[38;5;10m+ [0m[0m        println!("DEBUG Transform 1 before adding initial hash: a=0x{[0m[0m[38;5;10ma_before[0m[0m:08x}, h=0x{[0m[0m[38;5;10mh_before[0m[0m:08x}");[0m
2025-11-09T23:41:44.4413971Z [0m    [0m[0m[1m[38;5;12m|[0m
2025-11-09T23:41:44.4414153Z 
2025-11-09T23:41:44.4423214Z [0m[1m[38;5;9merror[0m[0m[1m: variables can be used directly in the `format!` string[0m
2025-11-09T23:41:44.4423960Z [0m   [0m[0m[1m[38;5;12m--> [0m[0msrc/crypto/sha256_avx2.rs:604:9[0m
2025-11-09T23:41:44.4424630Z [0m    [0m[0m[1m[38;5;12m|[0m
2025-11-09T23:41:44.4425387Z [0m[1m[38;5;12m604[0m[0m [0m[0m[1m[38;5;12m|[0m[0m [0m[0m        println!("DEBUG Transform 1 after adding initial hash: a=0x{:08x}, h=0x{:08x}", a_after, h_after);[0m
2025-11-09T23:41:44.4426150Z [0m    [0m[0m[1m[38;5;12m|[0m[0m         [0m[0m[1m[38;5;9m^^^^^^^^^^^^^^^^^^^^^^^^^^^^^^^^^^^^^^^^^^^^^^^^^^^^^^^^^^^^^^^^^^^^^^^^^^^^^^^^^^^^^^^^^^^^^^^^^[0m
2025-11-09T23:41:44.4426550Z [0m    [0m[0m[1m[38;5;12m|[0m
2025-11-09T23:41:44.4427267Z [0m    [0m[0m[1m[38;5;12m= [0m[0m[1mhelp[0m[0m: for further information visit https://rust-lang.github.io/rust-clippy/master/index.html#uninlined_format_args[0m
2025-11-09T23:41:44.4427944Z [0m[1m[38;5;14mhelp[0m[0m: change this to[0m
2025-11-09T23:41:44.4428270Z [0m    [0m[0m[1m[38;5;12m|[0m
2025-11-09T23:41:44.4429160Z [0m[1m[38;5;12m604[0m[0m [0m[0m[38;5;9m- [0m[0m        println!("DEBUG Transform 1 after adding initial hash: a=0x{:08x}, h=0x{:08x}"[0m[0m[38;5;9m, a_after, h_after[0m[0m);[0m
2025-11-09T23:41:44.4431044Z [0m[1m[38;5;12m604[0m[0m [0m[0m[38;5;10m+ [0m[0m        println!("DEBUG Transform 1 after adding initial hash: a=0x{[0m[0m[38;5;10ma_after[0m[0m:08x}, h=0x{[0m[0m[38;5;10mh_after[0m[0m:08x}");[0m
2025-11-09T23:41:44.4431724Z [0m    [0m[0m[1m[38;5;12m|[0m
2025-11-09T23:41:44.4431893Z 
2025-11-09T23:41:44.4432197Z [0m[1m[38;5;9merror[0m[0m[1m: variables can be used directly in the `format!` string[0m
2025-11-09T23:41:44.4432715Z [0m   [0m[0m[1m[38;5;12m--> [0m[0msrc/crypto/sha256_avx2.rs:613:9[0m
2025-11-09T23:41:44.4433080Z [0m    [0m[0m[1m[38;5;12m|[0m
2025-11-09T23:41:44.4433712Z [0m[1m[38;5;12m613[0m[0m [0m[0m[1m[38;5;12m|[0m[0m [0m[0m        println!("DEBUG Transform 2 starting state: a=0x{:08x}, b=0x{:08x}", a_before_t2, b_before_t2);[0m
2025-11-09T23:41:44.4434587Z [0m    [0m[0m[1m[38;5;12m|[0m[0m         [0m[0m[1m[38;5;9m^^^^^^^^^^^^^^^^^^^^^^^^^^^^^^^^^^^^^^^^^^^^^^^^^^^^^^^^^^^^^^^^^^^^^^^^^^^^^^^^^^^^^^^^^^^^^^[0m
2025-11-09T23:41:44.4434968Z [0m    [0m[0m[1m[38;5;12m|[0m
2025-11-09T23:41:44.4435637Z [0m    [0m[0m[1m[38;5;12m= [0m[0m[1mhelp[0m[0m: for further information visit https://rust-lang.github.io/rust-clippy/master/index.html#uninlined_format_args[0m
2025-11-09T23:41:44.4436274Z [0m[1m[38;5;14mhelp[0m[0m: change this to[0m
2025-11-09T23:41:44.4436603Z [0m    [0m[0m[1m[38;5;12m|[0m
2025-11-09T23:41:44.4439099Z [0m[1m[38;5;12m613[0m[0m [0m[0m[38;5;9m- [0m[0m        println!("DEBUG Transform 2 starting state: a=0x{:08x}, b=0x{:08x}"[0m[0m[38;5;9m, a_before_t2, b_before_t2[0m[0m);[0m
2025-11-09T23:41:44.4440445Z [0m[1m[38;5;12m613[0m[0m [0m[0m[38;5;10m+ [0m[0m        println!("DEBUG Transform 2 starting state: a=0x{[0m[0m[38;5;10ma_before_t2[0m[0m:08x}, b=0x{[0m[0m[38;5;10mb_before_t2[0m[0m:08x}");[0m
2025-11-09T23:41:44.4441052Z [0m    [0m[0m[1m[38;5;12m|[0m
2025-11-09T23:41:44.4441402Z 
2025-11-09T23:41:44.4712809Z [0m[1m[38;5;9merror[0m[0m[1m: variables can be used directly in the `format!` string[0m
2025-11-09T23:41:44.4714124Z [0m   [0m[0m[1m[38;5;12m--> [0m[0msrc/crypto/sha256_avx2.rs:700:9[0m
2025-11-09T23:41:44.4715011Z [0m    [0m[0m[1m[38;5;12m|[0m
2025-11-09T23:41:44.4716606Z [0m[1m[38;5;12m700[0m[0m [0m[0m[1m[38;5;12m|[0m[0m [0m[0m[1m[38;5;12m...[0m[0m   println!("DEBUG Before combining: t0=0x{:08x}, t1=0x{:08x}, Transform2_a=0x{:08x}, Transform2_b=0x{:08x}", t0_val, t1_val, a_t2_val, b_t2_val);[0m
2025-11-09T23:41:44.4718406Z [0m    [0m[0m[1m[38;5;12m|[0m[0m       [0m[0m[1m[38;5;9m^^^^^^^^^^^^^^^^^^^^^^^^^^^^^^^^^^^^^^^^^^^^^^^^^^^^^^^^^^^^^^^^^^^^^^^^^^^^^^^^^^^^^^^^^^^^^^^^^^^^^^^^^^^^^^^^^^^^^^^^^^^^^^^^^^^^^^^^^^^^^^[0m
2025-11-09T23:41:44.4719200Z [0m    [0m[0m[1m[38;5;12m|[0m
2025-11-09T23:41:44.4720989Z [0m    [0m[0m[1m[38;5;12m= [0m[0m[1mhelp[0m[0m: for further information visit https://rust-lang.github.io/rust-clippy/master/index.html#uninlined_format_args[0m
2025-11-09T23:41:44.4722350Z [0m[1m[38;5;14mhelp[0m[0m: change this to[0m
2025-11-09T23:41:44.4722978Z [0m    [0m[0m[1m[38;5;12m|[0m
2025-11-09T23:41:44.4724644Z [0m[1m[38;5;12m700[0m[0m [0m[0m[38;5;9m- [0m[0m        println!("DEBUG Before combining: t0=0x{:08x}, t1=0x{:08x}, Transform2_a=0x{:08x}, Transform2_b=0x{:08x}"[0m[0m[38;5;9m, t0_val, t1_val, a_t2_val, b_t2_val[0m[0m);[0m
2025-11-09T23:41:44.4727066Z [0m[1m[38;5;12m700[0m[0m [0m[0m[38;5;10m+ [0m[0m        println!("DEBUG Before combining: t0=0x{[0m[0m[38;5;10mt0_val[0m[0m:08x}, t1=0x{[0m[0m[38;5;10mt1_val[0m[0m:08x}, Transform2_a=0x{[0m[0m[38;5;10ma_t2_val[0m[0m:08x}, Transform2_b=0x{[0m[0m[38;5;10mb_t2_val[0m[0m:08x}");[0m
2025-11-09T23:41:44.4728470Z [0m    [0m[0m[1m[38;5;12m|[0m
2025-11-09T23:41:44.4728768Z 
2025-11-09T23:41:44.4729288Z [0m[1m[38;5;9merror[0m[0m[1m: variables can be used directly in the `format!` string[0m
2025-11-09T23:41:44.4730181Z [0m   [0m[0m[1m[38;5;12m--> [0m[0msrc/crypto/sha256_avx2.rs:714:9[0m
2025-11-09T23:41:44.4730790Z [0m    [0m[0m[1m[38;5;12m|[0m
2025-11-09T23:41:44.4731925Z [0m[1m[38;5;12m714[0m[0m [0m[0m[1m[38;5;12m|[0m[0m [0m[0m        println!("DEBUG After combining Transform 1 and 2: w0=0x{:08x}, w1=0x{:08x}", w0_combined, w1_combined);[0m
2025-11-09T23:41:44.4733220Z [0m    [0m[0m[1m[38;5;12m|[0m[0m         [0m[0m[1m[38;5;9m^^^^^^^^^^^^^^^^^^^^^^^^^^^^^^^^^^^^^^^^^^^^^^^^^^^^^^^^^^^^^^^^^^^^^^^^^^^^^^^^^^^^^^^^^^^^^^^^^^^^^^^[0m
2025-11-09T23:41:44.4733894Z [0m    [0m[0m[1m[38;5;12m|[0m
2025-11-09T23:41:44.4735627Z [0m    [0m[0m[1m[38;5;12m= [0m[0m[1mhelp[0m[0m: for further information visit https://rust-lang.github.io/rust-clippy/master/index.html#uninlined_format_args[0m
2025-11-09T23:41:44.4736805Z [0m[1m[38;5;14mhelp[0m[0m: change this to[0m
2025-11-09T23:41:44.4737356Z [0m    [0m[0m[1m[38;5;12m|[0m
2025-11-09T23:41:44.4738565Z [0m[1m[38;5;12m714[0m[0m [0m[0m[38;5;9m- [0m[0m        println!("DEBUG After combining Transform 1 and 2: w0=0x{:08x}, w1=0x{:08x}"[0m[0m[38;5;9m, w0_combined, w1_combined[0m[0m);[0m
2025-11-09T23:41:44.4740408Z [0m[1m[38;5;12m714[0m[0m [0m[0m[38;5;10m+ [0m[0m        println!("DEBUG After combining Transform 1 and 2: w0=0x{[0m[0m[38;5;10mw0_combined[0m[0m:08x}, w1=0x{[0m[0m[38;5;10mw1_combined[0m[0m:08x}");[0m
2025-11-09T23:41:44.4741546Z [0m    [0m[0m[1m[38;5;12m|[0m
2025-11-09T23:41:44.4741843Z 
2025-11-09T23:41:44.4744971Z [0m[1m[38;5;9merror[0m[0m[1m: variables can be used directly in the `format!` string[0m
2025-11-09T23:41:44.4745886Z [0m   [0m[0m[1m[38;5;12m--> [0m[0msrc/crypto/sha256_avx2.rs:733:9[0m
2025-11-09T23:41:44.4746497Z [0m    [0m[0m[1m[38;5;12m|[0m
2025-11-09T23:41:44.4747525Z [0m[1m[38;5;12m733[0m[0m [0m[0m[1m[38;5;12m|[0m[0m [0m[0m        println!("DEBUG Transform 3 input w0=0x{:08x}, w1=0x{:08x}", w0_t3, w1_t3);[0m
2025-11-09T23:41:44.4748931Z [0m    [0m[0m[1m[38;5;12m|[0m[0m         [0m[0m[1m[38;5;9m^^^^^^^^^^^^^^^^^^^^^^^^^^^^^^^^^^^^^^^^^^^^^^^^^^^^^^^^^^^^^^^^^^^^^^^^^^[0m
2025-11-09T23:41:44.4749598Z [0m    [0m[0m[1m[38;5;12m|[0m
2025-11-09T23:41:44.4750824Z [0m    [0m[0m[1m[38;5;12m= [0m[0m[1mhelp[0m[0m: for further information visit https://rust-lang.github.io/rust-clippy/master/index.html#uninlined_format_args[0m
2025-11-09T23:41:44.4751975Z [0m[1m[38;5;14mhelp[0m[0m: change this to[0m
2025-11-09T23:41:44.4752518Z [0m    [0m[0m[1m[38;5;12m|[0m
2025-11-09T23:41:44.4753555Z [0m[1m[38;5;12m733[0m[0m [0m[0m[38;5;9m- [0m[0m        println!("DEBUG Transform 3 input w0=0x{:08x}, w1=0x{:08x}"[0m[0m[38;5;9m, w0_t3, w1_t3[0m[0m);[0m
2025-11-09T23:41:44.4755527Z [0m[1m[38;5;12m733[0m[0m [0m[0m[38;5;10m+ [0m[0m        println!("DEBUG Transform 3 input w0=0x{[0m[0m[38;5;10mw0_t3[0m[0m:08x}, w1=0x{[0m[0m[38;5;10mw1_t3[0m[0m:08x}");[0m
2025-11-09T23:41:44.4756576Z [0m    [0m[0m[1m[38;5;12m|[0m
2025-11-09T23:41:44.4756865Z 
2025-11-09T23:41:44.4759813Z [0m[1m[38;5;9merror[0m[0m[1m: variables can be used directly in the `format!` string[0m
2025-11-09T23:41:44.4760730Z [0m   [0m[0m[1m[38;5;12m--> [0m[0msrc/crypto/sha256_avx2.rs:740:9[0m
2025-11-09T23:41:44.4761351Z [0m    [0m[0m[1m[38;5;12m|[0m
2025-11-09T23:41:44.4762702Z [0m[1m[38;5;12m740[0m[0m [0m[0m[1m[38;5;12m|[0m[0m [0m[0m[1m[38;5;12m...[0m[0m   println!("DEBUG Transform 3 after round 0: a=0x{:08x} (old), h=0x{:08x} (new a for next round)", a_after_t3_round0, h_after_t3_round0);[0m
2025-11-09T23:41:44.4764200Z [0m    [0m[0m[1m[38;5;12m|[0m[0m       [0m[0m[1m[38;5;9m^^^^^^^^^^^^^^^^^^^^^^^^^^^^^^^^^^^^^^^^^^^^^^^^^^^^^^^^^^^^^^^^^^^^^^^^^^^^^^^^^^^^^^^^^^^^^^^^^^^^^^^^^^^^^^^^^^^^^^^^^^^^^^^^^^^^^^[0m
2025-11-09T23:41:44.4765133Z [0m    [0m[0m[1m[38;5;12m|[0m
2025-11-09T23:41:44.4766372Z [0m    [0m[0m[1m[38;5;12m= [0m[0m[1mhelp[0m[0m: for further information visit https://rust-lang.github.io/rust-clippy/master/index.html#uninlined_format_args[0m
2025-11-09T23:41:44.4767522Z [0m[1m[38;5;14mhelp[0m[0m: change this to[0m
2025-11-09T23:41:44.4768077Z [0m    [0m[0m[1m[38;5;12m|[0m
2025-11-09T23:41:44.4769409Z [0m[1m[38;5;12m740[0m[0m [0m[0m[38;5;9m- [0m[0m        println!("DEBUG Transform 3 after round 0: a=0x{:08x} (old), h=0x{:08x} (new a for next round)"[0m[0m[38;5;9m, a_after_t3_round0, h_after_t3_round0[0m[0m);[0m
2025-11-09T23:41:44.4771475Z [0m[1m[38;5;12m740[0m[0m [0m[0m[38;5;10m+ [0m[0m        println!("DEBUG Transform 3 after round 0: a=0x{[0m[0m[38;5;10ma_after_t3_round0[0m[0m:08x} (old), h=0x{[0m[0m[38;5;10mh_after_t3_round0[0m[0m:08x} (new a for next round)");[0m
2025-11-09T23:41:44.4772698Z [0m    [0m[0m[1m[38;5;12m|[0m
2025-11-09T23:41:44.4772976Z 
2025-11-09T23:41:44.4804772Z [0m[1m[38;5;9merror[0m[0m[1m: variables can be used directly in the `format!` string[0m
2025-11-09T23:41:44.4805707Z [0m   [0m[0m[1m[38;5;12m--> [0m[0msrc/crypto/sha256_avx2.rs:753:9[0m
2025-11-09T23:41:44.4806319Z [0m    [0m[0m[1m[38;5;12m|[0m
2025-11-09T23:41:44.4807373Z [0m[1m[38;5;12m753[0m[0m [0m[0m[1m[38;5;12m|[0m[0m [0m[0m        println!("DEBUG Transform 3 after round 7: h (new a)=0x{:08x}", h_after_t3_round7);[0m
2025-11-09T23:41:44.4808567Z [0m    [0m[0m[1m[38;5;12m|[0m[0m         [0m[0m[1m[38;5;9m^^^^^^^^^^^^^^^^^^^^^^^^^^^^^^^^^^^^^^^^^^^^^^^^^^^^^^^^^^^^^^^^^^^^^^^^^^^^^^^^^^[0m
2025-11-09T23:41:44.4809236Z [0m    [0m[0m[1m[38;5;12m|[0m
2025-11-09T23:41:44.4810467Z [0m    [0m[0m[1m[38;5;12m= [0m[0m[1mhelp[0m[0m: for further information visit https://rust-lang.github.io/rust-clippy/master/index.html#uninlined_format_args[0m
2025-11-09T23:41:44.4811625Z [0m[1m[38;5;14mhelp[0m[0m: change this to[0m
2025-11-09T23:41:44.4812173Z [0m    [0m[0m[1m[38;5;12m|[0m
2025-11-09T23:41:44.4813779Z [0m[1m[38;5;12m753[0m[0m [0m[0m[38;5;9m- [0m[0m        println!("DEBUG Transform 3 after round 7: h (new a)=0x{:08x}"[0m[0m[38;5;9m, h_after_t3_round7[0m[0m);[0m
2025-11-09T23:41:44.4815590Z [0m[1m[38;5;12m753[0m[0m [0m[0m[38;5;10m+ [0m[0m        println!("DEBUG Transform 3 after round 7: h (new a)=0x{[0m[0m[38;5;10mh_after_t3_round7[0m[0m:08x}");[0m
2025-11-09T23:41:44.4816528Z [0m    [0m[0m[1m[38;5;12m|[0m
2025-11-09T23:41:44.4816819Z 
2025-11-09T23:41:44.4850091Z [0m[1m[38;5;9merror[0m[0m[1m: variables can be used directly in the `format!` string[0m
2025-11-09T23:41:44.4851121Z [0m   [0m[0m[1m[38;5;12m--> [0m[0msrc/crypto/sha256_avx2.rs:781:9[0m
2025-11-09T23:41:44.4851613Z [0m    [0m[0m[1m[38;5;12m|[0m
2025-11-09T23:41:44.4852889Z [0m[1m[38;5;12m781[0m[0m [0m[0m[1m[38;5;12m|[0m[0m [0m[0m[1m[38;5;12m...[0m[0m   println!("DEBUG Transform 3 after round 15: a=0x{:08x}, b=0x{:08x}, c=0x{:08x}, d=0x{:08x}", a_after_15, b_after_15, c_after_15, d_after_15);[0m
2025-11-09T23:41:44.4854143Z [0m    [0m[0m[1m[38;5;12m|[0m[0m       [0m[0m[1m[38;5;9m^^^^^^^^^^^^^^^^^^^^^^^^^^^^^^^^^^^^^^^^^^^^^^^^^^^^^^^^^^^^^^^^^^^^^^^^^^^^^^^^^^^^^^^^^^^^^^^^^^^^^^^^^^^^^^^^^^^^^^^^^^^^^^^^^^^^^^^^^^^^[0m
2025-11-09T23:41:44.4854992Z [0m    [0m[0m[1m[38;5;12m|[0m
2025-11-09T23:41:44.4856518Z [0m    [0m[0m[1m[38;5;12m= [0m[0m[1mhelp[0m[0m: for further information visit https://rust-lang.github.io/rust-clippy/master/index.html#uninlined_format_args[0m
2025-11-09T23:41:44.4857691Z [0m[1m[38;5;14mhelp[0m[0m: change this to[0m
2025-11-09T23:41:44.4858111Z [0m    [0m[0m[1m[38;5;12m|[0m
2025-11-09T23:41:44.4859094Z [0m[1m[38;5;12m781[0m[0m [0m[0m[38;5;9m- [0m[0m        println!("DEBUG Transform 3 after round 15: a=0x{:08x}, b=0x{:08x}, c=0x{:08x}, d=0x{:08x}"[0m[0m[38;5;9m, a_after_15, b_after_15, c_after_15, d_after_15[0m[0m);[0m
2025-11-09T23:41:44.4861212Z [0m[1m[38;5;12m781[0m[0m [0m[0m[38;5;10m+ [0m[0m        println!("DEBUG Transform 3 after round 15: a=0x{[0m[0m[38;5;10ma_after_15[0m[0m:08x}, b=0x{[0m[0m[38;5;10mb_after_15[0m[0m:08x}, c=0x{[0m[0m[38;5;10mc_after_15[0m[0m:08x}, d=0x{[0m[0m[38;5;10md_after_15[0m[0m:08x}");[0m
2025-11-09T23:41:44.4862190Z [0m    [0m[0m[1m[38;5;12m|[0m
2025-11-09T23:41:44.4871873Z 
2025-11-09T23:41:44.4872509Z [0m[1m[38;5;9merror[0m[0m[1m: variables can be used directly in the `format!` string[0m
2025-11-09T23:41:44.4873187Z [0m   [0m[0m[1m[38;5;12m--> [0m[0msrc/crypto/sha256_avx2.rs:782:9[0m
2025-11-09T23:41:44.4873576Z [0m    [0m[0m[1m[38;5;12m|[0m
2025-11-09T23:41:44.4874181Z [0m[1m[38;5;12m782[0m[0m [0m[0m[1m[38;5;12m|[0m[0m [0m[0m        println!("  e=0x{:08x}, f=0x{:08x}, g=0x{:08x}, h=0x{:08x}", e_after_15, f_after_15, g_after_15, h_after_15);[0m
2025-11-09T23:41:44.4875029Z [0m    [0m[0m[1m[38;5;12m|[0m[0m         [0m[0m[1m[38;5;9m^^^^^^^^^^^^^^^^^^^^^^^^^^^^^^^^^^^^^^^^^^^^^^^^^^^^^^^^^^^^^^^^^^^^^^^^^^^^^^^^^^^^^^^^^^^^^^^^^^^^^^^^^^^^[0m
2025-11-09T23:41:44.4875436Z [0m    [0m[0m[1m[38;5;12m|[0m
2025-11-09T23:41:44.4876131Z [0m    [0m[0m[1m[38;5;12m= [0m[0m[1mhelp[0m[0m: for further information visit https://rust-lang.github.io/rust-clippy/master/index.html#uninlined_format_args[0m
2025-11-09T23:41:44.4876783Z [0m[1m[38;5;14mhelp[0m[0m: change this to[0m
2025-11-09T23:41:44.4877107Z [0m    [0m[0m[1m[38;5;12m|[0m
2025-11-09T23:41:44.4879745Z [0m[1m[38;5;12m782[0m[0m [0m[0m[38;5;9m- [0m[0m        println!("  e=0x{:08x}, f=0x{:08x}, g=0x{:08x}, h=0x{:08x}"[0m[0m[38;5;9m, e_after_15, f_after_15, g_after_15, h_after_15[0m[0m);[0m
2025-11-09T23:41:44.4881368Z [0m[1m[38;5;12m782[0m[0m [0m[0m[38;5;10m+ [0m[0m        println!("  e=0x{[0m[0m[38;5;10me_after_15[0m[0m:08x}, f=0x{[0m[0m[38;5;10mf_after_15[0m[0m:08x}, g=0x{[0m[0m[38;5;10mg_after_15[0m[0m:08x}, h=0x{[0m[0m[38;5;10mh_after_15[0m[0m:08x}");[0m
2025-11-09T23:41:44.4882228Z [0m    [0m[0m[1m[38;5;12m|[0m
2025-11-09T23:41:44.4882390Z 
2025-11-09T23:41:44.4882692Z [0m[1m[38;5;9merror[0m[0m[1m: variables can be used directly in the `format!` string[0m
2025-11-09T23:41:44.4883187Z [0m   [0m[0m[1m[38;5;12m--> [0m[0msrc/crypto/sha256_avx2.rs:798:9[0m
2025-11-09T23:41:44.4883521Z [0m    [0m[0m[1m[38;5;12m|[0m
2025-11-09T23:41:44.4884289Z [0m[1m[38;5;12m798[0m[0m [0m[0m[1m[38;5;12m|[0m[0m [0m[0m[1m[38;5;12m...[0m[0m   println!("DEBUG Transform 3 before round 16: a=0x{:08x}, b=0x{:08x}, c=0x{:08x}, d=0x{:08x}", a_before_16, b_before_16, c_before_16, d_before_16);[0m
2025-11-09T23:41:44.4887084Z [0m    [0m[0m[1m[38;5;12m|[0m[0m       [0m[0m[1m[38;5;9m^^^^^^^^^^^^^^^^^^^^^^^^^^^^^^^^^^^^^^^^^^^^^^^^^^^^^^^^^^^^^^^^^^^^^^^^^^^^^^^^^^^^^^^^^^^^^^^^^^^^^^^^^^^^^^^^^^^^^^^^^^^^^^^^^^^^^^^^^^^^^^^^^[0m
2025-11-09T23:41:44.4887606Z [0m    [0m[0m[1m[38;5;12m|[0m
2025-11-09T23:41:44.4888312Z [0m    [0m[0m[1m[38;5;12m= [0m[0m[1mhelp[0m[0m: for further information visit https://rust-lang.github.io/rust-clippy/master/index.html#uninlined_format_args[0m
2025-11-09T23:41:44.4888976Z [0m[1m[38;5;14mhelp[0m[0m: change this to[0m
2025-11-09T23:41:44.4889288Z [0m    [0m[0m[1m[38;5;12m|[0m
2025-11-09T23:41:44.4890024Z [0m[1m[38;5;12m798[0m[0m [0m[0m[38;5;9m- [0m[0m        println!("DEBUG Transform 3 before round 16: a=0x{:08x}, b=0x{:08x}, c=0x{:08x}, d=0x{:08x}"[0m[0m[38;5;9m, a_before_16, b_before_16, c_before_16, d_before_16[0m[0m);[0m
2025-11-09T23:41:44.4891506Z [0m[1m[38;5;12m798[0m[0m [0m[0m[38;5;10m+ [0m[0m        println!("DEBUG Transform 3 before round 16: a=0x{[0m[0m[38;5;10ma_before_16[0m[0m:08x}, b=0x{[0m[0m[38;5;10mb_before_16[0m[0m:08x}, c=0x{[0m[0m[38;5;10mc_before_16[0m[0m:08x}, d=0x{[0m[0m[38;5;10md_before_16[0m[0m:08x}");[0m
2025-11-09T23:41:44.4892876Z [0m    [0m[0m[1m[38;5;12m|[0m
2025-11-09T23:41:44.4893069Z 
2025-11-09T23:41:44.4893355Z [0m[1m[38;5;9merror[0m[0m[1m: variables can be used directly in the `format!` string[0m
2025-11-09T23:41:44.4893861Z [0m   [0m[0m[1m[38;5;12m--> [0m[0msrc/crypto/sha256_avx2.rs:799:9[0m
2025-11-09T23:41:44.4894257Z [0m    [0m[0m[1m[38;5;12m|[0m
2025-11-09T23:41:44.4894994Z [0m[1m[38;5;12m799[0m[0m [0m[0m[1m[38;5;12m|[0m[0m [0m[0m        println!("  e=0x{:08x}, f=0x{:08x}, g=0x{:08x}, h=0x{:08x}", e_before_16, f_before_16, g_before_16, h_before_16);[0m
2025-11-09T23:41:44.4895679Z [0m    [0m[0m[1m[38;5;12m|[0m[0m         [0m[0m[1m[38;5;9m^^^^^^^^^^^^^^^^^^^^^^^^^^^^^^^^^^^^^^^^^^^^^^^^^^^^^^^^^^^^^^^^^^^^^^^^^^^^^^^^^^^^^^^^^^^^^^^^^^^^^^^^^^^^^^^^[0m
2025-11-09T23:41:44.4896057Z [0m    [0m[0m[1m[38;5;12m|[0m
2025-11-09T23:41:44.4898626Z [0m    [0m[0m[1m[38;5;12m= [0m[0m[1mhelp[0m[0m: for further information visit https://rust-lang.github.io/rust-clippy/master/index.html#uninlined_format_args[0m
2025-11-09T23:41:44.4899256Z [0m[1m[38;5;14mhelp[0m[0m: change this to[0m
2025-11-09T23:41:44.4899570Z [0m    [0m[0m[1m[38;5;12m|[0m
2025-11-09T23:41:44.4900186Z [0m[1m[38;5;12m799[0m[0m [0m[0m[38;5;9m- [0m[0m        println!("  e=0x{:08x}, f=0x{:08x}, g=0x{:08x}, h=0x{:08x}"[0m[0m[38;5;9m, e_before_16, f_before_16, g_before_16, h_before_16[0m[0m);[0m
2025-11-09T23:41:44.4901516Z [0m[1m[38;5;12m799[0m[0m [0m[0m[38;5;10m+ [0m[0m        println!("  e=0x{[0m[0m[38;5;10me_before_16[0m[0m:08x}, f=0x{[0m[0m[38;5;10mf_before_16[0m[0m:08x}, g=0x{[0m[0m[38;5;10mg_before_16[0m[0m:08x}, h=0x{[0m[0m[38;5;10mh_before_16[0m[0m:08x}");[0m
2025-11-09T23:41:44.4902656Z [0m    [0m[0m[1m[38;5;12m|[0m
2025-11-09T23:41:44.4902833Z 
2025-11-09T23:41:44.4903126Z [0m[1m[38;5;9merror[0m[0m[1m: variables can be used directly in the `format!` string[0m
2025-11-09T23:41:44.4903630Z [0m   [0m[0m[1m[38;5;12m--> [0m[0msrc/crypto/sha256_avx2.rs:803:9[0m
2025-11-09T23:41:44.4903982Z [0m    [0m[0m[1m[38;5;12m|[0m
2025-11-09T23:41:44.4904961Z [0m[1m[38;5;12m803[0m[0m [0m[0m[1m[38;5;12m|[0m[0m [0m[0m        println!("DEBUG Transform 3 round 16 before inc: w0=0x{:08x}, w1=0x{:08x}", w0_before_t3_round16, w1_before_t3_round16);[0m
2025-11-09T23:41:44.4905706Z [0m    [0m[0m[1m[38;5;12m|[0m[0m         [0m[0m[1m[38;5;9m^^^^^^^^^^^^^^^^^^^^^^^^^^^^^^^^^^^^^^^^^^^^^^^^^^^^^^^^^^^^^^^^^^^^^^^^^^^^^^^^^^^^^^^^^^^^^^^^^^^^^^^^^^^^^^^^^^^^^^^[0m
2025-11-09T23:41:44.4906084Z [0m    [0m[0m[1m[38;5;12m|[0m
2025-11-09T23:41:44.4906755Z [0m    [0m[0m[1m[38;5;12m= [0m[0m[1mhelp[0m[0m: for further information visit https://rust-lang.github.io/rust-clippy/master/index.html#uninlined_format_args[0m
2025-11-09T23:41:44.4907398Z [0m[1m[38;5;14mhelp[0m[0m: change this to[0m
2025-11-09T23:41:44.4907706Z [0m    [0m[0m[1m[38;5;12m|[0m
2025-11-09T23:41:44.4909981Z [0m[1m[38;5;12m803[0m[0m [0m[0m[38;5;9m- [0m[0m        println!("DEBUG Transform 3 round 16 before inc: w0=0x{:08x}, w1=0x{:08x}"[0m[0m[38;5;9m, w0_before_t3_round16, w1_before_t3_round16[0m[0m);[0m
2025-11-09T23:41:44.4911359Z [0m[1m[38;5;12m803[0m[0m [0m[0m[38;5;10m+ [0m[0m        println!("DEBUG Transform 3 round 16 before inc: w0=0x{[0m[0m[38;5;10mw0_before_t3_round16[0m[0m:08x}, w1=0x{[0m[0m[38;5;10mw1_before_t3_round16[0m[0m:08x}");[0m
2025-11-09T23:41:44.4912556Z [0m    [0m[0m[1m[38;5;12m|[0m
2025-11-09T23:41:44.4912751Z 
2025-11-09T23:41:44.4913036Z [0m[1m[38;5;9merror[0m[0m[1m: variables can be used directly in the `format!` string[0m
2025-11-09T23:41:44.4913749Z [0m   [0m[0m[1m[38;5;12m--> [0m[0msrc/crypto/sha256_avx2.rs:814:9[0m
2025-11-09T23:41:44.4914099Z [0m    [0m[0m[1m[38;5;12m|[0m
2025-11-09T23:41:44.4915587Z [0m[1m[38;5;12m814[0m[0m [0m[0m[1m[38;5;12m|[0m[0m [0m[0m[1m[38;5;12m...[0m[0m   println!("DEBUG Transform 3 round 16: d before = 0x{:08x} (expected 0x3c3a4027), w0=0x{:08x}, w1=0x{:08x}", d_before_16, w0_before, w1_before);[0m
2025-11-09T23:41:44.4916477Z [0m    [0m[0m[1m[38;5;12m|[0m[0m       [0m[0m[1m[38;5;9m^^^^^^^^^^^^^^^^^^^^^^^^^^^^^^^^^^^^^^^^^^^^^^^^^^^^^^^^^^^^^^^^^^^^^^^^^^^^^^^^^^^^^^^^^^^^^^^^^^^^^^^^^^^^^^^^^^^^^^^^^^^^^^^^^^^^^^^^^^^^^^[0m
2025-11-09T23:41:44.4916868Z [0m    [0m[0m[1m[38;5;12m|[0m
2025-11-09T23:41:44.4919331Z [0m    [0m[0m[1m[38;5;12m= [0m[0m[1mhelp[0m[0m: for further information visit https://rust-lang.github.io/rust-clippy/master/index.html#uninlined_format_args[0m
2025-11-09T23:41:44.4920256Z [0m[1m[38;5;14mhelp[0m[0m: change this to[0m
2025-11-09T23:41:44.4920841Z [0m    [0m[0m[1m[38;5;12m|[0m
2025-11-09T23:41:44.4921862Z [0m[1m[38;5;12m814[0m[0m [0m[0m[38;5;9m- [0m[0m        println!("DEBUG Transform 3 round 16: d before = 0x{:08x} (expected 0x3c3a4027), w0=0x{:08x}, w1=0x{:08x}"[0m[0m[38;5;9m, d_before_16, w0_before, w1_before[0m[0m);[0m
2025-11-09T23:41:44.4923353Z [0m[1m[38;5;12m814[0m[0m [0m[0m[38;5;10m+ [0m[0m        println!("DEBUG Transform 3 round 16: d before = 0x{[0m[0m[38;5;10md_before_16[0m[0m:08x} (expected 0x3c3a4027), w0=0x{[0m[0m[38;5;10mw0_before[0m[0m:08x}, w1=0x{[0m[0m[38;5;10mw1_before[0m[0m:08x}");[0m
2025-11-09T23:41:44.4924100Z [0m    [0m[0m[1m[38;5;12m|[0m
2025-11-09T23:41:44.4924258Z 
2025-11-09T23:41:44.4924708Z [0m[1m[38;5;9merror[0m[0m[1m: variables can be used directly in the `format!` string[0m
2025-11-09T23:41:44.4925198Z [0m   [0m[0m[1m[38;5;12m--> [0m[0msrc/crypto/sha256_avx2.rs:821:9[0m
2025-11-09T23:41:44.4925530Z [0m    [0m[0m[1m[38;5;12m|[0m
2025-11-09T23:41:44.4926073Z [0m[1m[38;5;12m821[0m[0m [0m[0m[1m[38;5;12m|[0m[0m [0m[0m        println!("DEBUG T3 R16 before: w0=0x{:08x} w1=0x{:08x}", w0_before, w1_before);[0m
2025-11-09T23:41:44.4926705Z [0m    [0m[0m[1m[38;5;12m|[0m[0m         [0m[0m[1m[38;5;9m^^^^^^^^^^^^^^^^^^^^^^^^^^^^^^^^^^^^^^^^^^^^^^^^^^^^^^^^^^^^^^^^^^^^^^^^^^^^^^[0m
2025-11-09T23:41:44.4927073Z [0m    [0m[0m[1m[38;5;12m|[0m
2025-11-09T23:41:44.4927939Z [0m    [0m[0m[1m[38;5;12m= [0m[0m[1mhelp[0m[0m: for further information visit https://rust-lang.github.io/rust-clippy/master/index.html#uninlined_format_args[0m
2025-11-09T23:41:44.4928577Z [0m[1m[38;5;14mhelp[0m[0m: change this to[0m
2025-11-09T23:41:44.4928888Z [0m    [0m[0m[1m[38;5;12m|[0m
2025-11-09T23:41:44.4929742Z [0m[1m[38;5;12m821[0m[0m [0m[0m[38;5;9m- [0m[0m        println!("DEBUG T3 R16 before: w0=0x{:08x} w1=0x{:08x}"[0m[0m[38;5;9m, w0_before, w1_before[0m[0m);[0m
2025-11-09T23:41:44.4931182Z [0m[1m[38;5;12m821[0m[0m [0m[0m[38;5;10m+ [0m[0m        println!("DEBUG T3 R16 before: w0=0x{[0m[0m[38;5;10mw0_before[0m[0m:08x} w1=0x{[0m[0m[38;5;10mw1_before[0m[0m:08x}");[0m
2025-11-09T23:41:44.4932084Z [0m    [0m[0m[1m[38;5;12m|[0m
2025-11-09T23:41:44.4932343Z 
2025-11-09T23:41:44.4932800Z [0m[1m[38;5;9merror[0m[0m[1m: variables can be used directly in the `format!` string[0m
2025-11-09T23:41:44.4933317Z [0m   [0m[0m[1m[38;5;12m--> [0m[0msrc/crypto/sha256_avx2.rs:827:9[0m
2025-11-09T23:41:44.4933665Z [0m    [0m[0m[1m[38;5;12m|[0m
2025-11-09T23:41:44.4934165Z [0m[1m[38;5;12m827[0m[0m [0m[0m[1m[38;5;12m|[0m[0m [0m[0m        println!("DEBUG T3 R16 after inc: w0=0x{:08x}", w0_after);[0m
2025-11-09T23:41:44.4935064Z [0m    [0m[0m[1m[38;5;12m|[0m[0m         [0m[0m[1m[38;5;9m^^^^^^^^^^^^^^^^^^^^^^^^^^^^^^^^^^^^^^^^^^^^^^^^^^^^^^^^^[0m
2025-11-09T23:41:44.4935424Z [0m    [0m[0m[1m[38;5;12m|[0m
2025-11-09T23:41:44.4936091Z [0m    [0m[0m[1m[38;5;12m= [0m[0m[1mhelp[0m[0m: for further information visit https://rust-lang.github.io/rust-clippy/master/index.html#uninlined_format_args[0m
2025-11-09T23:41:44.4936727Z [0m[1m[38;5;14mhelp[0m[0m: change this to[0m
2025-11-09T23:41:44.4937040Z [0m    [0m[0m[1m[38;5;12m|[0m
2025-11-09T23:41:44.4937574Z [0m[1m[38;5;12m827[0m[0m [0m[0m[38;5;9m- [0m[0m        println!("DEBUG T3 R16 after inc: w0=0x{:08x}"[0m[0m[38;5;9m, w0_after[0m[0m);[0m
2025-11-09T23:41:44.4938282Z [0m[1m[38;5;12m827[0m[0m [0m[0m[38;5;10m+ [0m[0m        println!("DEBUG T3 R16 after inc: w0=0x{[0m[0m[38;5;10mw0_after[0m[0m:08x}");[0m
2025-11-09T23:41:44.4938742Z [0m    [0m[0m[1m[38;5;12m|[0m
2025-11-09T23:41:44.4938896Z 
2025-11-09T23:41:44.4939191Z [0m[1m[38;5;9merror[0m[0m[1m: variables can be used directly in the `format!` string[0m
2025-11-09T23:41:44.4939870Z [0m   [0m[0m[1m[38;5;12m--> [0m[0msrc/crypto/sha256_avx2.rs:833:9[0m
2025-11-09T23:41:44.4940506Z [0m    [0m[0m[1m[38;5;12m|[0m
2025-11-09T23:41:44.4941367Z [0m[1m[38;5;12m833[0m[0m [0m[0m[1m[38;5;12m|[0m[0m [0m[0m        println!("DEBUG T3 R16 after round: a=0x{:08x}", a_after);[0m
2025-11-09T23:41:44.4941962Z [0m    [0m[0m[1m[38;5;12m|[0m[0m         [0m[0m[1m[38;5;9m^^^^^^^^^^^^^^^^^^^^^^^^^^^^^^^^^^^^^^^^^^^^^^^^^^^^^^^^^[0m
2025-11-09T23:41:44.4942322Z [0m    [0m[0m[1m[38;5;12m|[0m
2025-11-09T23:41:44.4943001Z [0m    [0m[0m[1m[38;5;12m= [0m[0m[1mhelp[0m[0m: for further information visit https://rust-lang.github.io/rust-clippy/master/index.html#uninlined_format_args[0m
2025-11-09T23:41:44.4943641Z [0m[1m[38;5;14mhelp[0m[0m: change this to[0m
2025-11-09T23:41:44.4943970Z [0m    [0m[0m[1m[38;5;12m|[0m
2025-11-09T23:41:44.4944636Z [0m[1m[38;5;12m833[0m[0m [0m[0m[38;5;9m- [0m[0m        println!("DEBUG T3 R16 after round: a=0x{:08x}"[0m[0m[38;5;9m, a_after[0m[0m);[0m
2025-11-09T23:41:44.4945351Z [0m[1m[38;5;12m833[0m[0m [0m[0m[38;5;10m+ [0m[0m        println!("DEBUG T3 R16 after round: a=0x{[0m[0m[38;5;10ma_after[0m[0m:08x}");[0m
2025-11-09T23:41:44.4945802Z [0m    [0m[0m[1m[38;5;12m|[0m
2025-11-09T23:41:44.4945960Z 
2025-11-09T23:41:44.4946238Z [0m[1m[38;5;9merror[0m[0m[1m: variables can be used directly in the `format!` string[0m
2025-11-09T23:41:44.4946719Z [0m   [0m[0m[1m[38;5;12m--> [0m[0msrc/crypto/sha256_avx2.rs:840:9[0m
2025-11-09T23:41:44.4947230Z [0m    [0m[0m[1m[38;5;12m|[0m
2025-11-09T23:41:44.4947689Z [0m[1m[38;5;12m840[0m[0m [0m[0m[1m[38;5;12m|[0m[0m [0m[0m        println!("DEBUG T3 R17 after: g=0x{:08x}", g_after);[0m
2025-11-09T23:41:44.4948224Z [0m    [0m[0m[1m[38;5;12m|[0m[0m         [0m[0m[1m[38;5;9m^^^^^^^^^^^^^^^^^^^^^^^^^^^^^^^^^^^^^^^^^^^^^^^^^^^[0m
2025-11-09T23:41:44.4948771Z [0m    [0m[0m[1m[38;5;12m|[0m
2025-11-09T23:41:44.4949490Z [0m    [0m[0m[1m[38;5;12m= [0m[0m[1mhelp[0m[0m: for further information visit https://rust-lang.github.io/rust-clippy/master/index.html#uninlined_format_args[0m
2025-11-09T23:41:44.4950214Z [0m[1m[38;5;14mhelp[0m[0m: change this to[0m
2025-11-09T23:41:44.4950516Z [0m    [0m[0m[1m[38;5;12m|[0m
2025-11-09T23:41:44.4951172Z [0m[1m[38;5;12m840[0m[0m [0m[0m[38;5;9m- [0m[0m        println!("DEBUG T3 R17 after: g=0x{:08x}"[0m[0m[38;5;9m, g_after[0m[0m);[0m
2025-11-09T23:41:44.4951858Z [0m[1m[38;5;12m840[0m[0m [0m[0m[38;5;10m+ [0m[0m        println!("DEBUG T3 R17 after: g=0x{[0m[0m[38;5;10mg_after[0m[0m:08x}");[0m
2025-11-09T23:41:44.4952307Z [0m    [0m[0m[1m[38;5;12m|[0m
2025-11-09T23:41:44.4952455Z 
2025-11-09T23:41:44.5032165Z [0m[1m[38;5;9merror[0m[0m[1m: variables can be used directly in the `format!` string[0m
2025-11-09T23:41:44.5032723Z [0m   [0m[0m[1m[38;5;12m--> [0m[0msrc/crypto/sha256_avx2.rs:875:9[0m
2025-11-09T23:41:44.5033089Z [0m    [0m[0m[1m[38;5;12m|[0m
2025-11-09T23:41:44.5033589Z [0m[1m[38;5;12m875[0m[0m [0m[0m[1m[38;5;12m|[0m[0m [0m[0m        println!("DEBUG T3 R32 before: a=0x{:08x}", a_before_32);[0m
2025-11-09T23:41:44.5034157Z [0m    [0m[0m[1m[38;5;12m|[0m[0m         [0m[0m[1m[38;5;9m^^^^^^^^^^^^^^^^^^^^^^^^^^^^^^^^^^^^^^^^^^^^^^^^^^^^^^^^[0m
2025-11-09T23:41:44.5034828Z [0m    [0m[0m[1m[38;5;12m|[0m
2025-11-09T23:41:44.5035549Z [0m    [0m[0m[1m[38;5;12m= [0m[0m[1mhelp[0m[0m: for further information visit https://rust-lang.github.io/rust-clippy/master/index.html#uninlined_format_args[0m
2025-11-09T23:41:44.5036205Z [0m[1m[38;5;14mhelp[0m[0m: change this to[0m
2025-11-09T23:41:44.5036519Z [0m    [0m[0m[1m[38;5;12m|[0m
2025-11-09T23:41:44.5037046Z [0m[1m[38;5;12m875[0m[0m [0m[0m[38;5;9m- [0m[0m        println!("DEBUG T3 R32 before: a=0x{:08x}"[0m[0m[38;5;9m, a_before_32[0m[0m);[0m
2025-11-09T23:41:44.5037744Z [0m[1m[38;5;12m875[0m[0m [0m[0m[38;5;10m+ [0m[0m        println!("DEBUG T3 R32 before: a=0x{[0m[0m[38;5;10ma_before_32[0m[0m:08x}");[0m
2025-11-09T23:41:44.5038192Z [0m    [0m[0m[1m[38;5;12m|[0m
2025-11-09T23:41:44.5038347Z 
2025-11-09T23:41:44.5042358Z [0m[1m[38;5;9merror[0m[0m[1m: variables can be used directly in the `format!` string[0m
2025-11-09T23:41:44.5042896Z [0m   [0m[0m[1m[38;5;12m--> [0m[0msrc/crypto/sha256_avx2.rs:882:9[0m
2025-11-09T23:41:44.5043259Z [0m    [0m[0m[1m[38;5;12m|[0m
2025-11-09T23:41:44.5043750Z [0m[1m[38;5;12m882[0m[0m [0m[0m[1m[38;5;12m|[0m[0m [0m[0m        println!("DEBUG T3 R32 after: a=0x{:08x}", a_after_32);[0m
2025-11-09T23:41:44.5044551Z [0m    [0m[0m[1m[38;5;12m|[0m[0m         [0m[0m[1m[38;5;9m^^^^^^^^^^^^^^^^^^^^^^^^^^^^^^^^^^^^^^^^^^^^^^^^^^^^^^[0m
2025-11-09T23:41:44.5044966Z [0m    [0m[0m[1m[38;5;12m|[0m
2025-11-09T23:41:44.5045649Z [0m    [0m[0m[1m[38;5;12m= [0m[0m[1mhelp[0m[0m: for further information visit https://rust-lang.github.io/rust-clippy/master/index.html#uninlined_format_args[0m
2025-11-09T23:41:44.5046287Z [0m[1m[38;5;14mhelp[0m[0m: change this to[0m
2025-11-09T23:41:44.5046595Z [0m    [0m[0m[1m[38;5;12m|[0m
2025-11-09T23:41:44.5047123Z [0m[1m[38;5;12m882[0m[0m [0m[0m[38;5;9m- [0m[0m        println!("DEBUG T3 R32 after: a=0x{:08x}"[0m[0m[38;5;9m, a_after_32[0m[0m);[0m
2025-11-09T23:41:44.5047824Z [0m[1m[38;5;12m882[0m[0m [0m[0m[38;5;10m+ [0m[0m        println!("DEBUG T3 R32 after: a=0x{[0m[0m[38;5;10ma_after_32[0m[0m:08x}");[0m
2025-11-09T23:41:44.5048491Z [0m    [0m[0m[1m[38;5;12m|[0m
2025-11-09T23:41:44.5048656Z 
2025-11-09T23:41:44.5098145Z [0m[1m[38;5;9merror[0m[0m[1m: variables can be used directly in the `format!` string[0m
2025-11-09T23:41:44.5098919Z [0m   [0m[0m[1m[38;5;12m--> [0m[0msrc/crypto/sha256_avx2.rs:904:9[0m
2025-11-09T23:41:44.5099366Z [0m    [0m[0m[1m[38;5;12m|[0m
2025-11-09T23:41:44.5100056Z [0m[1m[38;5;12m904[0m[0m [0m[0m[1m[38;5;12m|[0m[0m [0m[0m        println!("DEBUG T3 R40 after: a=0x{:08x}, h=0x{:08x}", a_after_40, h_after_40);[0m
2025-11-09T23:41:44.5100833Z [0m    [0m[0m[1m[38;5;12m|[0m[0m         [0m[0m[1m[38;5;9m^^^^^^^^^^^^^^^^^^^^^^^^^^^^^^^^^^^^^^^^^^^^^^^^^^^^^^^^^^^^^^^^^^^^^^^^^^^^^^[0m
2025-11-09T23:41:44.5101298Z [0m    [0m[0m[1m[38;5;12m|[0m
2025-11-09T23:41:44.5102388Z [0m    [0m[0m[1m[38;5;12m= [0m[0m[1mhelp[0m[0m: for further information visit https://rust-lang.github.io/rust-clippy/master/index.html#uninlined_format_args[0m
2025-11-09T23:41:44.5103213Z [0m[1m[38;5;14mhelp[0m[0m: change this to[0m
2025-11-09T23:41:44.5103614Z [0m    [0m[0m[1m[38;5;12m|[0m
2025-11-09T23:41:44.5104249Z [0m[1m[38;5;12m904[0m[0m [0m[0m[38;5;9m- [0m[0m        println!("DEBUG T3 R40 after: a=0x{:08x}, h=0x{:08x}"[0m[0m[38;5;9m, a_after_40, h_after_40[0m[0m);[0m
2025-11-09T23:41:44.5105454Z [0m[1m[38;5;12m904[0m[0m [0m[0m[38;5;10m+ [0m[0m        println!("DEBUG T3 R40 after: a=0x{[0m[0m[38;5;10ma_after_40[0m[0m:08x}, h=0x{[0m[0m[38;5;10mh_after_40[0m[0m:08x}");[0m
2025-11-09T23:41:44.5106032Z [0m    [0m[0m[1m[38;5;12m|[0m
2025-11-09T23:41:44.5106199Z 
2025-11-09T23:41:44.5155279Z [0m[1m[38;5;9merror[0m[0m[1m: variables can be used directly in the `format!` string[0m
2025-11-09T23:41:44.5155961Z [0m   [0m[0m[1m[38;5;12m--> [0m[0msrc/crypto/sha256_avx2.rs:925:9[0m
2025-11-09T23:41:44.5156420Z [0m    [0m[0m[1m[38;5;12m|[0m
2025-11-09T23:41:44.5157073Z [0m[1m[38;5;12m925[0m[0m [0m[0m[1m[38;5;12m|[0m[0m [0m[0m        println!("DEBUG T3 R48 after: a=0x{:08x}", a_after_48);[0m
2025-11-09T23:41:44.5159519Z [0m    [0m[0m[1m[38;5;12m|[0m[0m         [0m[0m[1m[38;5;9m^^^^^^^^^^^^^^^^^^^^^^^^^^^^^^^^^^^^^^^^^^^^^^^^^^^^^^[0m
2025-11-09T23:41:44.5160000Z [0m    [0m[0m[1m[38;5;12m|[0m
2025-11-09T23:41:44.5160920Z [0m    [0m[0m[1m[38;5;12m= [0m[0m[1mhelp[0m[0m: for further information visit https://rust-lang.github.io/rust-clippy/master/index.html#uninlined_format_args[0m
2025-11-09T23:41:44.5161779Z [0m[1m[38;5;14mhelp[0m[0m: change this to[0m
2025-11-09T23:41:44.5162182Z [0m    [0m[0m[1m[38;5;12m|[0m
2025-11-09T23:41:44.5162875Z [0m[1m[38;5;12m925[0m[0m [0m[0m[38;5;9m- [0m[0m        println!("DEBUG T3 R48 after: a=0x{:08x}"[0m[0m[38;5;9m, a_after_48[0m[0m);[0m
2025-11-09T23:41:44.5163800Z [0m[1m[38;5;12m925[0m[0m [0m[0m[38;5;10m+ [0m[0m        println!("DEBUG T3 R48 after: a=0x{[0m[0m[38;5;10ma_after_48[0m[0m:08x}");[0m
2025-11-09T23:41:44.5164657Z [0m    [0m[0m[1m[38;5;12m|[0m
2025-11-09T23:41:44.5164873Z 
2025-11-09T23:41:44.5209952Z [0m[1m[38;5;9merror[0m[0m[1m: variables can be used directly in the `format!` string[0m
2025-11-09T23:41:44.5210726Z [0m   [0m[0m[1m[38;5;12m--> [0m[0msrc/crypto/sha256_avx2.rs:946:9[0m
2025-11-09T23:41:44.5211228Z [0m    [0m[0m[1m[38;5;12m|[0m
2025-11-09T23:41:44.5211937Z [0m[1m[38;5;12m946[0m[0m [0m[0m[1m[38;5;12m|[0m[0m [0m[0m        println!("DEBUG T3 R56 after: a=0x{:08x}", a_after_56);[0m
2025-11-09T23:41:44.5212759Z [0m    [0m[0m[1m[38;5;12m|[0m[0m         [0m[0m[1m[38;5;9m^^^^^^^^^^^^^^^^^^^^^^^^^^^^^^^^^^^^^^^^^^^^^^^^^^^^^^[0m
2025-11-09T23:41:44.5213301Z [0m    [0m[0m[1m[38;5;12m|[0m
2025-11-09T23:41:44.5214899Z [0m    [0m[0m[1m[38;5;12m= [0m[0m[1mhelp[0m[0m: for further information visit https://rust-lang.github.io/rust-clippy/master/index.html#uninlined_format_args[0m
2025-11-09T23:41:44.5216097Z [0m[1m[38;5;14mhelp[0m[0m: change this to[0m
2025-11-09T23:41:44.5216555Z [0m    [0m[0m[1m[38;5;12m|[0m
2025-11-09T23:41:44.5217323Z [0m[1m[38;5;12m946[0m[0m [0m[0m[38;5;9m- [0m[0m        println!("DEBUG T3 R56 after: a=0x{:08x}"[0m[0m[38;5;9m, a_after_56[0m[0m);[0m
2025-11-09T23:41:44.5218347Z [0m[1m[38;5;12m946[0m[0m [0m[0m[38;5;10m+ [0m[0m        println!("DEBUG T3 R56 after: a=0x{[0m[0m[38;5;10ma_after_56[0m[0m:08x}");[0m
2025-11-09T23:41:44.5219011Z [0m    [0m[0m[1m[38;5;12m|[0m
2025-11-09T23:41:44.5219237Z 
2025-11-09T23:41:44.5257569Z [0m[1m[38;5;9merror[0m[0m[1m: variables can be used directly in the `format!` string[0m
2025-11-09T23:41:44.5258237Z [0m   [0m[0m[1m[38;5;12m--> [0m[0msrc/crypto/sha256_avx2.rs:979:9[0m
2025-11-09T23:41:44.5258684Z [0m    [0m[0m[1m[38;5;12m|[0m
2025-11-09T23:41:44.5259911Z [0m[1m[38;5;12m979[0m[0m [0m[0m[1m[38;5;12m|[0m[0m [0m[0m[1m[38;5;12m...[0m[0m   println!("DEBUG Transform 3 after round 63: a=0x{:08x}, b=0x{:08x}, c=0x{:08x}, d=0x{:08x}", a_before_final, b_before_final, c_before_final, d_before_final);[0m
2025-11-09T23:41:44.5261040Z [0m    [0m[0m[1m[38;5;12m|[0m[0m       [0m[0m[1m[38;5;9m^^^^^^^^^^^^^^^^^^^^^^^^^^^^^^^^^^^^^^^^^^^^^^^^^^^^^^^^^^^^^^^^^^^^^^^^^^^^^^^^^^^^^^^^^^^^^^^^^^^^^^^^^^^^^^^^^^^^^^^^^^^^^^^^^^^^^^^^^^^^^^^^^^^^^^^^^^^^[0m
2025-11-09T23:41:44.5261526Z [0m    [0m[0m[1m[38;5;12m|[0m
2025-11-09T23:41:44.5262393Z [0m    [0m[0m[1m[38;5;12m= [0m[0m[1mhelp[0m[0m: for further information visit https://rust-lang.github.io/rust-clippy/master/index.html#uninlined_format_args[0m
2025-11-09T23:41:44.5263508Z [0m[1m[38;5;14mhelp[0m[0m: change this to[0m
2025-11-09T23:41:44.5264158Z [0m    [0m[0m[1m[38;5;12m|[0m
2025-11-09T23:41:44.5265441Z [0m[1m[38;5;12m979[0m[0m [0m[0m[38;5;9m- [0m[0m        println!("DEBUG Transform 3 after round 63: a=0x{:08x}, b=0x{:08x}, c=0x{:08x}, d=0x{:08x}"[0m[0m[38;5;9m, a_before_final, b_before_final, c_before_final, d_before_final[0m[0m);[0m
2025-11-09T23:41:44.5267146Z [0m[1m[38;5;12m979[0m[0m [0m[0m[38;5;10m+ [0m[0m        println!("DEBUG Transform 3 after round 63: a=0x{[0m[0m[38;5;10ma_before_final[0m[0m:08x}, b=0x{[0m[0m[38;5;10mb_before_final[0m[0m:08x}, c=0x{[0m[0m[38;5;10mc_before_final[0m[0m:08x}, d=0x{[0m[0m[38;5;10md_before_final[0m[0m:08x}");[0m
2025-11-09T23:41:44.5270015Z [0m    [0m[0m[1m[38;5;12m|[0m
2025-11-09T23:41:44.5270207Z 
2025-11-09T23:41:44.5270527Z [0m[1m[38;5;9merror[0m[0m[1m: variables can be used directly in the `format!` string[0m
2025-11-09T23:41:44.5271092Z [0m   [0m[0m[1m[38;5;12m--> [0m[0msrc/crypto/sha256_avx2.rs:980:9[0m
2025-11-09T23:41:44.5271479Z [0m    [0m[0m[1m[38;5;12m|[0m
2025-11-09T23:41:44.5272211Z [0m[1m[38;5;12m980[0m[0m [0m[0m[1m[38;5;12m|[0m[0m [0m[0m        println!("  e=0x{:08x}, f=0x{:08x}, g=0x{:08x}, h=0x{:08x}", e_before_final, f_before_final, g_before_final, h_before_final);[0m
2025-11-09T23:41:44.5273514Z [0m    [0m[0m[1m[38;5;12m|[0m[0m         [0m[0m[1m[38;5;9m^^^^^^^^^^^^^^^^^^^^^^^^^^^^^^^^^^^^^^^^^^^^^^^^^^^^^^^^^^^^^^^^^^^^^^^^^^^^^^^^^^^^^^^^^^^^^^^^^^^^^^^^^^^^^^^^^^^^^^^^^^^^[0m
2025-11-09T23:41:44.5274251Z [0m    [0m[0m[1m[38;5;12m|[0m
2025-11-09T23:41:44.5275253Z [0m    [0m[0m[1m[38;5;12m= [0m[0m[1mhelp[0m[0m: for further information visit https://rust-lang.github.io/rust-clippy/master/index.html#uninlined_format_args[0m
2025-11-09T23:41:44.5275895Z [0m[1m[38;5;14mhelp[0m[0m: change this to[0m
2025-11-09T23:41:44.5276207Z [0m    [0m[0m[1m[38;5;12m|[0m
2025-11-09T23:41:44.5276869Z [0m[1m[38;5;12m980[0m[0m [0m[0m[38;5;9m- [0m[0m        println!("  e=0x{:08x}, f=0x{:08x}, g=0x{:08x}, h=0x{:08x}"[0m[0m[38;5;9m, e_before_final, f_before_final, g_before_final, h_before_final[0m[0m);[0m
2025-11-09T23:41:44.5279563Z [0m[1m[38;5;12m980[0m[0m [0m[0m[38;5;10m+ [0m[0m        println!("  e=0x{[0m[0m[38;5;10me_before_final[0m[0m:08x}, f=0x{[0m[0m[38;5;10mf_before_final[0m[0m:08x}, g=0x{[0m[0m[38;5;10mg_before_final[0m[0m:08x}, h=0x{[0m[0m[38;5;10mh_before_final[0m[0m:08x}");[0m
2025-11-09T23:41:44.5280601Z [0m    [0m[0m[1m[38;5;12m|[0m
2025-11-09T23:41:44.5280891Z 
2025-11-09T23:41:44.5281382Z [0m[1m[38;5;9merror[0m[0m[1m: variables can be used directly in the `format!` string[0m
2025-11-09T23:41:44.5282173Z [0m   [0m[0m[1m[38;5;12m--> [0m[0msrc/crypto/sha256_avx2.rs:981:9[0m
2025-11-09T23:41:44.5282516Z [0m    [0m[0m[1m[38;5;12m|[0m
2025-11-09T23:41:44.5283171Z [0m[1m[38;5;12m981[0m[0m [0m[0m[1m[38;5;12m|[0m[0m [0m[0m        println!("DEBUG Transform 3 before adding initial hash: a=0x{:08x} (expected 0x78ec3678)", a_before_final);[0m
2025-11-09T23:41:44.5284089Z [0m    [0m[0m[1m[38;5;12m|[0m[0m         [0m[0m[1m[38;5;9m^^^^^^^^^^^^^^^^^^^^^^^^^^^^^^^^^^^^^^^^^^^^^^^^^^^^^^^^^^^^^^^^^^^^^^^^^^^^^^^^^^^^^^^^^^^^^^^^^^^^^^^^^^[0m
2025-11-09T23:41:44.5284755Z [0m    [0m[0m[1m[38;5;12m|[0m
2025-11-09T23:41:44.5285446Z [0m    [0m[0m[1m[38;5;12m= [0m[0m[1mhelp[0m[0m: for further information visit https://rust-lang.github.io/rust-clippy/master/index.html#uninlined_format_args[0m
2025-11-09T23:41:44.5286078Z [0m[1m[38;5;14mhelp[0m[0m: change this to[0m
2025-11-09T23:41:44.5286390Z [0m    [0m[0m[1m[38;5;12m|[0m
2025-11-09T23:41:44.5287100Z [0m[1m[38;5;12m981[0m[0m [0m[0m[38;5;9m- [0m[0m        println!("DEBUG Transform 3 before adding initial hash: a=0x{:08x} (expected 0x78ec3678)"[0m[0m[38;5;9m, a_before_final[0m[0m);[0m
2025-11-09T23:41:44.5288116Z [0m[1m[38;5;12m981[0m[0m [0m[0m[38;5;10m+ [0m[0m        println!("DEBUG Transform 3 before adding initial hash: a=0x{[0m[0m[38;5;10ma_before_final[0m[0m:08x} (expected 0x78ec3678)");[0m
2025-11-09T23:41:44.5288721Z [0m    [0m[0m[1m[38;5;12m|[0m
2025-11-09T23:41:44.5288873Z 
2025-11-09T23:41:44.5289166Z [0m[1m[38;5;9merror[0m[0m[1m: variables can be used directly in the `format!` string[0m
2025-11-09T23:41:44.5289656Z [0m   [0m[0m[1m[38;5;12m--> [0m[0msrc/crypto/sha256_avx2.rs:988:9[0m
2025-11-09T23:41:44.5289989Z [0m    [0m[0m[1m[38;5;12m|[0m
2025-11-09T23:41:44.5290755Z [0m[1m[38;5;12m988[0m[0m [0m[0m[1m[38;5;12m|[0m[0m [0m[0m        println!("DEBUG Transform 3 final a (after adding initial): 0x{:08x}", a_final_val);[0m
2025-11-09T23:41:44.5291407Z [0m    [0m[0m[1m[38;5;12m|[0m[0m         [0m[0m[1m[38;5;9m^^^^^^^^^^^^^^^^^^^^^^^^^^^^^^^^^^^^^^^^^^^^^^^^^^^^^^^^^^^^^^^^^^^^^^^^^^^^^^^^^^^[0m
2025-11-09T23:41:44.5291772Z [0m    [0m[0m[1m[38;5;12m|[0m
2025-11-09T23:41:44.5292440Z [0m    [0m[0m[1m[38;5;12m= [0m[0m[1mhelp[0m[0m: for further information visit https://rust-lang.github.io/rust-clippy/master/index.html#uninlined_format_args[0m
2025-11-09T23:41:44.5293076Z [0m[1m[38;5;14mhelp[0m[0m: change this to[0m
2025-11-09T23:41:44.5293384Z [0m    [0m[0m[1m[38;5;12m|[0m
2025-11-09T23:41:44.5294011Z [0m[1m[38;5;12m988[0m[0m [0m[0m[38;5;9m- [0m[0m        println!("DEBUG Transform 3 final a (after adding initial): 0x{:08x}"[0m[0m[38;5;9m, a_final_val[0m[0m);[0m
2025-11-09T23:41:44.5295299Z [0m[1m[38;5;12m988[0m[0m [0m[0m[38;5;10m+ [0m[0m        println!("DEBUG Transform 3 final a (after adding initial): 0x{[0m[0m[38;5;10ma_final_val[0m[0m:08x}");[0m
2025-11-09T23:41:44.5296032Z [0m    [0m[0m[1m[38;5;12m|[0m
2025-11-09T23:41:44.5296187Z 
2025-11-09T23:41:44.5341724Z [0m[1m[38;5;9merror[0m[0m[1m: manually reimplementing `div_ceil`[0m
2025-11-09T23:41:44.5342207Z [0m  [0m[0m[1m[38;5;12m--> [0m[0msrc/crypto/sha_ni.rs:73:41[0m
2025-11-09T23:41:44.5342558Z [0m   [0m[0m[1m[38;5;12m|[0m
2025-11-09T23:41:44.5343262Z [0m[1m[38;5;12m73[0m[0m [0m[0m[1m[38;5;12m|[0m[0m [0m[0m    let mut padded = Vec::with_capacity(((data.len() + 9 + 63) / 64) * 64);[0m
2025-11-09T23:41:44.5344044Z [0m   [0m[0m[1m[38;5;12m|[0m[0m                                         [0m[0m[1m[38;5;9m^^^^^^^^^^^^^^^^^^^^^^^^^^^^[0m[0m [0m[0m[1m[38;5;9mhelp: consider using `.div_ceil()`: `(data.len() + 9).div_ceil(64)`[0m
2025-11-09T23:41:44.5345066Z [0m   [0m[0m[1m[38;5;12m|[0m
2025-11-09T23:41:44.5345729Z [0m   [0m[0m[1m[38;5;12m= [0m[0m[1mhelp[0m[0m: for further information visit https://rust-lang.github.io/rust-clippy/master/index.html#manual_div_ceil[0m
2025-11-09T23:41:44.5346542Z [0m   [0m[0m[1m[38;5;12m= [0m[0m[1mnote[0m[0m: `-D clippy::manual-div-ceil` implied by `-D warnings`[0m
2025-11-09T23:41:44.5349054Z [0m   [0m[0m[1m[38;5;12m= [0m[0m[1mhelp[0m[0m: to override `-D warnings` add `#[allow(clippy::manual_div_ceil)]`[0m
2025-11-09T23:41:44.5349378Z 
2025-11-09T23:41:44.5685447Z [0m[1m[38;5;9merror[0m[0m[1m: variables can be used directly in the `format!` string[0m
2025-11-09T23:41:44.5686489Z [0m   [0m[0m[1m[38;5;12m--> [0m[0msrc/mempool.rs:143:59[0m
2025-11-09T23:41:44.5686998Z [0m    [0m[0m[1m[38;5;12m|[0m
2025-11-09T23:41:44.5689762Z [0m[1m[38;5;12m143[0m[0m [0m[0m[1m[38;5;12m|[0m[0m   [0m[0m                        return Ok(MempoolResult::Rejected(format!([0m
2025-11-09T23:41:44.5690616Z [0m    [0m[0m[1m[38;5;12m|[0m[0m [0m[0m[1m[38;5;9m ___________________________________________________________^[0m
2025-11-09T23:41:44.5691494Z [0m[1m[38;5;12m144[0m[0m [0m[0m[1m[38;5;12m|[0m[0m [0m[0m[1m[38;5;9m|[0m[0m [0m[0m                            "Invalid script at input {}",[0m
2025-11-09T23:41:44.5692363Z [0m[1m[38;5;12m145[0m[0m [0m[0m[1m[38;5;12m|[0m[0m [0m[0m[1m[38;5;9m|[0m[0m [0m[0m                            i[0m
2025-11-09T23:41:44.5693178Z [0m[1m[38;5;12m146[0m[0m [0m[0m[1m[38;5;12m|[0m[0m [0m[0m[1m[38;5;9m|[0m[0m [0m[0m                        )));[0m
2025-11-09T23:41:44.5693900Z [0m    [0m[0m[1m[38;5;12m|[0m[0m [0m[0m[1m[38;5;9m|_________________________^[0m
2025-11-09T23:41:44.5694600Z [0m    [0m[0m[1m[38;5;12m|[0m
2025-11-09T23:41:44.5697229Z [0m    [0m[0m[1m[38;5;12m= [0m[0m[1mhelp[0m[0m: for further information visit https://rust-lang.github.io/rust-clippy/master/index.html#uninlined_format_args[0m
2025-11-09T23:41:44.5697979Z 
2025-11-09T23:41:44.6022347Z [0m[1m[38;5;9merror[0m[0m[1m: variables can be used directly in the `format!` string[0m
2025-11-09T23:41:44.6023068Z [0m   [0m[0m[1m[38;5;12m--> [0m[0msrc/pow.rs:506:55[0m
2025-11-09T23:41:44.6023549Z [0m    [0m[0m[1m[38;5;12m|[0m
2025-11-09T23:41:44.6024679Z [0m[1m[38;5;12m506[0m[0m [0m[0m[1m[38;5;12m|[0m[0m   [0m[0m        return Err(ConsensusError::InvalidProofOfWork(format!([0m
2025-11-09T23:41:44.6025729Z [0m    [0m[0m[1m[38;5;12m|[0m[0m [0m[0m[1m[38;5;9m _______________________________________________________^[0m
2025-11-09T23:41:44.6026652Z [0m[1m[38;5;12m507[0m[0m [0m[0m[1m[38;5;12m|[0m[0m [0m[0m[1m[38;5;9m|[0m[0m [0m[0m            "Target too large: exponent {} exceeds maximum 29",[0m
2025-11-09T23:41:44.6029387Z [0m[1m[38;5;12m508[0m[0m [0m[0m[1m[38;5;12m|[0m[0m [0m[0m[1m[38;5;9m|[0m[0m [0m[0m            n_size_final[0m
2025-11-09T23:41:44.6030246Z [0m[1m[38;5;12m509[0m[0m [0m[0m[1m[38;5;12m|[0m[0m [0m[0m[1m[38;5;9m|[0m[0m [0m[0m        )));[0m
2025-11-09T23:41:44.6030897Z [0m    [0m[0m[1m[38;5;12m|[0m[0m [0m[0m[1m[38;5;9m|_________^[0m
2025-11-09T23:41:44.6031371Z [0m    [0m[0m[1m[38;5;12m|[0m
2025-11-09T23:41:44.6032538Z [0m    [0m[0m[1m[38;5;12m= [0m[0m[1mhelp[0m[0m: for further information visit https://rust-lang.github.io/rust-clippy/master/index.html#uninlined_format_args[0m
2025-11-09T23:41:44.6033277Z 
2025-11-09T23:41:44.6633797Z [0m[1m[38;5;9merror[0m[0m[1m: variables can be used directly in the `format!` string[0m
2025-11-09T23:41:44.6634942Z [0m   [0m[0m[1m[38;5;12m--> [0m[0msrc/network.rs:301:43[0m
2025-11-09T23:41:44.6635677Z [0m    [0m[0m[1m[38;5;12m|[0m
2025-11-09T23:41:44.6636522Z [0m[1m[38;5;12m301[0m[0m [0m[0m[1m[38;5;12m|[0m[0m   [0m[0m        return Ok(NetworkResponse::Reject(format!([0m
2025-11-09T23:41:44.6637307Z [0m    [0m[0m[1m[38;5;12m|[0m[0m [0m[0m[1m[38;5;9m ___________________________________________^[0m
2025-11-09T23:41:44.6638113Z [0m[1m[38;5;12m302[0m[0m [0m[0m[1m[38;5;12m|[0m[0m [0m[0m[1m[38;5;9m|[0m[0m [0m[0m            "Invalid transaction: {}",[0m
2025-11-09T23:41:44.6638923Z [0m[1m[38;5;12m303[0m[0m [0m[0m[1m[38;5;12m|[0m[0m [0m[0m[1m[38;5;9m|[0m[0m [0m[0m            e[0m
2025-11-09T23:41:44.6639675Z [0m[1m[38;5;12m304[0m[0m [0m[0m[1m[38;5;12m|[0m[0m [0m[0m[1m[38;5;9m|[0m[0m [0m[0m        )));[0m
2025-11-09T23:41:44.6640317Z [0m    [0m[0m[1m[38;5;12m|[0m[0m [0m[0m[1m[38;5;9m|_________^[0m
2025-11-09T23:41:44.6640927Z [0m    [0m[0m[1m[38;5;12m|[0m
2025-11-09T23:41:44.6641953Z [0m    [0m[0m[1m[38;5;12m= [0m[0m[1mhelp[0m[0m: for further information visit https://rust-lang.github.io/rust-clippy/master/index.html#uninlined_format_args[0m
2025-11-09T23:41:44.6642694Z 
2025-11-09T23:41:44.6765345Z [0m[1m[38;5;9merror[0m[0m[1m: variables can be used directly in the `format!` string[0m
2025-11-09T23:41:44.6766299Z [0m   [0m[0m[1m[38;5;12m--> [0m[0msrc/reorganization.rs:113:17[0m
2025-11-09T23:41:44.6768642Z [0m    [0m[0m[1m[38;5;12m|[0m
2025-11-09T23:41:44.6769545Z [0m[1m[38;5;12m113[0m[0m [0m[0m[1m[38;5;12m|[0m[0m [0m[0m[1m[38;5;9m/[0m[0m [0m[0m                format!([0m
2025-11-09T23:41:44.6773223Z [0m[1m[38;5;12m114[0m[0m [0m[0m[1m[38;5;12m|[0m[0m [0m[0m[1m[38;5;9m|[0m[0m [0m[0m                    "Invalid block at height {} during reorganization",[0m
2025-11-09T23:41:44.6774669Z [0m[1m[38;5;12m115[0m[0m [0m[0m[1m[38;5;12m|[0m[0m [0m[0m[1m[38;5;9m|[0m[0m [0m[0m                    new_height[0m
2025-11-09T23:41:44.6775741Z [0m[1m[38;5;12m116[0m[0m [0m[0m[1m[38;5;12m|[0m[0m [0m[0m[1m[38;5;9m|[0m[0m [0m[0m                ),[0m
2025-11-09T23:41:44.6776622Z [0m    [0m[0m[1m[38;5;12m|[0m[0m [0m[0m[1m[38;5;9m|_________________^[0m
2025-11-09T23:41:44.6777208Z [0m    [0m[0m[1m[38;5;12m|[0m
2025-11-09T23:41:44.6778464Z [0m    [0m[0m[1m[38;5;12m= [0m[0m[1mhelp[0m[0m: for further information visit https://rust-lang.github.io/rust-clippy/master/index.html#uninlined_format_args[0m
2025-11-09T23:41:44.6779332Z 
2025-11-09T23:41:44.7878924Z [1m[31merror[0m[1m:[0m could not compile `bllvm-consensus` (lib) due to 64 previous errors
2025-11-09T23:41:44.8003352Z ##[error]Process completed with exit code 101.
2025-11-09T23:41:44.8104059Z Post job cleanup.
2025-11-09T23:41:44.9331652Z [command]/usr/bin/git version
2025-11-09T23:41:44.9382564Z git version 2.43.0
2025-11-09T23:41:44.9436412Z Copying '/home/jswift/.gitconfig' to '/home/jswift/actions-runner-org2/_work/_temp/01bf5c5f-20bb-41de-97ec-65c6ff061db1/.gitconfig'
2025-11-09T23:41:44.9447895Z Temporarily overriding HOME='/home/jswift/actions-runner-org2/_work/_temp/01bf5c5f-20bb-41de-97ec-65c6ff061db1' before making global git config changes
2025-11-09T23:41:44.9449392Z Adding repository directory to the temporary git global config as a safe directory
2025-11-09T23:41:44.9455398Z [command]/usr/bin/git config --global --add safe.directory /home/jswift/actions-runner-org2/_work/bllvm-consensus/bllvm-consensus
2025-11-09T23:41:44.9497595Z [command]/usr/bin/git config --local --name-only --get-regexp core\.sshCommand
2025-11-09T23:41:44.9547193Z [command]/usr/bin/git submodule foreach --recursive sh -c "git config --local --name-only --get-regexp 'core\.sshCommand' && git config --local --unset-all 'core.sshCommand' || :"
2025-11-09T23:41:44.9842509Z [command]/usr/bin/git config --local --name-only --get-regexp http\.https\:\/\/github\.com\/\.extraheader
2025-11-09T23:41:44.9873344Z http.https://github.com/.extraheader
2025-11-09T23:41:44.9887945Z [command]/usr/bin/git config --local --unset-all http.https://github.com/.extraheader
2025-11-09T23:41:44.9931310Z [command]/usr/bin/git submodule foreach --recursive sh -c "git config --local --name-only --get-regexp 'http\.https\:\/\/github\.com\/\.extraheader' && git config --local --unset-all 'http.https://github.com/.extraheader' || :"
2025-11-09T23:41:45.0370203Z A job completed hook has been configured by the self-hosted runner administrator
2025-11-09T23:41:45.0423353Z ##[group]Run '/home/jswift/actions-runner-org2/cleanup-hooks/job-completed.sh'
2025-11-09T23:41:45.0460565Z shell: /usr/bin/bash --noprofile --norc -e -o pipefail {0}
2025-11-09T23:41:45.0461109Z ##[endgroup]
2025-11-09T23:41:45.0549625Z Job completed: Sun Nov  9 11:41:45 PM UTC 2025
2025-11-09T23:41:45.0586222Z Available disk space: 12G
2025-11-09T23:41:45.0586711Z Cleaning up after job completion...
2025-11-09T23:41:45.1396124Z Cleanup completed. Available disk space: 12G
2025-11-09T23:41:45.1452761Z Cleaning up orphan processes
