2025-11-09T23:37:16.3595463Z Current runner version: '2.329.0'
2025-11-09T23:37:16.3604612Z Runner name: 'linode-runner-02'
2025-11-09T23:37:16.3605615Z Runner group name: 'default'
2025-11-09T23:37:16.3606901Z Machine name: 'localhost'
2025-11-09T23:37:16.3610143Z ##[group]GITHUB_TOKEN Permissions
2025-11-09T23:37:16.3612815Z Contents: read
2025-11-09T23:37:16.3613639Z Metadata: read
2025-11-09T23:37:16.3614772Z Packages: read
2025-11-09T23:37:16.3615394Z ##[endgroup]
2025-11-09T23:37:16.3619550Z Secret source: Actions
2025-11-09T23:37:16.3620371Z Prepare workflow directory
2025-11-09T23:37:16.4403033Z Prepare all required actions
2025-11-09T23:37:16.4445815Z Getting action download info
2025-11-09T23:37:16.7548998Z Download action repository 'actions/checkout@v4' (SHA:08eba0b27e820071cde6df949e0beb9ba4906955)
2025-11-09T23:37:17.1755623Z Download action repository 'dtolnay/rust-toolchain@master' (SHA:6d653acede28d24f02e3cd41383119e8b1b35921)
2025-11-09T23:37:17.4089655Z Download action repository 'actions/cache@v3' (SHA:6f8efc29b200d32929f49075959781ed54ec270c)
2025-11-09T23:37:18.0657355Z Complete job name: Documentation
2025-11-09T23:37:18.1357267Z A job started hook has been configured by the self-hosted runner administrator
2025-11-09T23:37:18.1568933Z ##[group]Run '/home/jswift/actions-runner-org2/cleanup-hooks/job-started.sh'
2025-11-09T23:37:18.1608607Z shell: /usr/bin/bash --noprofile --norc -e -o pipefail {0}
2025-11-09T23:37:18.1611472Z ##[endgroup]
2025-11-09T23:37:18.1823703Z Job started: Sun Nov  9 11:37:18 PM UTC 2025
2025-11-09T23:37:18.1840003Z Available disk space: 11G
2025-11-09T23:37:18.1876909Z Disk usage is 78% - no cleanup needed
2025-11-09T23:37:18.2200289Z ##[group]Run actions/checkout@v4
2025-11-09T23:37:18.2203155Z with:
2025-11-09T23:37:18.2203952Z   repository: BTCDecoded/bllvm-consensus
2025-11-09T23:37:18.2205472Z   token: ***
2025-11-09T23:37:18.2206238Z   ssh-strict: true
2025-11-09T23:37:18.2207025Z   ssh-user: git
2025-11-09T23:37:18.2207830Z   persist-credentials: true
2025-11-09T23:37:18.2208746Z   clean: true
2025-11-09T23:37:18.2209574Z   sparse-checkout-cone-mode: true
2025-11-09T23:37:18.2210536Z   fetch-depth: 1
2025-11-09T23:37:18.2211325Z   fetch-tags: false
2025-11-09T23:37:18.2212117Z   show-progress: true
2025-11-09T23:37:18.2213132Z   lfs: false
2025-11-09T23:37:18.2213872Z   submodules: false
2025-11-09T23:37:18.2215021Z   set-safe-directory: true
2025-11-09T23:37:18.2215929Z env:
2025-11-09T23:37:18.2216683Z   CARGO_TERM_COLOR: always
2025-11-09T23:37:18.2217581Z ##[endgroup]
2025-11-09T23:37:18.3578941Z Syncing repository: BTCDecoded/bllvm-consensus
2025-11-09T23:37:18.3584705Z ##[group]Getting Git version info
2025-11-09T23:37:18.3587455Z Working directory is '/home/jswift/actions-runner-org2/_work/bllvm-consensus/bllvm-consensus'
2025-11-09T23:37:18.3592913Z [command]/usr/bin/git version
2025-11-09T23:37:18.3618533Z git version 2.43.0
2025-11-09T23:37:18.3670632Z ##[endgroup]
2025-11-09T23:37:18.3691790Z Copying '/home/jswift/.gitconfig' to '/home/jswift/actions-runner-org2/_work/_temp/f4b79387-f6a0-447c-8884-fab0e91a6a34/.gitconfig'
2025-11-09T23:37:18.3722518Z Temporarily overriding HOME='/home/jswift/actions-runner-org2/_work/_temp/f4b79387-f6a0-447c-8884-fab0e91a6a34' before making global git config changes
2025-11-09T23:37:18.3726806Z Adding repository directory to the temporary git global config as a safe directory
2025-11-09T23:37:18.3731113Z [command]/usr/bin/git config --global --add safe.directory /home/jswift/actions-runner-org2/_work/bllvm-consensus/bllvm-consensus
2025-11-09T23:37:18.3783782Z [command]/usr/bin/git config --local --get remote.origin.url
2025-11-09T23:37:18.3810576Z https://github.com/BTCDecoded/bllvm-consensus
2025-11-09T23:37:18.3843181Z ##[group]Removing previously created refs, to avoid conflicts
2025-11-09T23:37:18.3848721Z [command]/usr/bin/git rev-parse --symbolic-full-name --verify --quiet HEAD
2025-11-09T23:37:18.3875680Z refs/heads/main
2025-11-09T23:37:18.3889214Z [command]/usr/bin/git checkout --detach
2025-11-09T23:37:18.3993848Z HEAD is now at ad63429 fix: Add missing crypto module declaration in lib.rs
2025-11-09T23:37:18.3997587Z M	target/.rustc_info.json
2025-11-09T23:37:18.4057177Z [command]/usr/bin/git branch --delete --force main
2025-11-09T23:37:18.4092608Z Deleted branch main (was ad63429).
2025-11-09T23:37:18.4148933Z ##[endgroup]
2025-11-09T23:37:18.4150266Z [command]/usr/bin/git submodule status
2025-11-09T23:37:18.4454833Z ##[group]Cleaning the repository
2025-11-09T23:37:18.4459217Z [command]/usr/bin/git clean -ffdx
2025-11-09T23:37:18.4677017Z Removing target/debug/.fingerprint/addr2line-d5ebf1990a8a4e5f/
2025-11-09T23:37:18.4679748Z Removing target/debug/.fingerprint/adler2-af5b0e47f1b187b9/
2025-11-09T23:37:18.4681704Z Removing target/debug/.fingerprint/anes-a0919dfd93f50712/
2025-11-09T23:37:18.4683639Z Removing target/debug/.fingerprint/anstyle-c4f390893da93688/
2025-11-09T23:37:18.4685866Z Removing target/debug/.fingerprint/anyhow-95fc8231af5535f8/
2025-11-09T23:37:18.4687779Z Removing target/debug/.fingerprint/anyhow-9d430c1379eea21c/
2025-11-09T23:37:18.4691166Z Removing target/debug/.fingerprint/anyhow-e6cbf2b1ef9f5a17/
2025-11-09T23:37:18.4694814Z Removing target/debug/.fingerprint/autocfg-9280f9c2f723f569/
2025-11-09T23:37:18.4697342Z Removing target/debug/.fingerprint/backtrace-50a1387f50507b54/
2025-11-09T23:37:18.4700094Z Removing target/debug/.fingerprint/base64-a27c42143a7ea7b5/
2025-11-09T23:37:18.4704613Z Removing target/debug/.fingerprint/bincode-becc14c21199bb9c/
2025-11-09T23:37:18.4707184Z Removing target/debug/.fingerprint/bit-set-46b4e6ac82f2d6c2/
2025-11-09T23:37:18.4708730Z Removing target/debug/.fingerprint/bit-vec-f5e51f12b3cb6dc0/
2025-11-09T23:37:18.4710698Z Removing target/debug/.fingerprint/bitcoin_hashes-afede1b96b464164/
2025-11-09T23:37:18.4712340Z Removing target/debug/.fingerprint/bitflags-896e2bfd2a1fb9d6/
2025-11-09T23:37:18.4714458Z Removing target/debug/.fingerprint/bllvm-consensus-03c178ea49b5e33f/
2025-11-09T23:37:18.4716175Z Removing target/debug/.fingerprint/bllvm-consensus-07951ce7bc79a354/
2025-11-09T23:37:18.4717903Z Removing target/debug/.fingerprint/bllvm-consensus-0d8f15dd1080fc85/
2025-11-09T23:37:18.4719604Z Removing target/debug/.fingerprint/bllvm-consensus-0e38563dd38e912b/
2025-11-09T23:37:18.4722922Z Removing target/debug/.fingerprint/bllvm-consensus-107189dc35077b3a/
2025-11-09T23:37:18.4725098Z Removing target/debug/.fingerprint/bllvm-consensus-1c0c0f1d9f294905/
2025-11-09T23:37:18.4727906Z Removing target/debug/.fingerprint/bllvm-consensus-1cb97f9101c6b430/
2025-11-09T23:37:18.4733712Z Removing target/debug/.fingerprint/bllvm-consensus-35b87da7fd33256a/
2025-11-09T23:37:18.4735642Z Removing target/debug/.fingerprint/bllvm-consensus-38d87f68fd573e96/
2025-11-09T23:37:18.4737348Z Removing target/debug/.fingerprint/bllvm-consensus-4281047bd249c94a/
2025-11-09T23:37:18.4739038Z Removing target/debug/.fingerprint/bllvm-consensus-45c598deb2f166a5/
2025-11-09T23:37:18.4740726Z Removing target/debug/.fingerprint/bllvm-consensus-4769854aa97d04c4/
2025-11-09T23:37:18.4742410Z Removing target/debug/.fingerprint/bllvm-consensus-482a7fb1905cd20b/
2025-11-09T23:37:18.4744110Z Removing target/debug/.fingerprint/bllvm-consensus-488bb6d31439a8b3/
2025-11-09T23:37:18.4745936Z Removing target/debug/.fingerprint/bllvm-consensus-4cf6a1b9d2623d6b/
2025-11-09T23:37:18.4747663Z Removing target/debug/.fingerprint/bllvm-consensus-71a2478a1f4b1c7f/
2025-11-09T23:37:18.4749365Z Removing target/debug/.fingerprint/bllvm-consensus-770970a17a236ded/
2025-11-09T23:37:18.4751063Z Removing target/debug/.fingerprint/bllvm-consensus-82b943b84f771867/
2025-11-09T23:37:18.4752739Z Removing target/debug/.fingerprint/bllvm-consensus-93ee1310d6f594ae/
2025-11-09T23:37:18.4754557Z Removing target/debug/.fingerprint/bllvm-consensus-b1795dea432e56e7/
2025-11-09T23:37:18.4756271Z Removing target/debug/.fingerprint/bllvm-consensus-b946a86fc6ffc686/
2025-11-09T23:37:18.4758567Z Removing target/debug/.fingerprint/bllvm-consensus-bbd73f236cf56ff5/
2025-11-09T23:37:18.4760283Z Removing target/debug/.fingerprint/bllvm-consensus-c6165610ce56201b/
2025-11-09T23:37:18.4763776Z Removing target/debug/.fingerprint/bllvm-consensus-d050a87a4e5aea67/
2025-11-09T23:37:18.4765883Z Removing target/debug/.fingerprint/bllvm-consensus-d675b2ce38731eb5/
2025-11-09T23:37:18.4767900Z Removing target/debug/.fingerprint/bllvm-consensus-db7129cdcf3be648/
2025-11-09T23:37:18.4769627Z Removing target/debug/.fingerprint/bllvm-consensus-f79a795aa50c0de6/
2025-11-09T23:37:18.4771335Z Removing target/debug/.fingerprint/bllvm-consensus-fa3407339f6cc364/
2025-11-09T23:37:18.4772987Z Removing target/debug/.fingerprint/block-buffer-e24311a7f03c980c/
2025-11-09T23:37:18.4777365Z Removing target/debug/.fingerprint/bolero-61e4b405f0d99475/
2025-11-09T23:37:18.4779647Z Removing target/debug/.fingerprint/bolero-engine-7a6a62618e83236d/
2025-11-09T23:37:18.4781661Z Removing target/debug/.fingerprint/bolero-generator-derive-c68fbc97a38d0e7b/
2025-11-09T23:37:18.4783466Z Removing target/debug/.fingerprint/bolero-generator-f52625225236cff7/
2025-11-09T23:37:18.4785269Z Removing target/debug/.fingerprint/bytes-e9fddd1bd45d8900/
2025-11-09T23:37:18.4786713Z Removing target/debug/.fingerprint/cast-93991a378c062ce2/
2025-11-09T23:37:18.4788240Z Removing target/debug/.fingerprint/cc-7d5b8c3e1f4cbfcd/
2025-11-09T23:37:18.4789791Z Removing target/debug/.fingerprint/cfg-if-5efacd4c40f67578/
2025-11-09T23:37:18.4791274Z Removing target/debug/.fingerprint/ciborium-b9b3c5892a813a85/
2025-11-09T23:37:18.4795088Z Removing target/debug/.fingerprint/ciborium-io-d4a5cc50b6903de8/
2025-11-09T23:37:18.4796737Z Removing target/debug/.fingerprint/ciborium-ll-b0ffa1280b2c5942/
2025-11-09T23:37:18.4798486Z Removing target/debug/.fingerprint/clap-fa471eea3106a856/
2025-11-09T23:37:18.4800008Z Removing target/debug/.fingerprint/clap_builder-672169a28e439221/
2025-11-09T23:37:18.4801544Z Removing target/debug/.fingerprint/clap_lex-b779c87941961e37/
2025-11-09T23:37:18.4805066Z Removing target/debug/.fingerprint/cpufeatures-ee10eae80741e153/
2025-11-09T23:37:18.4806814Z Removing target/debug/.fingerprint/criterion-8b23062bf7628800/
2025-11-09T23:37:18.4808447Z Removing target/debug/.fingerprint/criterion-plot-497bb8be6444bd1f/
2025-11-09T23:37:18.4810130Z Removing target/debug/.fingerprint/crossbeam-deque-f0686b61841f828a/
2025-11-09T23:37:18.4811920Z Removing target/debug/.fingerprint/crossbeam-epoch-5d380abd02926c22/
2025-11-09T23:37:18.4813833Z Removing target/debug/.fingerprint/crossbeam-utils-2e7512e383e7552c/
2025-11-09T23:37:18.4815666Z Removing target/debug/.fingerprint/crossbeam-utils-7b9bd07d9fad49b5/
2025-11-09T23:37:18.4817350Z Removing target/debug/.fingerprint/crossbeam-utils-8107c299d7212acb/
2025-11-09T23:37:18.4819008Z Removing target/debug/.fingerprint/crypto-common-6e0ab91b6c6191f7/
2025-11-09T23:37:18.4820604Z Removing target/debug/.fingerprint/digest-316d27a2bf334994/
2025-11-09T23:37:18.4822130Z Removing target/debug/.fingerprint/displaydoc-20238dffa2ae8b0c/
2025-11-09T23:37:18.4825692Z Removing target/debug/.fingerprint/either-a1f9b2c1be6f01b6/
2025-11-09T23:37:18.4827201Z Removing target/debug/.fingerprint/encoding_rs-f1d4c2bbd5bde7a5/
2025-11-09T23:37:18.4828780Z Removing target/debug/.fingerprint/equivalent-fb6cc83cf281e9bc/
2025-11-09T23:37:18.4830322Z Removing target/debug/.fingerprint/fastrand-4c7d3317299366b7/
2025-11-09T23:37:18.4831991Z Removing target/debug/.fingerprint/find-msvc-tools-e0c11e7e4ca96379/
2025-11-09T23:37:18.4835070Z Removing target/debug/.fingerprint/fnv-293287ae6d18546d/
2025-11-09T23:37:18.4836596Z Removing target/debug/.fingerprint/form_urlencoded-dbca2961b0a03513/
2025-11-09T23:37:18.4838288Z Removing target/debug/.fingerprint/futures-channel-ce3244b321a732dd/
2025-11-09T23:37:18.4839948Z Removing target/debug/.fingerprint/futures-core-bc9dc0fd63aebce4/
2025-11-09T23:37:18.4841565Z Removing target/debug/.fingerprint/futures-sink-2dce04bb75870a40/
2025-11-09T23:37:18.4843182Z Removing target/debug/.fingerprint/futures-task-71d5acf17967c2d4/
2025-11-09T23:37:18.4844911Z Removing target/debug/.fingerprint/futures-util-ff1e012805509cb6/
2025-11-09T23:37:18.4846527Z Removing target/debug/.fingerprint/generic-array-036ebdaa4415d02c/
2025-11-09T23:37:18.4848355Z Removing target/debug/.fingerprint/generic-array-218c5452e10dd155/
2025-11-09T23:37:18.4850281Z Removing target/debug/.fingerprint/generic-array-27e0812fe9f1c82e/
2025-11-09T23:37:18.4851886Z Removing target/debug/.fingerprint/getrandom-204a7ffda41f2c40/
2025-11-09T23:37:18.4853433Z Removing target/debug/.fingerprint/getrandom-8c953d0b2b49c2d2/
2025-11-09T23:37:18.4855104Z Removing target/debug/.fingerprint/getrandom-94f68988f0176c86/
2025-11-09T23:37:18.4856643Z Removing target/debug/.fingerprint/getrandom-aff71c4311e1d901/
2025-11-09T23:37:18.4858130Z Removing target/debug/.fingerprint/gimli-c6ce211822603f9c/
2025-11-09T23:37:18.4859499Z Removing target/debug/.fingerprint/h2-67b7373a3a98d2b1/
2025-11-09T23:37:18.4860869Z Removing target/debug/.fingerprint/half-b35a8b7b8184a652/
2025-11-09T23:37:18.4862369Z Removing target/debug/.fingerprint/hashbrown-58495ef904525875/
2025-11-09T23:37:18.4863838Z Removing target/debug/.fingerprint/hex-dcfe2cd018f6e5f0/
2025-11-09T23:37:18.4865432Z Removing target/debug/.fingerprint/http-af18e4ff9e3dfe38/
2025-11-09T23:37:18.4866912Z Removing target/debug/.fingerprint/http-body-8d5d3ab6f40ba57e/
2025-11-09T23:37:18.4868437Z Removing target/debug/.fingerprint/httparse-16b6048ff48827ab/
2025-11-09T23:37:18.4870382Z Removing target/debug/.fingerprint/httparse-af37b3e2ea59937d/
2025-11-09T23:37:18.4873849Z Removing target/debug/.fingerprint/httparse-cd2acd3122f2951e/
2025-11-09T23:37:18.4876205Z Removing target/debug/.fingerprint/httpdate-d5018c03204bd778/
2025-11-09T23:37:18.4877934Z Removing target/debug/.fingerprint/hyper-b60025547ec7088a/
2025-11-09T23:37:18.4879725Z Removing target/debug/.fingerprint/icu_collections-8d123128da8a58ae/
2025-11-09T23:37:18.4881431Z Removing target/debug/.fingerprint/icu_locale_core-14c42337931d9756/
2025-11-09T23:37:18.4883068Z Removing target/debug/.fingerprint/icu_normalizer-0602ce96235f2213/
2025-11-09T23:37:18.4884956Z Removing target/debug/.fingerprint/icu_normalizer_data-0521896a956c6a5a/
2025-11-09T23:37:18.4886731Z Removing target/debug/.fingerprint/icu_normalizer_data-05aa9f4127f1522c/
2025-11-09T23:37:18.4888467Z Removing target/debug/.fingerprint/icu_normalizer_data-7b70d1e6c13d434d/
2025-11-09T23:37:18.4890172Z Removing target/debug/.fingerprint/icu_properties-594bddf639bd9870/
2025-11-09T23:37:18.4893625Z Removing target/debug/.fingerprint/icu_properties_data-3eb416884774962c/
2025-11-09T23:37:18.4896124Z Removing target/debug/.fingerprint/icu_properties_data-753bf78d21f987f7/
2025-11-09T23:37:18.4898992Z Removing target/debug/.fingerprint/icu_properties_data-ec31945ff356bd2d/
2025-11-09T23:37:18.4903251Z Removing target/debug/.fingerprint/icu_provider-4e515be11ce49769/
2025-11-09T23:37:18.4905045Z Removing target/debug/.fingerprint/idna-8396801de7b90c02/
2025-11-09T23:37:18.4906904Z Removing target/debug/.fingerprint/idna_adapter-77a719ba56251a40/
2025-11-09T23:37:18.4908606Z Removing target/debug/.fingerprint/indexmap-ebd5508a6a5e9cdb/
2025-11-09T23:37:18.4910215Z Removing target/debug/.fingerprint/ipnet-f6c3440d7603f13d/
2025-11-09T23:37:18.4911912Z Removing target/debug/.fingerprint/is-terminal-dcd73c744b96c2bf/
2025-11-09T23:37:18.4915940Z Removing target/debug/.fingerprint/itertools-65e81afe9e445558/
2025-11-09T23:37:18.4917748Z Removing target/debug/.fingerprint/itoa-b11a99c3fb91e0ba/
2025-11-09T23:37:18.4919545Z Removing target/debug/.fingerprint/lazy_static-a60c6f0d6f5b0a48/
2025-11-09T23:37:18.4921133Z Removing target/debug/.fingerprint/libc-0a40c070d57948ed/
2025-11-09T23:37:18.4922664Z Removing target/debug/.fingerprint/libc-0bbb25e1d8acad57/
2025-11-09T23:37:18.4924499Z Removing target/debug/.fingerprint/libc-babd76be9bd57097/
2025-11-09T23:37:18.4926055Z Removing target/debug/.fingerprint/libm-5566613c570f3f25/
2025-11-09T23:37:18.4927933Z Removing target/debug/.fingerprint/libm-9878322bd35959a3/
2025-11-09T23:37:18.4929508Z Removing target/debug/.fingerprint/libm-bea1df92f0410dc7/
2025-11-09T23:37:18.4931185Z Removing target/debug/.fingerprint/linux-raw-sys-bb87369efe12a535/
2025-11-09T23:37:18.4934025Z Removing target/debug/.fingerprint/litemap-25eb7b5ae4df2615/
2025-11-09T23:37:18.4935765Z Removing target/debug/.fingerprint/log-7936ee94095ef39c/
2025-11-09T23:37:18.4937341Z Removing target/debug/.fingerprint/memchr-5d4e0d6bc9bda00f/
2025-11-09T23:37:18.4938922Z Removing target/debug/.fingerprint/mime-10033b098b888fed/
2025-11-09T23:37:18.4940521Z Removing target/debug/.fingerprint/miniz_oxide-d9ad3627380b17c2/
2025-11-09T23:37:18.4942168Z Removing target/debug/.fingerprint/mio-de964bf95b3057fb/
2025-11-09T23:37:18.4966584Z Removing target/debug/.fingerprint/num-traits-5cf5aecfc8480859/
2025-11-09T23:37:18.4968752Z Removing target/debug/.fingerprint/num-traits-b506934bb740cbf6/
2025-11-09T23:37:18.4970374Z Removing target/debug/.fingerprint/num-traits-dcfaab6837dca6ca/
2025-11-09T23:37:18.4971902Z Removing target/debug/.fingerprint/object-5829cb2233c0b513/
2025-11-09T23:37:18.4973363Z Removing target/debug/.fingerprint/object-79e3009c3f235dd5/
2025-11-09T23:37:18.4974978Z Removing target/debug/.fingerprint/object-80086ec81049dfec/
2025-11-09T23:37:18.4976472Z Removing target/debug/.fingerprint/once_cell-140027e2059e248c/
2025-11-09T23:37:18.4977985Z Removing target/debug/.fingerprint/oorandom-2c0384e18d716be6/
2025-11-09T23:37:18.4979639Z Removing target/debug/.fingerprint/percent-encoding-d4c02626543d40b3/
2025-11-09T23:37:18.4982962Z Removing target/debug/.fingerprint/pin-project-lite-8304a63f5944e937/
2025-11-09T23:37:18.4984946Z Removing target/debug/.fingerprint/pin-utils-4afe9bfe4113f5ad/
2025-11-09T23:37:18.4986892Z Removing target/debug/.fingerprint/plotters-backend-6c59dc1580532443/
2025-11-09T23:37:18.4988569Z Removing target/debug/.fingerprint/plotters-bae18d6894739156/
2025-11-09T23:37:18.4990149Z Removing target/debug/.fingerprint/plotters-svg-1e338b432e7f1ba6/
2025-11-09T23:37:18.4991784Z Removing target/debug/.fingerprint/potential_utf-594a8beb8964bbdf/
2025-11-09T23:37:18.4993393Z Removing target/debug/.fingerprint/ppv-lite86-f31b72c16d3ab29d/
2025-11-09T23:37:18.4995135Z Removing target/debug/.fingerprint/pretty-hex-3b643e86f56f4855/
2025-11-09T23:37:18.4996768Z Removing target/debug/.fingerprint/proc-macro-crate-288ba2d6f9cde8b2/
2025-11-09T23:37:18.4998427Z Removing target/debug/.fingerprint/proc-macro2-013e91bf61085fba/
2025-11-09T23:37:18.5000732Z Removing target/debug/.fingerprint/proc-macro2-0c90074a995b0125/
2025-11-09T23:37:18.5002333Z Removing target/debug/.fingerprint/proc-macro2-a923716fdc1423c7/
2025-11-09T23:37:18.5003919Z Removing target/debug/.fingerprint/proptest-fe5de64ab58eee66/
2025-11-09T23:37:18.5005617Z Removing target/debug/.fingerprint/quick-error-5431cbc53e6855e5/
2025-11-09T23:37:18.5007137Z Removing target/debug/.fingerprint/quote-1fd57a8d49f3e414/
2025-11-09T23:37:18.5008570Z Removing target/debug/.fingerprint/rand-fc4e73356887d916/
2025-11-09T23:37:18.5010083Z Removing target/debug/.fingerprint/rand_chacha-e20e83dc90b265db/
2025-11-09T23:37:18.5013024Z Removing target/debug/.fingerprint/rand_core-c368d6b1d0f2f67a/
2025-11-09T23:37:18.5014755Z Removing target/debug/.fingerprint/rand_xorshift-30dbcff9e0cf9f0e/
2025-11-09T23:37:18.5016387Z Removing target/debug/.fingerprint/rand_xoshiro-fb20a66967968e23/
2025-11-09T23:37:18.5017972Z Removing target/debug/.fingerprint/rayon-core-03a79c366c595edc/
2025-11-09T23:37:18.5019549Z Removing target/debug/.fingerprint/rayon-core-8233f837b2b82aa9/
2025-11-09T23:37:18.5021107Z Removing target/debug/.fingerprint/rayon-core-8f7a8180a2a17a55/
2025-11-09T23:37:18.5023810Z Removing target/debug/.fingerprint/rayon-fcfccdaccb2c1c8f/
2025-11-09T23:37:18.5025626Z Removing target/debug/.fingerprint/regex-7316801095448dcb/
2025-11-09T23:37:18.5027189Z Removing target/debug/.fingerprint/regex-automata-560db73d82089022/
2025-11-09T23:37:18.5030691Z Removing target/debug/.fingerprint/regex-syntax-fe8a530891fa5af3/
2025-11-09T23:37:18.5032543Z Removing target/debug/.fingerprint/reqwest-f1349d583e399c32/
2025-11-09T23:37:18.5035934Z Removing target/debug/.fingerprint/ripemd-c4385cbf09230132/
2025-11-09T23:37:18.5038001Z Removing target/debug/.fingerprint/rustc-demangle-8dab3eb1c1115427/
2025-11-09T23:37:18.5039591Z Removing target/debug/.fingerprint/rustix-4c7e8a32787cbda3/
2025-11-09T23:37:18.5041030Z Removing target/debug/.fingerprint/rustix-9d1c1196c042be37/
2025-11-09T23:37:18.5042494Z Removing target/debug/.fingerprint/rustix-fe849c32e80f99c3/
2025-11-09T23:37:18.5045504Z Removing target/debug/.fingerprint/rusty-fork-408f526f41d594bd/
2025-11-09T23:37:18.5047009Z Removing target/debug/.fingerprint/ryu-27d616b1525b0bd5/
2025-11-09T23:37:18.5048462Z Removing target/debug/.fingerprint/same-file-885ba4335dbafcd5/
2025-11-09T23:37:18.5050729Z Removing target/debug/.fingerprint/secp256k1-3552d18711f5218e/
2025-11-09T23:37:18.5052340Z Removing target/debug/.fingerprint/secp256k1-sys-6cd32742aabed926/
2025-11-09T23:37:18.5053941Z Removing target/debug/.fingerprint/secp256k1-sys-708e464d25e2f9a2/
2025-11-09T23:37:18.5055695Z Removing target/debug/.fingerprint/secp256k1-sys-cbc42ff488488692/
2025-11-09T23:37:18.5057248Z Removing target/debug/.fingerprint/serde-4eca9d9f7a929b57/
2025-11-09T23:37:18.5058686Z Removing target/debug/.fingerprint/serde-8e0d7ee100c82f98/
2025-11-09T23:37:18.5060133Z Removing target/debug/.fingerprint/serde-bd8472bda08e6db8/
2025-11-09T23:37:18.5063450Z Removing target/debug/.fingerprint/serde_derive-e749fa70367a8df4/
2025-11-09T23:37:18.5065155Z Removing target/debug/.fingerprint/serde_json-0dc48a5bcf535a0b/
2025-11-09T23:37:18.5066698Z Removing target/debug/.fingerprint/serde_json-b75336d497f01a50/
2025-11-09T23:37:18.5068244Z Removing target/debug/.fingerprint/serde_json-f87e09600e685d33/
2025-11-09T23:37:18.5070049Z Removing target/debug/.fingerprint/serde_urlencoded-36b5f7aa51dec2d6/
2025-11-09T23:37:18.5073321Z Removing target/debug/.fingerprint/sha2-asm-b2e38aa444311777/
2025-11-09T23:37:18.5075192Z Removing target/debug/.fingerprint/sha2-asm-d08d40e52f733493/
2025-11-09T23:37:18.5076818Z Removing target/debug/.fingerprint/sha2-asm-db02cef9726600b0/
2025-11-09T23:37:18.5078297Z Removing target/debug/.fingerprint/sha2-f1ee2b7c028150d8/
2025-11-09T23:37:18.5079747Z Removing target/debug/.fingerprint/shlex-83c7e0da01d13271/
2025-11-09T23:37:18.5081155Z Removing target/debug/.fingerprint/slab-3f53b5c5532ac7a8/
2025-11-09T23:37:18.5082622Z Removing target/debug/.fingerprint/smallvec-8995de69024cacd0/
2025-11-09T23:37:18.5084466Z Removing target/debug/.fingerprint/socket2-af83260fbd731ddc/
2025-11-09T23:37:18.5086005Z Removing target/debug/.fingerprint/socket2-ce2370ef04b1c292/
2025-11-09T23:37:18.5087617Z Removing target/debug/.fingerprint/stable_deref_trait-3d6a1750f55786e6/
2025-11-09T23:37:18.5089193Z Removing target/debug/.fingerprint/syn-1194b09556b5fe4b/
2025-11-09T23:37:18.5090585Z Removing target/debug/.fingerprint/syn-aca17214a42be380/
2025-11-09T23:37:18.5091974Z Removing target/debug/.fingerprint/syn-d514d08d86c32935/
2025-11-09T23:37:18.5093374Z Removing target/debug/.fingerprint/syn-db513f8ec2c70902/
2025-11-09T23:37:18.5095015Z Removing target/debug/.fingerprint/sync_wrapper-011d66a29022fa57/
2025-11-09T23:37:18.5096653Z Removing target/debug/.fingerprint/synstructure-5e32a687d3c1544f/
2025-11-09T23:37:18.5098241Z Removing target/debug/.fingerprint/tempfile-9dd7ea7255645a6d/
2025-11-09T23:37:18.5099783Z Removing target/debug/.fingerprint/thiserror-0ab41f997ece6c55/
2025-11-09T23:37:18.5101325Z Removing target/debug/.fingerprint/thiserror-33d8d4720d5b26de/
2025-11-09T23:37:18.5102867Z Removing target/debug/.fingerprint/thiserror-5c7e835cbcf3ecb5/
2025-11-09T23:37:18.5104777Z Removing target/debug/.fingerprint/thiserror-impl-ae242962b985a660/
2025-11-09T23:37:18.5107660Z Removing target/debug/.fingerprint/tinystr-d3b19922b34c6b5f/
2025-11-09T23:37:18.5110949Z Removing target/debug/.fingerprint/tinytemplate-8f3fd706f9b14a51/
2025-11-09T23:37:18.5113842Z Removing target/debug/.fingerprint/tokio-87840121dbcc34d6/
2025-11-09T23:37:18.5117251Z Removing target/debug/.fingerprint/tokio-macros-2752d99a3d96bedd/
2025-11-09T23:37:18.5120102Z Removing target/debug/.fingerprint/tokio-util-f8c6b36c18753d70/
2025-11-09T23:37:18.5123207Z Removing target/debug/.fingerprint/toml_datetime-93eba6e9ca7547bc/
2025-11-09T23:37:18.5126200Z Removing target/debug/.fingerprint/toml_edit-769c1e6e8df88079/
2025-11-09T23:37:18.5129007Z Removing target/debug/.fingerprint/tower-service-863bcdc79d53a78b/
2025-11-09T23:37:18.5131759Z Removing target/debug/.fingerprint/tracing-45bd8448a06fd778/
2025-11-09T23:37:18.5134613Z Removing target/debug/.fingerprint/tracing-core-efd5a647688ed0e7/
2025-11-09T23:37:18.5137477Z Removing target/debug/.fingerprint/try-lock-0a9dba077bc589b2/
2025-11-09T23:37:18.5140291Z Removing target/debug/.fingerprint/typenum-015e0db2d7fddc8a/
2025-11-09T23:37:18.5143036Z Removing target/debug/.fingerprint/typenum-911c3e43dcb6b56a/
2025-11-09T23:37:18.5145867Z Removing target/debug/.fingerprint/typenum-93ec83b436bf1eae/
2025-11-09T23:37:18.5148491Z Removing target/debug/.fingerprint/unarray-a3a566f6e348ba30/
2025-11-09T23:37:18.5151258Z Removing target/debug/.fingerprint/unicode-ident-796da7d7beff3c43/
2025-11-09T23:37:18.5153965Z Removing target/debug/.fingerprint/url-5c968cb4d8c3dd35/
2025-11-09T23:37:18.5156773Z Removing target/debug/.fingerprint/utf8_iter-25f6afe9a4463498/
2025-11-09T23:37:18.5159445Z Removing target/debug/.fingerprint/version_check-a216429c4cbdde93/
2025-11-09T23:37:18.5162221Z Removing target/debug/.fingerprint/wait-timeout-4dae2813bb096b7d/
2025-11-09T23:37:18.5165301Z Removing target/debug/.fingerprint/walkdir-61d89ec0cab3a80b/
2025-11-09T23:37:18.5168112Z Removing target/debug/.fingerprint/want-ed71f0675c882a6c/
2025-11-09T23:37:18.5171354Z Removing target/debug/.fingerprint/winnow-c3069a2d8d8dfc76/
2025-11-09T23:37:18.5174475Z Removing target/debug/.fingerprint/writeable-3371d4204352a54a/
2025-11-09T23:37:18.5177305Z Removing target/debug/.fingerprint/yoke-8853c473f3035d81/
2025-11-09T23:37:18.5180248Z Removing target/debug/.fingerprint/yoke-derive-06b29befb72e1620/
2025-11-09T23:37:18.5185305Z Removing target/debug/.fingerprint/zerocopy-5fabe0b83574e243/
2025-11-09T23:37:18.5188336Z Removing target/debug/.fingerprint/zerocopy-b498f825c400ed66/
2025-11-09T23:37:18.5191366Z Removing target/debug/.fingerprint/zerocopy-b6fca17bb70b5855/
2025-11-09T23:37:18.5196520Z Removing target/debug/.fingerprint/zerocopy-derive-9d99d41eb05d0a6d/
2025-11-09T23:37:18.5199741Z Removing target/debug/.fingerprint/zerofrom-1bfef26325f52b1d/
2025-11-09T23:37:18.5205109Z Removing target/debug/.fingerprint/zerofrom-derive-f24f75456298c6e7/
2025-11-09T23:37:18.5208171Z Removing target/debug/.fingerprint/zerotrie-51758b64cb4153fc/
2025-11-09T23:37:18.5213025Z Removing target/debug/.fingerprint/zerovec-7d5972dc6f34f025/
2025-11-09T23:37:18.5216390Z Removing target/debug/.fingerprint/zerovec-derive-de60b80a4650ecc3/
2025-11-09T23:37:18.5219318Z Removing target/debug/build/anyhow-9d430c1379eea21c/
2025-11-09T23:37:18.5223095Z Removing target/debug/build/anyhow-e6cbf2b1ef9f5a17/
2025-11-09T23:37:18.5225995Z Removing target/debug/build/crossbeam-utils-2e7512e383e7552c/
2025-11-09T23:37:18.5228429Z Removing target/debug/build/crossbeam-utils-7b9bd07d9fad49b5/
2025-11-09T23:37:18.5230063Z Removing target/debug/build/generic-array-036ebdaa4415d02c/
2025-11-09T23:37:18.5233653Z Removing target/debug/build/generic-array-27e0812fe9f1c82e/
2025-11-09T23:37:18.5235646Z Removing target/debug/build/getrandom-204a7ffda41f2c40/
2025-11-09T23:37:18.5237061Z Removing target/debug/build/getrandom-aff71c4311e1d901/
2025-11-09T23:37:18.5238455Z Removing target/debug/build/httparse-af37b3e2ea59937d/
2025-11-09T23:37:18.5239816Z Removing target/debug/build/httparse-cd2acd3122f2951e/
2025-11-09T23:37:18.5241310Z Removing target/debug/build/icu_normalizer_data-0521896a956c6a5a/
2025-11-09T23:37:18.5242945Z Removing target/debug/build/icu_normalizer_data-05aa9f4127f1522c/
2025-11-09T23:37:18.5331862Z Removing target/debug/build/icu_properties_data-753bf78d21f987f7/
2025-11-09T23:37:18.5333568Z Removing target/debug/build/icu_properties_data-ec31945ff356bd2d/
2025-11-09T23:37:18.5335620Z Removing target/debug/build/libc-0a40c070d57948ed/
2025-11-09T23:37:18.5337141Z Removing target/debug/build/libc-babd76be9bd57097/
2025-11-09T23:37:18.5338375Z Removing target/debug/build/libm-5566613c570f3f25/
2025-11-09T23:37:18.5339602Z Removing target/debug/build/libm-bea1df92f0410dc7/
2025-11-09T23:37:18.5342789Z Removing target/debug/build/num-traits-5cf5aecfc8480859/
2025-11-09T23:37:18.5344545Z Removing target/debug/build/num-traits-dcfaab6837dca6ca/
2025-11-09T23:37:18.5345895Z Removing target/debug/build/object-79e3009c3f235dd5/
2025-11-09T23:37:18.5347154Z Removing target/debug/build/object-80086ec81049dfec/
2025-11-09T23:37:18.5348505Z Removing target/debug/build/proc-macro2-0c90074a995b0125/
2025-11-09T23:37:18.5349906Z Removing target/debug/build/proc-macro2-a923716fdc1423c7/
2025-11-09T23:37:18.5353085Z Removing target/debug/build/rayon-core-03a79c366c595edc/
2025-11-09T23:37:18.5354915Z Removing target/debug/build/rayon-core-8f7a8180a2a17a55/
2025-11-09T23:37:18.5356297Z Removing target/debug/build/rustix-4c7e8a32787cbda3/
2025-11-09T23:37:18.5357586Z Removing target/debug/build/rustix-fe849c32e80f99c3/
2025-11-09T23:37:18.5360735Z Removing target/debug/build/secp256k1-sys-708e464d25e2f9a2/
2025-11-09T23:37:18.5362175Z Removing target/debug/build/secp256k1-sys-cbc42ff488488692/
2025-11-09T23:37:18.5363506Z Removing target/debug/build/serde-8e0d7ee100c82f98/
2025-11-09T23:37:18.5364885Z Removing target/debug/build/serde-bd8472bda08e6db8/
2025-11-09T23:37:18.5366191Z Removing target/debug/build/serde_json-0dc48a5bcf535a0b/
2025-11-09T23:37:18.5367561Z Removing target/debug/build/serde_json-f87e09600e685d33/
2025-11-09T23:37:18.5369074Z Removing target/debug/build/sha2-asm-b2e38aa444311777/
2025-11-09T23:37:18.5370393Z Removing target/debug/build/sha2-asm-d08d40e52f733493/
2025-11-09T23:37:18.5373200Z Removing target/debug/build/syn-1194b09556b5fe4b/
2025-11-09T23:37:18.5374523Z Removing target/debug/build/syn-d514d08d86c32935/
2025-11-09T23:37:18.5375808Z Removing target/debug/build/thiserror-0ab41f997ece6c55/
2025-11-09T23:37:18.5377152Z Removing target/debug/build/thiserror-5c7e835cbcf3ecb5/
2025-11-09T23:37:18.5378484Z Removing target/debug/build/typenum-911c3e43dcb6b56a/
2025-11-09T23:37:18.5379775Z Removing target/debug/build/typenum-93ec83b436bf1eae/
2025-11-09T23:37:18.5382763Z Removing target/debug/build/zerocopy-5fabe0b83574e243/
2025-11-09T23:37:18.5384103Z Removing target/debug/build/zerocopy-b6fca17bb70b5855/
2025-11-09T23:37:18.5385612Z Removing target/debug/deps/addr2line-d5ebf1990a8a4e5f.d
2025-11-09T23:37:18.5387040Z Removing target/debug/deps/adler2-af5b0e47f1b187b9.d
2025-11-09T23:37:18.5388469Z Removing target/debug/deps/anes-a0919dfd93f50712.d
2025-11-09T23:37:18.5389758Z Removing target/debug/deps/anstyle-c4f390893da93688.d
2025-11-09T23:37:18.5391051Z Removing target/debug/deps/anyhow-95fc8231af5535f8.d
2025-11-09T23:37:18.5393501Z Removing target/debug/deps/autocfg-9280f9c2f723f569.d
2025-11-09T23:37:18.5394971Z Removing target/debug/deps/backtrace-50a1387f50507b54.d
2025-11-09T23:37:18.5396265Z Removing target/debug/deps/base64-a27c42143a7ea7b5.d
2025-11-09T23:37:18.5397538Z Removing target/debug/deps/bincode-becc14c21199bb9c.d
2025-11-09T23:37:18.5399486Z Removing target/debug/deps/bit_set-46b4e6ac82f2d6c2.d
2025-11-09T23:37:18.5400789Z Removing target/debug/deps/bit_vec-f5e51f12b3cb6dc0.d
2025-11-09T23:37:18.5403947Z Removing target/debug/deps/bitcoin_hashes-afede1b96b464164.d
2025-11-09T23:37:18.5405480Z Removing target/debug/deps/bitflags-896e2bfd2a1fb9d6.d
2025-11-09T23:37:18.5406937Z Removing target/debug/deps/bllvm_consensus-482a7fb1905cd20b.d
2025-11-09T23:37:18.5408405Z Removing target/debug/deps/bllvm_consensus-b1795dea432e56e7
2025-11-09T23:37:18.5409882Z Removing target/debug/deps/bllvm_consensus-b1795dea432e56e7.d
2025-11-09T23:37:18.5413135Z Removing target/debug/deps/block_buffer-e24311a7f03c980c.d
2025-11-09T23:37:18.5414818Z Removing target/debug/deps/block_weight_edge_cases-770970a17a236ded.d
2025-11-09T23:37:18.5416296Z Removing target/debug/deps/bolero-61e4b405f0d99475.d
2025-11-09T23:37:18.5417641Z Removing target/debug/deps/bolero_engine-7a6a62618e83236d.d
2025-11-09T23:37:18.5419368Z Removing target/debug/deps/bolero_generator-f52625225236cff7.d
2025-11-09T23:37:18.5421544Z Removing target/debug/deps/bolero_generator_derive-c68fbc97a38d0e7b.d
2025-11-09T23:37:18.5423031Z Removing target/debug/deps/bytes-e9fddd1bd45d8900.d
2025-11-09T23:37:18.5424554Z Removing target/debug/deps/cast-93991a378c062ce2.d
2025-11-09T23:37:18.5425781Z Removing target/debug/deps/cc-7d5b8c3e1f4cbfcd.d
2025-11-09T23:37:18.5427013Z Removing target/debug/deps/cfg_if-5efacd4c40f67578.d
2025-11-09T23:37:18.5428305Z Removing target/debug/deps/ciborium-b9b3c5892a813a85.d
2025-11-09T23:37:18.5429650Z Removing target/debug/deps/ciborium_io-d4a5cc50b6903de8.d
2025-11-09T23:37:18.5431335Z Removing target/debug/deps/ciborium_ll-b0ffa1280b2c5942.d
2025-11-09T23:37:18.5432663Z Removing target/debug/deps/clap-fa471eea3106a856.d
2025-11-09T23:37:18.5433971Z Removing target/debug/deps/clap_builder-672169a28e439221.d
2025-11-09T23:37:18.5435443Z Removing target/debug/deps/clap_lex-b779c87941961e37.d
2025-11-09T23:37:18.5436865Z Removing target/debug/deps/coinbase_maturity-35b87da7fd33256a.d
2025-11-09T23:37:18.5438345Z Removing target/debug/deps/cpufeatures-ee10eae80741e153.d
2025-11-09T23:37:18.5439725Z Removing target/debug/deps/criterion-8b23062bf7628800.d
2025-11-09T23:37:18.5441107Z Removing target/debug/deps/criterion_plot-497bb8be6444bd1f.d
2025-11-09T23:37:18.5442572Z Removing target/debug/deps/crossbeam_deque-f0686b61841f828a.d
2025-11-09T23:37:18.5444067Z Removing target/debug/deps/crossbeam_epoch-5d380abd02926c22.d
2025-11-09T23:37:18.5445840Z Removing target/debug/deps/crossbeam_utils-8107c299d7212acb.d
2025-11-09T23:37:18.5447608Z Removing target/debug/deps/crypto_common-6e0ab91b6c6191f7.d
2025-11-09T23:37:18.5460899Z Removing target/debug/deps/digest-316d27a2bf334994.d
2025-11-09T23:37:18.5464605Z Removing target/debug/deps/displaydoc-20238dffa2ae8b0c.d
2025-11-09T23:37:18.5465968Z Removing target/debug/deps/either-a1f9b2c1be6f01b6.d
2025-11-09T23:37:18.5467775Z Removing target/debug/deps/encoding_rs-f1d4c2bbd5bde7a5.d
2025-11-09T23:37:18.5469204Z Removing target/debug/deps/equivalent-fb6cc83cf281e9bc.d
2025-11-09T23:37:18.5470559Z Removing target/debug/deps/fastrand-4c7d3317299366b7.d
2025-11-09T23:37:18.5472103Z Removing target/debug/deps/find_msvc_tools-e0c11e7e4ca96379.d
2025-11-09T23:37:18.5473473Z Removing target/debug/deps/fnv-293287ae6d18546d.d
2025-11-09T23:37:18.5474988Z Removing target/debug/deps/form_urlencoded-dbca2961b0a03513.d
2025-11-09T23:37:18.5476492Z Removing target/debug/deps/futures_channel-ce3244b321a732dd.d
2025-11-09T23:37:18.5477963Z Removing target/debug/deps/futures_core-bc9dc0fd63aebce4.d
2025-11-09T23:37:18.5479387Z Removing target/debug/deps/futures_sink-2dce04bb75870a40.d
2025-11-09T23:37:18.5480797Z Removing target/debug/deps/futures_task-71d5acf17967c2d4.d
2025-11-09T23:37:18.5482200Z Removing target/debug/deps/futures_util-ff1e012805509cb6.d
2025-11-09T23:37:18.5483613Z Removing target/debug/deps/generic_array-218c5452e10dd155.d
2025-11-09T23:37:18.5485444Z Removing target/debug/deps/getrandom-8c953d0b2b49c2d2.d
2025-11-09T23:37:18.5486776Z Removing target/debug/deps/getrandom-94f68988f0176c86.d
2025-11-09T23:37:18.5488059Z Removing target/debug/deps/gimli-c6ce211822603f9c.d
2025-11-09T23:37:18.5489247Z Removing target/debug/deps/h2-67b7373a3a98d2b1.d
2025-11-09T23:37:18.5490438Z Removing target/debug/deps/half-b35a8b7b8184a652.d
2025-11-09T23:37:18.5491694Z Removing target/debug/deps/hashbrown-58495ef904525875.d
2025-11-09T23:37:18.5492968Z Removing target/debug/deps/hex-dcfe2cd018f6e5f0.d
2025-11-09T23:37:18.5494202Z Removing target/debug/deps/http-af18e4ff9e3dfe38.d
2025-11-09T23:37:18.5495623Z Removing target/debug/deps/http_body-8d5d3ab6f40ba57e.d
2025-11-09T23:37:18.5497661Z Removing target/debug/deps/httparse-16b6048ff48827ab.d
2025-11-09T23:37:18.5499864Z Removing target/debug/deps/httpdate-d5018c03204bd778.d
2025-11-09T23:37:18.5502248Z Removing target/debug/deps/hyper-b60025547ec7088a.d
2025-11-09T23:37:18.5505350Z Removing target/debug/deps/icu_collections-8d123128da8a58ae.d
2025-11-09T23:37:18.5508661Z Removing target/debug/deps/icu_locale_core-14c42337931d9756.d
2025-11-09T23:37:18.5511476Z Removing target/debug/deps/icu_normalizer-0602ce96235f2213.d
2025-11-09T23:37:18.5516590Z Removing target/debug/deps/icu_normalizer_data-7b70d1e6c13d434d.d
2025-11-09T23:37:18.5519540Z Removing target/debug/deps/icu_properties-594bddf639bd9870.d
2025-11-09T23:37:18.5524145Z Removing target/debug/deps/icu_properties_data-3eb416884774962c.d
2025-11-09T23:37:18.5527350Z Removing target/debug/deps/icu_provider-4e515be11ce49769.d
2025-11-09T23:37:18.5529880Z Removing target/debug/deps/idna-8396801de7b90c02.d
2025-11-09T23:37:18.5532334Z Removing target/debug/deps/idna_adapter-77a719ba56251a40.d
2025-11-09T23:37:18.5535047Z Removing target/debug/deps/indexmap-ebd5508a6a5e9cdb.d
2025-11-09T23:37:18.5537494Z Removing target/debug/deps/ipnet-f6c3440d7603f13d.d
2025-11-09T23:37:18.5540016Z Removing target/debug/deps/is_terminal-dcd73c744b96c2bf.d
2025-11-09T23:37:18.5543656Z Removing target/debug/deps/itertools-65e81afe9e445558.d
2025-11-09T23:37:18.5546299Z Removing target/debug/deps/itoa-b11a99c3fb91e0ba.d
2025-11-09T23:37:18.5548869Z Removing target/debug/deps/lazy_static-a60c6f0d6f5b0a48.d
2025-11-09T23:37:18.5552719Z Removing target/debug/deps/libaddr2line-d5ebf1990a8a4e5f.rlib
2025-11-09T23:37:18.5555901Z Removing target/debug/deps/libaddr2line-d5ebf1990a8a4e5f.rmeta
2025-11-09T23:37:18.5558812Z Removing target/debug/deps/libadler2-af5b0e47f1b187b9.rlib
2025-11-09T23:37:18.5561520Z Removing target/debug/deps/libadler2-af5b0e47f1b187b9.rmeta
2025-11-09T23:37:18.5564735Z Removing target/debug/deps/libanes-a0919dfd93f50712.rlib
2025-11-09T23:37:18.5567514Z Removing target/debug/deps/libanes-a0919dfd93f50712.rmeta
2025-11-09T23:37:18.5570277Z Removing target/debug/deps/libanstyle-c4f390893da93688.rlib
2025-11-09T23:37:18.5573066Z Removing target/debug/deps/libanstyle-c4f390893da93688.rmeta
2025-11-09T23:37:18.5576096Z Removing target/debug/deps/libanyhow-95fc8231af5535f8.rlib
2025-11-09T23:37:18.5578863Z Removing target/debug/deps/libanyhow-95fc8231af5535f8.rmeta
2025-11-09T23:37:18.5581658Z Removing target/debug/deps/libautocfg-9280f9c2f723f569.rlib
2025-11-09T23:37:18.5584657Z Removing target/debug/deps/libautocfg-9280f9c2f723f569.rmeta
2025-11-09T23:37:18.5587627Z Removing target/debug/deps/libbacktrace-50a1387f50507b54.rlib
2025-11-09T23:37:18.5590559Z Removing target/debug/deps/libbacktrace-50a1387f50507b54.rmeta
2025-11-09T23:37:18.5594497Z Removing target/debug/deps/libbase64-a27c42143a7ea7b5.rlib
2025-11-09T23:37:18.5597258Z Removing target/debug/deps/libbase64-a27c42143a7ea7b5.rmeta
2025-11-09T23:37:18.5600105Z Removing target/debug/deps/libbincode-becc14c21199bb9c.rlib
2025-11-09T23:37:18.5602924Z Removing target/debug/deps/libbincode-becc14c21199bb9c.rmeta
2025-11-09T23:37:18.5605941Z Removing target/debug/deps/libbit_set-46b4e6ac82f2d6c2.rlib
2025-11-09T23:37:18.5608693Z Removing target/debug/deps/libbit_set-46b4e6ac82f2d6c2.rmeta
2025-11-09T23:37:18.5612423Z Removing target/debug/deps/libbit_vec-f5e51f12b3cb6dc0.rlib
2025-11-09T23:37:18.5615673Z Removing target/debug/deps/libbit_vec-f5e51f12b3cb6dc0.rmeta
2025-11-09T23:37:18.5618733Z Removing target/debug/deps/libbitcoin_hashes-afede1b96b464164.rlib
2025-11-09T23:37:18.5623330Z Removing target/debug/deps/libbitcoin_hashes-afede1b96b464164.rmeta
2025-11-09T23:37:18.5626998Z Removing target/debug/deps/libbitflags-896e2bfd2a1fb9d6.rlib
2025-11-09T23:37:18.5629973Z Removing target/debug/deps/libbitflags-896e2bfd2a1fb9d6.rmeta
2025-11-09T23:37:18.5635371Z Removing target/debug/deps/libbllvm_consensus-482a7fb1905cd20b.rlib
2025-11-09T23:37:18.5638960Z Removing target/debug/deps/libbllvm_consensus-482a7fb1905cd20b.rmeta
2025-11-09T23:37:18.5762673Z Removing target/debug/deps/libblock_buffer-e24311a7f03c980c.rlib
2025-11-09T23:37:18.5766518Z Removing target/debug/deps/libblock_buffer-e24311a7f03c980c.rmeta
2025-11-09T23:37:18.5768245Z Removing target/debug/deps/libbolero-61e4b405f0d99475.rlib
2025-11-09T23:37:18.5770144Z Removing target/debug/deps/libbolero-61e4b405f0d99475.rmeta
2025-11-09T23:37:18.5773138Z Removing target/debug/deps/libbolero_engine-7a6a62618e83236d.rlib
2025-11-09T23:37:18.5775270Z Removing target/debug/deps/libbolero_engine-7a6a62618e83236d.rmeta
2025-11-09T23:37:18.5777099Z Removing target/debug/deps/libbolero_generator-f52625225236cff7.rlib
2025-11-09T23:37:18.5778861Z Removing target/debug/deps/libbolero_generator-f52625225236cff7.rmeta
2025-11-09T23:37:18.5780579Z Removing target/debug/deps/libbolero_generator_derive-c68fbc97a38d0e7b.so
2025-11-09T23:37:18.5783640Z Removing target/debug/deps/libbytes-e9fddd1bd45d8900.rlib
2025-11-09T23:37:18.5785228Z Removing target/debug/deps/libbytes-e9fddd1bd45d8900.rmeta
2025-11-09T23:37:18.5786735Z Removing target/debug/deps/libc-0bbb25e1d8acad57.d
2025-11-09T23:37:18.5788028Z Removing target/debug/deps/libcast-93991a378c062ce2.rlib
2025-11-09T23:37:18.5789373Z Removing target/debug/deps/libcast-93991a378c062ce2.rmeta
2025-11-09T23:37:18.5790733Z Removing target/debug/deps/libcc-7d5b8c3e1f4cbfcd.rlib
2025-11-09T23:37:18.5793536Z Removing target/debug/deps/libcc-7d5b8c3e1f4cbfcd.rmeta
2025-11-09T23:37:18.5795033Z Removing target/debug/deps/libcfg_if-5efacd4c40f67578.rlib
2025-11-09T23:37:18.5796425Z Removing target/debug/deps/libcfg_if-5efacd4c40f67578.rmeta
2025-11-09T23:37:18.5797861Z Removing target/debug/deps/libciborium-b9b3c5892a813a85.rlib
2025-11-09T23:37:18.5800817Z Removing target/debug/deps/libciborium-b9b3c5892a813a85.rmeta
2025-11-09T23:37:18.5802340Z Removing target/debug/deps/libciborium_io-d4a5cc50b6903de8.rlib
2025-11-09T23:37:18.5804062Z Removing target/debug/deps/libciborium_io-d4a5cc50b6903de8.rmeta
2025-11-09T23:37:18.5805734Z Removing target/debug/deps/libciborium_ll-b0ffa1280b2c5942.rlib
2025-11-09T23:37:18.5807260Z Removing target/debug/deps/libciborium_ll-b0ffa1280b2c5942.rmeta
2025-11-09T23:37:18.5808713Z Removing target/debug/deps/libclap-fa471eea3106a856.rlib
2025-11-09T23:37:18.5810077Z Removing target/debug/deps/libclap-fa471eea3106a856.rmeta
2025-11-09T23:37:18.5813259Z Removing target/debug/deps/libclap_builder-672169a28e439221.rlib
2025-11-09T23:37:18.5815003Z Removing target/debug/deps/libclap_builder-672169a28e439221.rmeta
2025-11-09T23:37:18.5816604Z Removing target/debug/deps/libclap_lex-b779c87941961e37.rlib
2025-11-09T23:37:18.5818037Z Removing target/debug/deps/libclap_lex-b779c87941961e37.rmeta
2025-11-09T23:37:18.5819553Z Removing target/debug/deps/libcpufeatures-ee10eae80741e153.rlib
2025-11-09T23:37:18.5822778Z Removing target/debug/deps/libcpufeatures-ee10eae80741e153.rmeta
2025-11-09T23:37:18.5824432Z Removing target/debug/deps/libcriterion-8b23062bf7628800.rlib
2025-11-09T23:37:18.5825933Z Removing target/debug/deps/libcriterion-8b23062bf7628800.rmeta
2025-11-09T23:37:18.5827465Z Removing target/debug/deps/libcriterion_plot-497bb8be6444bd1f.rlib
2025-11-09T23:37:18.5829055Z Removing target/debug/deps/libcriterion_plot-497bb8be6444bd1f.rmeta
2025-11-09T23:37:18.5830657Z Removing target/debug/deps/libcrossbeam_deque-f0686b61841f828a.rlib
2025-11-09T23:37:18.5832272Z Removing target/debug/deps/libcrossbeam_deque-f0686b61841f828a.rmeta
2025-11-09T23:37:18.5835200Z Removing target/debug/deps/libcrossbeam_epoch-5d380abd02926c22.rlib
2025-11-09T23:37:18.5836828Z Removing target/debug/deps/libcrossbeam_epoch-5d380abd02926c22.rmeta
2025-11-09T23:37:18.5838444Z Removing target/debug/deps/libcrossbeam_utils-8107c299d7212acb.rlib
2025-11-09T23:37:18.5840069Z Removing target/debug/deps/libcrossbeam_utils-8107c299d7212acb.rmeta
2025-11-09T23:37:18.5843440Z Removing target/debug/deps/libcrypto_common-6e0ab91b6c6191f7.rlib
2025-11-09T23:37:18.5845186Z Removing target/debug/deps/libcrypto_common-6e0ab91b6c6191f7.rmeta
2025-11-09T23:37:18.5846700Z Removing target/debug/deps/libdigest-316d27a2bf334994.rlib
2025-11-09T23:37:18.5848100Z Removing target/debug/deps/libdigest-316d27a2bf334994.rmeta
2025-11-09T23:37:18.5849548Z Removing target/debug/deps/libdisplaydoc-20238dffa2ae8b0c.so
2025-11-09T23:37:18.5852684Z Removing target/debug/deps/libeither-a1f9b2c1be6f01b6.rlib
2025-11-09T23:37:18.5854439Z Removing target/debug/deps/libeither-a1f9b2c1be6f01b6.rmeta
2025-11-09T23:37:18.5855929Z Removing target/debug/deps/libencoding_rs-f1d4c2bbd5bde7a5.rlib
2025-11-09T23:37:18.5857449Z Removing target/debug/deps/libencoding_rs-f1d4c2bbd5bde7a5.rmeta
2025-11-09T23:37:18.5858969Z Removing target/debug/deps/libequivalent-fb6cc83cf281e9bc.rlib
2025-11-09T23:37:18.5860490Z Removing target/debug/deps/libequivalent-fb6cc83cf281e9bc.rmeta
2025-11-09T23:37:18.5861987Z Removing target/debug/deps/libfastrand-4c7d3317299366b7.rlib
2025-11-09T23:37:18.5863435Z Removing target/debug/deps/libfastrand-4c7d3317299366b7.rmeta
2025-11-09T23:37:18.5865243Z Removing target/debug/deps/libfind_msvc_tools-e0c11e7e4ca96379.rlib
2025-11-09T23:37:18.5866873Z Removing target/debug/deps/libfind_msvc_tools-e0c11e7e4ca96379.rmeta
2025-11-09T23:37:18.5868337Z Removing target/debug/deps/libfnv-293287ae6d18546d.rlib
2025-11-09T23:37:18.5869668Z Removing target/debug/deps/libfnv-293287ae6d18546d.rmeta
2025-11-09T23:37:18.5871122Z Removing target/debug/deps/libform_urlencoded-dbca2961b0a03513.rlib
2025-11-09T23:37:18.5872760Z Removing target/debug/deps/libform_urlencoded-dbca2961b0a03513.rmeta
2025-11-09T23:37:18.5874518Z Removing target/debug/deps/libfutures_channel-ce3244b321a732dd.rlib
2025-11-09T23:37:18.5876818Z Removing target/debug/deps/libfutures_channel-ce3244b321a732dd.rmeta
2025-11-09T23:37:18.5878598Z Removing target/debug/deps/libfutures_core-bc9dc0fd63aebce4.rlib
2025-11-09T23:37:18.5880343Z Removing target/debug/deps/libfutures_core-bc9dc0fd63aebce4.rmeta
2025-11-09T23:37:18.6049934Z Removing target/debug/deps/libfutures_sink-2dce04bb75870a40.rlib
2025-11-09T23:37:18.6053244Z Removing target/debug/deps/libfutures_sink-2dce04bb75870a40.rmeta
2025-11-09T23:37:18.6055040Z Removing target/debug/deps/libfutures_task-71d5acf17967c2d4.rlib
2025-11-09T23:37:18.6056609Z Removing target/debug/deps/libfutures_task-71d5acf17967c2d4.rmeta
2025-11-09T23:37:18.6058158Z Removing target/debug/deps/libfutures_util-ff1e012805509cb6.rlib
2025-11-09T23:37:18.6059701Z Removing target/debug/deps/libfutures_util-ff1e012805509cb6.rmeta
2025-11-09T23:37:18.6063040Z Removing target/debug/deps/libgeneric_array-218c5452e10dd155.rlib
2025-11-09T23:37:18.6064789Z Removing target/debug/deps/libgeneric_array-218c5452e10dd155.rmeta
2025-11-09T23:37:18.6066342Z Removing target/debug/deps/libgetrandom-8c953d0b2b49c2d2.rlib
2025-11-09T23:37:18.6067831Z Removing target/debug/deps/libgetrandom-8c953d0b2b49c2d2.rmeta
2025-11-09T23:37:18.6071227Z Removing target/debug/deps/libgetrandom-94f68988f0176c86.rlib
2025-11-09T23:37:18.6072723Z Removing target/debug/deps/libgetrandom-94f68988f0176c86.rmeta
2025-11-09T23:37:18.6074154Z Removing target/debug/deps/libgimli-c6ce211822603f9c.rlib
2025-11-09T23:37:18.6075712Z Removing target/debug/deps/libgimli-c6ce211822603f9c.rmeta
2025-11-09T23:37:18.6077019Z Removing target/debug/deps/libh2-67b7373a3a98d2b1.rlib
2025-11-09T23:37:18.6078746Z Removing target/debug/deps/libh2-67b7373a3a98d2b1.rmeta
2025-11-09T23:37:18.6080075Z Removing target/debug/deps/libhalf-b35a8b7b8184a652.rlib
2025-11-09T23:37:18.6081417Z Removing target/debug/deps/libhalf-b35a8b7b8184a652.rmeta
2025-11-09T23:37:18.6082824Z Removing target/debug/deps/libhashbrown-58495ef904525875.rlib
2025-11-09T23:37:18.6086052Z Removing target/debug/deps/libhashbrown-58495ef904525875.rmeta
2025-11-09T23:37:18.6087475Z Removing target/debug/deps/libhex-dcfe2cd018f6e5f0.rlib
2025-11-09T23:37:18.6088799Z Removing target/debug/deps/libhex-dcfe2cd018f6e5f0.rmeta
2025-11-09T23:37:18.6090158Z Removing target/debug/deps/libhttp-af18e4ff9e3dfe38.rlib
2025-11-09T23:37:18.6091515Z Removing target/debug/deps/libhttp-af18e4ff9e3dfe38.rmeta
2025-11-09T23:37:18.6092929Z Removing target/debug/deps/libhttp_body-8d5d3ab6f40ba57e.rlib
2025-11-09T23:37:18.6094877Z Removing target/debug/deps/libhttp_body-8d5d3ab6f40ba57e.rmeta
2025-11-09T23:37:18.6096356Z Removing target/debug/deps/libhttparse-16b6048ff48827ab.rlib
2025-11-09T23:37:18.6098027Z Removing target/debug/deps/libhttparse-16b6048ff48827ab.rmeta
2025-11-09T23:37:18.6099478Z Removing target/debug/deps/libhttpdate-d5018c03204bd778.rlib
2025-11-09T23:37:18.6100935Z Removing target/debug/deps/libhttpdate-d5018c03204bd778.rmeta
2025-11-09T23:37:18.6102347Z Removing target/debug/deps/libhyper-b60025547ec7088a.rlib
2025-11-09T23:37:18.6103707Z Removing target/debug/deps/libhyper-b60025547ec7088a.rmeta
2025-11-09T23:37:18.6105311Z Removing target/debug/deps/libicu_collections-8d123128da8a58ae.rlib
2025-11-09T23:37:18.6106934Z Removing target/debug/deps/libicu_collections-8d123128da8a58ae.rmeta
2025-11-09T23:37:18.6108538Z Removing target/debug/deps/libicu_locale_core-14c42337931d9756.rlib
2025-11-09T23:37:18.6110103Z Removing target/debug/deps/libicu_locale_core-14c42337931d9756.rmeta
2025-11-09T23:37:18.6112278Z Removing target/debug/deps/libicu_normalizer-0602ce96235f2213.rlib
2025-11-09T23:37:18.6114131Z Removing target/debug/deps/libicu_normalizer-0602ce96235f2213.rmeta
2025-11-09T23:37:18.6115930Z Removing target/debug/deps/libicu_normalizer_data-7b70d1e6c13d434d.rlib
2025-11-09T23:37:18.6117624Z Removing target/debug/deps/libicu_normalizer_data-7b70d1e6c13d434d.rmeta
2025-11-09T23:37:18.6119280Z Removing target/debug/deps/libicu_properties-594bddf639bd9870.rlib
2025-11-09T23:37:18.6132264Z Removing target/debug/deps/libicu_properties-594bddf639bd9870.rmeta
2025-11-09T23:37:18.6134168Z Removing target/debug/deps/libicu_properties_data-3eb416884774962c.rlib
2025-11-09T23:37:18.6136093Z Removing target/debug/deps/libicu_properties_data-3eb416884774962c.rmeta
2025-11-09T23:37:18.6137998Z Removing target/debug/deps/libicu_provider-4e515be11ce49769.rlib
2025-11-09T23:37:18.6139596Z Removing target/debug/deps/libicu_provider-4e515be11ce49769.rmeta
2025-11-09T23:37:18.6141075Z Removing target/debug/deps/libidna-8396801de7b90c02.rlib
2025-11-09T23:37:18.6142453Z Removing target/debug/deps/libidna-8396801de7b90c02.rmeta
2025-11-09T23:37:18.6143942Z Removing target/debug/deps/libidna_adapter-77a719ba56251a40.rlib
2025-11-09T23:37:18.6145915Z Removing target/debug/deps/libidna_adapter-77a719ba56251a40.rmeta
2025-11-09T23:37:18.6147606Z Removing target/debug/deps/libindexmap-ebd5508a6a5e9cdb.rlib
2025-11-09T23:37:18.6149120Z Removing target/debug/deps/libindexmap-ebd5508a6a5e9cdb.rmeta
2025-11-09T23:37:18.6150586Z Removing target/debug/deps/libipnet-f6c3440d7603f13d.rlib
2025-11-09T23:37:18.6151982Z Removing target/debug/deps/libipnet-f6c3440d7603f13d.rmeta
2025-11-09T23:37:18.6153471Z Removing target/debug/deps/libis_terminal-dcd73c744b96c2bf.rlib
2025-11-09T23:37:18.6155287Z Removing target/debug/deps/libis_terminal-dcd73c744b96c2bf.rmeta
2025-11-09T23:37:18.6156847Z Removing target/debug/deps/libitertools-65e81afe9e445558.rlib
2025-11-09T23:37:18.6158811Z Removing target/debug/deps/libitertools-65e81afe9e445558.rmeta
2025-11-09T23:37:18.6160843Z Removing target/debug/deps/libitoa-b11a99c3fb91e0ba.rlib
2025-11-09T23:37:18.6162490Z Removing target/debug/deps/libitoa-b11a99c3fb91e0ba.rmeta
2025-11-09T23:37:18.6163967Z Removing target/debug/deps/liblazy_static-a60c6f0d6f5b0a48.rlib
2025-11-09T23:37:18.6165681Z Removing target/debug/deps/liblazy_static-a60c6f0d6f5b0a48.rmeta
2025-11-09T23:37:18.6167454Z Removing target/debug/deps/liblibc-0bbb25e1d8acad57.rlib
2025-11-09T23:37:18.6170625Z Removing target/debug/deps/liblibc-0bbb25e1d8acad57.rmeta
2025-11-09T23:37:18.6171995Z Removing target/debug/deps/liblibm-9878322bd35959a3.rlib
2025-11-09T23:37:18.6326400Z Removing target/debug/deps/liblibm-9878322bd35959a3.rmeta
2025-11-09T23:37:18.6328730Z Removing target/debug/deps/liblinux_raw_sys-bb87369efe12a535.rlib
2025-11-09T23:37:18.6330910Z Removing target/debug/deps/liblinux_raw_sys-bb87369efe12a535.rmeta
2025-11-09T23:37:18.6332952Z Removing target/debug/deps/liblitemap-25eb7b5ae4df2615.rlib
2025-11-09T23:37:18.6335038Z Removing target/debug/deps/liblitemap-25eb7b5ae4df2615.rmeta
2025-11-09T23:37:18.6336889Z Removing target/debug/deps/liblog-7936ee94095ef39c.rlib
2025-11-09T23:37:18.6338584Z Removing target/debug/deps/liblog-7936ee94095ef39c.rmeta
2025-11-09T23:37:18.6340109Z Removing target/debug/deps/libm-9878322bd35959a3.d
2025-11-09T23:37:18.6341431Z Removing target/debug/deps/libmemchr-5d4e0d6bc9bda00f.rlib
2025-11-09T23:37:18.6345337Z Removing target/debug/deps/libmemchr-5d4e0d6bc9bda00f.rmeta
2025-11-09T23:37:18.6346889Z Removing target/debug/deps/libmime-10033b098b888fed.rlib
2025-11-09T23:37:18.6348242Z Removing target/debug/deps/libmime-10033b098b888fed.rmeta
2025-11-09T23:37:18.6349681Z Removing target/debug/deps/libminiz_oxide-d9ad3627380b17c2.rlib
2025-11-09T23:37:18.6351612Z Removing target/debug/deps/libminiz_oxide-d9ad3627380b17c2.rmeta
2025-11-09T23:37:18.6355017Z Removing target/debug/deps/libmio-de964bf95b3057fb.rlib
2025-11-09T23:37:18.6356362Z Removing target/debug/deps/libmio-de964bf95b3057fb.rmeta
2025-11-09T23:37:18.6357762Z Removing target/debug/deps/libnum_traits-b506934bb740cbf6.rlib
2025-11-09T23:37:18.6359259Z Removing target/debug/deps/libnum_traits-b506934bb740cbf6.rmeta
2025-11-09T23:37:18.6360719Z Removing target/debug/deps/libobject-5829cb2233c0b513.rlib
2025-11-09T23:37:18.6364005Z Removing target/debug/deps/libobject-5829cb2233c0b513.rmeta
2025-11-09T23:37:18.6365548Z Removing target/debug/deps/libonce_cell-140027e2059e248c.rlib
2025-11-09T23:37:18.6367285Z Removing target/debug/deps/libonce_cell-140027e2059e248c.rmeta
2025-11-09T23:37:18.6368757Z Removing target/debug/deps/liboorandom-2c0384e18d716be6.rlib
2025-11-09T23:37:18.6370213Z Removing target/debug/deps/liboorandom-2c0384e18d716be6.rmeta
2025-11-09T23:37:18.6373783Z Removing target/debug/deps/libpercent_encoding-d4c02626543d40b3.rlib
2025-11-09T23:37:18.6375597Z Removing target/debug/deps/libpercent_encoding-d4c02626543d40b3.rmeta
2025-11-09T23:37:18.6377252Z Removing target/debug/deps/libpin_project_lite-8304a63f5944e937.rlib
2025-11-09T23:37:18.6378885Z Removing target/debug/deps/libpin_project_lite-8304a63f5944e937.rmeta
2025-11-09T23:37:18.6381638Z Removing target/debug/deps/libpin_utils-4afe9bfe4113f5ad.rlib
2025-11-09T23:37:18.6383163Z Removing target/debug/deps/libpin_utils-4afe9bfe4113f5ad.rmeta
2025-11-09T23:37:18.6384951Z Removing target/debug/deps/libplotters-bae18d6894739156.rlib
2025-11-09T23:37:18.6386741Z Removing target/debug/deps/libplotters-bae18d6894739156.rmeta
2025-11-09T23:37:18.6388374Z Removing target/debug/deps/libplotters_backend-6c59dc1580532443.rlib
2025-11-09T23:37:18.6390303Z Removing target/debug/deps/libplotters_backend-6c59dc1580532443.rmeta
2025-11-09T23:37:18.6391904Z Removing target/debug/deps/libplotters_svg-1e338b432e7f1ba6.rlib
2025-11-09T23:37:18.6393441Z Removing target/debug/deps/libplotters_svg-1e338b432e7f1ba6.rmeta
2025-11-09T23:37:18.6395216Z Removing target/debug/deps/libpotential_utf-594a8beb8964bbdf.rlib
2025-11-09T23:37:18.6396961Z Removing target/debug/deps/libpotential_utf-594a8beb8964bbdf.rmeta
2025-11-09T23:37:18.6398488Z Removing target/debug/deps/libppv_lite86-f31b72c16d3ab29d.rlib
2025-11-09T23:37:18.6399968Z Removing target/debug/deps/libppv_lite86-f31b72c16d3ab29d.rmeta
2025-11-09T23:37:18.6403050Z Removing target/debug/deps/libpretty_hex-3b643e86f56f4855.rlib
2025-11-09T23:37:18.6404641Z Removing target/debug/deps/libpretty_hex-3b643e86f56f4855.rmeta
2025-11-09T23:37:18.6406407Z Removing target/debug/deps/libproc_macro2-013e91bf61085fba.rlib
2025-11-09T23:37:18.6407912Z Removing target/debug/deps/libproc_macro2-013e91bf61085fba.rmeta
2025-11-09T23:37:18.6409460Z Removing target/debug/deps/libproc_macro_crate-288ba2d6f9cde8b2.rlib
2025-11-09T23:37:18.6411109Z Removing target/debug/deps/libproc_macro_crate-288ba2d6f9cde8b2.rmeta
2025-11-09T23:37:18.6414532Z Removing target/debug/deps/libproptest-fe5de64ab58eee66.rlib
2025-11-09T23:37:18.6416023Z Removing target/debug/deps/libproptest-fe5de64ab58eee66.rmeta
2025-11-09T23:37:18.6417513Z Removing target/debug/deps/libquick_error-5431cbc53e6855e5.rlib
2025-11-09T23:37:18.6418997Z Removing target/debug/deps/libquick_error-5431cbc53e6855e5.rmeta
2025-11-09T23:37:18.6420426Z Removing target/debug/deps/libquote-1fd57a8d49f3e414.rlib
2025-11-09T23:37:18.6422012Z Removing target/debug/deps/libquote-1fd57a8d49f3e414.rmeta
2025-11-09T23:37:18.6423363Z Removing target/debug/deps/librand-fc4e73356887d916.rlib
2025-11-09T23:37:18.6425023Z Removing target/debug/deps/librand-fc4e73356887d916.rmeta
2025-11-09T23:37:18.6426481Z Removing target/debug/deps/librand_chacha-e20e83dc90b265db.rlib
2025-11-09T23:37:18.6427978Z Removing target/debug/deps/librand_chacha-e20e83dc90b265db.rmeta
2025-11-09T23:37:18.6429455Z Removing target/debug/deps/librand_core-c368d6b1d0f2f67a.rlib
2025-11-09T23:37:18.6430899Z Removing target/debug/deps/librand_core-c368d6b1d0f2f67a.rmeta
2025-11-09T23:37:18.6432394Z Removing target/debug/deps/librand_xorshift-30dbcff9e0cf9f0e.rlib
2025-11-09T23:37:18.6434168Z Removing target/debug/deps/librand_xorshift-30dbcff9e0cf9f0e.rmeta
2025-11-09T23:37:18.6435858Z Removing target/debug/deps/librand_xoshiro-fb20a66967968e23.rlib
2025-11-09T23:37:18.6437359Z Removing target/debug/deps/librand_xoshiro-fb20a66967968e23.rmeta
2025-11-09T23:37:18.6438822Z Removing target/debug/deps/librayon-fcfccdaccb2c1c8f.rlib
2025-11-09T23:37:18.6440197Z Removing target/debug/deps/librayon-fcfccdaccb2c1c8f.rmeta
2025-11-09T23:37:18.6441628Z Removing target/debug/deps/librayon_core-8233f837b2b82aa9.rlib
2025-11-09T23:37:18.6792774Z Removing target/debug/deps/librayon_core-8233f837b2b82aa9.rmeta
2025-11-09T23:37:18.6795679Z Removing target/debug/deps/libregex-7316801095448dcb.rlib
2025-11-09T23:37:18.6797573Z Removing target/debug/deps/libregex-7316801095448dcb.rmeta
2025-11-09T23:37:18.6799548Z Removing target/debug/deps/libregex_automata-560db73d82089022.rlib
2025-11-09T23:37:18.6804067Z Removing target/debug/deps/libregex_automata-560db73d82089022.rmeta
2025-11-09T23:37:18.6807109Z Removing target/debug/deps/libregex_syntax-fe8a530891fa5af3.rlib
2025-11-09T23:37:18.6811660Z Removing target/debug/deps/libregex_syntax-fe8a530891fa5af3.rmeta
2025-11-09T23:37:18.6815063Z Removing target/debug/deps/libreqwest-f1349d583e399c32.rlib
2025-11-09T23:37:18.6817962Z Removing target/debug/deps/libreqwest-f1349d583e399c32.rmeta
2025-11-09T23:37:18.6820380Z Removing target/debug/deps/libripemd-c4385cbf09230132.rlib
2025-11-09T23:37:18.6823566Z Removing target/debug/deps/libripemd-c4385cbf09230132.rmeta
2025-11-09T23:37:18.6825425Z Removing target/debug/deps/librustc_demangle-8dab3eb1c1115427.rlib
2025-11-09T23:37:18.6827031Z Removing target/debug/deps/librustc_demangle-8dab3eb1c1115427.rmeta
2025-11-09T23:37:18.6828514Z Removing target/debug/deps/librustix-9d1c1196c042be37.rlib
2025-11-09T23:37:18.6829904Z Removing target/debug/deps/librustix-9d1c1196c042be37.rmeta
2025-11-09T23:37:18.6831806Z Removing target/debug/deps/librusty_fork-408f526f41d594bd.rlib
2025-11-09T23:37:18.6833278Z Removing target/debug/deps/librusty_fork-408f526f41d594bd.rmeta
2025-11-09T23:37:18.6834880Z Removing target/debug/deps/libryu-27d616b1525b0bd5.rlib
2025-11-09T23:37:18.6836187Z Removing target/debug/deps/libryu-27d616b1525b0bd5.rmeta
2025-11-09T23:37:18.6837560Z Removing target/debug/deps/libsame_file-885ba4335dbafcd5.rlib
2025-11-09T23:37:18.6839020Z Removing target/debug/deps/libsame_file-885ba4335dbafcd5.rmeta
2025-11-09T23:37:18.6840488Z Removing target/debug/deps/libsecp256k1-3552d18711f5218e.rlib
2025-11-09T23:37:18.6841938Z Removing target/debug/deps/libsecp256k1-3552d18711f5218e.rmeta
2025-11-09T23:37:18.6843418Z Removing target/debug/deps/libsecp256k1_sys-6cd32742aabed926.rlib
2025-11-09T23:37:18.6845172Z Removing target/debug/deps/libsecp256k1_sys-6cd32742aabed926.rmeta
2025-11-09T23:37:18.6846630Z Removing target/debug/deps/libserde-4eca9d9f7a929b57.rlib
2025-11-09T23:37:18.6848036Z Removing target/debug/deps/libserde-4eca9d9f7a929b57.rmeta
2025-11-09T23:37:18.6849478Z Removing target/debug/deps/libserde_derive-e749fa70367a8df4.so
2025-11-09T23:37:18.6850945Z Removing target/debug/deps/libserde_json-b75336d497f01a50.rlib
2025-11-09T23:37:18.6852427Z Removing target/debug/deps/libserde_json-b75336d497f01a50.rmeta
2025-11-09T23:37:18.6853981Z Removing target/debug/deps/libserde_urlencoded-36b5f7aa51dec2d6.rlib
2025-11-09T23:37:18.6856186Z Removing target/debug/deps/libserde_urlencoded-36b5f7aa51dec2d6.rmeta
2025-11-09T23:37:18.6857685Z Removing target/debug/deps/libsha2-f1ee2b7c028150d8.rlib
2025-11-09T23:37:18.6859019Z Removing target/debug/deps/libsha2-f1ee2b7c028150d8.rmeta
2025-11-09T23:37:18.6860382Z Removing target/debug/deps/libsha2_asm-db02cef9726600b0.rlib
2025-11-09T23:37:18.6861798Z Removing target/debug/deps/libsha2_asm-db02cef9726600b0.rmeta
2025-11-09T23:37:18.6863195Z Removing target/debug/deps/libshlex-83c7e0da01d13271.rlib
2025-11-09T23:37:18.6864798Z Removing target/debug/deps/libshlex-83c7e0da01d13271.rmeta
2025-11-09T23:37:18.6866179Z Removing target/debug/deps/libslab-3f53b5c5532ac7a8.rlib
2025-11-09T23:37:18.6867517Z Removing target/debug/deps/libslab-3f53b5c5532ac7a8.rmeta
2025-11-09T23:37:18.6868986Z Removing target/debug/deps/libsmallvec-8995de69024cacd0.rlib
2025-11-09T23:37:18.6870468Z Removing target/debug/deps/libsmallvec-8995de69024cacd0.rmeta
2025-11-09T23:37:18.6871915Z Removing target/debug/deps/libsocket2-af83260fbd731ddc.rlib
2025-11-09T23:37:18.6873326Z Removing target/debug/deps/libsocket2-af83260fbd731ddc.rmeta
2025-11-09T23:37:18.6874963Z Removing target/debug/deps/libsocket2-ce2370ef04b1c292.rlib
2025-11-09T23:37:18.6876392Z Removing target/debug/deps/libsocket2-ce2370ef04b1c292.rmeta
2025-11-09T23:37:18.6877923Z Removing target/debug/deps/libstable_deref_trait-3d6a1750f55786e6.rlib
2025-11-09T23:37:18.6879574Z Removing target/debug/deps/libstable_deref_trait-3d6a1750f55786e6.rmeta
2025-11-09T23:37:18.6881068Z Removing target/debug/deps/libsyn-aca17214a42be380.rlib
2025-11-09T23:37:18.6882559Z Removing target/debug/deps/libsyn-aca17214a42be380.rmeta
2025-11-09T23:37:18.6883887Z Removing target/debug/deps/libsyn-db513f8ec2c70902.rlib
2025-11-09T23:37:18.6885444Z Removing target/debug/deps/libsyn-db513f8ec2c70902.rmeta
2025-11-09T23:37:18.6886869Z Removing target/debug/deps/libsync_wrapper-011d66a29022fa57.rlib
2025-11-09T23:37:18.6888387Z Removing target/debug/deps/libsync_wrapper-011d66a29022fa57.rmeta
2025-11-09T23:37:18.6890306Z Removing target/debug/deps/libsynstructure-5e32a687d3c1544f.rlib
2025-11-09T23:37:18.6891879Z Removing target/debug/deps/libsynstructure-5e32a687d3c1544f.rmeta
2025-11-09T23:37:18.6893380Z Removing target/debug/deps/libtempfile-9dd7ea7255645a6d.rlib
2025-11-09T23:37:18.6895143Z Removing target/debug/deps/libtempfile-9dd7ea7255645a6d.rmeta
2025-11-09T23:37:18.6896642Z Removing target/debug/deps/libthiserror-33d8d4720d5b26de.rlib
2025-11-09T23:37:18.6898126Z Removing target/debug/deps/libthiserror-33d8d4720d5b26de.rmeta
2025-11-09T23:37:18.6899639Z Removing target/debug/deps/libthiserror_impl-ae242962b985a660.so
2025-11-09T23:37:18.6901099Z Removing target/debug/deps/libtinystr-d3b19922b34c6b5f.rlib
2025-11-09T23:37:18.6902524Z Removing target/debug/deps/libtinystr-d3b19922b34c6b5f.rmeta
2025-11-09T23:37:18.6905598Z Removing target/debug/deps/libtinytemplate-8f3fd706f9b14a51.rlib
2025-11-09T23:37:18.6907184Z Removing target/debug/deps/libtinytemplate-8f3fd706f9b14a51.rmeta
2025-11-09T23:37:18.6908651Z Removing target/debug/deps/libtokio-87840121dbcc34d6.rlib
2025-11-09T23:37:18.6973470Z Removing target/debug/deps/libtokio-87840121dbcc34d6.rmeta
2025-11-09T23:37:18.6977295Z Removing target/debug/deps/libtokio_macros-2752d99a3d96bedd.so
2025-11-09T23:37:18.6979950Z Removing target/debug/deps/libtokio_util-f8c6b36c18753d70.rlib
2025-11-09T23:37:18.6982427Z Removing target/debug/deps/libtokio_util-f8c6b36c18753d70.rmeta
2025-11-09T23:37:18.6987895Z Removing target/debug/deps/libtoml_datetime-93eba6e9ca7547bc.rlib
2025-11-09T23:37:18.6990386Z Removing target/debug/deps/libtoml_datetime-93eba6e9ca7547bc.rmeta
2025-11-09T23:37:18.6992142Z Removing target/debug/deps/libtoml_edit-769c1e6e8df88079.rlib
2025-11-09T23:37:18.6993619Z Removing target/debug/deps/libtoml_edit-769c1e6e8df88079.rmeta
2025-11-09T23:37:18.6996155Z Removing target/debug/deps/libtower_service-863bcdc79d53a78b.rlib
2025-11-09T23:37:18.6997827Z Removing target/debug/deps/libtower_service-863bcdc79d53a78b.rmeta
2025-11-09T23:37:18.7000642Z Removing target/debug/deps/libtracing-45bd8448a06fd778.rlib
2025-11-09T23:37:18.7002096Z Removing target/debug/deps/libtracing-45bd8448a06fd778.rmeta
2025-11-09T23:37:18.7003567Z Removing target/debug/deps/libtracing_core-efd5a647688ed0e7.rlib
2025-11-09T23:37:18.7005358Z Removing target/debug/deps/libtracing_core-efd5a647688ed0e7.rmeta
2025-11-09T23:37:18.7007140Z Removing target/debug/deps/libtry_lock-0a9dba077bc589b2.rlib
2025-11-09T23:37:18.7065927Z Removing target/debug/deps/libtry_lock-0a9dba077bc589b2.rmeta
2025-11-09T23:37:18.7067589Z Removing target/debug/deps/libtypenum-015e0db2d7fddc8a.rlib
2025-11-09T23:37:18.7069054Z Removing target/debug/deps/libtypenum-015e0db2d7fddc8a.rmeta
2025-11-09T23:37:18.7070492Z Removing target/debug/deps/libunarray-a3a566f6e348ba30.rlib
2025-11-09T23:37:18.7071922Z Removing target/debug/deps/libunarray-a3a566f6e348ba30.rmeta
2025-11-09T23:37:18.7073410Z Removing target/debug/deps/libunicode_ident-796da7d7beff3c43.rlib
2025-11-09T23:37:18.7075268Z Removing target/debug/deps/libunicode_ident-796da7d7beff3c43.rmeta
2025-11-09T23:37:18.7076719Z Removing target/debug/deps/liburl-5c968cb4d8c3dd35.rlib
2025-11-09T23:37:18.7078026Z Removing target/debug/deps/liburl-5c968cb4d8c3dd35.rmeta
2025-11-09T23:37:18.7079404Z Removing target/debug/deps/libutf8_iter-25f6afe9a4463498.rlib
2025-11-09T23:37:18.7080859Z Removing target/debug/deps/libutf8_iter-25f6afe9a4463498.rmeta
2025-11-09T23:37:18.7082352Z Removing target/debug/deps/libversion_check-a216429c4cbdde93.rlib
2025-11-09T23:37:18.7084214Z Removing target/debug/deps/libversion_check-a216429c4cbdde93.rmeta
2025-11-09T23:37:18.7086111Z Removing target/debug/deps/libwait_timeout-4dae2813bb096b7d.rlib
2025-11-09T23:37:18.7087642Z Removing target/debug/deps/libwait_timeout-4dae2813bb096b7d.rmeta
2025-11-09T23:37:18.7089101Z Removing target/debug/deps/libwalkdir-61d89ec0cab3a80b.rlib
2025-11-09T23:37:18.7090532Z Removing target/debug/deps/libwalkdir-61d89ec0cab3a80b.rmeta
2025-11-09T23:37:18.7091927Z Removing target/debug/deps/libwant-ed71f0675c882a6c.rlib
2025-11-09T23:37:18.7093264Z Removing target/debug/deps/libwant-ed71f0675c882a6c.rmeta
2025-11-09T23:37:18.7094844Z Removing target/debug/deps/libwinnow-c3069a2d8d8dfc76.rlib
2025-11-09T23:37:18.7096271Z Removing target/debug/deps/libwinnow-c3069a2d8d8dfc76.rmeta
2025-11-09T23:37:18.7097693Z Removing target/debug/deps/libwriteable-3371d4204352a54a.rlib
2025-11-09T23:37:18.7099145Z Removing target/debug/deps/libwriteable-3371d4204352a54a.rmeta
2025-11-09T23:37:18.7100543Z Removing target/debug/deps/libyoke-8853c473f3035d81.rlib
2025-11-09T23:37:18.7101879Z Removing target/debug/deps/libyoke-8853c473f3035d81.rmeta
2025-11-09T23:37:18.7103610Z Removing target/debug/deps/libyoke_derive-06b29befb72e1620.so
2025-11-09T23:37:18.7105664Z Removing target/debug/deps/libzerocopy-b498f825c400ed66.rlib
2025-11-09T23:37:18.7107120Z Removing target/debug/deps/libzerocopy-b498f825c400ed66.rmeta
2025-11-09T23:37:18.7108621Z Removing target/debug/deps/libzerocopy_derive-9d99d41eb05d0a6d.so
2025-11-09T23:37:18.7111695Z Removing target/debug/deps/libzerofrom-1bfef26325f52b1d.rlib
2025-11-09T23:37:18.7113432Z Removing target/debug/deps/libzerofrom-1bfef26325f52b1d.rmeta
2025-11-09T23:37:18.7115148Z Removing target/debug/deps/libzerofrom_derive-f24f75456298c6e7.so
2025-11-09T23:37:18.7116634Z Removing target/debug/deps/libzerotrie-51758b64cb4153fc.rlib
2025-11-09T23:37:18.7118062Z Removing target/debug/deps/libzerotrie-51758b64cb4153fc.rmeta
2025-11-09T23:37:18.7119479Z Removing target/debug/deps/libzerovec-7d5972dc6f34f025.rlib
2025-11-09T23:37:18.7122711Z Removing target/debug/deps/libzerovec-7d5972dc6f34f025.rmeta
2025-11-09T23:37:18.7124172Z Removing target/debug/deps/libzerovec_derive-de60b80a4650ecc3.so
2025-11-09T23:37:18.7125848Z Removing target/debug/deps/linux_raw_sys-bb87369efe12a535.d
2025-11-09T23:37:18.7127166Z Removing target/debug/deps/litemap-25eb7b5ae4df2615.d
2025-11-09T23:37:18.7128366Z Removing target/debug/deps/log-7936ee94095ef39c.d
2025-11-09T23:37:18.7129783Z Removing target/debug/deps/memchr-5d4e0d6bc9bda00f.d
2025-11-09T23:37:18.7132873Z Removing target/debug/deps/mempool_helper_tests-71a2478a1f4b1c7f.d
2025-11-09T23:37:18.7135531Z Removing target/debug/deps/mime-10033b098b888fed.d
2025-11-09T23:37:18.7136825Z Removing target/debug/deps/miniz_oxide-d9ad3627380b17c2.d
2025-11-09T23:37:18.7138096Z Removing target/debug/deps/mio-de964bf95b3057fb.d
2025-11-09T23:37:18.7139345Z Removing target/debug/deps/num_traits-b506934bb740cbf6.d
2025-11-09T23:37:18.7140620Z Removing target/debug/deps/object-5829cb2233c0b513.d
2025-11-09T23:37:18.7144172Z Removing target/debug/deps/once_cell-140027e2059e248c.d
2025-11-09T23:37:18.7145895Z Removing target/debug/deps/oorandom-2c0384e18d716be6.d
2025-11-09T23:37:18.7147674Z Removing target/debug/deps/percent_encoding-d4c02626543d40b3.d
2025-11-09T23:37:18.7149165Z Removing target/debug/deps/pin_project_lite-8304a63f5944e937.d
2025-11-09T23:37:18.7150873Z Removing target/debug/deps/pin_utils-4afe9bfe4113f5ad.d
2025-11-09T23:37:18.7152563Z Removing target/debug/deps/plotters-bae18d6894739156.d
2025-11-09T23:37:18.7153957Z Removing target/debug/deps/plotters_backend-6c59dc1580532443.d
2025-11-09T23:37:18.7155589Z Removing target/debug/deps/plotters_svg-1e338b432e7f1ba6.d
2025-11-09T23:37:18.7157179Z Removing target/debug/deps/potential_utf-594a8beb8964bbdf.d
2025-11-09T23:37:18.7158698Z Removing target/debug/deps/ppv_lite86-f31b72c16d3ab29d.d
2025-11-09T23:37:18.7160447Z Removing target/debug/deps/pretty_hex-3b643e86f56f4855.d
2025-11-09T23:37:18.7162701Z Removing target/debug/deps/proc_macro2-013e91bf61085fba.d
2025-11-09T23:37:18.7165530Z Removing target/debug/deps/proc_macro_crate-288ba2d6f9cde8b2.d
2025-11-09T23:37:18.7168028Z Removing target/debug/deps/proptest-fe5de64ab58eee66.d
2025-11-09T23:37:18.7170463Z Removing target/debug/deps/quick_error-5431cbc53e6855e5.d
2025-11-09T23:37:18.7172813Z Removing target/debug/deps/quote-1fd57a8d49f3e414.d
2025-11-09T23:37:18.7175088Z Removing target/debug/deps/rand-fc4e73356887d916.d
2025-11-09T23:37:18.7177390Z Removing target/debug/deps/rand_chacha-e20e83dc90b265db.d
2025-11-09T23:37:18.7179803Z Removing target/debug/deps/rand_core-c368d6b1d0f2f67a.d
2025-11-09T23:37:18.7183403Z Removing target/debug/deps/rand_xorshift-30dbcff9e0cf9f0e.d
2025-11-09T23:37:18.7186165Z Removing target/debug/deps/rand_xoshiro-fb20a66967968e23.d
2025-11-09T23:37:18.7188073Z Removing target/debug/deps/rayon-fcfccdaccb2c1c8f.d
2025-11-09T23:37:18.7189367Z Removing target/debug/deps/rayon_core-8233f837b2b82aa9.d
2025-11-09T23:37:18.7190940Z Removing target/debug/deps/regex-7316801095448dcb.d
2025-11-09T23:37:18.7192297Z Removing target/debug/deps/regex_automata-560db73d82089022.d
2025-11-09T23:37:18.7193881Z Removing target/debug/deps/regex_syntax-fe8a530891fa5af3.d
2025-11-09T23:37:18.7195516Z Removing target/debug/deps/reqwest-f1349d583e399c32.d
2025-11-09T23:37:18.7196768Z Removing target/debug/deps/ripemd-c4385cbf09230132.d
2025-11-09T23:37:18.7198092Z Removing target/debug/deps/rustc_demangle-8dab3eb1c1115427.d
2025-11-09T23:37:18.7199883Z Removing target/debug/deps/rustix-9d1c1196c042be37.d
2025-11-09T23:37:18.7202325Z Removing target/debug/deps/rusty_fork-408f526f41d594bd.d
2025-11-09T23:37:18.7204745Z Removing target/debug/deps/ryu-27d616b1525b0bd5.d
2025-11-09T23:37:18.7206932Z Removing target/debug/deps/same_file-885ba4335dbafcd5.d
2025-11-09T23:37:18.7209024Z Removing target/debug/deps/secp256k1-3552d18711f5218e.d
2025-11-09T23:37:18.7210380Z Removing target/debug/deps/secp256k1_sys-6cd32742aabed926.d
2025-11-09T23:37:18.7211681Z Removing target/debug/deps/serde-4eca9d9f7a929b57.d
2025-11-09T23:37:18.7213252Z Removing target/debug/deps/serde_derive-e749fa70367a8df4.d
2025-11-09T23:37:18.7215627Z Removing target/debug/deps/serde_json-b75336d497f01a50.d
2025-11-09T23:37:18.7218315Z Removing target/debug/deps/serde_urlencoded-36b5f7aa51dec2d6.d
2025-11-09T23:37:18.7219750Z Removing target/debug/deps/sha2-f1ee2b7c028150d8.d
2025-11-09T23:37:18.7221079Z Removing target/debug/deps/sha2_asm-db02cef9726600b0.d
2025-11-09T23:37:18.7222697Z Removing target/debug/deps/shlex-83c7e0da01d13271.d
2025-11-09T23:37:18.7223896Z Removing target/debug/deps/slab-3f53b5c5532ac7a8.d
2025-11-09T23:37:18.7225415Z Removing target/debug/deps/smallvec-8995de69024cacd0.d
2025-11-09T23:37:18.7226707Z Removing target/debug/deps/socket2-af83260fbd731ddc.d
2025-11-09T23:37:18.7227967Z Removing target/debug/deps/socket2-ce2370ef04b1c292.d
2025-11-09T23:37:18.7230497Z Removing target/debug/deps/stable_deref_trait-3d6a1750f55786e6.d
2025-11-09T23:37:18.7233743Z Removing target/debug/deps/syn-aca17214a42be380.d
2025-11-09T23:37:18.7236252Z Removing target/debug/deps/syn-db513f8ec2c70902.d
2025-11-09T23:37:18.7238646Z Removing target/debug/deps/sync_wrapper-011d66a29022fa57.d
2025-11-09T23:37:18.7241340Z Removing target/debug/deps/synstructure-5e32a687d3c1544f.d
2025-11-09T23:37:18.7243881Z Removing target/debug/deps/tempfile-9dd7ea7255645a6d.d
2025-11-09T23:37:18.7246365Z Removing target/debug/deps/thiserror-33d8d4720d5b26de.d
2025-11-09T23:37:18.7248734Z Removing target/debug/deps/thiserror_impl-ae242962b985a660.d
2025-11-09T23:37:18.7250123Z Removing target/debug/deps/tinystr-d3b19922b34c6b5f.d
2025-11-09T23:37:18.7251463Z Removing target/debug/deps/tinytemplate-8f3fd706f9b14a51.d
2025-11-09T23:37:18.7252751Z Removing target/debug/deps/tokio-87840121dbcc34d6.d
2025-11-09T23:37:18.7254680Z Removing target/debug/deps/tokio_macros-2752d99a3d96bedd.d
2025-11-09T23:37:18.7257232Z Removing target/debug/deps/tokio_util-f8c6b36c18753d70.d
2025-11-09T23:37:18.7259128Z Removing target/debug/deps/toml_datetime-93eba6e9ca7547bc.d
2025-11-09T23:37:18.7260736Z Removing target/debug/deps/toml_edit-769c1e6e8df88079.d
2025-11-09T23:37:18.7262113Z Removing target/debug/deps/tower_service-863bcdc79d53a78b.d
2025-11-09T23:37:18.7263437Z Removing target/debug/deps/tracing-45bd8448a06fd778.d
2025-11-09T23:37:18.7265087Z Removing target/debug/deps/tracing_core-efd5a647688ed0e7.d
2025-11-09T23:37:18.7266435Z Removing target/debug/deps/try_lock-0a9dba077bc589b2.d
2025-11-09T23:37:18.7267708Z Removing target/debug/deps/typenum-015e0db2d7fddc8a.d
2025-11-09T23:37:18.7268957Z Removing target/debug/deps/unarray-a3a566f6e348ba30.d
2025-11-09T23:37:18.7270277Z Removing target/debug/deps/unicode_ident-796da7d7beff3c43.d
2025-11-09T23:37:18.7271559Z Removing target/debug/deps/url-5c968cb4d8c3dd35.d
2025-11-09T23:37:18.7272770Z Removing target/debug/deps/utf8_iter-25f6afe9a4463498.d
2025-11-09T23:37:18.7275128Z Removing target/debug/deps/version_check-a216429c4cbdde93.d
2025-11-09T23:37:18.7277682Z Removing target/debug/deps/wait_timeout-4dae2813bb096b7d.d
2025-11-09T23:37:18.7279249Z Removing target/debug/deps/walkdir-61d89ec0cab3a80b.d
2025-11-09T23:37:18.7280478Z Removing target/debug/deps/want-ed71f0675c882a6c.d
2025-11-09T23:37:18.7281677Z Removing target/debug/deps/winnow-c3069a2d8d8dfc76.d
2025-11-09T23:37:18.7282928Z Removing target/debug/deps/writeable-3371d4204352a54a.d
2025-11-09T23:37:18.7286168Z Removing target/debug/deps/yoke-8853c473f3035d81.d
2025-11-09T23:37:18.7287441Z Removing target/debug/deps/yoke_derive-06b29befb72e1620.d
2025-11-09T23:37:18.7288987Z Removing target/debug/deps/zerocopy-b498f825c400ed66.d
2025-11-09T23:37:18.7290898Z Removing target/debug/deps/zerocopy_derive-9d99d41eb05d0a6d.d
2025-11-09T23:37:18.7292289Z Removing target/debug/deps/zerofrom-1bfef26325f52b1d.d
2025-11-09T23:37:18.7296447Z Removing target/debug/deps/zerofrom_derive-f24f75456298c6e7.d
2025-11-09T23:37:18.7298149Z Removing target/debug/deps/zerotrie-51758b64cb4153fc.d
2025-11-09T23:37:18.7299428Z Removing target/debug/deps/zerovec-7d5972dc6f34f025.d
2025-11-09T23:37:18.7300767Z Removing target/debug/deps/zerovec_derive-de60b80a4650ecc3.d
2025-11-09T23:37:18.7301980Z Removing target/debug/examples/
2025-11-09T23:37:18.7302890Z Removing target/debug/incremental/
2025-11-09T23:37:18.7303801Z Removing target/tmp/
2025-11-09T23:37:18.7308869Z [command]/usr/bin/git reset --hard HEAD
2025-11-09T23:37:18.7310179Z HEAD is now at ad63429 fix: Add missing crypto module declaration in lib.rs
2025-11-09T23:37:18.7313506Z ##[endgroup]
2025-11-09T23:37:18.7315059Z ##[group]Disabling automatic garbage collection
2025-11-09T23:37:18.7316211Z [command]/usr/bin/git config --local gc.auto 0
2025-11-09T23:37:18.7319050Z ##[endgroup]
2025-11-09T23:37:18.7320235Z ##[group]Setting up auth
2025-11-09T23:37:18.7321458Z [command]/usr/bin/git config --local --name-only --get-regexp core\.sshCommand
2025-11-09T23:37:18.7325986Z [command]/usr/bin/git submodule foreach --recursive sh -c "git config --local --name-only --get-regexp 'core\.sshCommand' && git config --local --unset-all 'core.sshCommand' || :"
2025-11-09T23:37:18.7528759Z [command]/usr/bin/git config --local --name-only --get-regexp http\.https\:\/\/github\.com\/\.extraheader
2025-11-09T23:37:18.7569364Z [command]/usr/bin/git submodule foreach --recursive sh -c "git config --local --name-only --get-regexp 'http\.https\:\/\/github\.com\/\.extraheader' && git config --local --unset-all 'http.https://github.com/.extraheader' || :"
2025-11-09T23:37:18.7856884Z [command]/usr/bin/git config --local http.https://github.com/.extraheader AUTHORIZATION: basic ***
2025-11-09T23:37:18.7906165Z ##[endgroup]
2025-11-09T23:37:18.7908718Z ##[group]Fetching the repository
2025-11-09T23:37:18.7920553Z [command]/usr/bin/git -c protocol.version=2 fetch --no-tags --prune --no-recurse-submodules --depth=1 origin +ad634294ea6b2675c39337ed5ca3858e564b2e37:refs/remotes/origin/main
2025-11-09T23:37:18.9982978Z ##[endgroup]
2025-11-09T23:37:18.9983829Z ##[group]Determining the checkout info
2025-11-09T23:37:18.9985023Z ##[endgroup]
2025-11-09T23:37:18.9986029Z [command]/usr/bin/git sparse-checkout disable
2025-11-09T23:37:19.0097715Z [command]/usr/bin/git config --local --unset-all extensions.worktreeConfig
2025-11-09T23:37:19.0146937Z ##[group]Checking out the ref
2025-11-09T23:37:19.0151696Z [command]/usr/bin/git checkout --progress --force -B main refs/remotes/origin/main
2025-11-09T23:37:19.0267622Z Switched to a new branch 'main'
2025-11-09T23:37:19.0268500Z branch 'main' set up to track 'origin/main'.
2025-11-09T23:37:19.0276417Z ##[endgroup]
2025-11-09T23:37:19.0331343Z [command]/usr/bin/git log -1 --format=%H
2025-11-09T23:37:19.0362035Z ad634294ea6b2675c39337ed5ca3858e564b2e37
2025-11-09T23:37:19.0650366Z ##[group]Run dtolnay/rust-toolchain@master
2025-11-09T23:37:19.0650782Z with:
2025-11-09T23:37:19.0651027Z   toolchain: 1.88.0
2025-11-09T23:37:19.0651290Z env:
2025-11-09T23:37:19.0651530Z   CARGO_TERM_COLOR: always
2025-11-09T23:37:19.0651813Z ##[endgroup]
2025-11-09T23:37:19.0767869Z ##[group]Run : parse toolchain version
2025-11-09T23:37:19.0768310Z [36;1m: parse toolchain version[0m
2025-11-09T23:37:19.0768666Z [36;1mif [[ -z $toolchain ]]; then[0m
2025-11-09T23:37:19.0769251Z [36;1m  # GitHub does not enforce `required: true` inputs itself. https://github.com/actions/runner/issues/1070[0m
2025-11-09T23:37:19.0770240Z [36;1m  echo "'toolchain' is a required input" >&2[0m
2025-11-09T23:37:19.0770606Z [36;1m  exit 1[0m
2025-11-09T23:37:19.0770988Z [36;1melif [[ $toolchain =~ ^stable' '[0-9]+' '(year|month|week|day)s?' 'ago$ ]]; then[0m
2025-11-09T23:37:19.0771475Z [36;1m  if [[ Linux == macOS ]]; then[0m
2025-11-09T23:37:19.0772072Z [36;1m    echo "toolchain=1.$((($(date -v-$(sed 's/stable \([0-9]*\) \(.\).*/\1\2/' <<< $toolchain) +%s)/60/60/24-16569)/7/6))" >> $GITHUB_OUTPUT[0m
2025-11-09T23:37:19.0772599Z [36;1m  else[0m
2025-11-09T23:37:19.0773046Z [36;1m    echo "toolchain=1.$((($(date --date "${toolchain#stable }" +%s)/60/60/24-16569)/7/6))" >> $GITHUB_OUTPUT[0m
2025-11-09T23:37:19.0773538Z [36;1m  fi[0m
2025-11-09T23:37:19.0773888Z [36;1melif [[ $toolchain =~ ^stable' 'minus' '[0-9]+' 'releases?$ ]]; then[0m
2025-11-09T23:37:19.0774627Z [36;1m  echo "toolchain=1.$((($(date +%s)/60/60/24-16569)/7/6-${toolchain//[^0-9]/}))" >> $GITHUB_OUTPUT[0m
2025-11-09T23:37:19.0775133Z [36;1melif [[ $toolchain =~ ^1\.[0-9]+$ ]]; then[0m
2025-11-09T23:37:19.0775690Z [36;1m  echo "toolchain=1.$((i=${toolchain#1.}, c=($(date +%s)/60/60/24-16569)/7/6, i+9*i*(10*i<=c)+90*i*(100*i<=c)))" >> $GITHUB_OUTPUT[0m
2025-11-09T23:37:19.0776447Z [36;1melse[0m
2025-11-09T23:37:19.0776745Z [36;1m  echo "toolchain=$toolchain" >> $GITHUB_OUTPUT[0m
2025-11-09T23:37:19.0777098Z [36;1mfi[0m
2025-11-09T23:37:19.0808891Z shell: /usr/bin/bash --noprofile --norc -e -o pipefail {0}
2025-11-09T23:37:19.0809312Z env:
2025-11-09T23:37:19.0809573Z   CARGO_TERM_COLOR: always
2025-11-09T23:37:19.0809862Z   toolchain: 1.88.0
2025-11-09T23:37:19.0810129Z ##[endgroup]
2025-11-09T23:37:19.0960930Z ##[group]Run : construct rustup command line
2025-11-09T23:37:19.0961345Z [36;1m: construct rustup command line[0m
2025-11-09T23:37:19.0961893Z [36;1mecho "targets=$(for t in ${targets//,/ }; do echo -n ' --target' $t; done)" >> $GITHUB_OUTPUT[0m
2025-11-09T23:37:19.0962626Z [36;1mecho "components=$(for c in ${components//,/ }; do echo -n ' --component' $c; done)" >> $GITHUB_OUTPUT[0m
2025-11-09T23:37:19.0963206Z [36;1mecho "downgrade=" >> $GITHUB_OUTPUT[0m
2025-11-09T23:37:19.0997974Z shell: /usr/bin/bash --noprofile --norc -e -o pipefail {0}
2025-11-09T23:37:19.0998405Z env:
2025-11-09T23:37:19.0998667Z   CARGO_TERM_COLOR: always
2025-11-09T23:37:19.0998963Z   targets: 
2025-11-09T23:37:19.0999216Z   components: 
2025-11-09T23:37:19.0999472Z ##[endgroup]
2025-11-09T23:37:19.1098630Z ##[group]Run : set $CARGO_HOME
2025-11-09T23:37:19.1098989Z [36;1m: set $CARGO_HOME[0m
2025-11-09T23:37:19.1099417Z [36;1mecho CARGO_HOME=${CARGO_HOME:-"$HOME/.cargo"} >> $GITHUB_ENV[0m
2025-11-09T23:37:19.1130227Z shell: /usr/bin/bash --noprofile --norc -e -o pipefail {0}
2025-11-09T23:37:19.1130672Z env:
2025-11-09T23:37:19.1130966Z   CARGO_TERM_COLOR: always
2025-11-09T23:37:19.1133151Z ##[endgroup]
2025-11-09T23:37:19.1220061Z ##[group]Run : install rustup if needed
2025-11-09T23:37:19.1220474Z [36;1m: install rustup if needed[0m
2025-11-09T23:37:19.1220869Z [36;1mif ! command -v rustup &>/dev/null; then[0m
2025-11-09T23:37:19.1221736Z [36;1m  curl --proto '=https' --tlsv1.2 --retry 10 --retry-connrefused --location --silent --show-error --fail https://sh.rustup.rs | sh -s -- --default-toolchain none -y[0m
2025-11-09T23:37:19.1222589Z [36;1m  echo "$CARGO_HOME/bin" >> $GITHUB_PATH[0m
2025-11-09T23:37:19.1225529Z [36;1mfi[0m
2025-11-09T23:37:19.1254265Z shell: /usr/bin/bash --noprofile --norc -e -o pipefail {0}
2025-11-09T23:37:19.1254865Z env:
2025-11-09T23:37:19.1255147Z   CARGO_TERM_COLOR: always
2025-11-09T23:37:19.1255495Z   CARGO_HOME: /home/jswift/.cargo
2025-11-09T23:37:19.1255834Z ##[endgroup]
2025-11-09T23:37:19.2375582Z info: downloading installer
2025-11-09T23:37:19.4692869Z warn: It looks like you have an existing rustup settings file at:
2025-11-09T23:37:19.4693723Z warn: /home/jswift/.rustup/settings.toml
2025-11-09T23:37:19.4695670Z warn: Rustup will install the default toolchain as specified in the settings file,
2025-11-09T23:37:19.4950543Z warn: instead of the one inferred from the default host triple.
2025-11-09T23:37:19.4953124Z info: profile set to 'default'
2025-11-09T23:37:19.4953602Z 
2025-11-09T23:37:19.4953879Z 
2025-11-09T23:37:19.4954923Z info: default host triple is x86_64-unknown-linux-gnu
2025-11-09T23:37:19.4955875Z Rust is installed now. Great!
2025-11-09T23:37:19.4956238Z 
2025-11-09T23:37:19.4956515Z To get started you may need to restart your current shell.
2025-11-09T23:37:19.4957227Z This would reload your PATH environment variable to include
2025-11-09T23:37:19.4957918Z Cargo's bin directory ($HOME/.cargo/bin).
2025-11-09T23:37:19.4958268Z 
2025-11-09T23:37:19.4958519Z To configure your current shell, you need to source
2025-11-09T23:37:19.4959119Z the corresponding env file under $HOME/.cargo.
2025-11-09T23:37:19.4959513Z 
2025-11-09T23:37:19.4959854Z This is usually done by running one of the following (note the leading DOT):
2025-11-09T23:37:19.4960624Z . "$HOME/.cargo/env"            # For sh/bash/zsh/ash/dash/pdksh
2025-11-09T23:37:19.4961251Z source "$HOME/.cargo/env.fish"  # For fish
2025-11-09T23:37:19.4963659Z source $"($nu.home-path)/.cargo/env.nu"  # For nushell
2025-11-09T23:37:19.4965393Z info: skipping toolchain installation
2025-11-09T23:37:19.5097384Z ##[group]Run rustup toolchain install 1.88.0 --profile minimal --no-self-update
2025-11-09T23:37:19.5098089Z [36;1mrustup toolchain install 1.88.0 --profile minimal --no-self-update[0m
2025-11-09T23:37:19.5136197Z shell: /usr/bin/bash --noprofile --norc -e -o pipefail {0}
2025-11-09T23:37:19.5136707Z env:
2025-11-09T23:37:19.5137029Z   CARGO_TERM_COLOR: always
2025-11-09T23:37:19.5137413Z   CARGO_HOME: /home/jswift/.cargo
2025-11-09T23:37:19.5137796Z ##[endgroup]
2025-11-09T23:37:19.6056191Z info: syncing channel updates for '1.88.0-x86_64-unknown-linux-gnu'
2025-11-09T23:37:19.6243087Z 
2025-11-09T23:37:19.6370808Z   1.88.0-x86_64-unknown-linux-gnu unchanged - rustc 1.88.0 (6b00bc388 2025-06-23)
2025-11-09T23:37:19.6371578Z 
2025-11-09T23:37:19.6438857Z ##[group]Run rustup default 1.88.0
2025-11-09T23:37:19.6439264Z [36;1mrustup default 1.88.0[0m
2025-11-09T23:37:19.6471251Z shell: /usr/bin/bash --noprofile --norc -e -o pipefail {0}
2025-11-09T23:37:19.6471744Z env:
2025-11-09T23:37:19.6472035Z   CARGO_TERM_COLOR: always
2025-11-09T23:37:19.6472381Z   CARGO_HOME: /home/jswift/.cargo
2025-11-09T23:37:19.6472746Z ##[endgroup]
2025-11-09T23:37:19.6605618Z info: using existing install for '1.88.0-x86_64-unknown-linux-gnu'
2025-11-09T23:37:19.7013596Z info: default toolchain set to '1.88.0-x86_64-unknown-linux-gnu'
2025-11-09T23:37:19.7014660Z 
2025-11-09T23:37:19.7136090Z   1.88.0-x86_64-unknown-linux-gnu unchanged - rustc 1.88.0 (6b00bc388 2025-06-23)
2025-11-09T23:37:19.7138534Z info: note that the toolchain '1.88.0-x86_64-unknown-linux-gnu' is currently in use (overridden by '/home/jswift/actions-runner-org2/_work/bllvm-consensus/bllvm-consensus/rust-toolchain.toml')
2025-11-09T23:37:19.7140343Z 
2025-11-09T23:37:19.7199410Z ##[group]Run : create cachekey
2025-11-09T23:37:19.7199795Z [36;1m: create cachekey[0m
2025-11-09T23:37:19.7203437Z [36;1mDATE=$(rustc +1.88.0 --version --verbose | sed -ne 's/^commit-date: \(20[0-9][0-9]\)-\([01][0-9]\)-\([0-3][0-9]\)$/\1\2\3/p')[0m
2025-11-09T23:37:19.7204201Z [36;1mHASH=$(rustc +1.88.0 --version --verbose | sed -ne 's/^commit-hash: //p')[0m
2025-11-09T23:37:19.7205238Z [36;1mecho "cachekey=$(echo $DATE$HASH | head -c12)" >> $GITHUB_OUTPUT[0m
2025-11-09T23:37:19.7240014Z shell: /usr/bin/bash --noprofile --norc -e -o pipefail {0}
2025-11-09T23:37:19.7240498Z env:
2025-11-09T23:37:19.7240836Z   CARGO_TERM_COLOR: always
2025-11-09T23:37:19.7241203Z   CARGO_HOME: /home/jswift/.cargo
2025-11-09T23:37:19.7241554Z ##[endgroup]
2025-11-09T23:37:19.7791698Z ##[group]Run : disable incremental compilation
2025-11-09T23:37:19.7792174Z [36;1m: disable incremental compilation[0m
2025-11-09T23:37:19.7792594Z [36;1mif [ -z "${CARGO_INCREMENTAL+set}" ]; then[0m
2025-11-09T23:37:19.7793038Z [36;1m  echo CARGO_INCREMENTAL=0 >> $GITHUB_ENV[0m
2025-11-09T23:37:19.7793411Z [36;1mfi[0m
2025-11-09T23:37:19.7829347Z shell: /usr/bin/bash --noprofile --norc -e -o pipefail {0}
2025-11-09T23:37:19.7830035Z env:
2025-11-09T23:37:19.7830497Z   CARGO_TERM_COLOR: always
2025-11-09T23:37:19.7830974Z   CARGO_HOME: /home/jswift/.cargo
2025-11-09T23:37:19.7831305Z ##[endgroup]
2025-11-09T23:37:19.7926858Z ##[group]Run : enable colors in Cargo output
2025-11-09T23:37:19.7927379Z [36;1m: enable colors in Cargo output[0m
2025-11-09T23:37:19.7927788Z [36;1mif [ -z "${CARGO_TERM_COLOR+set}" ]; then[0m
2025-11-09T23:37:19.7928230Z [36;1m  echo CARGO_TERM_COLOR=always >> $GITHUB_ENV[0m
2025-11-09T23:37:19.7928606Z [36;1mfi[0m
2025-11-09T23:37:19.7961900Z shell: /usr/bin/bash --noprofile --norc -e -o pipefail {0}
2025-11-09T23:37:19.7962360Z env:
2025-11-09T23:37:19.7962645Z   CARGO_TERM_COLOR: always
2025-11-09T23:37:19.7963002Z   CARGO_HOME: /home/jswift/.cargo
2025-11-09T23:37:19.7963358Z   CARGO_INCREMENTAL: 0
2025-11-09T23:37:19.7963659Z ##[endgroup]
2025-11-09T23:37:19.8058322Z ##[group]Run : enable Cargo sparse registry
2025-11-09T23:37:19.8058752Z [36;1m: enable Cargo sparse registry[0m
2025-11-09T23:37:19.8059464Z [36;1m# implemented in 1.66, stabilized in 1.68, made default in 1.70[0m
2025-11-09T23:37:19.8060415Z [36;1mif [ -z "${CARGO_REGISTRIES_CRATES_IO_PROTOCOL+set}" -o -f "/home/jswift/actions-runner-org2/_work/_temp"/.implicit_cargo_registries_crates_io_protocol ]; then[0m
2025-11-09T23:37:19.8061344Z [36;1m  if rustc +1.88.0 --version --verbose | grep -q '^release: 1\.6[89]\.'; then[0m
2025-11-09T23:37:19.8062118Z [36;1m    touch "/home/jswift/actions-runner-org2/_work/_temp"/.implicit_cargo_registries_crates_io_protocol || true[0m
2025-11-09T23:37:19.8064927Z [36;1m    echo CARGO_REGISTRIES_CRATES_IO_PROTOCOL=sparse >> $GITHUB_ENV[0m
2025-11-09T23:37:19.8065543Z [36;1m  elif rustc +1.88.0 --version --verbose | grep -q '^release: 1\.6[67]\.'; then[0m
2025-11-09T23:37:19.8066329Z [36;1m    touch "/home/jswift/actions-runner-org2/_work/_temp"/.implicit_cargo_registries_crates_io_protocol || true[0m
2025-11-09T23:37:19.8067068Z [36;1m    echo CARGO_REGISTRIES_CRATES_IO_PROTOCOL=git >> $GITHUB_ENV[0m
2025-11-09T23:37:19.8067521Z [36;1m  fi[0m
2025-11-09T23:37:19.8067787Z [36;1mfi[0m
2025-11-09T23:37:19.8103756Z shell: /usr/bin/bash --noprofile --norc -e -o pipefail {0}
2025-11-09T23:37:19.8104219Z env:
2025-11-09T23:37:19.8104644Z   CARGO_TERM_COLOR: always
2025-11-09T23:37:19.8104988Z   CARGO_HOME: /home/jswift/.cargo
2025-11-09T23:37:19.8105338Z   CARGO_INCREMENTAL: 0
2025-11-09T23:37:19.8105636Z ##[endgroup]
2025-11-09T23:37:19.8598114Z ##[group]Run : work around spurious network errors in curl 8.0
2025-11-09T23:37:19.8598659Z [36;1m: work around spurious network errors in curl 8.0[0m
2025-11-09T23:37:19.8599359Z [36;1m# https://rust-lang.zulipchat.com/#narrow/stream/246057-t-cargo/topic/timeout.20investigation[0m
2025-11-09T23:37:19.8600076Z [36;1mif rustc +1.88.0 --version --verbose | grep -q '^release: 1\.7[01]\.'; then[0m
2025-11-09T23:37:19.8600621Z [36;1m  echo CARGO_HTTP_MULTIPLEXING=false >> $GITHUB_ENV[0m
2025-11-09T23:37:19.8601012Z [36;1mfi[0m
2025-11-09T23:37:19.8633791Z shell: /usr/bin/bash --noprofile --norc -e -o pipefail {0}
2025-11-09T23:37:19.8634235Z env:
2025-11-09T23:37:19.8634744Z   CARGO_TERM_COLOR: always
2025-11-09T23:37:19.8635301Z   CARGO_HOME: /home/jswift/.cargo
2025-11-09T23:37:19.8635659Z   CARGO_INCREMENTAL: 0
2025-11-09T23:37:19.8635956Z ##[endgroup]
2025-11-09T23:37:19.8926708Z ##[group]Run rustc +1.88.0 --version --verbose
2025-11-09T23:37:19.8927163Z [36;1mrustc +1.88.0 --version --verbose[0m
2025-11-09T23:37:19.8960990Z shell: /usr/bin/bash --noprofile --norc -e -o pipefail {0}
2025-11-09T23:37:19.8963167Z env:
2025-11-09T23:37:19.8963463Z   CARGO_TERM_COLOR: always
2025-11-09T23:37:19.8963835Z   CARGO_HOME: /home/jswift/.cargo
2025-11-09T23:37:19.8964197Z   CARGO_INCREMENTAL: 0
2025-11-09T23:37:19.8964728Z ##[endgroup]
2025-11-09T23:37:19.9196755Z rustc 1.88.0 (6b00bc388 2025-06-23)
2025-11-09T23:37:19.9197710Z binary: rustc
2025-11-09T23:37:19.9198642Z commit-hash: 6b00bc3880198600130e1cf62b8f8a93494488cc
2025-11-09T23:37:19.9199322Z commit-date: 2025-06-23
2025-11-09T23:37:19.9199800Z host: x86_64-unknown-linux-gnu
2025-11-09T23:37:19.9200461Z release: 1.88.0
2025-11-09T23:37:19.9201233Z LLVM version: 20.1.5
2025-11-09T23:37:20.1786761Z ##[group]Run actions/cache@v3
2025-11-09T23:37:20.1787174Z with:
2025-11-09T23:37:20.1787469Z   path: ~/.cargo/registry
2025-11-09T23:37:20.1788054Z   key: Linux-cargo-registry-be20cb763b1c2a23d480f273acac121679c301efe5e74593667a8cb6ea1cc014
2025-11-09T23:37:20.1788676Z   enableCrossOsArchive: false
2025-11-09T23:37:20.1789024Z   fail-on-cache-miss: false
2025-11-09T23:37:20.1789346Z   lookup-only: false
2025-11-09T23:37:20.1789631Z env:
2025-11-09T23:37:20.1789908Z   CARGO_TERM_COLOR: always
2025-11-09T23:37:20.1790237Z   CARGO_HOME: /home/jswift/.cargo
2025-11-09T23:37:20.1790577Z   CARGO_INCREMENTAL: 0
2025-11-09T23:37:20.1790871Z ##[endgroup]
2025-11-09T23:37:20.4798434Z Cache not found for input keys: Linux-cargo-registry-be20cb763b1c2a23d480f273acac121679c301efe5e74593667a8cb6ea1cc014
2025-11-09T23:37:20.7510764Z ##[group]Run actions/cache@v3
2025-11-09T23:37:20.7511192Z with:
2025-11-09T23:37:20.7511493Z   path: ~/.cargo/git
2025-11-09T23:37:20.7514264Z   key: Linux-cargo-index-be20cb763b1c2a23d480f273acac121679c301efe5e74593667a8cb6ea1cc014
2025-11-09T23:37:20.7515215Z   enableCrossOsArchive: false
2025-11-09T23:37:20.7515614Z   fail-on-cache-miss: false
2025-11-09T23:37:20.7515969Z   lookup-only: false
2025-11-09T23:37:20.7516287Z env:
2025-11-09T23:37:20.7516574Z   CARGO_TERM_COLOR: always
2025-11-09T23:37:20.7516949Z   CARGO_HOME: /home/jswift/.cargo
2025-11-09T23:37:20.7517329Z   CARGO_INCREMENTAL: 0
2025-11-09T23:37:20.7517663Z ##[endgroup]
2025-11-09T23:37:21.0958902Z Cache not found for input keys: Linux-cargo-index-be20cb763b1c2a23d480f273acac121679c301efe5e74593667a8cb6ea1cc014
2025-11-09T23:37:21.3751293Z ##[group]Run actions/cache@v3
2025-11-09T23:37:21.3753328Z with:
2025-11-09T23:37:21.3753608Z   path: target
2025-11-09T23:37:21.3754209Z   key: Linux-cargo-build-target-be20cb763b1c2a23d480f273acac121679c301efe5e74593667a8cb6ea1cc014
2025-11-09T23:37:21.3755259Z   enableCrossOsArchive: false
2025-11-09T23:37:21.3755629Z   fail-on-cache-miss: false
2025-11-09T23:37:21.3756007Z   lookup-only: false
2025-11-09T23:37:21.3756310Z env:
2025-11-09T23:37:21.3756589Z   CARGO_TERM_COLOR: always
2025-11-09T23:37:21.3756940Z   CARGO_HOME: /home/jswift/.cargo
2025-11-09T23:37:21.3757304Z   CARGO_INCREMENTAL: 0
2025-11-09T23:37:21.3757610Z ##[endgroup]
2025-11-09T23:37:21.7036280Z Cache not found for input keys: Linux-cargo-build-target-be20cb763b1c2a23d480f273acac121679c301efe5e74593667a8cb6ea1cc014
2025-11-09T23:37:21.7145258Z ##[group]Run cargo doc --no-deps
2025-11-09T23:37:21.7145680Z [36;1mcargo doc --no-deps[0m
2025-11-09T23:37:21.7182512Z shell: /usr/bin/bash -e {0}
2025-11-09T23:37:21.7182846Z env:
2025-11-09T23:37:21.7183109Z   CARGO_TERM_COLOR: always
2025-11-09T23:37:21.7183451Z   CARGO_HOME: /home/jswift/.cargo
2025-11-09T23:37:21.7183785Z   CARGO_INCREMENTAL: 0
2025-11-09T23:37:21.7184095Z ##[endgroup]
2025-11-09T23:37:21.9847070Z [1m[32m   Compiling[0m proc-macro2 v1.0.101
2025-11-09T23:37:21.9849004Z [1m[32m   Compiling[0m find-msvc-tools v0.1.2
2025-11-09T23:37:21.9850040Z [1m[32m   Compiling[0m shlex v1.3.0
2025-11-09T23:37:21.9851002Z [1m[32m   Compiling[0m unicode-ident v1.0.19
2025-11-09T23:37:22.0817820Z [1m[32m   Compiling[0m typenum v1.18.0
2025-11-09T23:37:22.1861854Z [1m[32m   Compiling[0m cc v1.2.38
2025-11-09T23:37:22.2451608Z [1m[32m   Compiling[0m version_check v0.9.5
2025-11-09T23:37:22.6314040Z [1m[32m   Compiling[0m generic-array v0.14.7
2025-11-09T23:37:23.0276822Z [1m[32m   Compiling[0m serde v1.0.193
2025-11-09T23:37:23.2929435Z [1m[32m   Compiling[0m quote v1.0.40
2025-11-09T23:37:23.4648850Z [1m[32m   Compiling[0m thiserror v1.0.69
2025-11-09T23:37:23.5633376Z [1m[32m   Compiling[0m syn v2.0.106
2025-11-09T23:37:23.7656594Z [1m[32m   Compiling[0m serde_json v1.0.108
2025-11-09T23:37:23.8642567Z [1m[32m   Compiling[0m sha2-asm v0.6.4
2025-11-09T23:37:23.9841461Z [1m[32m    Checking[0m crypto-common v0.1.6
2025-11-09T23:37:23.9915725Z [1m[32m    Checking[0m block-buffer v0.10.4
2025-11-09T23:37:24.0502619Z [1m[32m   Compiling[0m secp256k1-sys v0.9.2
2025-11-09T23:37:24.0713444Z [1m[32m    Checking[0m digest v0.10.7
2025-11-09T23:37:24.2234774Z [1m[32m   Compiling[0m anyhow v1.0.93
2025-11-09T23:37:24.3935610Z [1m[32m    Checking[0m cfg-if v1.0.3
2025-11-09T23:37:24.4315295Z [1m[32m    Checking[0m ryu v1.0.20
2025-11-09T23:37:24.5480133Z [1m[32m    Checking[0m cpufeatures v0.2.17
2025-11-09T23:37:24.5882578Z [1m[32m    Checking[0m itoa v1.0.15
2025-11-09T23:37:24.6840988Z [1m[32m    Checking[0m sha2 v0.10.9
2025-11-09T23:37:24.8193482Z [1m[32m    Checking[0m ripemd v0.1.3
2025-11-09T23:37:24.9109126Z [1m[32m    Checking[0m bitcoin_hashes v0.11.0
2025-11-09T23:37:25.7840368Z [1m[32m    Checking[0m hex v0.4.3
2025-11-09T23:37:26.2032172Z [1m[32m   Compiling[0m serde_derive v1.0.193
2025-11-09T23:37:27.7194245Z [1m[32m   Compiling[0m thiserror-impl v1.0.69
2025-11-09T23:37:27.7195189Z [1m[32m    Checking[0m secp256k1 v0.28.2
2025-11-09T23:37:30.4284665Z [1m[32m    Checking[0m bincode v1.3.3
2025-11-09T23:37:30.9463428Z [1m[32m Documenting[0m bllvm-consensus v0.1.0 (/home/jswift/actions-runner-org2/_work/bllvm-consensus/bllvm-consensus)
2025-11-09T23:37:31.5648086Z [0m[1m[33mwarning[0m[0m[1m: unresolved link to `0`[0m
2025-11-09T23:37:31.5649372Z [0m  [0m[0m[1m[38;5;12m--> [0m[0msrc/transaction.rs:77:36[0m
2025-11-09T23:37:31.5650221Z [0m   [0m[0m[1m[38;5;12m|[0m
2025-11-09T23:37:31.5651453Z [0m[1m[38;5;12m77[0m[0m [0m[0m[1m[38;5;12m|[0m[0m [0m[0m/// 8. If tx is coinbase: 2 ≤ |ins[0].scriptSig| ≤ 100[0m
2025-11-09T23:37:31.5652691Z [0m   [0m[0m[1m[38;5;12m|[0m[0m                                    [0m[0m[1m[33m^[0m[0m [0m[0m[1m[33mno item named `0` in scope[0m
2025-11-09T23:37:31.5653308Z [0m   [0m[0m[1m[38;5;12m|[0m
2025-11-09T23:37:31.5654103Z [0m   [0m[0m[1m[38;5;12m= [0m[0m[1mhelp[0m[0m: to escape `[` and `]` characters, add '\' before them like `\[` or `\]`[0m
2025-11-09T23:37:31.5660343Z [0m   [0m[0m[1m[38;5;12m= [0m[0m[1mnote[0m[0m: `#[warn(rustdoc::broken_intra_doc_links)]` on by default[0m
2025-11-09T23:37:31.5660709Z 
2025-11-09T23:37:31.5667093Z [0m[1m[33mwarning[0m[0m[1m: unresolved link to `0`[0m
2025-11-09T23:37:31.5667756Z [0m  [0m[0m[1m[38;5;12m--> [0m[0msrc/pow.rs:23:12[0m
2025-11-09T23:37:31.5668186Z [0m   [0m[0m[1m[38;5;12m|[0m
2025-11-09T23:37:31.5669070Z [0m[1m[38;5;12m23[0m[0m [0m[0m[1m[38;5;12m|[0m[0m [0m[0m/// - prev[0] is the first block of the adjustment period[0m
2025-11-09T23:37:31.5669738Z [0m   [0m[0m[1m[38;5;12m|[0m[0m            [0m[0m[1m[33m^[0m[0m [0m[0m[1m[33mno item named `0` in scope[0m
2025-11-09T23:37:31.5670151Z [0m   [0m[0m[1m[38;5;12m|[0m
2025-11-09T23:37:31.5670682Z [0m   [0m[0m[1m[38;5;12m= [0m[0m[1mhelp[0m[0m: to escape `[` and `]` characters, add '\' before them like `\[` or `\]`[0m
2025-11-09T23:37:31.5798404Z 
2025-11-09T23:37:31.5799039Z [0m[1m[33mwarning[0m[0m[1m: unclosed HTML tag `ByteString`[0m
2025-11-09T23:37:31.5800098Z [0m [0m[0m[1m[38;5;12m--> [0m[0msrc/script.rs:7:60[0m
2025-11-09T23:37:31.5800711Z [0m  [0m[0m[1m[38;5;12m|[0m
2025-11-09T23:37:31.5802118Z [0m[1m[38;5;12m7[0m[0m [0m[0m[1m[38;5;12m|[0m[0m [0m[0m//! - Stack pooling (thread-local pool of pre-allocated Vec<ByteString>)[0m
2025-11-09T23:37:31.5803946Z [0m  [0m[0m[1m[38;5;12m|[0m[0m                                                            [0m[0m[1m[33m^^^^^^^^^^^^[0m
2025-11-09T23:37:31.5805075Z [0m  [0m[0m[1m[38;5;12m|[0m
2025-11-09T23:37:31.5806492Z [0m  [0m[0m[1m[38;5;12m= [0m[0m[1mnote[0m[0m: `#[warn(rustdoc::invalid_html_tags)]` on by default[0m
2025-11-09T23:37:31.5807724Z [0m[1m[38;5;14mhelp[0m[0m: try marking as source code[0m
2025-11-09T23:37:31.5808612Z [0m  [0m[0m[1m[38;5;12m|[0m
2025-11-09T23:37:31.5809794Z [0m[1m[38;5;12m7[0m[0m [0m[0m[1m[38;5;12m| [0m[0m//! - Stack pooling (thread-local pool of pre-allocated [0m[0m[38;5;10m`[0m[0mVec<ByteString>[0m[0m[38;5;10m`[0m[0m)[0m
2025-11-09T23:37:31.5811252Z [0m  [0m[0m[1m[38;5;12m|[0m[0m                                                         [0m[0m[38;5;10m+[0m[0m               [0m[0m[38;5;10m+[0m
2025-11-09T23:37:31.5811779Z 
2025-11-09T23:37:31.5812170Z [0m[1m[33mwarning[0m[0m[1m: unclosed HTML tag `ByteString`[0m
2025-11-09T23:37:31.5813213Z [0m   [0m[0m[1m[38;5;12m--> [0m[0msrc/script.rs:209:62[0m
2025-11-09T23:37:31.5813795Z [0m    [0m[0m[1m[38;5;12m|[0m
2025-11-09T23:37:31.5814997Z [0m[1m[38;5;12m209[0m[0m [0m[0m[1m[38;5;12m|[0m[0m [0m[0m/// for optimal performance. This function works with any Vec<ByteString>.[0m
2025-11-09T23:37:31.5816244Z [0m    [0m[0m[1m[38;5;12m|[0m[0m                                                              [0m[0m[1m[33m^^^^^^^^^^^^[0m
2025-11-09T23:37:31.5816918Z [0m    [0m[0m[1m[38;5;12m|[0m
2025-11-09T23:37:31.5817310Z [0m[1m[38;5;14mhelp[0m[0m: try marking as source code[0m
2025-11-09T23:37:31.5817712Z [0m    [0m[0m[1m[38;5;12m|[0m
2025-11-09T23:37:31.5818511Z [0m[1m[38;5;12m209[0m[0m [0m[0m[1m[38;5;12m| [0m[0m/// for optimal performance. This function works with any [0m[0m[38;5;10m`[0m[0mVec<ByteString>[0m[0m[38;5;10m`[0m[0m.[0m
2025-11-09T23:37:31.5819419Z [0m    [0m[0m[1m[38;5;12m|[0m[0m                                                           [0m[0m[38;5;10m+[0m[0m               [0m[0m[38;5;10m+[0m
2025-11-09T23:37:31.5819691Z 
2025-11-09T23:37:31.5819878Z [0m[1m[33mwarning[0m[0m[1m: this URL is not a hyperlink[0m
2025-11-09T23:37:31.5820262Z [0m [0m[0m[1m[38;5;12m--> [0m[0msrc/bip113.rs:6:20[0m
2025-11-09T23:37:31.5820555Z [0m  [0m[0m[1m[38;5;12m|[0m
2025-11-09T23:37:31.5821130Z [0m[1m[38;5;12m6[0m[0m [0m[0m[1m[38;5;12m|[0m[0m [0m[0m//! Specification: https://github.com/bitcoin/bips/blob/master/bip-0113.mediawiki[0m
2025-11-09T23:37:31.5821766Z [0m  [0m[0m[1m[38;5;12m|[0m[0m                    [0m[0m[1m[33m^^^^^^^^^^^^^^^^^^^^^^^^^^^^^^^^^^^^^^^^^^^^^^^^^^^^^^^^^^^^^^[0m
2025-11-09T23:37:31.5822104Z [0m  [0m[0m[1m[38;5;12m|[0m
2025-11-09T23:37:31.5822546Z [0m  [0m[0m[1m[38;5;12m= [0m[0m[1mnote[0m[0m: bare URLs are not automatically turned into clickable links[0m
2025-11-09T23:37:31.5823325Z [0m  [0m[0m[1m[38;5;12m= [0m[0m[1mnote[0m[0m: `#[warn(rustdoc::bare_urls)]` on by default[0m
2025-11-09T23:37:31.5823771Z [0m[1m[38;5;14mhelp[0m[0m: use an automatic link instead[0m
2025-11-09T23:37:31.5824080Z [0m  [0m[0m[1m[38;5;12m|[0m
2025-11-09T23:37:31.5825525Z [0m[1m[38;5;12m6[0m[0m [0m[0m[1m[38;5;12m| [0m[0m//! Specification: [0m[0m[38;5;10m<[0m[0mhttps://github.com/bitcoin/bips/blob/master/bip-0113.mediawiki[0m[0m[38;5;10m>[0m
2025-11-09T23:37:31.5826327Z [0m  [0m[0m[1m[38;5;12m|[0m[0m                    [0m[0m[38;5;10m+[0m[0m                                                              [0m[0m[38;5;10m+[0m
2025-11-09T23:37:31.5826585Z 
2025-11-09T23:37:31.5826775Z [0m[1m[33mwarning[0m[0m[1m: unclosed HTML tag `Witness`[0m
2025-11-09T23:37:31.5827161Z [0m  [0m[0m[1m[38;5;12m--> [0m[0msrc/mempool.rs:26:62[0m
2025-11-09T23:37:31.5827476Z [0m   [0m[0m[1m[38;5;12m|[0m
2025-11-09T23:37:31.5828093Z [0m[1m[38;5;12m26[0m[0m [0m[0m[1m[38;5;12m|[0m[0m [0m[0m/// * `witnesses` - Optional witness data for each input (Vec<Witness> where Witness = Vec<ByteString>)[0m
2025-11-09T23:37:31.5828747Z [0m   [0m[0m[1m[38;5;12m|[0m[0m                                                              [0m[0m[1m[33m^^^^^^^^^[0m
2025-11-09T23:37:31.5829067Z [0m   [0m[0m[1m[38;5;12m|[0m
2025-11-09T23:37:31.5829378Z [0m[1m[38;5;14mhelp[0m[0m: try marking as source code[0m
2025-11-09T23:37:31.5829685Z [0m   [0m[0m[1m[38;5;12m|[0m
2025-11-09T23:37:31.5830380Z [0m[1m[38;5;12m26[0m[0m [0m[0m[1m[38;5;12m| [0m[0m/// * `witnesses` - Optional witness data for each input ([0m[0m[38;5;10m`[0m[0mVec<Witness>[0m[0m[38;5;10m`[0m[0m where Witness = Vec<ByteString>)[0m
2025-11-09T23:37:31.5831133Z [0m   [0m[0m[1m[38;5;12m|[0m[0m                                                           [0m[0m[38;5;10m+[0m[0m            [0m[0m[38;5;10m+[0m
2025-11-09T23:37:31.5831374Z 
2025-11-09T23:37:31.5831569Z [0m[1m[33mwarning[0m[0m[1m: unclosed HTML tag `ByteString`[0m
2025-11-09T23:37:31.5831963Z [0m  [0m[0m[1m[38;5;12m--> [0m[0msrc/mempool.rs:26:91[0m
2025-11-09T23:37:31.5832259Z [0m   [0m[0m[1m[38;5;12m|[0m
2025-11-09T23:37:31.5832837Z [0m[1m[38;5;12m26[0m[0m [0m[0m[1m[38;5;12m|[0m[0m [0m[0m/// * `witnesses` - Optional witness data for each input (Vec<Witness> where Witness = Vec<ByteString>)[0m
2025-11-09T23:37:31.5834081Z [0m   [0m[0m[1m[38;5;12m|[0m[0m                                                                                           [0m[0m[1m[33m^^^^^^^^^^^^[0m
2025-11-09T23:37:31.5834565Z [0m   [0m[0m[1m[38;5;12m|[0m
2025-11-09T23:37:31.5834890Z [0m[1m[38;5;14mhelp[0m[0m: try marking as source code[0m
2025-11-09T23:37:31.5835195Z [0m   [0m[0m[1m[38;5;12m|[0m
2025-11-09T23:37:31.5835931Z [0m[1m[38;5;12m26[0m[0m [0m[0m[1m[38;5;12m| [0m[0m/// * `witnesses` - Optional witness data for each input (Vec<Witness> where Witness = [0m[0m[38;5;10m`[0m[0mVec<ByteString>[0m[0m[38;5;10m`[0m[0m)[0m
2025-11-09T23:37:31.5836731Z [0m   [0m[0m[1m[38;5;12m|[0m[0m                                                                                        [0m[0m[38;5;10m+[0m[0m               [0m[0m[38;5;10m+[0m
2025-11-09T23:37:31.5836981Z 
2025-11-09T23:37:31.5837197Z [0m[1m[33mwarning[0m[0m[1m: unclosed HTML tag `witness-program`[0m
2025-11-09T23:37:31.5837616Z [0m   [0m[0m[1m[38;5;12m--> [0m[0msrc/witness.rs:104:26[0m
2025-11-09T23:37:31.5837928Z [0m    [0m[0m[1m[38;5;12m|[0m
2025-11-09T23:37:31.5838463Z [0m[1m[38;5;12m104[0m[0m [0m[0m[1m[38;5;12m|[0m[0m [0m[0m/// from SegWit v0 (OP_0 <witness-program>) or Taproot v1 (OP_1 <witness-program>)[0m
2025-11-09T23:37:31.5839023Z [0m    [0m[0m[1m[38;5;12m|[0m[0m                          [0m[0m[1m[33m^^^^^^^^^^^^^^^^^[0m
2025-11-09T23:37:31.5839239Z 
2025-11-09T23:37:31.5839445Z [0m[1m[33mwarning[0m[0m[1m: unclosed HTML tag `witness-program`[0m
2025-11-09T23:37:31.5840027Z [0m   [0m[0m[1m[38;5;12m--> [0m[0msrc/witness.rs:104:65[0m
2025-11-09T23:37:31.5840340Z [0m    [0m[0m[1m[38;5;12m|[0m
2025-11-09T23:37:31.5840857Z [0m[1m[38;5;12m104[0m[0m [0m[0m[1m[38;5;12m|[0m[0m [0m[0m/// from SegWit v0 (OP_0 <witness-program>) or Taproot v1 (OP_1 <witness-program>)[0m
2025-11-09T23:37:31.5841449Z [0m    [0m[0m[1m[38;5;12m|[0m[0m                                                                 [0m[0m[1m[33m^^^^^^^^^^^^^^^^^[0m
2025-11-09T23:37:31.5841675Z 
2025-11-09T23:37:31.5841853Z [0m[1m[33mwarning[0m[0m[1m: unclosed HTML tag `Witness`[0m
2025-11-09T23:37:31.5842243Z [0m  [0m[0m[1m[38;5;12m--> [0m[0msrc/reorganization.rs:48:80[0m
2025-11-09T23:37:31.5842647Z [0m   [0m[0m[1m[38;5;12m|[0m
2025-11-09T23:37:31.5843217Z [0m[1m[38;5;12m48[0m[0m [0m[0m[1m[38;5;12m|[0m[0m [0m[0m/// * `new_chain_witnesses` - Witness data for each block in new_chain (one Vec<Witness> per block)[0m
2025-11-09T23:37:31.5844008Z [0m   [0m[0m[1m[38;5;12m|[0m[0m                                                                                [0m[0m[1m[33m^^^^^^^^^[0m
2025-11-09T23:37:31.5844581Z [0m   [0m[0m[1m[38;5;12m|[0m
2025-11-09T23:37:31.5844898Z [0m[1m[38;5;14mhelp[0m[0m: try marking as source code[0m
2025-11-09T23:37:31.5845200Z [0m   [0m[0m[1m[38;5;12m|[0m
2025-11-09T23:37:31.5845891Z [0m[1m[38;5;12m48[0m[0m [0m[0m[1m[38;5;12m| [0m[0m/// * `new_chain_witnesses` - Witness data for each block in new_chain (one [0m[0m[38;5;10m`[0m[0mVec<Witness>[0m[0m[38;5;10m`[0m[0m per block)[0m
2025-11-09T23:37:31.5846656Z [0m   [0m[0m[1m[38;5;12m|[0m[0m                                                                             [0m[0m[38;5;10m+[0m[0m            [0m[0m[38;5;10m+[0m
2025-11-09T23:37:31.5846900Z 
2025-11-09T23:37:31.7279019Z [1m[33mwarning[0m[1m:[0m `bllvm-consensus` (lib doc) generated 10 warnings (run `cargo fix --lib -p bllvm-consensus` to apply 1 suggestion)
2025-11-09T23:37:31.7280354Z [1m[32m    Finished[0m `dev` profile [unoptimized + debuginfo] target(s) in 9.95s
2025-11-09T23:37:31.7336517Z [1m[32m   Generated[0m /home/jswift/actions-runner-org2/_work/bllvm-consensus/bllvm-consensus/target/doc/bllvm_consensus/index.html
2025-11-09T23:37:31.7411694Z ##[group]Run cargo doc --no-deps --document-private-items
2025-11-09T23:37:31.7412134Z [36;1mcargo doc --no-deps --document-private-items[0m
2025-11-09T23:37:31.7449708Z shell: /usr/bin/bash -e {0}
2025-11-09T23:37:31.7450114Z env:
2025-11-09T23:37:31.7450400Z   CARGO_TERM_COLOR: always
2025-11-09T23:37:31.7450892Z   CARGO_HOME: /home/jswift/.cargo
2025-11-09T23:37:31.7451315Z   CARGO_INCREMENTAL: 0
2025-11-09T23:37:31.7451625Z ##[endgroup]
2025-11-09T23:37:31.8845824Z [1m[32m Documenting[0m bllvm-consensus v0.1.0 (/home/jswift/actions-runner-org2/_work/bllvm-consensus/bllvm-consensus)
2025-11-09T23:37:32.4706464Z [0m[1m[33mwarning[0m[0m[1m: unresolved link to `0`[0m
2025-11-09T23:37:32.4707237Z [0m  [0m[0m[1m[38;5;12m--> [0m[0msrc/transaction.rs:77:36[0m
2025-11-09T23:37:32.4707865Z [0m   [0m[0m[1m[38;5;12m|[0m
2025-11-09T23:37:32.4708861Z [0m[1m[38;5;12m77[0m[0m [0m[0m[1m[38;5;12m|[0m[0m [0m[0m/// 8. If tx is coinbase: 2 ≤ |ins[0].scriptSig| ≤ 100[0m
2025-11-09T23:37:32.4709788Z [0m   [0m[0m[1m[38;5;12m|[0m[0m                                    [0m[0m[1m[33m^[0m[0m [0m[0m[1m[33mno item named `0` in scope[0m
2025-11-09T23:37:32.4710501Z [0m   [0m[0m[1m[38;5;12m|[0m
2025-11-09T23:37:32.4711372Z [0m   [0m[0m[1m[38;5;12m= [0m[0m[1mhelp[0m[0m: to escape `[` and `]` characters, add '\' before them like `\[` or `\]`[0m
2025-11-09T23:37:32.4712923Z [0m   [0m[0m[1m[38;5;12m= [0m[0m[1mnote[0m[0m: `#[warn(rustdoc::broken_intra_doc_links)]` on by default[0m
2025-11-09T23:37:32.4713402Z 
2025-11-09T23:37:32.4729324Z [0m[1m[33mwarning[0m[0m[1m: unresolved link to `0`[0m
2025-11-09T23:37:32.4730541Z [0m  [0m[0m[1m[38;5;12m--> [0m[0msrc/pow.rs:23:12[0m
2025-11-09T23:37:32.4731297Z [0m   [0m[0m[1m[38;5;12m|[0m
2025-11-09T23:37:32.4732507Z [0m[1m[38;5;12m23[0m[0m [0m[0m[1m[38;5;12m|[0m[0m [0m[0m/// - prev[0] is the first block of the adjustment period[0m
2025-11-09T23:37:32.4734096Z [0m   [0m[0m[1m[38;5;12m|[0m[0m            [0m[0m[1m[33m^[0m[0m [0m[0m[1m[33mno item named `0` in scope[0m
2025-11-09T23:37:32.4735482Z [0m   [0m[0m[1m[38;5;12m|[0m
2025-11-09T23:37:32.4736769Z [0m   [0m[0m[1m[38;5;12m= [0m[0m[1mhelp[0m[0m: to escape `[` and `]` characters, add '\' before them like `\[` or `\]`[0m
2025-11-09T23:37:32.4737728Z 
2025-11-09T23:37:32.4742743Z [0m[1m[33mwarning[0m[0m[1m: unresolved link to `2`[0m
2025-11-09T23:37:32.4743602Z [0m   [0m[0m[1m[38;5;12m--> [0m[0msrc/pow.rs:382:26[0m
2025-11-09T23:37:32.4744678Z [0m    [0m[0m[1m[38;5;12m|[0m
2025-11-09T23:37:32.4745851Z [0m[1m[38;5;12m382[0m[0m [0m[0m[1m[38;5;12m|[0m[0m [0m[0m/// - And: re_expanded.0[2] = expanded.0[2] ∧ re_expanded.0[3] = expanded.0[3][0m
2025-11-09T23:37:32.4747095Z [0m    [0m[0m[1m[38;5;12m|[0m[0m                          [0m[0m[1m[33m^[0m[0m [0m[0m[1m[33mno item named `2` in scope[0m
2025-11-09T23:37:32.4748071Z [0m    [0m[0m[1m[38;5;12m|[0m
2025-11-09T23:37:32.4749049Z [0m    [0m[0m[1m[38;5;12m= [0m[0m[1mhelp[0m[0m: to escape `[` and `]` characters, add '\' before them like `\[` or `\]`[0m
2025-11-09T23:37:32.4749781Z 
2025-11-09T23:37:32.4750142Z [0m[1m[33mwarning[0m[0m[1m: unresolved link to `2`[0m
2025-11-09T23:37:32.4751138Z [0m   [0m[0m[1m[38;5;12m--> [0m[0msrc/pow.rs:382:42[0m
2025-11-09T23:37:32.4751776Z [0m    [0m[0m[1m[38;5;12m|[0m
2025-11-09T23:37:32.4752914Z [0m[1m[38;5;12m382[0m[0m [0m[0m[1m[38;5;12m|[0m[0m [0m[0m/// - And: re_expanded.0[2] = expanded.0[2] ∧ re_expanded.0[3] = expanded.0[3][0m
2025-11-09T23:37:32.4754519Z [0m    [0m[0m[1m[38;5;12m|[0m[0m                                          [0m[0m[1m[33m^[0m[0m [0m[0m[1m[33mno item named `2` in scope[0m
2025-11-09T23:37:32.4755395Z [0m    [0m[0m[1m[38;5;12m|[0m
2025-11-09T23:37:32.4756836Z [0m    [0m[0m[1m[38;5;12m= [0m[0m[1mhelp[0m[0m: to escape `[` and `]` characters, add '\' before them like `\[` or `\]`[0m
2025-11-09T23:37:32.4757481Z 
2025-11-09T23:37:32.4758017Z [0m[1m[33mwarning[0m[0m[1m: unresolved link to `3`[0m
2025-11-09T23:37:32.4759188Z [0m   [0m[0m[1m[38;5;12m--> [0m[0msrc/pow.rs:382:61[0m
2025-11-09T23:37:32.4759962Z [0m    [0m[0m[1m[38;5;12m|[0m
2025-11-09T23:37:32.4761101Z [0m[1m[38;5;12m382[0m[0m [0m[0m[1m[38;5;12m|[0m[0m [0m[0m/// - And: re_expanded.0[2] = expanded.0[2] ∧ re_expanded.0[3] = expanded.0[3][0m
2025-11-09T23:37:32.4762482Z [0m    [0m[0m[1m[38;5;12m|[0m[0m                                                             [0m[0m[1m[33m^[0m[0m [0m[0m[1m[33mno item named `3` in scope[0m
2025-11-09T23:37:32.4763328Z [0m    [0m[0m[1m[38;5;12m|[0m
2025-11-09T23:37:32.4765683Z [0m    [0m[0m[1m[38;5;12m= [0m[0m[1mhelp[0m[0m: to escape `[` and `]` characters, add '\' before them like `\[` or `\]`[0m
2025-11-09T23:37:32.4766399Z 
2025-11-09T23:37:32.4766898Z [0m[1m[33mwarning[0m[0m[1m: unresolved link to `3`[0m
2025-11-09T23:37:32.4767716Z [0m   [0m[0m[1m[38;5;12m--> [0m[0msrc/pow.rs:382:77[0m
2025-11-09T23:37:32.4768535Z [0m    [0m[0m[1m[38;5;12m|[0m
2025-11-09T23:37:32.4769645Z [0m[1m[38;5;12m382[0m[0m [0m[0m[1m[38;5;12m|[0m[0m [0m[0m/// - And: re_expanded.0[2] = expanded.0[2] ∧ re_expanded.0[3] = expanded.0[3][0m
2025-11-09T23:37:32.4772990Z [0m    [0m[0m[1m[38;5;12m|[0m[0m                                                                             [0m[0m[1m[33m^[0m[0m [0m[0m[1m[33mno item named `3` in scope[0m
2025-11-09T23:37:32.4773896Z [0m    [0m[0m[1m[38;5;12m|[0m
2025-11-09T23:37:32.4775101Z [0m    [0m[0m[1m[38;5;12m= [0m[0m[1mhelp[0m[0m: to escape `[` and `]` characters, add '\' before them like `\[` or `\]`[0m
2025-11-09T23:37:32.4775847Z 
2025-11-09T23:37:32.4776233Z [0m[1m[33mwarning[0m[0m[1m: unresolved link to `2`[0m
2025-11-09T23:37:32.4776984Z [0m   [0m[0m[1m[38;5;12m--> [0m[0msrc/pow.rs:446:23[0m
2025-11-09T23:37:32.4777858Z [0m    [0m[0m[1m[38;5;12m|[0m
2025-11-09T23:37:32.4778990Z [0m[1m[38;5;12m446[0m[0m [0m[0m[1m[38;5;12m|[0m[0m [0m[0m/// - And: expanded.0[2] = target.0[2] ∧ expanded.0[3] = target.0[3][0m
2025-11-09T23:37:32.4780158Z [0m    [0m[0m[1m[38;5;12m|[0m[0m                       [0m[0m[1m[33m^[0m[0m [0m[0m[1m[33mno item named `2` in scope[0m
2025-11-09T23:37:32.4781121Z [0m    [0m[0m[1m[38;5;12m|[0m
2025-11-09T23:37:32.4782115Z [0m    [0m[0m[1m[38;5;12m= [0m[0m[1mhelp[0m[0m: to escape `[` and `]` characters, add '\' before them like `\[` or `\]`[0m
2025-11-09T23:37:32.4782808Z 
2025-11-09T23:37:32.4783158Z [0m[1m[33mwarning[0m[0m[1m: unresolved link to `2`[0m
2025-11-09T23:37:32.4784142Z [0m   [0m[0m[1m[38;5;12m--> [0m[0msrc/pow.rs:446:37[0m
2025-11-09T23:37:32.4785030Z [0m    [0m[0m[1m[38;5;12m|[0m
2025-11-09T23:37:32.4787922Z [0m[1m[38;5;12m446[0m[0m [0m[0m[1m[38;5;12m|[0m[0m [0m[0m/// - And: expanded.0[2] = target.0[2] ∧ expanded.0[3] = target.0[3][0m
2025-11-09T23:37:32.4789271Z [0m    [0m[0m[1m[38;5;12m|[0m[0m                                     [0m[0m[1m[33m^[0m[0m [0m[0m[1m[33mno item named `2` in scope[0m
2025-11-09T23:37:32.4790200Z [0m    [0m[0m[1m[38;5;12m|[0m
2025-11-09T23:37:32.4791222Z [0m    [0m[0m[1m[38;5;12m= [0m[0m[1mhelp[0m[0m: to escape `[` and `]` characters, add '\' before them like `\[` or `\]`[0m
2025-11-09T23:37:32.4791945Z 
2025-11-09T23:37:32.4792390Z [0m[1m[33mwarning[0m[0m[1m: unresolved link to `3`[0m
2025-11-09T23:37:32.4793241Z [0m   [0m[0m[1m[38;5;12m--> [0m[0msrc/pow.rs:446:53[0m
2025-11-09T23:37:32.4793912Z [0m    [0m[0m[1m[38;5;12m|[0m
2025-11-09T23:37:32.4795488Z [0m[1m[38;5;12m446[0m[0m [0m[0m[1m[38;5;12m|[0m[0m [0m[0m/// - And: expanded.0[2] = target.0[2] ∧ expanded.0[3] = target.0[3][0m
2025-11-09T23:37:32.4797112Z [0m    [0m[0m[1m[38;5;12m|[0m[0m                                                     [0m[0m[1m[33m^[0m[0m [0m[0m[1m[33mno item named `3` in scope[0m
2025-11-09T23:37:32.4797950Z [0m    [0m[0m[1m[38;5;12m|[0m
2025-11-09T23:37:32.4799391Z [0m    [0m[0m[1m[38;5;12m= [0m[0m[1mhelp[0m[0m: to escape `[` and `]` characters, add '\' before them like `\[` or `\]`[0m
2025-11-09T23:37:32.4800039Z 
2025-11-09T23:37:32.4800476Z [0m[1m[33mwarning[0m[0m[1m: unresolved link to `3`[0m
2025-11-09T23:37:32.4801286Z [0m   [0m[0m[1m[38;5;12m--> [0m[0msrc/pow.rs:446:67[0m
2025-11-09T23:37:32.4802135Z [0m    [0m[0m[1m[38;5;12m|[0m
2025-11-09T23:37:32.4803137Z [0m[1m[38;5;12m446[0m[0m [0m[0m[1m[38;5;12m|[0m[0m [0m[0m/// - And: expanded.0[2] = target.0[2] ∧ expanded.0[3] = target.0[3][0m
2025-11-09T23:37:32.4806713Z [0m    [0m[0m[1m[38;5;12m|[0m[0m                                                                   [0m[0m[1m[33m^[0m[0m [0m[0m[1m[33mno item named `3` in scope[0m
2025-11-09T23:37:32.4807697Z [0m    [0m[0m[1m[38;5;12m|[0m
2025-11-09T23:37:32.4808651Z [0m    [0m[0m[1m[38;5;12m= [0m[0m[1mhelp[0m[0m: to escape `[` and `]` characters, add '\' before them like `\[` or `\]`[0m
2025-11-09T23:37:32.4809277Z 
2025-11-09T23:37:32.4888491Z [0m[1m[33mwarning[0m[0m[1m: unclosed HTML tag `ByteString`[0m
2025-11-09T23:37:32.4889368Z [0m [0m[0m[1m[38;5;12m--> [0m[0msrc/script.rs:7:60[0m
2025-11-09T23:37:32.4890205Z [0m  [0m[0m[1m[38;5;12m|[0m
2025-11-09T23:37:32.4891400Z [0m[1m[38;5;12m7[0m[0m [0m[0m[1m[38;5;12m|[0m[0m [0m[0m//! - Stack pooling (thread-local pool of pre-allocated Vec<ByteString>)[0m
2025-11-09T23:37:32.4892621Z [0m  [0m[0m[1m[38;5;12m|[0m[0m                                                            [0m[0m[1m[33m^^^^^^^^^^^^[0m
2025-11-09T23:37:32.4893526Z [0m  [0m[0m[1m[38;5;12m|[0m
2025-11-09T23:37:32.4895024Z [0m  [0m[0m[1m[38;5;12m= [0m[0m[1mnote[0m[0m: `#[warn(rustdoc::invalid_html_tags)]` on by default[0m
2025-11-09T23:37:32.4896092Z [0m[1m[38;5;14mhelp[0m[0m: try marking as source code[0m
2025-11-09T23:37:32.4897010Z [0m  [0m[0m[1m[38;5;12m|[0m
2025-11-09T23:37:32.4898345Z [0m[1m[38;5;12m7[0m[0m [0m[0m[1m[38;5;12m| [0m[0m//! - Stack pooling (thread-local pool of pre-allocated [0m[0m[38;5;10m`[0m[0mVec<ByteString>[0m[0m[38;5;10m`[0m[0m)[0m
2025-11-09T23:37:32.4899887Z [0m  [0m[0m[1m[38;5;12m|[0m[0m                                                         [0m[0m[38;5;10m+[0m[0m               [0m[0m[38;5;10m+[0m
2025-11-09T23:37:32.4900391Z 
2025-11-09T23:37:32.4901046Z [0m[1m[33mwarning[0m[0m[1m: unclosed HTML tag `ByteString`[0m
2025-11-09T23:37:32.4901911Z [0m   [0m[0m[1m[38;5;12m--> [0m[0msrc/script.rs:209:62[0m
2025-11-09T23:37:32.4902662Z [0m    [0m[0m[1m[38;5;12m|[0m
2025-11-09T23:37:32.4903883Z [0m[1m[38;5;12m209[0m[0m [0m[0m[1m[38;5;12m|[0m[0m [0m[0m/// for optimal performance. This function works with any Vec<ByteString>.[0m
2025-11-09T23:37:32.4905436Z [0m    [0m[0m[1m[38;5;12m|[0m[0m                                                              [0m[0m[1m[33m^^^^^^^^^^^^[0m
2025-11-09T23:37:32.4906298Z [0m    [0m[0m[1m[38;5;12m|[0m
2025-11-09T23:37:32.4907100Z [0m[1m[38;5;14mhelp[0m[0m: try marking as source code[0m
2025-11-09T23:37:32.4909685Z [0m    [0m[0m[1m[38;5;12m|[0m
2025-11-09T23:37:32.4911011Z [0m[1m[38;5;12m209[0m[0m [0m[0m[1m[38;5;12m| [0m[0m/// for optimal performance. This function works with any [0m[0m[38;5;10m`[0m[0mVec<ByteString>[0m[0m[38;5;10m`[0m[0m.[0m
2025-11-09T23:37:32.4912928Z [0m    [0m[0m[1m[38;5;12m|[0m[0m                                                           [0m[0m[38;5;10m+[0m[0m               [0m[0m[38;5;10m+[0m
2025-11-09T23:37:32.4913464Z 
2025-11-09T23:37:32.4913986Z [0m[1m[33mwarning[0m[0m[1m: this URL is not a hyperlink[0m
2025-11-09T23:37:32.4915068Z [0m [0m[0m[1m[38;5;12m--> [0m[0msrc/bip113.rs:6:20[0m
2025-11-09T23:37:32.4916191Z [0m  [0m[0m[1m[38;5;12m|[0m
2025-11-09T23:37:32.4917443Z [0m[1m[38;5;12m6[0m[0m [0m[0m[1m[38;5;12m|[0m[0m [0m[0m//! Specification: https://github.com/bitcoin/bips/blob/master/bip-0113.mediawiki[0m
2025-11-09T23:37:32.4919051Z [0m  [0m[0m[1m[38;5;12m|[0m[0m                    [0m[0m[1m[33m^^^^^^^^^^^^^^^^^^^^^^^^^^^^^^^^^^^^^^^^^^^^^^^^^^^^^^^^^^^^^^[0m
2025-11-09T23:37:32.4919987Z [0m  [0m[0m[1m[38;5;12m|[0m
2025-11-09T23:37:32.4920876Z [0m  [0m[0m[1m[38;5;12m= [0m[0m[1mnote[0m[0m: bare URLs are not automatically turned into clickable links[0m
2025-11-09T23:37:32.4922186Z [0m  [0m[0m[1m[38;5;12m= [0m[0m[1mnote[0m[0m: `#[warn(rustdoc::bare_urls)]` on by default[0m
2025-11-09T23:37:32.4925172Z [0m[1m[38;5;14mhelp[0m[0m: use an automatic link instead[0m
2025-11-09T23:37:32.4925883Z [0m  [0m[0m[1m[38;5;12m|[0m
2025-11-09T23:37:32.4927194Z [0m[1m[38;5;12m6[0m[0m [0m[0m[1m[38;5;12m| [0m[0m//! Specification: [0m[0m[38;5;10m<[0m[0mhttps://github.com/bitcoin/bips/blob/master/bip-0113.mediawiki[0m[0m[38;5;10m>[0m
2025-11-09T23:37:32.4928742Z [0m  [0m[0m[1m[38;5;12m|[0m[0m                    [0m[0m[38;5;10m+[0m[0m                                                              [0m[0m[38;5;10m+[0m
2025-11-09T23:37:32.4929398Z 
2025-11-09T23:37:32.4929847Z [0m[1m[33mwarning[0m[0m[1m: unclosed HTML tag `Witness`[0m
2025-11-09T23:37:32.4930727Z [0m  [0m[0m[1m[38;5;12m--> [0m[0msrc/mempool.rs:26:62[0m
2025-11-09T23:37:32.4931457Z [0m   [0m[0m[1m[38;5;12m|[0m
2025-11-09T23:37:32.4932835Z [0m[1m[38;5;12m26[0m[0m [0m[0m[1m[38;5;12m|[0m[0m [0m[0m/// * `witnesses` - Optional witness data for each input (Vec<Witness> where Witness = Vec<ByteString>)[0m
2025-11-09T23:37:32.4934161Z [0m   [0m[0m[1m[38;5;12m|[0m[0m                                                              [0m[0m[1m[33m^^^^^^^^^[0m
2025-11-09T23:37:32.4935240Z [0m   [0m[0m[1m[38;5;12m|[0m
2025-11-09T23:37:32.4936109Z [0m[1m[38;5;14mhelp[0m[0m: try marking as source code[0m
2025-11-09T23:37:32.4936800Z [0m   [0m[0m[1m[38;5;12m|[0m
2025-11-09T23:37:32.4938360Z [0m[1m[38;5;12m26[0m[0m [0m[0m[1m[38;5;12m| [0m[0m/// * `witnesses` - Optional witness data for each input ([0m[0m[38;5;10m`[0m[0mVec<Witness>[0m[0m[38;5;10m`[0m[0m where Witness = Vec<ByteString>)[0m
2025-11-09T23:37:32.4940082Z [0m   [0m[0m[1m[38;5;12m|[0m[0m                                                           [0m[0m[38;5;10m+[0m[0m            [0m[0m[38;5;10m+[0m
2025-11-09T23:37:32.4940605Z 
2025-11-09T23:37:32.4941039Z [0m[1m[33mwarning[0m[0m[1m: unclosed HTML tag `ByteString`[0m
2025-11-09T23:37:32.4941986Z [0m  [0m[0m[1m[38;5;12m--> [0m[0msrc/mempool.rs:26:91[0m
2025-11-09T23:37:32.4942727Z [0m   [0m[0m[1m[38;5;12m|[0m
2025-11-09T23:37:32.4944058Z [0m[1m[38;5;12m26[0m[0m [0m[0m[1m[38;5;12m|[0m[0m [0m[0m/// * `witnesses` - Optional witness data for each input (Vec<Witness> where Witness = Vec<ByteString>)[0m
2025-11-09T23:37:32.4945811Z [0m   [0m[0m[1m[38;5;12m|[0m[0m                                                                                           [0m[0m[1m[33m^^^^^^^^^^^^[0m
2025-11-09T23:37:32.4946651Z [0m   [0m[0m[1m[38;5;12m|[0m
2025-11-09T23:37:32.4947428Z [0m[1m[38;5;14mhelp[0m[0m: try marking as source code[0m
2025-11-09T23:37:32.4948089Z [0m   [0m[0m[1m[38;5;12m|[0m
2025-11-09T23:37:32.4949733Z [0m[1m[38;5;12m26[0m[0m [0m[0m[1m[38;5;12m| [0m[0m/// * `witnesses` - Optional witness data for each input (Vec<Witness> where Witness = [0m[0m[38;5;10m`[0m[0mVec<ByteString>[0m[0m[38;5;10m`[0m[0m)[0m
2025-11-09T23:37:32.4951432Z [0m   [0m[0m[1m[38;5;12m|[0m[0m                                                                                        [0m[0m[38;5;10m+[0m[0m               [0m[0m[38;5;10m+[0m
2025-11-09T23:37:32.4951963Z 
2025-11-09T23:37:32.4952685Z [0m[1m[33mwarning[0m[0m[1m: unclosed HTML tag `witness-program`[0m
2025-11-09T23:37:32.4953817Z [0m   [0m[0m[1m[38;5;12m--> [0m[0msrc/witness.rs:104:26[0m
2025-11-09T23:37:32.4954975Z [0m    [0m[0m[1m[38;5;12m|[0m
2025-11-09T23:37:32.4956189Z [0m[1m[38;5;12m104[0m[0m [0m[0m[1m[38;5;12m|[0m[0m [0m[0m/// from SegWit v0 (OP_0 <witness-program>) or Taproot v1 (OP_1 <witness-program>)[0m
2025-11-09T23:37:32.4957585Z [0m    [0m[0m[1m[38;5;12m|[0m[0m                          [0m[0m[1m[33m^^^^^^^^^^^^^^^^^[0m
2025-11-09T23:37:32.4958053Z 
2025-11-09T23:37:32.4958543Z [0m[1m[33mwarning[0m[0m[1m: unclosed HTML tag `witness-program`[0m
2025-11-09T23:37:32.4960102Z [0m   [0m[0m[1m[38;5;12m--> [0m[0msrc/witness.rs:104:65[0m
2025-11-09T23:37:32.4960698Z [0m    [0m[0m[1m[38;5;12m|[0m
2025-11-09T23:37:32.4961681Z [0m[1m[38;5;12m104[0m[0m [0m[0m[1m[38;5;12m|[0m[0m [0m[0m/// from SegWit v0 (OP_0 <witness-program>) or Taproot v1 (OP_1 <witness-program>)[0m
2025-11-09T23:37:32.4962801Z [0m    [0m[0m[1m[38;5;12m|[0m[0m                                                                 [0m[0m[1m[33m^^^^^^^^^^^^^^^^^[0m
2025-11-09T23:37:32.4963236Z 
2025-11-09T23:37:32.4963578Z [0m[1m[33mwarning[0m[0m[1m: unclosed HTML tag `Witness`[0m
2025-11-09T23:37:32.4964299Z [0m  [0m[0m[1m[38;5;12m--> [0m[0msrc/reorganization.rs:48:80[0m
2025-11-09T23:37:32.4965088Z [0m   [0m[0m[1m[38;5;12m|[0m
2025-11-09T23:37:32.4966191Z [0m[1m[38;5;12m48[0m[0m [0m[0m[1m[38;5;12m|[0m[0m [0m[0m/// * `new_chain_witnesses` - Witness data for each block in new_chain (one Vec<Witness> per block)[0m
2025-11-09T23:37:32.4967389Z [0m   [0m[0m[1m[38;5;12m|[0m[0m                                                                                [0m[0m[1m[33m^^^^^^^^^[0m
2025-11-09T23:37:32.4968006Z [0m   [0m[0m[1m[38;5;12m|[0m
2025-11-09T23:37:32.4968568Z [0m[1m[38;5;14mhelp[0m[0m: try marking as source code[0m
2025-11-09T23:37:32.4969148Z [0m   [0m[0m[1m[38;5;12m|[0m
2025-11-09T23:37:32.4970423Z [0m[1m[38;5;12m48[0m[0m [0m[0m[1m[38;5;12m| [0m[0m/// * `new_chain_witnesses` - Witness data for each block in new_chain (one [0m[0m[38;5;10m`[0m[0mVec<Witness>[0m[0m[38;5;10m`[0m[0m per block)[0m
2025-11-09T23:37:32.4971829Z [0m   [0m[0m[1m[38;5;12m|[0m[0m                                                                             [0m[0m[38;5;10m+[0m[0m            [0m[0m[38;5;10m+[0m
2025-11-09T23:37:32.4972277Z 
2025-11-09T23:37:32.6605575Z [1m[33mwarning[0m[1m:[0m `bllvm-consensus` (lib doc) generated 18 warnings (run `cargo fix --lib -p bllvm-consensus` to apply 1 suggestion)
2025-11-09T23:37:32.6606704Z [1m[32m    Finished[0m `dev` profile [unoptimized + debuginfo] target(s) in 0.86s
2025-11-09T23:37:32.6658945Z [1m[32m   Generated[0m /home/jswift/actions-runner-org2/_work/bllvm-consensus/bllvm-consensus/target/doc/bllvm_consensus/index.html
2025-11-09T23:37:33.0139326Z Post job cleanup.
2025-11-09T23:37:33.1899294Z [command]/usr/bin/tar --posix -cf cache.tzst --exclude cache.tzst -P -C /home/jswift/actions-runner-org2/_work/bllvm-consensus/bllvm-consensus --files-from manifest.txt --use-compress-program zstdmt
2025-11-09T23:37:34.8461501Z Sent 34004884 of 34004884 (100.0%), 32.6 MBs/sec
2025-11-09T23:37:34.9080022Z Cache saved with key: Linux-cargo-build-target-be20cb763b1c2a23d480f273acac121679c301efe5e74593667a8cb6ea1cc014
2025-11-09T23:37:35.2575043Z Post job cleanup.
2025-11-09T23:37:35.4282268Z [warning]Path Validation Error: Path(s) specified in the action for caching do(es) not exist, hence no cache is being saved.
2025-11-09T23:37:35.7688467Z Post job cleanup.
2025-11-09T23:37:35.9756132Z [command]/usr/bin/tar --posix -cf cache.tzst --exclude cache.tzst -P -C /home/jswift/actions-runner-org2/_work/bllvm-consensus/bllvm-consensus --files-from manifest.txt --use-compress-program zstdmt
2025-11-09T23:37:58.4237391Z Sent 0 of 838847341 (0.0%), 0.0 MBs/sec
2025-11-09T23:37:59.4237739Z Sent 67108864 of 838847341 (8.0%), 31.9 MBs/sec
2025-11-09T23:38:00.4247592Z Sent 570411885 of 838847341 (68.0%), 181.0 MBs/sec
2025-11-09T23:38:00.9968637Z Sent 838847341 of 838847341 (100.0%), 223.6 MBs/sec
2025-11-09T23:38:01.2815482Z Cache saved with key: Linux-cargo-registry-be20cb763b1c2a23d480f273acac121679c301efe5e74593667a8cb6ea1cc014
2025-11-09T23:38:01.3003428Z Post job cleanup.
2025-11-09T23:38:01.4114636Z [command]/usr/bin/git version
2025-11-09T23:38:01.4160756Z git version 2.43.0
2025-11-09T23:38:01.4205819Z Copying '/home/jswift/.gitconfig' to '/home/jswift/actions-runner-org2/_work/_temp/bb79d048-967e-4ec4-afc1-2344dce87091/.gitconfig'
2025-11-09T23:38:01.4219561Z Temporarily overriding HOME='/home/jswift/actions-runner-org2/_work/_temp/bb79d048-967e-4ec4-afc1-2344dce87091' before making global git config changes
2025-11-09T23:38:01.4220602Z Adding repository directory to the temporary git global config as a safe directory
2025-11-09T23:38:01.4228391Z [command]/usr/bin/git config --global --add safe.directory /home/jswift/actions-runner-org2/_work/bllvm-consensus/bllvm-consensus
2025-11-09T23:38:01.4266059Z [command]/usr/bin/git config --local --name-only --get-regexp core\.sshCommand
2025-11-09T23:38:01.4312008Z [command]/usr/bin/git submodule foreach --recursive sh -c "git config --local --name-only --get-regexp 'core\.sshCommand' && git config --local --unset-all 'core.sshCommand' || :"
2025-11-09T23:38:01.4570891Z [command]/usr/bin/git config --local --name-only --get-regexp http\.https\:\/\/github\.com\/\.extraheader
2025-11-09T23:38:01.4597788Z http.https://github.com/.extraheader
2025-11-09T23:38:01.4611795Z [command]/usr/bin/git config --local --unset-all http.https://github.com/.extraheader
2025-11-09T23:38:01.4648274Z [command]/usr/bin/git submodule foreach --recursive sh -c "git config --local --name-only --get-regexp 'http\.https\:\/\/github\.com\/\.extraheader' && git config --local --unset-all 'http.https://github.com/.extraheader' || :"
2025-11-09T23:38:01.5004131Z A job completed hook has been configured by the self-hosted runner administrator
2025-11-09T23:38:01.5059370Z ##[group]Run '/home/jswift/actions-runner-org2/cleanup-hooks/job-completed.sh'
2025-11-09T23:38:01.5094827Z shell: /usr/bin/bash --noprofile --norc -e -o pipefail {0}
2025-11-09T23:38:01.5095417Z ##[endgroup]
2025-11-09T23:38:01.5174564Z Job completed: Sun Nov  9 11:38:01 PM UTC 2025
2025-11-09T23:38:01.5203854Z Available disk space: 12G
2025-11-09T23:38:01.5204708Z Cleaning up after job completion...
2025-11-09T23:38:01.5881444Z Cleanup completed. Available disk space: 12G
2025-11-09T23:38:01.5930657Z Cleaning up orphan processes
